#
# There is insufficient memory for the Java Runtime Environment to continue.
# Native memory allocation (malloc) failed to allocate 1508656 bytes for Chunk::new
# Possible reasons:
#   The system is out of physical RAM or swap space
#   The process is running with CompressedOops enabled, and the Java Heap may be blocking the growth of the native heap
# Possible solutions:
#   Reduce memory load on the system
#   Increase physical memory or swap space
#   Check if swap backing store is full
#   Decrease Java heap size (-Xmx/-Xms)
#   Decrease number of Java threads
#   Decrease Java thread stack sizes (-Xss)
#   Set larger code cache with -XX:ReservedCodeCacheSize=
#   JVM is running with Unscaled Compressed Oops mode in which the Java heap is
#     placed in the first 4GB address space. The Java Heap base address is the
#     maximum limit for the native heap growth. Please use -XX:HeapBaseMinAddress
#     to set the Java Heap base and to place the Java Heap above 4GB virtual address.
# This output file may be truncated or incomplete.
#
#  Out of Memory Error (arena.cpp:189), pid=11820, tid=9972
#
# JRE version: Java(TM) SE Runtime Environment (17.0.12+8) (build 17.0.12+8-LTS-286)
# Java VM: Java HotSpot(TM) 64-Bit Server VM (17.0.12+8-LTS-286, mixed mode, sharing, tiered, compressed oops, compressed class ptrs, g1 gc, windows-amd64)
# No core dump will be written. Minidumps are not enabled by default on client versions of Windows
#

---------------  S U M M A R Y ------------

Command Line: org.jetbrains.kotlin.cli.jvm.K2JVMCompiler @D:\bass_training_app\build\share_plus\20260731_9351315137204446533.compiler.options

Host: Intel(R) Core(TM) i7-6700 CPU @ 3.40GHz, 8 cores, 7G,  Windows 10 , 64 bit Build 19041 (10.0.19041.5915)
Time: Fri Jul 31 16:33:46 2026 India Standard Time elapsed time: 27.952303 seconds (0d 0h 0m 27s)

---------------  T H R E A D  ---------------

Current thread (0x000001fbc4818260):  JavaThread "C2 CompilerThread0" daemon [_thread_in_native, id=9972, stack(0x0000007589e00000,0x0000007589f00000)]


Current CompileTask:
C2:  27952 6641       4       jdk.internal.loader.ClassLoaders$AppClassLoader::loadClass (40 bytes)

Stack: [0x0000007589e00000,0x0000007589f00000]
Native frames: (J=compiled Java code, j=interpreted, Vv=VM code, C=native code)
V  [jvm.dll+0x67a04a]
V  [jvm.dll+0x7da4ed]
V  [jvm.dll+0x7dbe33]
V  [jvm.dll+0x7dc4a3]
V  [jvm.dll+0x24508f]
V  [jvm.dll+0xab773]
V  [jvm.dll+0xabd3c]
V  [jvm.dll+0x361b9f]
V  [jvm.dll+0x1ba45a]
V  [jvm.dll+0x216997]
V  [jvm.dll+0x215c6f]
V  [jvm.dll+0x1a2960]
V  [jvm.dll+0x22610b]
V  [jvm.dll+0x2242ab]
V  [jvm.dll+0x79075c]
V  [jvm.dll+0x78abea]
V  [jvm.dll+0x678f35]
C  [ucrtbase.dll+0x21bb2]
C  [KERNEL32.DLL+0x17374]
C  [ntdll.dll+0x4cc91]


---------------  P R O C E S S  ---------------

Threads class SMR info:
_java_thread_list=0x000001fc0ca418b0, length=12, elements={
0x000001fba46e78d0, 0x000001fbc47fa250, 0x000001fbc47fb0d0, 0x000001fbc4812750,
0x000001fbc4816140, 0x000001fbc4816b00, 0x000001fbc48174c0, 0x000001fbc4818260,
0x000001fbc4819320, 0x000001fbc481c140, 0x000001fbc4a57bc0, 0x000001fbc4a64370
}

Java Threads: ( => current thread )
  0x000001fba46e78d0 JavaThread "main" [_thread_in_native, id=7784, stack(0x0000007589100000,0x0000007589200000)]
  0x000001fbc47fa250 JavaThread "Reference Handler" daemon [_thread_blocked, id=4300, stack(0x0000007589800000,0x0000007589900000)]
  0x000001fbc47fb0d0 JavaThread "Finalizer" daemon [_thread_blocked, id=1704, stack(0x0000007589900000,0x0000007589a00000)]
  0x000001fbc4812750 JavaThread "Signal Dispatcher" daemon [_thread_blocked, id=1808, stack(0x0000007589a00000,0x0000007589b00000)]
  0x000001fbc4816140 JavaThread "Attach Listener" daemon [_thread_blocked, id=17304, stack(0x0000007589b00000,0x0000007589c00000)]
  0x000001fbc4816b00 JavaThread "Service Thread" daemon [_thread_blocked, id=15456, stack(0x0000007589c00000,0x0000007589d00000)]
  0x000001fbc48174c0 JavaThread "Monitor Deflation Thread" daemon [_thread_blocked, id=10828, stack(0x0000007589d00000,0x0000007589e00000)]
=>0x000001fbc4818260 JavaThread "C2 CompilerThread0" daemon [_thread_in_native, id=9972, stack(0x0000007589e00000,0x0000007589f00000)]
  0x000001fbc4819320 JavaThread "C1 CompilerThread0" daemon [_thread_blocked, id=12640, stack(0x0000007589f00000,0x000000758a000000)]
  0x000001fbc481c140 JavaThread "Sweeper thread" daemon [_thread_blocked, id=7880, stack(0x000000758a000000,0x000000758a100000)]
  0x000001fbc4a57bc0 JavaThread "Notification Thread" daemon [_thread_blocked, id=1476, stack(0x000000758a100000,0x000000758a200000)]
  0x000001fbc4a64370 JavaThread "Common-Cleaner" daemon [_thread_blocked, id=14520, stack(0x000000758a300000,0x000000758a400000)]

Other Threads:
  0x000001fbc47f41e0 VMThread "VM Thread" [stack: 0x0000007589700000,0x0000007589800000] [id=10400]
  0x000001fbc4a5e0c0 WatcherThread [stack: 0x000000758a200000,0x000000758a300000] [id=6548]
  0x000001fba47412c0 GCTaskThread "GC Thread#0" [stack: 0x0000007589200000,0x0000007589300000] [id=17212]
  0x000001fc0a1a66c0 GCTaskThread "GC Thread#1" [stack: 0x000000758a400000,0x000000758a500000] [id=8000]
  0x000001fc0a1a6980 GCTaskThread "GC Thread#2" [stack: 0x000000758a500000,0x000000758a600000] [id=16148]
  0x000001fc0a169970 GCTaskThread "GC Thread#3" [stack: 0x000000758a600000,0x000000758a700000] [id=11664]
  0x000001fc0a219a50 GCTaskThread "GC Thread#4" [stack: 0x000000758a700000,0x000000758a800000] [id=6124]
  0x000001fc0a0f3100 GCTaskThread "GC Thread#5" [stack: 0x000000758a800000,0x000000758a900000] [id=17232]
  0x000001fc0a618b90 GCTaskThread "GC Thread#6" [stack: 0x000000758a900000,0x000000758aa00000] [id=8656]
  0x000001fc0a640ac0 GCTaskThread "GC Thread#7" [stack: 0x000000758aa00000,0x000000758ab00000] [id=7324]
  0x000001fba4751f90 ConcurrentGCThread "G1 Main Marker" [stack: 0x0000007589300000,0x0000007589400000] [id=5432]
  0x000001fba47539b0 ConcurrentGCThread "G1 Conc#0" [stack: 0x0000007589400000,0x0000007589500000] [id=6876]
  0x000001fc0c4abbf0 ConcurrentGCThread "G1 Conc#1" [stack: 0x000000758ac00000,0x000000758ad00000] [id=11044]
  0x000001fbc46b00a0 ConcurrentGCThread "G1 Refine#0" [stack: 0x0000007589500000,0x0000007589600000] [id=5100]
  0x000001fc0a7eaca0 ConcurrentGCThread "G1 Refine#1" [stack: 0x000000758ab00000,0x000000758ac00000] [id=9308]
  0x000001fbc46b0ad0 ConcurrentGCThread "G1 Service" [stack: 0x0000007589600000,0x0000007589700000] [id=10080]

Threads with active compile tasks:
C2 CompilerThread0    27998 6641       4       jdk.internal.loader.ClassLoaders$AppClassLoader::loadClass (40 bytes)
C1 CompilerThread0    27998 7066       3       org.jetbrains.kotlin.load.java.structure.impl.classFiles.ClassifierResolutionContext::addTypeParameters$resolution_common_jvm (115 bytes)

VM state: not at safepoint (normal execution)

VM Mutex/Monitor currently owned by a thread: None

Heap address: 0x0000000081400000, size: 2028 MB, Compressed Oops mode: 32-bit

CDS archive(s) mapped at: [0x000001fbc5000000-0x000001fbc5bd0000-0x000001fbc5bd0000), size 12386304, SharedBaseAddress: 0x000001fbc5000000, ArchiveRelocationMode: 1.
Compressed class space mapped at: 0x000001fbc6000000-0x000001fc06000000, reserved size: 1073741824
Narrow klass base: 0x000001fbc5000000, Narrow klass shift: 0, Narrow klass range: 0x100000000

GC Precious Log:
 CPUs: 8 total, 8 available
 Memory: 8108M
 Large Page Support: Disabled
 NUMA Support: Disabled
 Compressed Oops: Enabled (32-bit)
 Heap Region Size: 1M
 Heap Min Capacity: 8M
 Heap Initial Capacity: 128M
 Heap Max Capacity: 2028M
 Pre-touch: Disabled
 Parallel Workers: 8
 Concurrent Workers: 2
 Concurrent Refinement Workers: 8
 Periodic GC: Disabled

Heap:
 garbage-first heap   total 161792K, used 74429K [0x0000000081400000, 0x0000000100000000)
  region size 1024K, 29 young (29696K), 1 survivors (1024K)
 Metaspace       used 54020K, committed 54400K, reserved 1114112K
  class space    used 6031K, committed 6208K, reserved 1048576K

Heap Regions: E=young(eden), S=young(survivor), O=old, HS=humongous(starts), HC=humongous(continues), CS=collection set, F=free, OA=open archive, CA=closed archive, TAMS=top-at-mark-start (previous, next)
|   0|0x0000000081400000, 0x0000000081500000, 0x0000000081500000|100%|HS|  |TAMS 0x0000000081500000, 0x0000000081400000| Complete 
|   1|0x0000000081500000, 0x0000000081600000, 0x0000000081600000|100%|HC|  |TAMS 0x0000000081600000, 0x0000000081500000| Complete 
|   2|0x0000000081600000, 0x0000000081700000, 0x0000000081700000|100%|HC|  |TAMS 0x0000000081700000, 0x0000000081600000| Complete 
|   3|0x0000000081700000, 0x0000000081800000, 0x0000000081800000|100%| O|  |TAMS 0x0000000081800000, 0x0000000081700000| Untracked 
|   4|0x0000000081800000, 0x0000000081900000, 0x0000000081900000|100%| O|  |TAMS 0x0000000081900000, 0x0000000081800000| Untracked 
|   5|0x0000000081900000, 0x0000000081a00000, 0x0000000081a00000|100%| O|  |TAMS 0x0000000081a00000, 0x0000000081900000| Untracked 
|   6|0x0000000081a00000, 0x0000000081b00000, 0x0000000081b00000|100%| O|  |TAMS 0x0000000081a00000, 0x0000000081a00000| Untracked 
|   7|0x0000000081b00000, 0x0000000081c00000, 0x0000000081c00000|100%| O|  |TAMS 0x0000000081c00000, 0x0000000081b00000| Untracked 
|   8|0x0000000081c00000, 0x0000000081d00000, 0x0000000081d00000|100%| O|  |TAMS 0x0000000081d00000, 0x0000000081c00000| Untracked 
|   9|0x0000000081d00000, 0x0000000081e00000, 0x0000000081e00000|100%| O|  |TAMS 0x0000000081e00000, 0x0000000081d00000| Untracked 
|  10|0x0000000081e00000, 0x0000000081f00000, 0x0000000081f00000|100%| O|  |TAMS 0x0000000081f00000, 0x0000000081e00000| Untracked 
|  11|0x0000000081f00000, 0x0000000082000000, 0x0000000082000000|100%| O|  |TAMS 0x0000000082000000, 0x0000000081f00000| Untracked 
|  12|0x0000000082000000, 0x0000000082100000, 0x0000000082100000|100%| O|  |TAMS 0x0000000082100000, 0x0000000082000000| Untracked 
|  13|0x0000000082100000, 0x0000000082200000, 0x0000000082200000|100%| O|  |TAMS 0x0000000082200000, 0x0000000082100000| Untracked 
|  14|0x0000000082200000, 0x0000000082300000, 0x0000000082300000|100%| O|  |TAMS 0x0000000082300000, 0x0000000082200000| Untracked 
|  15|0x0000000082300000, 0x0000000082400000, 0x0000000082400000|100%| O|  |TAMS 0x0000000082400000, 0x0000000082300000| Untracked 
|  16|0x0000000082400000, 0x0000000082500000, 0x0000000082500000|100%| O|  |TAMS 0x0000000082500000, 0x0000000082400000| Untracked 
|  17|0x0000000082500000, 0x0000000082600000, 0x0000000082600000|100%| O|  |TAMS 0x0000000082600000, 0x0000000082500000| Untracked 
|  18|0x0000000082600000, 0x0000000082700000, 0x0000000082700000|100%| O|  |TAMS 0x0000000082700000, 0x0000000082600000| Untracked 
|  19|0x0000000082700000, 0x0000000082800000, 0x0000000082800000|100%| O|  |TAMS 0x0000000082800000, 0x0000000082700000| Untracked 
|  20|0x0000000082800000, 0x0000000082900000, 0x0000000082900000|100%| O|  |TAMS 0x0000000082900000, 0x0000000082800000| Untracked 
|  21|0x0000000082900000, 0x0000000082a00000, 0x0000000082a00000|100%| O|  |TAMS 0x0000000082a00000, 0x0000000082900000| Untracked 
|  22|0x0000000082a00000, 0x0000000082b00000, 0x0000000082b00000|100%| O|  |TAMS 0x0000000082b00000, 0x0000000082a00000| Untracked 
|  23|0x0000000082b00000, 0x0000000082c00000, 0x0000000082c00000|100%| O|  |TAMS 0x0000000082c00000, 0x0000000082b00000| Untracked 
|  24|0x0000000082c00000, 0x0000000082d00000, 0x0000000082d00000|100%| O|  |TAMS 0x0000000082d00000, 0x0000000082c00000| Untracked 
|  25|0x0000000082d00000, 0x0000000082e00000, 0x0000000082e00000|100%| O|  |TAMS 0x0000000082e00000, 0x0000000082d00000| Untracked 
|  26|0x0000000082e00000, 0x0000000082f00000, 0x0000000082f00000|100%| O|  |TAMS 0x0000000082f00000, 0x0000000082e00000| Untracked 
|  27|0x0000000082f00000, 0x0000000083000000, 0x0000000083000000|100%| O|  |TAMS 0x0000000083000000, 0x0000000082f00000| Untracked 
|  28|0x0000000083000000, 0x0000000083100000, 0x0000000083100000|100%| O|  |TAMS 0x0000000083100000, 0x0000000083000000| Untracked 
|  29|0x0000000083100000, 0x0000000083200000, 0x0000000083200000|100%| O|  |TAMS 0x0000000083200000, 0x0000000083100000| Untracked 
|  30|0x0000000083200000, 0x0000000083200000, 0x0000000083300000|  0%| F|  |TAMS 0x0000000083200000, 0x0000000083200000| Untracked 
|  31|0x0000000083300000, 0x0000000083400000, 0x0000000083400000|100%| O|  |TAMS 0x0000000083400000, 0x0000000083300000| Untracked 
|  32|0x0000000083400000, 0x0000000083500000, 0x0000000083500000|100%| O|  |TAMS 0x0000000083500000, 0x0000000083400000| Untracked 
|  33|0x0000000083500000, 0x0000000083600000, 0x0000000083600000|100%| O|  |TAMS 0x0000000083600000, 0x0000000083500000| Untracked 
|  34|0x0000000083600000, 0x0000000083700000, 0x0000000083700000|100%| O|  |TAMS 0x0000000083700000, 0x0000000083600000| Untracked 
|  35|0x0000000083700000, 0x0000000083800000, 0x0000000083800000|100%| O|  |TAMS 0x0000000083800000, 0x0000000083700000| Untracked 
|  36|0x0000000083800000, 0x0000000083900000, 0x0000000083900000|100%| O|  |TAMS 0x0000000083900000, 0x0000000083800000| Untracked 
|  37|0x0000000083900000, 0x0000000083a00000, 0x0000000083a00000|100%| O|  |TAMS 0x0000000083a00000, 0x0000000083900000| Untracked 
|  38|0x0000000083a00000, 0x0000000083b00000, 0x0000000083b00000|100%| O|  |TAMS 0x0000000083acb400, 0x0000000083a00000| Untracked 
|  39|0x0000000083b00000, 0x0000000083c00000, 0x0000000083c00000|100%| O|  |TAMS 0x0000000083b00000, 0x0000000083b00000| Untracked 
|  40|0x0000000083c00000, 0x0000000083d00000, 0x0000000083d00000|100%| O|  |TAMS 0x0000000083c00000, 0x0000000083c00000| Untracked 
|  41|0x0000000083d00000, 0x0000000083e00000, 0x0000000083e00000|100%| O|  |TAMS 0x0000000083d00000, 0x0000000083d00000| Untracked 
|  42|0x0000000083e00000, 0x0000000083f00000, 0x0000000083f00000|100%| O|  |TAMS 0x0000000083e00000, 0x0000000083e00000| Untracked 
|  43|0x0000000083f00000, 0x0000000084000000, 0x0000000084000000|100%| O|  |TAMS 0x0000000083f00000, 0x0000000083f00000| Untracked 
|  44|0x0000000084000000, 0x0000000084100000, 0x0000000084100000|100%| O|  |TAMS 0x0000000084000000, 0x0000000084000000| Untracked 
|  45|0x0000000084100000, 0x00000000841d4400, 0x0000000084200000| 82%| O|  |TAMS 0x0000000084100000, 0x0000000084100000| Untracked 
|  46|0x0000000084200000, 0x0000000084200000, 0x0000000084300000|  0%| F|  |TAMS 0x0000000084200000, 0x0000000084200000| Untracked 
|  47|0x0000000084300000, 0x0000000084300000, 0x0000000084400000|  0%| F|  |TAMS 0x0000000084300000, 0x0000000084300000| Untracked 
|  48|0x0000000084400000, 0x0000000084400000, 0x0000000084500000|  0%| F|  |TAMS 0x0000000084400000, 0x0000000084400000| Untracked 
|  49|0x0000000084500000, 0x0000000084500000, 0x0000000084600000|  0%| F|  |TAMS 0x0000000084500000, 0x0000000084500000| Untracked 
|  50|0x0000000084600000, 0x0000000084600000, 0x0000000084700000|  0%| F|  |TAMS 0x0000000084600000, 0x0000000084600000| Untracked 
|  51|0x0000000084700000, 0x0000000084700000, 0x0000000084800000|  0%| F|  |TAMS 0x0000000084700000, 0x0000000084700000| Untracked 
|  52|0x0000000084800000, 0x0000000084800000, 0x0000000084900000|  0%| F|  |TAMS 0x0000000084800000, 0x0000000084800000| Untracked 
|  53|0x0000000084900000, 0x0000000084900000, 0x0000000084a00000|  0%| F|  |TAMS 0x0000000084900000, 0x0000000084900000| Untracked 
|  54|0x0000000084a00000, 0x0000000084a00000, 0x0000000084b00000|  0%| F|  |TAMS 0x0000000084a00000, 0x0000000084a00000| Untracked 
|  55|0x0000000084b00000, 0x0000000084b00000, 0x0000000084c00000|  0%| F|  |TAMS 0x0000000084b00000, 0x0000000084b00000| Untracked 
|  56|0x0000000084c00000, 0x0000000084c00000, 0x0000000084d00000|  0%| F|  |TAMS 0x0000000084c00000, 0x0000000084c00000| Untracked 
|  57|0x0000000084d00000, 0x0000000084d00000, 0x0000000084e00000|  0%| F|  |TAMS 0x0000000084d00000, 0x0000000084d00000| Untracked 
|  58|0x0000000084e00000, 0x0000000084e00000, 0x0000000084f00000|  0%| F|  |TAMS 0x0000000084e00000, 0x0000000084e00000| Untracked 
|  59|0x0000000084f00000, 0x0000000084f00000, 0x0000000085000000|  0%| F|  |TAMS 0x0000000084f00000, 0x0000000084f00000| Untracked 
|  60|0x0000000085000000, 0x0000000085000000, 0x0000000085100000|  0%| F|  |TAMS 0x0000000085000000, 0x0000000085000000| Untracked 
|  61|0x0000000085100000, 0x0000000085100000, 0x0000000085200000|  0%| F|  |TAMS 0x0000000085100000, 0x0000000085100000| Untracked 
|  62|0x0000000085200000, 0x0000000085200000, 0x0000000085300000|  0%| F|  |TAMS 0x0000000085200000, 0x0000000085200000| Untracked 
|  63|0x0000000085300000, 0x0000000085300000, 0x0000000085400000|  0%| F|  |TAMS 0x0000000085300000, 0x0000000085300000| Untracked 
|  64|0x0000000085400000, 0x0000000085400000, 0x0000000085500000|  0%| F|  |TAMS 0x0000000085400000, 0x0000000085400000| Untracked 
|  65|0x0000000085500000, 0x0000000085500000, 0x0000000085600000|  0%| F|  |TAMS 0x0000000085500000, 0x0000000085500000| Untracked 
|  66|0x0000000085600000, 0x0000000085600000, 0x0000000085700000|  0%| F|  |TAMS 0x0000000085600000, 0x0000000085600000| Untracked 
|  67|0x0000000085700000, 0x0000000085700000, 0x0000000085800000|  0%| F|  |TAMS 0x0000000085700000, 0x0000000085700000| Untracked 
|  68|0x0000000085800000, 0x0000000085800000, 0x0000000085900000|  0%| F|  |TAMS 0x0000000085800000, 0x0000000085800000| Untracked 
|  69|0x0000000085900000, 0x0000000085900000, 0x0000000085a00000|  0%| F|  |TAMS 0x0000000085900000, 0x0000000085900000| Untracked 
|  70|0x0000000085a00000, 0x0000000085a00000, 0x0000000085b00000|  0%| F|  |TAMS 0x0000000085a00000, 0x0000000085a00000| Untracked 
|  71|0x0000000085b00000, 0x0000000085b00000, 0x0000000085c00000|  0%| F|  |TAMS 0x0000000085b00000, 0x0000000085b00000| Untracked 
|  72|0x0000000085c00000, 0x0000000085c00000, 0x0000000085d00000|  0%| F|  |TAMS 0x0000000085c00000, 0x0000000085c00000| Untracked 
|  73|0x0000000085d00000, 0x0000000085d00000, 0x0000000085e00000|  0%| F|  |TAMS 0x0000000085d00000, 0x0000000085d00000| Untracked 
|  74|0x0000000085e00000, 0x0000000085e00000, 0x0000000085f00000|  0%| F|  |TAMS 0x0000000085e00000, 0x0000000085e00000| Untracked 
|  75|0x0000000085f00000, 0x0000000085f00000, 0x0000000086000000|  0%| F|  |TAMS 0x0000000085f00000, 0x0000000085f00000| Untracked 
|  76|0x0000000086000000, 0x0000000086000000, 0x0000000086100000|  0%| F|  |TAMS 0x0000000086000000, 0x0000000086000000| Untracked 
|  77|0x0000000086100000, 0x0000000086100000, 0x0000000086200000|  0%| F|  |TAMS 0x0000000086100000, 0x0000000086100000| Untracked 
|  78|0x0000000086200000, 0x0000000086200000, 0x0000000086300000|  0%| F|  |TAMS 0x0000000086200000, 0x0000000086200000| Untracked 
|  79|0x0000000086300000, 0x0000000086300000, 0x0000000086400000|  0%| F|  |TAMS 0x0000000086300000, 0x0000000086300000| Untracked 
|  80|0x0000000086400000, 0x0000000086400000, 0x0000000086500000|  0%| F|  |TAMS 0x0000000086400000, 0x0000000086400000| Untracked 
|  81|0x0000000086500000, 0x0000000086500000, 0x0000000086600000|  0%| F|  |TAMS 0x0000000086500000, 0x0000000086500000| Untracked 
|  82|0x0000000086600000, 0x0000000086600000, 0x0000000086700000|  0%| F|  |TAMS 0x0000000086600000, 0x0000000086600000| Untracked 
|  83|0x0000000086700000, 0x0000000086700000, 0x0000000086800000|  0%| F|  |TAMS 0x0000000086700000, 0x0000000086700000| Untracked 
|  84|0x0000000086800000, 0x0000000086800000, 0x0000000086900000|  0%| F|  |TAMS 0x0000000086800000, 0x0000000086800000| Untracked 
|  85|0x0000000086900000, 0x0000000086900000, 0x0000000086a00000|  0%| F|  |TAMS 0x0000000086900000, 0x0000000086900000| Untracked 
|  86|0x0000000086a00000, 0x0000000086a00000, 0x0000000086b00000|  0%| F|  |TAMS 0x0000000086a00000, 0x0000000086a00000| Untracked 
|  87|0x0000000086b00000, 0x0000000086b00000, 0x0000000086c00000|  0%| F|  |TAMS 0x0000000086b00000, 0x0000000086b00000| Untracked 
|  88|0x0000000086c00000, 0x0000000086c00000, 0x0000000086d00000|  0%| F|  |TAMS 0x0000000086c00000, 0x0000000086c00000| Untracked 
|  89|0x0000000086d00000, 0x0000000086d00000, 0x0000000086e00000|  0%| F|  |TAMS 0x0000000086d00000, 0x0000000086d00000| Untracked 
|  90|0x0000000086e00000, 0x0000000086e00000, 0x0000000086f00000|  0%| F|  |TAMS 0x0000000086e00000, 0x0000000086e00000| Untracked 
|  91|0x0000000086f00000, 0x0000000086f00000, 0x0000000087000000|  0%| F|  |TAMS 0x0000000086f00000, 0x0000000086f00000| Untracked 
|  92|0x0000000087000000, 0x0000000087000000, 0x0000000087100000|  0%| F|  |TAMS 0x0000000087000000, 0x0000000087000000| Untracked 
|  93|0x0000000087100000, 0x0000000087100000, 0x0000000087200000|  0%| F|  |TAMS 0x0000000087100000, 0x0000000087100000| Untracked 
|  94|0x0000000087200000, 0x0000000087200000, 0x0000000087300000|  0%| F|  |TAMS 0x0000000087200000, 0x0000000087200000| Untracked 
|  95|0x0000000087300000, 0x0000000087300000, 0x0000000087400000|  0%| F|  |TAMS 0x0000000087300000, 0x0000000087300000| Untracked 
|  96|0x0000000087400000, 0x0000000087400000, 0x0000000087500000|  0%| F|  |TAMS 0x0000000087400000, 0x0000000087400000| Untracked 
|  97|0x0000000087500000, 0x0000000087500000, 0x0000000087600000|  0%| F|  |TAMS 0x0000000087500000, 0x0000000087500000| Untracked 
|  98|0x0000000087600000, 0x0000000087600000, 0x0000000087700000|  0%| F|  |TAMS 0x0000000087600000, 0x0000000087600000| Untracked 
|  99|0x0000000087700000, 0x0000000087700000, 0x0000000087800000|  0%| F|  |TAMS 0x0000000087700000, 0x0000000087700000| Untracked 
| 100|0x0000000087800000, 0x0000000087800000, 0x0000000087900000|  0%| F|  |TAMS 0x0000000087800000, 0x0000000087800000| Untracked 
| 101|0x0000000087900000, 0x0000000087900000, 0x0000000087a00000|  0%| F|  |TAMS 0x0000000087900000, 0x0000000087900000| Untracked 
| 102|0x0000000087a00000, 0x0000000087a00000, 0x0000000087b00000|  0%| F|  |TAMS 0x0000000087a00000, 0x0000000087a00000| Untracked 
| 103|0x0000000087b00000, 0x0000000087b00000, 0x0000000087c00000|  0%| F|  |TAMS 0x0000000087b00000, 0x0000000087b00000| Untracked 
| 104|0x0000000087c00000, 0x0000000087c00000, 0x0000000087d00000|  0%| F|  |TAMS 0x0000000087c00000, 0x0000000087c00000| Untracked 
| 105|0x0000000087d00000, 0x0000000087d00000, 0x0000000087e00000|  0%| F|  |TAMS 0x0000000087d00000, 0x0000000087d00000| Untracked 
| 106|0x0000000087e00000, 0x0000000087e00000, 0x0000000087f00000|  0%| F|  |TAMS 0x0000000087e00000, 0x0000000087e00000| Untracked 
| 107|0x0000000087f00000, 0x0000000087f00000, 0x0000000088000000|  0%| F|  |TAMS 0x0000000087f00000, 0x0000000087f00000| Untracked 
| 108|0x0000000088000000, 0x0000000088000000, 0x0000000088100000|  0%| F|  |TAMS 0x0000000088000000, 0x0000000088000000| Untracked 
| 109|0x0000000088100000, 0x0000000088100000, 0x0000000088200000|  0%| F|  |TAMS 0x0000000088100000, 0x0000000088100000| Untracked 
| 110|0x0000000088200000, 0x0000000088200000, 0x0000000088300000|  0%| F|  |TAMS 0x0000000088200000, 0x0000000088200000| Untracked 
| 111|0x0000000088300000, 0x0000000088300000, 0x0000000088400000|  0%| F|  |TAMS 0x0000000088300000, 0x0000000088300000| Untracked 
| 112|0x0000000088400000, 0x0000000088400000, 0x0000000088500000|  0%| F|  |TAMS 0x0000000088400000, 0x0000000088400000| Untracked 
| 113|0x0000000088500000, 0x0000000088500000, 0x0000000088600000|  0%| F|  |TAMS 0x0000000088500000, 0x0000000088500000| Untracked 
| 114|0x0000000088600000, 0x0000000088600000, 0x0000000088700000|  0%| F|  |TAMS 0x0000000088600000, 0x0000000088600000| Untracked 
| 115|0x0000000088700000, 0x0000000088700000, 0x0000000088800000|  0%| F|  |TAMS 0x0000000088700000, 0x0000000088700000| Untracked 
| 116|0x0000000088800000, 0x0000000088800000, 0x0000000088900000|  0%| F|  |TAMS 0x0000000088800000, 0x0000000088800000| Untracked 
| 117|0x0000000088900000, 0x0000000088900000, 0x0000000088a00000|  0%| F|  |TAMS 0x0000000088900000, 0x0000000088900000| Untracked 
| 118|0x0000000088a00000, 0x0000000088a00000, 0x0000000088b00000|  0%| F|  |TAMS 0x0000000088a00000, 0x0000000088a00000| Untracked 
| 119|0x0000000088b00000, 0x0000000088b00000, 0x0000000088c00000|  0%| F|  |TAMS 0x0000000088b00000, 0x0000000088b00000| Untracked 
| 120|0x0000000088c00000, 0x0000000088c00000, 0x0000000088d00000|  0%| F|  |TAMS 0x0000000088c00000, 0x0000000088c00000| Untracked 
| 121|0x0000000088d00000, 0x0000000088d00000, 0x0000000088e00000|  0%| F|  |TAMS 0x0000000088d00000, 0x0000000088d00000| Untracked 
| 122|0x0000000088e00000, 0x0000000088e00000, 0x0000000088f00000|  0%| F|  |TAMS 0x0000000088e00000, 0x0000000088e00000| Untracked 
| 123|0x0000000088f00000, 0x0000000088f00000, 0x0000000089000000|  0%| F|  |TAMS 0x0000000088f00000, 0x0000000088f00000| Untracked 
| 124|0x0000000089000000, 0x0000000089000000, 0x0000000089100000|  0%| F|  |TAMS 0x0000000089000000, 0x0000000089000000| Untracked 
| 125|0x0000000089100000, 0x0000000089100000, 0x0000000089200000|  0%| F|  |TAMS 0x0000000089100000, 0x0000000089100000| Untracked 
| 126|0x0000000089200000, 0x0000000089200000, 0x0000000089300000|  0%| F|  |TAMS 0x0000000089200000, 0x0000000089200000| Untracked 
| 127|0x0000000089300000, 0x0000000089300000, 0x0000000089400000|  0%| F|  |TAMS 0x0000000089300000, 0x0000000089300000| Untracked 
| 128|0x0000000089400000, 0x0000000089400000, 0x0000000089500000|  0%| F|  |TAMS 0x0000000089400000, 0x0000000089400000| Untracked 
| 129|0x0000000089500000, 0x0000000089600000, 0x0000000089600000|100%| E|  |TAMS 0x0000000089500000, 0x0000000089500000| Complete 
| 130|0x0000000089600000, 0x0000000089700000, 0x0000000089700000|100%| E|CS|TAMS 0x0000000089600000, 0x0000000089600000| Complete 
| 131|0x0000000089700000, 0x0000000089800000, 0x0000000089800000|100%| E|CS|TAMS 0x0000000089700000, 0x0000000089700000| Complete 
| 132|0x0000000089800000, 0x0000000089900000, 0x0000000089900000|100%| E|CS|TAMS 0x0000000089800000, 0x0000000089800000| Complete 
| 133|0x0000000089900000, 0x0000000089a00000, 0x0000000089a00000|100%| E|CS|TAMS 0x0000000089900000, 0x0000000089900000| Complete 
| 134|0x0000000089a00000, 0x0000000089b00000, 0x0000000089b00000|100%| E|CS|TAMS 0x0000000089a00000, 0x0000000089a00000| Complete 
| 135|0x0000000089b00000, 0x0000000089c00000, 0x0000000089c00000|100%| E|CS|TAMS 0x0000000089b00000, 0x0000000089b00000| Complete 
| 136|0x0000000089c00000, 0x0000000089d00000, 0x0000000089d00000|100%| E|CS|TAMS 0x0000000089c00000, 0x0000000089c00000| Complete 
| 137|0x0000000089d00000, 0x0000000089e00000, 0x0000000089e00000|100%| E|CS|TAMS 0x0000000089d00000, 0x0000000089d00000| Complete 
| 138|0x0000000089e00000, 0x0000000089f00000, 0x0000000089f00000|100%| E|CS|TAMS 0x0000000089e00000, 0x0000000089e00000| Complete 
| 139|0x0000000089f00000, 0x000000008a000000, 0x000000008a000000|100%| E|CS|TAMS 0x0000000089f00000, 0x0000000089f00000| Complete 
| 140|0x000000008a000000, 0x000000008a100000, 0x000000008a100000|100%| E|CS|TAMS 0x000000008a000000, 0x000000008a000000| Complete 
| 141|0x000000008a100000, 0x000000008a200000, 0x000000008a200000|100%| E|CS|TAMS 0x000000008a100000, 0x000000008a100000| Complete 
| 142|0x000000008a200000, 0x000000008a300000, 0x000000008a300000|100%| E|CS|TAMS 0x000000008a200000, 0x000000008a200000| Complete 
| 143|0x000000008a300000, 0x000000008a400000, 0x000000008a400000|100%| E|CS|TAMS 0x000000008a300000, 0x000000008a300000| Complete 
| 144|0x000000008a400000, 0x000000008a500000, 0x000000008a500000|100%| E|CS|TAMS 0x000000008a400000, 0x000000008a400000| Complete 
| 145|0x000000008a500000, 0x000000008a600000, 0x000000008a600000|100%| E|CS|TAMS 0x000000008a500000, 0x000000008a500000| Complete 
| 146|0x000000008a600000, 0x000000008a700000, 0x000000008a700000|100%| E|CS|TAMS 0x000000008a600000, 0x000000008a600000| Complete 
| 147|0x000000008a700000, 0x000000008a800000, 0x000000008a800000|100%| E|CS|TAMS 0x000000008a700000, 0x000000008a700000| Complete 
| 148|0x000000008a800000, 0x000000008a900000, 0x000000008a900000|100%| E|CS|TAMS 0x000000008a800000, 0x000000008a800000| Complete 
| 149|0x000000008a900000, 0x000000008aa00000, 0x000000008aa00000|100%| E|CS|TAMS 0x000000008a900000, 0x000000008a900000| Complete 
| 150|0x000000008aa00000, 0x000000008ab00000, 0x000000008ab00000|100%| E|CS|TAMS 0x000000008aa00000, 0x000000008aa00000| Complete 
| 151|0x000000008ab00000, 0x000000008ac00000, 0x000000008ac00000|100%| E|CS|TAMS 0x000000008ab00000, 0x000000008ab00000| Complete 
| 152|0x000000008ac00000, 0x000000008acdb1c0, 0x000000008ad00000| 85%| S|CS|TAMS 0x000000008ac00000, 0x000000008ac00000| Complete 
| 153|0x000000008ad00000, 0x000000008ae00000, 0x000000008ae00000|100%| E|CS|TAMS 0x000000008ad00000, 0x000000008ad00000| Complete 
| 154|0x000000008ae00000, 0x000000008af00000, 0x000000008af00000|100%| E|CS|TAMS 0x000000008ae00000, 0x000000008ae00000| Complete 
| 155|0x000000008af00000, 0x000000008b000000, 0x000000008b000000|100%| E|CS|TAMS 0x000000008af00000, 0x000000008af00000| Complete 
| 156|0x000000008b000000, 0x000000008b100000, 0x000000008b100000|100%| E|CS|TAMS 0x000000008b000000, 0x000000008b000000| Complete 
| 157|0x000000008b100000, 0x000000008b200000, 0x000000008b200000|100%| E|CS|TAMS 0x000000008b100000, 0x000000008b100000| Complete 

Card table byte_map: [0x000001fbbd600000,0x000001fbbda00000] _byte_map_base: 0x000001fbbd1f6000

Marking Bits (Prev, Next): (CMBitMap*) 0x000001fba4741920, (CMBitMap*) 0x000001fba47418e0
 Prev Bits: [0x000001fbbfdb0000, 0x000001fbc1d60000)
 Next Bits: [0x000001fbbde00000, 0x000001fbbfdb0000)

Polling page: 0x000001fbad760000

Metaspace:

Usage:
  Non-class:     46.90 MB used.
      Class:      5.89 MB used.
       Both:     52.79 MB used.

Virtual space:
  Non-class space:       64.00 MB reserved,      47.06 MB ( 74%) committed,  1 nodes.
      Class space:        1.00 GB reserved,       6.06 MB ( <1%) committed,  1 nodes.
             Both:        1.06 GB reserved,      53.12 MB (  5%) committed. 

Chunk freelists:
   Non-Class:  15.64 MB
       Class:  9.98 MB
        Both:  25.62 MB

MaxMetaspaceSize: unlimited
CompressedClassSpaceSize: 1.00 GB
Initial GC threshold: 21.00 MB
Current GC threshold: 72.94 MB
CDS: on
MetaspaceReclaimPolicy: balanced
 - commit_granule_bytes: 65536.
 - commit_granule_words: 8192.
 - virtual_space_node_default_size: 8388608.
 - enlarge_chunks_in_place: 1.
 - new_chunks_are_fully_committed: 0.
 - uncommit_free_chunks: 1.
 - use_allocation_guard: 0.
 - handle_deallocations: 1.


Internal statistics:

num_allocs_failed_limit: 6.
num_arena_births: 298.
num_arena_deaths: 0.
num_vsnodes_births: 2.
num_vsnodes_deaths: 0.
num_space_committed: 849.
num_space_uncommitted: 0.
num_chunks_returned_to_freelist: 6.
num_chunks_taken_from_freelist: 2181.
num_chunk_merges: 6.
num_chunk_splits: 1775.
num_chunks_enlarged: 1596.
num_inconsistent_stats: 0.

CodeHeap 'non-profiled nmethods': size=120000Kb used=2934Kb max_used=2934Kb free=117065Kb
 bounds [0x000001fbb5250000, 0x000001fbb5540000, 0x000001fbbc780000]
CodeHeap 'profiled nmethods': size=120000Kb used=18906Kb max_used=18906Kb free=101093Kb
 bounds [0x000001fbad780000, 0x000001fbaea30000, 0x000001fbb4cb0000]
CodeHeap 'non-nmethods': size=5760Kb used=1415Kb max_used=1493Kb free=4344Kb
 bounds [0x000001fbb4cb0000, 0x000001fbb4f20000, 0x000001fbb5250000]
 total_blobs=6999 nmethods=6235 adapters=673
 compilation: enabled
              stopped_count=0, restarted_count=0
 full_count=0

Compilation events (20 events):
Event: 27.896 Thread 0x000001fbc4819320 nmethod 7028 0x000001fbb546a810 code [0x000001fbb546a9a0, 0x000001fbb546aa78]
Event: 27.896 Thread 0x000001fbc4819320 7029       1       org.jetbrains.kotlin.fir.expressions.builder.FirAnnotationCallBuilder::getAnnotationTypeRef (5 bytes)
Event: 27.896 Thread 0x000001fbc4819320 nmethod 7029 0x000001fbb546a510 code [0x000001fbb546a6a0, 0x000001fbb546a778]
Event: 27.913 Thread 0x000001fbc4819320 7030       3       org.jetbrains.kotlin.util.EmptyArrayMap::copy (5 bytes)
Event: 27.913 Thread 0x000001fbc4819320 nmethod 7030 0x000001fbadc97e90 code [0x000001fbadc98020, 0x000001fbadc98138]
Event: 27.936 Thread 0x000001fbc4819320 7032       3       org.jetbrains.kotlin.ir.declarations.IrFactory::createValueParameter (66 bytes)
Event: 27.938 Thread 0x000001fbc4819320 nmethod 7032 0x000001fbae7b4b10 code [0x000001fbae7b4ea0, 0x000001fbae7b6508]
Event: 27.938 Thread 0x000001fbc4819320 7034       3       org.jetbrains.kotlin.fir.backend.Fir2IrTypeConverterKt::toIrType (36 bytes)
Event: 27.939 Thread 0x000001fbc4819320 nmethod 7034 0x000001fbadf95490 code [0x000001fbadf957a0, 0x000001fbadf96778]
Event: 27.939 Thread 0x000001fbc4819320 7033       3       org.jetbrains.kotlin.fir.backend.generators.AnnotationGenerator::generate (38 bytes)
Event: 27.940 Thread 0x000001fbc4819320 nmethod 7033 0x000001fbadd53390 code [0x000001fbadd536e0, 0x000001fbadd54a48]
Event: 27.940 Thread 0x000001fbc4819320 7035       3       org.jetbrains.kotlin.backend.jvm.JvmIrSpecialAnnotationSymbolProvider::toConstructorCall (18 bytes)
Event: 27.940 Thread 0x000001fbc4819320 nmethod 7035 0x000001fbade79290 code [0x000001fbade79440, 0x000001fbade79648]
Event: 27.940 Thread 0x000001fbc4819320 7036       3       org.jetbrains.kotlin.fir.backend.generators.Fir2IrCallableDeclarationsGenerator::createIrParameter$fir2ir$default (67 bytes)
Event: 27.940 Thread 0x000001fbc4819320 nmethod 7036 0x000001fbad7c9710 code [0x000001fbad7c98c0, 0x000001fbad7c9b48]
Event: 27.940 Thread 0x000001fbc4819320 7037       3       org.jetbrains.kotlin.fir.backend.generators.CallAndReferenceGenerator::toIrType (16 bytes)
Event: 27.940 Thread 0x000001fbc4819320 nmethod 7037 0x000001fbadd77090 code [0x000001fbadd77240, 0x000001fbadd773d8]
Event: 27.940 Thread 0x000001fbc4819320 7038       3       org.jetbrains.kotlin.fir.backend.generators.CallAndReferenceGenerator::applyCallArguments$fir2ir (855 bytes)
Event: 27.945 Thread 0x000001fbc4819320 nmethod 7038 0x000001fbad922010 code [0x000001fbad922820, 0x000001fbad927ff8]
Event: 27.945 Thread 0x000001fbc4819320 7040       3       org.jetbrains.kotlin.fir.backend.generators.CallAndReferenceGenerator::applyArgumentsWithReorderingIfNeeded (612 bytes)

GC Heap History (20 events):
Event: 16.207 GC heap before
{Heap before GC invocations=8 (full 0):
 garbage-first heap   total 64512K, used 28955K [0x0000000081400000, 0x0000000100000000)
  region size 1024K, 12 young (12288K), 4 survivors (4096K)
 Metaspace       used 35731K, committed 35968K, reserved 1114112K
  class space    used 4283K, committed 4416K, reserved 1048576K
}
Event: 16.220 GC heap after
{Heap after GC invocations=9 (full 0):
 garbage-first heap   total 64512K, used 24841K [0x0000000081400000, 0x0000000100000000)
  region size 1024K, 3 young (3072K), 3 survivors (3072K)
 Metaspace       used 35731K, committed 35968K, reserved 1114112K
  class space    used 4283K, committed 4416K, reserved 1048576K
}
Event: 16.624 GC heap before
{Heap before GC invocations=10 (full 0):
 garbage-first heap   total 64512K, used 44297K [0x0000000081400000, 0x0000000100000000)
  region size 1024K, 22 young (22528K), 3 survivors (3072K)
 Metaspace       used 36627K, committed 36928K, reserved 1114112K
  class space    used 4378K, committed 4544K, reserved 1048576K
}
Event: 16.639 GC heap after
{Heap after GC invocations=11 (full 0):
 garbage-first heap   total 64512K, used 30638K [0x0000000081400000, 0x0000000100000000)
  region size 1024K, 3 young (3072K), 3 survivors (3072K)
 Metaspace       used 36627K, committed 36928K, reserved 1114112K
  class space    used 4378K, committed 4544K, reserved 1048576K
}
Event: 16.672 GC heap before
{Heap before GC invocations=11 (full 0):
 garbage-first heap   total 64512K, used 31662K [0x0000000081400000, 0x0000000100000000)
  region size 1024K, 4 young (4096K), 3 survivors (3072K)
 Metaspace       used 36779K, committed 37056K, reserved 1114112K
  class space    used 4399K, committed 4544K, reserved 1048576K
}
Event: 16.681 GC heap after
{Heap after GC invocations=12 (full 0):
 garbage-first heap   total 64512K, used 31781K [0x0000000081400000, 0x0000000100000000)
  region size 1024K, 1 young (1024K), 1 survivors (1024K)
 Metaspace       used 36779K, committed 37056K, reserved 1114112K
  class space    used 4399K, committed 4544K, reserved 1048576K
}
Event: 17.089 GC heap before
{Heap before GC invocations=12 (full 0):
 garbage-first heap   total 64512K, used 45093K [0x0000000081400000, 0x0000000100000000)
  region size 1024K, 15 young (15360K), 1 survivors (1024K)
 Metaspace       used 39864K, committed 40128K, reserved 1114112K
  class space    used 4730K, committed 4864K, reserved 1048576K
}
Event: 17.095 GC heap after
{Heap after GC invocations=13 (full 0):
 garbage-first heap   total 64512K, used 32623K [0x0000000081400000, 0x0000000100000000)
  region size 1024K, 2 young (2048K), 2 survivors (2048K)
 Metaspace       used 39864K, committed 40128K, reserved 1114112K
  class space    used 4730K, committed 4864K, reserved 1048576K
}
Event: 18.370 GC heap before
{Heap before GC invocations=14 (full 0):
 garbage-first heap   total 64512K, used 46959K [0x0000000081400000, 0x0000000100000000)
  region size 1024K, 16 young (16384K), 2 survivors (2048K)
 Metaspace       used 41956K, committed 42304K, reserved 1114112K
  class space    used 5003K, committed 5184K, reserved 1048576K
}
Event: 18.382 GC heap after
{Heap after GC invocations=15 (full 0):
 garbage-first heap   total 64512K, used 34816K [0x0000000081400000, 0x0000000100000000)
  region size 1024K, 2 young (2048K), 2 survivors (2048K)
 Metaspace       used 41956K, committed 42304K, reserved 1114112K
  class space    used 5003K, committed 5184K, reserved 1048576K
}
Event: 19.621 GC heap before
{Heap before GC invocations=15 (full 0):
 garbage-first heap   total 64512K, used 49152K [0x0000000081400000, 0x0000000100000000)
  region size 1024K, 16 young (16384K), 2 survivors (2048K)
 Metaspace       used 42955K, committed 43264K, reserved 1114112K
  class space    used 5079K, committed 5248K, reserved 1048576K
}
Event: 19.635 GC heap after
{Heap after GC invocations=16 (full 0):
 garbage-first heap   total 64512K, used 38148K [0x0000000081400000, 0x0000000100000000)
  region size 1024K, 2 young (2048K), 2 survivors (2048K)
 Metaspace       used 42955K, committed 43264K, reserved 1114112K
  class space    used 5079K, committed 5248K, reserved 1048576K
}
Event: 19.794 GC heap before
{Heap before GC invocations=17 (full 0):
 garbage-first heap   total 80896K, used 49412K [0x0000000081400000, 0x0000000100000000)
  region size 1024K, 13 young (13312K), 2 survivors (2048K)
 Metaspace       used 43019K, committed 43328K, reserved 1114112K
  class space    used 5081K, committed 5248K, reserved 1048576K
}
Event: 19.809 GC heap after
{Heap after GC invocations=18 (full 0):
 garbage-first heap   total 80896K, used 41773K [0x0000000081400000, 0x0000000100000000)
  region size 1024K, 2 young (2048K), 2 survivors (2048K)
 Metaspace       used 43019K, committed 43328K, reserved 1114112K
  class space    used 5081K, committed 5248K, reserved 1048576K
}
Event: 22.945 GC heap before
{Heap before GC invocations=18 (full 0):
 garbage-first heap   total 80896K, used 60205K [0x0000000081400000, 0x0000000100000000)
  region size 1024K, 20 young (20480K), 2 survivors (2048K)
 Metaspace       used 44208K, committed 44480K, reserved 1114112K
  class space    used 5121K, committed 5248K, reserved 1048576K
}
Event: 22.968 GC heap after
{Heap after GC invocations=19 (full 0):
 garbage-first heap   total 80896K, used 45679K [0x0000000081400000, 0x0000000100000000)
  region size 1024K, 3 young (3072K), 3 survivors (3072K)
 Metaspace       used 44208K, committed 44480K, reserved 1114112K
  class space    used 5121K, committed 5248K, reserved 1048576K
}
Event: 24.947 GC heap before
{Heap before GC invocations=20 (full 0):
 garbage-first heap   total 80896K, used 60015K [0x0000000081400000, 0x0000000100000000)
  region size 1024K, 19 young (19456K), 3 survivors (3072K)
 Metaspace       used 47481K, committed 47808K, reserved 1114112K
  class space    used 5449K, committed 5632K, reserved 1048576K
}
Event: 24.966 GC heap after
{Heap after GC invocations=21 (full 0):
 garbage-first heap   total 161792K, used 46421K [0x0000000081400000, 0x0000000100000000)
  region size 1024K, 2 young (2048K), 2 survivors (2048K)
 Metaspace       used 47481K, committed 47808K, reserved 1114112K
  class space    used 5449K, committed 5632K, reserved 1048576K
}
Event: 25.539 GC heap before
{Heap before GC invocations=21 (full 0):
 garbage-first heap   total 161792K, used 50517K [0x0000000081400000, 0x0000000100000000)
  region size 1024K, 7 young (7168K), 2 survivors (2048K)
 Metaspace       used 47923K, committed 48192K, reserved 1114112K
  class space    used 5477K, committed 5632K, reserved 1048576K
}
Event: 25.551 GC heap after
{Heap after GC invocations=22 (full 0):
 garbage-first heap   total 161792K, used 46781K [0x0000000081400000, 0x0000000100000000)
  region size 1024K, 1 young (1024K), 1 survivors (1024K)
 Metaspace       used 47923K, committed 48192K, reserved 1114112K
  class space    used 5477K, committed 5632K, reserved 1048576K
}

Deoptimization events (20 events):
Event: 27.770 Thread 0x000001fba46e78d0 DEOPT PACKING pc=0x000001fbb54b48cc sp=0x00000075891fd0c0
Event: 27.770 Thread 0x000001fba46e78d0 DEOPT UNPACKING pc=0x000001fbb4d023a3 sp=0x00000075891fd060 mode 2
Event: 27.770 Thread 0x000001fba46e78d0 Uncommon trap: trap_request=0xffffffde fr.pc=0x000001fbb54e58fc relative=0x00000000000000dc
Event: 27.770 Thread 0x000001fba46e78d0 Uncommon trap: reason=class_check action=maybe_recompile pc=0x000001fbb54e58fc method=org.jetbrains.kotlin.types.model.TypeSystemContext.lowerBoundIfFlexible(Lorg/jetbrains/kotlin/types/model/KotlinTypeMarker;)Lorg/jetbrains/kotlin/types/model/RigidTypeMa
Event: 27.770 Thread 0x000001fba46e78d0 DEOPT PACKING pc=0x000001fbb54e58fc sp=0x00000075891fd060
Event: 27.770 Thread 0x000001fba46e78d0 DEOPT UNPACKING pc=0x000001fbb4d023a3 sp=0x00000075891fd008 mode 2
Event: 27.770 Thread 0x000001fba46e78d0 Uncommon trap: trap_request=0xffffffde fr.pc=0x000001fbb54e58fc relative=0x00000000000000dc
Event: 27.770 Thread 0x000001fba46e78d0 Uncommon trap: reason=class_check action=maybe_recompile pc=0x000001fbb54e58fc method=org.jetbrains.kotlin.types.model.TypeSystemContext.lowerBoundIfFlexible(Lorg/jetbrains/kotlin/types/model/KotlinTypeMarker;)Lorg/jetbrains/kotlin/types/model/RigidTypeMa
Event: 27.770 Thread 0x000001fba46e78d0 DEOPT PACKING pc=0x000001fbb54e58fc sp=0x00000075891fd060
Event: 27.770 Thread 0x000001fba46e78d0 DEOPT UNPACKING pc=0x000001fbb4d023a3 sp=0x00000075891fd008 mode 2
Event: 27.770 Thread 0x000001fba46e78d0 Uncommon trap: trap_request=0xffffffde fr.pc=0x000001fbb54e58fc relative=0x00000000000000dc
Event: 27.771 Thread 0x000001fba46e78d0 Uncommon trap: reason=class_check action=maybe_recompile pc=0x000001fbb54e58fc method=org.jetbrains.kotlin.types.model.TypeSystemContext.lowerBoundIfFlexible(Lorg/jetbrains/kotlin/types/model/KotlinTypeMarker;)Lorg/jetbrains/kotlin/types/model/RigidTypeMa
Event: 27.771 Thread 0x000001fba46e78d0 DEOPT PACKING pc=0x000001fbb54e58fc sp=0x00000075891fd0c0
Event: 27.771 Thread 0x000001fba46e78d0 DEOPT UNPACKING pc=0x000001fbb4d023a3 sp=0x00000075891fd068 mode 2
Event: 27.884 Thread 0x000001fba46e78d0 DEOPT PACKING pc=0x000001fbae6920f5 sp=0x00000075891fc3d0
Event: 27.884 Thread 0x000001fba46e78d0 DEOPT UNPACKING pc=0x000001fbb4d02b43 sp=0x00000075891fb860 mode 0
Event: 27.885 Thread 0x000001fba46e78d0 Uncommon trap: trap_request=0xffffff45 fr.pc=0x000001fbb54d7c54 relative=0x00000000000073b4
Event: 27.885 Thread 0x000001fba46e78d0 Uncommon trap: reason=unstable_if action=reinterpret pc=0x000001fbb54d7c54 method=org.jetbrains.org.objectweb.asm.ClassReader.readMethod(Lorg/jetbrains/org/objectweb/asm/ClassVisitor;Lorg/jetbrains/org/objectweb/asm/Context;I)I @ 327 c2
Event: 27.885 Thread 0x000001fba46e78d0 DEOPT PACKING pc=0x000001fbb54d7c54 sp=0x00000075891fba90
Event: 27.885 Thread 0x000001fba46e78d0 DEOPT UNPACKING pc=0x000001fbb4d023a3 sp=0x00000075891fba58 mode 2

Classes unloaded (0 events):
No events

Classes redefined (0 events):
No events

Internal exceptions (20 events):
Event: 17.291 Thread 0x000001fba46e78d0 Exception <a 'java/lang/NoSuchMethodError'{0x000000008767ed20}: 'java.lang.Object java.lang.invoke.DirectMethodHandle$Holder.invokeStatic(java.lang.Object, java.lang.Object, java.lang.Object, int, java.lang.Object, java.lang.Object)'> (0x000000008767ed20) 
thrown [s\open\src\hotspot\share\interpreter\linkResolver.cpp, line 759]
Event: 17.377 Thread 0x000001fba46e78d0 Exception <a 'java/lang/NoSuchMethodError'{0x0000000087592dc8}: 'java.lang.Object java.lang.invoke.DirectMethodHandle$Holder.newInvokeSpecial(java.lang.Object, java.lang.Object, java.lang.Object, java.lang.Object, java.lang.Object, int)'> (0x0000000087592dc8) 
thrown [s\open\src\hotspot\share\interpreter\linkResolver.cpp, line 759]
Event: 17.378 Thread 0x000001fba46e78d0 Exception <a 'java/lang/NoSuchMethodError'{0x0000000087597a28}: 'java.lang.Object java.lang.invoke.DirectMethodHandle$Holder.invokeSpecial(java.lang.Object, java.lang.Object, java.lang.Object, java.lang.Object, java.lang.Object, java.lang.Object, int)'> (0x0000000087597a28) 
thrown [s\open\src\hotspot\share\interpreter\linkResolver.cpp, line 759]
Event: 17.378 Thread 0x000001fba46e78d0 Exception <a 'java/lang/NoSuchMethodError'{0x000000008759c010}: 'java.lang.Object java.lang.invoke.Invokers$Holder.linkToTargetMethod(java.lang.Object, java.lang.Object, java.lang.Object, java.lang.Object, int, java.lang.Object)'> (0x000000008759c010) 
thrown [s\open\src\hotspot\share\interpreter\linkResolver.cpp, line 759]
Event: 19.514 Thread 0x000001fba46e78d0 Exception <a 'java/lang/NoSuchMethodError'{0x00000000847d56c0}: 'java.lang.Object java.lang.invoke.DirectMethodHandle$Holder.newInvokeSpecial(java.lang.Object, java.lang.Object, java.lang.Object, java.lang.Object, java.lang.Object, java.lang.Object, int)'> (0x00000000847d56c0) 
thrown [s\open\src\hotspot\share\interpreter\linkResolver.cpp, line 759]
Event: 19.515 Thread 0x000001fba46e78d0 Exception <a 'java/lang/NoSuchMethodError'{0x00000000847daef8}: 'java.lang.Object java.lang.invoke.DirectMethodHandle$Holder.invokeSpecial(java.lang.Object, java.lang.Object, java.lang.Object, java.lang.Object, java.lang.Object, java.lang.Object, java.lang.Object, int)'> (0x00000000847daef8) 
thrown [s\open\src\hotspot\share\interpreter\linkResolver.cpp, line 759]
Event: 20.745 Thread 0x000001fba46e78d0 Exception <a 'java/lang/NoSuchMethodError'{0x00000000876e9c18}: 'java.lang.Object java.lang.invoke.DirectMethodHandle$Holder.invokeStatic(java.lang.Object, int, java.lang.Object)'> (0x00000000876e9c18) 
thrown [s\open\src\hotspot\share\interpreter\linkResolver.cpp, line 759]
Event: 20.849 Thread 0x000001fba46e78d0 Exception <a 'java/lang/NoSuchMethodError'{0x0000000087439150}: 'java.lang.Object java.lang.invoke.DirectMethodHandle$Holder.invokeStatic(java.lang.Object, int, java.lang.Object, java.lang.Object)'> (0x0000000087439150) 
thrown [s\open\src\hotspot\share\interpreter\linkResolver.cpp, line 759]
Event: 23.785 Thread 0x000001fba46e78d0 Exception <a 'java/lang/NoSuchMethodError'{0x0000000085949e90}: 'java.lang.Object java.lang.invoke.DirectMethodHandle$Holder.invokeStaticInit(java.lang.Object, int, int, java.lang.Object)'> (0x0000000085949e90) 
thrown [s\open\src\hotspot\share\interpreter\linkResolver.cpp, line 759]
Event: 23.845 Thread 0x000001fba46e78d0 Implicit null exception at 0x000001fbb5312a4c to 0x000001fbb5312b40
Event: 23.869 Thread 0x000001fba46e78d0 Implicit null exception at 0x000001fbb5409855 to 0x000001fbb5409a34
Event: 24.874 Thread 0x000001fba46e78d0 Exception <a 'java/lang/NoSuchMethodError'{0x00000000854fdcd0}: 'java.lang.Object java.lang.invoke.DirectMethodHandle$Holder.invokeSpecial(java.lang.Object, java.lang.Object, java.lang.Object, int, java.lang.Object, java.lang.Object, java.lang.Object)'> (0x00000000854fdcd0) 
thrown [s\open\src\hotspot\share\interpreter\linkResolver.cpp, line 759]
Event: 24.874 Thread 0x000001fba46e78d0 Exception <a 'java/lang/NoSuchMethodError'{0x0000000085301ab8}: 'java.lang.Object java.lang.invoke.Invokers$Holder.linkToTargetMethod(java.lang.Object, int, java.lang.Object, java.lang.Object, java.lang.Object, java.lang.Object)'> (0x0000000085301ab8) 
thrown [s\open\src\hotspot\share\interpreter\linkResolver.cpp, line 759]
Event: 25.859 Thread 0x000001fba46e78d0 Implicit null exception at 0x000001fbb529c374 to 0x000001fbb529cae4
Event: 25.863 Thread 0x000001fba46e78d0 Implicit null exception at 0x000001fbb528f7f4 to 0x000001fbb528ff50
Event: 26.653 Thread 0x000001fba46e78d0 Exception <a 'java/lang/NoSuchMethodError'{0x000000008a0933b8}: 'java.lang.Object java.lang.invoke.DirectMethodHandle$Holder.newInvokeSpecial(java.lang.Object, java.lang.Object, java.lang.Object, java.lang.Object, java.lang.Object, java.lang.Object, java.lang.Object, java.lang.Object, int)'> (0x000000008a0933b8) 
thrown [s\open\src\hotspot\share\interpreter\linkResolver.cpp, line 759]
Event: 26.653 Thread 0x000001fba46e78d0 Exception <a 'java/lang/NoSuchMethodError'{0x000000008a098bc8}: 'java.lang.Object java.lang.invoke.DirectMethodHandle$Holder.invokeSpecial(java.lang.Object, java.lang.Object, java.lang.Object, java.lang.Object, java.lang.Object, java.lang.Object, java.lang.Object, java.lang.Object, java.lang.Object, int)'> (0x000000008a098bc8) 
thrown [s\open\src\hotspot\share\interpreter\linkResolver.cpp, line 759]
Event: 26.868 Thread 0x000001fba46e78d0 Exception <a 'java/lang/NoSuchMethodError'{0x0000000089eda168}: 'java.lang.Object java.lang.invoke.DirectMethodHandle$Holder.newInvokeSpecial(java.lang.Object, java.lang.Object, java.lang.Object, java.lang.Object, java.lang.Object, java.lang.Object, java.lang.Object, int)'> (0x0000000089eda168) 
thrown [s\open\src\hotspot\share\interpreter\linkResolver.cpp, line 759]
Event: 26.868 Thread 0x000001fba46e78d0 Exception <a 'java/lang/NoSuchMethodError'{0x0000000089edf270}: 'java.lang.Object java.lang.invoke.DirectMethodHandle$Holder.invokeSpecial(java.lang.Object, java.lang.Object, java.lang.Object, java.lang.Object, java.lang.Object, java.lang.Object, java.lang.Object, java.lang.Object, int)'> (0x0000000089edf270) 
thrown [s\open\src\hotspot\share\interpreter\linkResolver.cpp, line 759]
Event: 26.869 Thread 0x000001fba46e78d0 Exception <a 'java/lang/NoSuchMethodError'{0x0000000089ee3c78}: 'java.lang.Object java.lang.invoke.Invokers$Holder.linkToTargetMethod(java.lang.Object, java.lang.Object, java.lang.Object, java.lang.Object, java.lang.Object, java.lang.Object, int, java.lang.Object)'> (0x0000000089ee3c78) 
thrown [s\open\src\hotspot\share\interpreter\linkResolver.cpp, line 759]

VM Operations (20 events):
Event: 24.893 Executing VM operation: HandshakeAllThreads
Event: 24.893 Executing VM operation: HandshakeAllThreads done
Event: 24.946 Executing VM operation: G1CollectForAllocation
Event: 24.966 Executing VM operation: G1CollectForAllocation done
Event: 25.036 Executing VM operation: HandshakeAllThreads
Event: 25.036 Executing VM operation: HandshakeAllThreads done
Event: 25.539 Executing VM operation: G1CollectForAllocation
Event: 25.552 Executing VM operation: G1CollectForAllocation done
Event: 25.936 Executing VM operation: HandshakeAllThreads
Event: 25.936 Executing VM operation: HandshakeAllThreads done
Event: 25.942 Executing VM operation: HandshakeAllThreads
Event: 25.942 Executing VM operation: HandshakeAllThreads done
Event: 26.322 Executing VM operation: HandshakeAllThreads
Event: 26.323 Executing VM operation: HandshakeAllThreads done
Event: 26.612 Executing VM operation: HandshakeAllThreads
Event: 26.612 Executing VM operation: HandshakeAllThreads done
Event: 26.612 Executing VM operation: Cleanup
Event: 26.612 Executing VM operation: Cleanup done
Event: 27.617 Executing VM operation: Cleanup
Event: 27.618 Executing VM operation: Cleanup done

Events (20 events):
Event: 25.049 Thread 0x000001fbc481c140 flushing nmethod 0x000001fbae154790
Event: 25.049 Thread 0x000001fbc481c140 flushing nmethod 0x000001fbae16b110
Event: 25.049 Thread 0x000001fbc481c140 flushing nmethod 0x000001fbae193d90
Event: 25.050 Thread 0x000001fbc481c140 flushing nmethod 0x000001fbae1cd810
Event: 25.050 Thread 0x000001fbc481c140 flushing nmethod 0x000001fbae1da590
Event: 25.050 Thread 0x000001fbc481c140 flushing nmethod 0x000001fbae1e1690
Event: 25.050 Thread 0x000001fbc481c140 flushing nmethod 0x000001fbae1f4a90
Event: 25.050 Thread 0x000001fbc481c140 flushing nmethod 0x000001fbae24b310
Event: 25.050 Thread 0x000001fbc481c140 flushing nmethod 0x000001fbae275290
Event: 25.051 Thread 0x000001fbc481c140 flushing nmethod 0x000001fbae2b7e10
Event: 25.052 Thread 0x000001fbc481c140 flushing nmethod 0x000001fbae3b4010
Event: 25.052 Thread 0x000001fbc481c140 flushing nmethod 0x000001fbae430190
Event: 25.053 Thread 0x000001fbc481c140 flushing nmethod 0x000001fbae4b5a10
Event: 25.055 Thread 0x000001fbc481c140 flushing nmethod 0x000001fbae7b4290
Event: 25.056 Thread 0x000001fbc481c140 flushing nmethod 0x000001fbae7ff110
Event: 25.056 Thread 0x000001fbc481c140 flushing nmethod 0x000001fbae816f90
Event: 25.056 Thread 0x000001fbc481c140 flushing nmethod 0x000001fbae81dc90
Event: 25.056 Thread 0x000001fbc481c140 flushing nmethod 0x000001fbae821510
Event: 25.056 Thread 0x000001fbc481c140 flushing nmethod 0x000001fbae821f90
Event: 25.056 Thread 0x000001fbc481c140 flushing nmethod 0x000001fbae822510


Dynamic libraries:
0x00007ff613ae0000 - 0x00007ff613af0000 	D:\java\jdk-17\bin\java.exe
0x00007ffe63190000 - 0x00007ffe63388000 	C:\Windows\SYSTEM32\ntdll.dll
0x00007ffe61c80000 - 0x00007ffe61d42000 	C:\Windows\System32\KERNEL32.DLL
0x00007ffe60d60000 - 0x00007ffe61056000 	C:\Windows\System32\KERNELBASE.dll
0x00007ffe60c10000 - 0x00007ffe60d10000 	C:\Windows\System32\ucrtbase.dll
0x00007ffe3ccb0000 - 0x00007ffe3ccc9000 	D:\java\jdk-17\bin\jli.dll
0x00007ffe61eb0000 - 0x00007ffe61f61000 	C:\Windows\System32\ADVAPI32.dll
0x00007ffe630b0000 - 0x00007ffe6314e000 	C:\Windows\System32\msvcrt.dll
0x00007ffe62640000 - 0x00007ffe626df000 	C:\Windows\System32\sechost.dll
0x00007ffe62520000 - 0x00007ffe62640000 	C:\Windows\System32\RPCRT4.dll
0x00007ffe60970000 - 0x00007ffe60997000 	C:\Windows\System32\bcrypt.dll
0x00007ffe62f00000 - 0x00007ffe630a1000 	C:\Windows\System32\USER32.dll
0x00007ffe61060000 - 0x00007ffe61082000 	C:\Windows\System32\win32u.dll
0x00007ffe61d60000 - 0x00007ffe61d8b000 	C:\Windows\System32\GDI32.dll
0x00007ffe61090000 - 0x00007ffe611a9000 	C:\Windows\System32\gdi32full.dll
0x00007ffe608d0000 - 0x00007ffe6096d000 	C:\Windows\System32\msvcp_win.dll
0x00007ffe43fb0000 - 0x00007ffe43fcb000 	D:\java\jdk-17\bin\VCRUNTIME140.dll
0x00007ffe51690000 - 0x00007ffe5192b000 	C:\Windows\WinSxS\amd64_microsoft.windows.common-controls_6595b64144ccf1df_6.0.19041.6456_none_60b8a6cb71f64256\COMCTL32.dll
0x00007ffe5ac30000 - 0x00007ffe5ac3a000 	C:\Windows\SYSTEM32\VERSION.dll
0x00007ffe61b80000 - 0x00007ffe61baf000 	C:\Windows\System32\IMM32.DLL
0x00007ffe43fa0000 - 0x00007ffe43fac000 	D:\java\jdk-17\bin\vcruntime140_1.dll
0x00007ffe3cbc0000 - 0x00007ffe3cc4e000 	D:\java\jdk-17\bin\msvcp140.dll
0x00007ffdd1d50000 - 0x00007ffdd2930000 	D:\java\jdk-17\bin\server\jvm.dll
0x00007ffe61280000 - 0x00007ffe61288000 	C:\Windows\System32\PSAPI.DLL
0x00007ffe3cc80000 - 0x00007ffe3cc89000 	C:\Windows\SYSTEM32\WSOCK32.dll
0x00007ffe624b0000 - 0x00007ffe6251b000 	C:\Windows\System32\WS2_32.dll
0x00007ffe51930000 - 0x00007ffe51957000 	C:\Windows\SYSTEM32\WINMM.dll
0x00007ffe5e5d0000 - 0x00007ffe5e5e2000 	C:\Windows\SYSTEM32\kernel.appcore.dll
0x00007ffe3cb20000 - 0x00007ffe3cb2a000 	D:\java\jdk-17\bin\jimage.dll
0x00007ffe522a0000 - 0x00007ffe524a1000 	C:\Windows\SYSTEM32\DBGHELP.DLL
0x00007ffe45580000 - 0x00007ffe455b4000 	C:\Windows\SYSTEM32\dbgcore.DLL
0x00007ffe60a20000 - 0x00007ffe60aa2000 	C:\Windows\System32\bcryptPrimitives.dll
0x00007ffe36bc0000 - 0x00007ffe36be5000 	D:\java\jdk-17\bin\java.dll
0x00007ffdd1c70000 - 0x00007ffdd1d47000 	D:\java\jdk-17\bin\jsvml.dll
0x00007ffe62790000 - 0x00007ffe62f00000 	C:\Windows\System32\SHELL32.dll
0x00007ffe5e8b0000 - 0x00007ffe5f055000 	C:\Windows\SYSTEM32\windows.storage.dll
0x00007ffe620c0000 - 0x00007ffe62414000 	C:\Windows\System32\combase.dll
0x00007ffe60170000 - 0x00007ffe6019b000 	C:\Windows\SYSTEM32\Wldp.dll
0x00007ffe61bb0000 - 0x00007ffe61c7d000 	C:\Windows\System32\OLEAUT32.dll
0x00007ffe61310000 - 0x00007ffe613bd000 	C:\Windows\System32\SHCORE.dll
0x00007ffe61970000 - 0x00007ffe619cb000 	C:\Windows\System32\shlwapi.dll
0x00007ffe60750000 - 0x00007ffe60774000 	C:\Windows\SYSTEM32\profapi.dll
0x00007ffe3cc90000 - 0x00007ffe3cca9000 	D:\java\jdk-17\bin\net.dll
0x00007ffe5a210000 - 0x00007ffe5a31a000 	C:\Windows\SYSTEM32\WINHTTP.dll
0x00007ffe5fed0000 - 0x00007ffe5ff3a000 	C:\Windows\system32\mswsock.dll
0x00007ffe36ba0000 - 0x00007ffe36bb6000 	D:\java\jdk-17\bin\nio.dll
0x00007ffe36b80000 - 0x00007ffe36b98000 	D:\java\jdk-17\bin\zip.dll
0x00007ffe3cd50000 - 0x00007ffe3cd60000 	D:\java\jdk-17\bin\verify.dll

dbghelp: loaded successfully - version: 4.0.5 - missing functions: none
symbol engine: initialized successfully - sym options: 0x614 - pdb path: .;D:\java\jdk-17\bin;C:\Windows\SYSTEM32;C:\Windows\WinSxS\amd64_microsoft.windows.common-controls_6595b64144ccf1df_6.0.19041.6456_none_60b8a6cb71f64256;D:\java\jdk-17\bin\server

VM Arguments:
java_command: org.jetbrains.kotlin.cli.jvm.K2JVMCompiler @D:\bass_training_app\build\share_plus\20260731_9351315137204446533.compiler.options
java_class_path (initial): C:\Users\PC\.gradle\caches\modules-2\files-2.1\org.jetbrains.kotlin\kotlin-compiler-embeddable\2.1.21\70a69b95905e33806fbee6c6c9c48e2b2b2b4da4\kotlin-compiler-embeddable-2.1.21.jar;C:\Users\PC\.gradle\caches\modules-2\files-2.1\org.jetbrains.kotlin\kotlin-stdlib\2.1.21\97a0975aa19d925e109537af60eb46902920015c\kotlin-stdlib-2.1.21.jar;C:\Users\PC\.gradle\caches\modules-2\files-2.1\org.jetbrains.kotlin\kotlin-script-runtime\2.1.21\e274d560d10526099330411c45961f04d85e77b9\kotlin-script-runtime-2.1.21.jar;C:\Users\PC\.gradle\caches\modules-2\files-2.1\org.jetbrains.kotlin\kotlin-reflect\1.6.10\1cbe9c92c12a94eea200d23c2bbaedaf3daf5132\kotlin-reflect-1.6.10.jar;C:\Users\PC\.gradle\caches\modules-2\files-2.1\org.jetbrains.kotlin\kotlin-daemon-embeddable\2.1.21\2376f98b59395adad949ca19811283fafb1b2e31\kotlin-daemon-embeddable-2.1.21.jar;C:\Users\PC\.gradle\caches\modules-2\files-2.1\org.jetbrains.intellij.deps\trove4j\1.0.20200330\3afb14d5f9ceb459d724e907a21145e8ff394f02\trove4j-1.0.20200330.jar;C:\Users\PC\.gradle\caches\modules-2\files-2.1\org.jetbrains.kotlinx\kotlinx-coroutines-core-jvm\1.8.0\ac1dc37a30a93150b704022f8d895ee1bd3a36b3\kotlinx-coroutines-core-jvm-1.8.0.jar;C:\Users\PC\.gradle\caches\modules-2\files-2.1\org.jetbrains\annotations\13.0\919f0dfe192fb4e063e7dacadee7f8bb9a2672a9\annotations-13.0.jar
Launcher Type: SUN_STANDARD

[Global flags]
     intx CICompilerCount                          = 4                                         {product} {ergonomic}
     uint ConcGCThreads                            = 2                                         {product} {ergonomic}
     uint G1ConcRefinementThreads                  = 8                                         {product} {ergonomic}
   size_t G1HeapRegionSize                         = 1048576                                   {product} {ergonomic}
    uintx GCDrainStackTargetSize                   = 64                                        {product} {ergonomic}
   size_t InitialHeapSize                          = 134217728                                 {product} {ergonomic}
   size_t MarkStackSize                            = 4194304                                   {product} {ergonomic}
   size_t MaxHeapSize                              = 2126512128                                {product} {ergonomic}
   size_t MaxNewSize                               = 1275068416                                {product} {ergonomic}
   size_t MinHeapDeltaBytes                        = 1048576                                   {product} {ergonomic}
   size_t MinHeapSize                              = 8388608                                   {product} {ergonomic}
    uintx NonNMethodCodeHeapSize                   = 5839372                                {pd product} {ergonomic}
    uintx NonProfiledCodeHeapSize                  = 122909434                              {pd product} {ergonomic}
    uintx ProfiledCodeHeapSize                     = 122909434                              {pd product} {ergonomic}
    uintx ReservedCodeCacheSize                    = 251658240                              {pd product} {ergonomic}
     bool SegmentedCodeCache                       = true                                      {product} {ergonomic}
   size_t SoftMaxHeapSize                          = 2126512128                             {manageable} {ergonomic}
     bool UseCompressedClassPointers               = true                           {product lp64_product} {ergonomic}
     bool UseCompressedOops                        = true                           {product lp64_product} {ergonomic}
     bool UseG1GC                                  = true                                      {product} {ergonomic}
     bool UseLargePagesIndividualAllocation        = false                                  {pd product} {ergonomic}

Logging:
Log output configuration:
 #0: stdout all=warning uptime,level,tags
 #1: stderr all=off uptime,level,tags

Environment Variables:
JAVA_HOME=D:\java\jdk-17
CLASSPATH=D:\bass_training_app\android\\gradle\wrapper\gradle-wrapper.jar
PATH=D:\java\jdk-17\bin;D:\flutter\bin\;C:\Program Files\Common Files\Oracle\Java\javapath;C:\Windows\system32;C:\Windows;C:\Windows\System32\Wbem;C:\Windows\System32\WindowsPowerShell\v1.0\;C:\Windows\System32\OpenSSH\;C:\xampp\php;D:\java\jdk-17\bin;D:\Program Files\;C:\Program Files\Git\cmd;C:\ProgramData\ComposerSetup\bin;C:\Users\PC\AppData\Local\Pub\Cache\bin;C:\Users\PC\AppData\Local\Microsoft\WindowsApps;C:\Users\PC\AppData\Local\Programs\Microsoft VS Code\bin;D:\flutter\bin;C:\Users\PC\AppData\Roaming\npm;C:\Users\PC\AppData\Roaming\Composer\vendor\bin;D:\flutter\bin\mingit\cmd
USERNAME=PC
LANG=en_US.UTF-8
OS=Windows_NT
PROCESSOR_IDENTIFIER=Intel64 Family 6 Model 94 Stepping 3, GenuineIntel



---------------  S Y S T E M  ---------------

OS:
 Windows 10 , 64 bit Build 19041 (10.0.19041.5915)
OS uptime: 0 days 1:20 hours

CPU: total 8 (initial active 8) (4 cores per cpu, 2 threads per core) family 6 model 94 stepping 3 microcode 0xd6, cx8, cmov, fxsr, ht, mmx, 3dnowpref, sse, sse2, sse3, ssse3, sse4.1, sse4.2, popcnt, lzcnt, tsc, tscinvbit, avx, avx2, aes, erms, clmul, bmi1, bmi2, rtm, adx, fma, vzeroupper, clflush, clflushopt

Memory: 4k page, system-wide physical 8108M (241M free)
TotalPageFile size 20920M (AvailPageFile size 4M)
current process WorkingSet (physical memory assigned to process): 261M, peak: 261M
current process commit charge ("private bytes"): 366M, peak: 368M

vm_info: Java HotSpot(TM) 64-Bit Server VM (17.0.12+8-LTS-286) for windows-amd64 JRE (17.0.12+8-LTS-286), built on Jun  5 2024 06:46:59 by "mach5one" with MS VC++ 17.6 (VS2022)

END.
