#
# There is insufficient memory for the Java Runtime Environment to continue.
# Native memory allocation (malloc) failed to allocate 32744 bytes for ChunkPool::allocate
# Possible reasons:
#   The system is out of physical RAM or swap space
#   The process is running with CompressedOops enabled, and the Java Heap may be blocking the growth of the native heap
# Possible solutions:
#   Reduce memory load on the system
#   Increase physical memory or swap space
#   Check if swap backing store is full
#   Decrease Java heap size (-Xmx/-Xms)
#   Decrease number of Java threads
#   Decrease Java thread stack sizes (-Xss)
#   Set larger code cache with -XX:ReservedCodeCacheSize=
#   JVM is running with Zero Based Compressed Oops mode in which the Java heap is
#     placed in the first 32GB address space. The Java Heap base address is the
#     maximum limit for the native heap growth. Please use -XX:HeapBaseMinAddress
#     to set the Java Heap base and to place the Java Heap above 32GB virtual address.
# This output file may be truncated or incomplete.
#
#  Out of Memory Error (arena.cpp:78), pid=2756, tid=9372
#
# JRE version: Java(TM) SE Runtime Environment (17.0.12+8) (build 17.0.12+8-LTS-286)
# Java VM: Java HotSpot(TM) 64-Bit Server VM (17.0.12+8-LTS-286, mixed mode, sharing, tiered, compressed oops, compressed class ptrs, g1 gc, windows-amd64)
# No core dump will be written. Minidumps are not enabled by default on client versions of Windows
#

---------------  S U M M A R Y ------------

Command Line: -XX:MaxMetaspaceSize=4G -XX:ReservedCodeCacheSize=512m -XX:+HeapDumpOnOutOfMemoryError --add-opens=java.base/java.util=ALL-UNNAMED --add-opens=java.base/java.lang=ALL-UNNAMED --add-opens=java.base/java.lang.invoke=ALL-UNNAMED --add-opens=java.prefs/java.util.prefs=ALL-UNNAMED --add-exports=jdk.compiler/com.sun.tools.javac.api=ALL-UNNAMED --add-exports=jdk.compiler/com.sun.tools.javac.util=ALL-UNNAMED --add-opens=java.base/java.nio.charset=ALL-UNNAMED --add-opens=java.base/java.net=ALL-UNNAMED --add-opens=java.base/java.util.concurrent.atomic=ALL-UNNAMED -Xmx8G -Dfile.encoding=windows-1252 -Duser.country=IN -Duser.language=en -Duser.variant -javaagent:C:\Users\PC\.gradle\wrapper\dists\gradle-8.10.2-all\7iv73wktx1xtkvlq19urqw1wm\gradle-8.10.2\lib\agents\gradle-instrumentation-agent-8.10.2.jar org.gradle.launcher.daemon.bootstrap.GradleDaemon 8.10.2

Host: Intel(R) Core(TM) i7-6700 CPU @ 3.40GHz, 8 cores, 7G,  Windows 10 , 64 bit Build 19041 (10.0.19041.5915)
Time: Fri Jul 31 15:55:49 2026 India Standard Time elapsed time: 61.666983 seconds (0d 0h 1m 1s)

---------------  T H R E A D  ---------------

Current thread (0x000001f17d23f7c0):  JavaThread "C2 CompilerThread0" daemon [_thread_in_native, id=9372, stack(0x000000178a800000,0x000000178a900000)]


Current CompileTask:
C2:  61668 17735   !   4       java.nio.CharBuffer::wrap (21 bytes)

Stack: [0x000000178a800000,0x000000178a900000]
Native frames: (J=compiled Java code, j=interpreted, Vv=VM code, C=native code)
V  [jvm.dll+0x67a04a]
V  [jvm.dll+0x7da4ed]
V  [jvm.dll+0x7dbe33]
V  [jvm.dll+0x7dc4a3]
V  [jvm.dll+0x24508f]
V  [jvm.dll+0xab9a4]
V  [jvm.dll+0xabd3c]
V  [jvm.dll+0x657b40]
V  [jvm.dll+0x60e34b]
V  [jvm.dll+0x60c84a]
V  [jvm.dll+0x2166be]
V  [jvm.dll+0x215c6f]
V  [jvm.dll+0x1a2960]
V  [jvm.dll+0x22610b]
V  [jvm.dll+0x2242ab]
V  [jvm.dll+0x79075c]
V  [jvm.dll+0x78abea]
V  [jvm.dll+0x678f35]
C  [ucrtbase.dll+0x21bb2]
C  [KERNEL32.DLL+0x17374]
C  [ntdll.dll+0x4cc91]


---------------  P R O C E S S  ---------------

Threads class SMR info:
_java_thread_list=0x000001f1c30dacd0, length=146, elements={
0x000001f13fe2c040, 0x000001f17d220c10, 0x000001f17d2216e0, 0x000001f17d238d80,
0x000001f17d239850, 0x000001f17d23c230, 0x000001f17d23cb00, 0x000001f17d23f7c0,
0x000001f17d244a90, 0x000001f17d2453a0, 0x000001f17d20ad90, 0x000001f17da29bd0,
0x000001f1c3fc4b70, 0x000001f1c448a650, 0x000001f1c3b661a0, 0x000001f1c53f25b0,
0x000001f1c421a160, 0x000001f1c421b090, 0x000001f1c421bfc0, 0x000001f1c421a670,
0x000001f1c421c4d0, 0x000001f1c421ab80, 0x000001f1c421b5a0, 0x000001f1c4219230,
0x000001f1c4218d20, 0x000001f1c4219740, 0x000001f1c421bab0, 0x000001f1c4219c50,
0x000001f1c413efc0, 0x000001f1c4139ec0, 0x000001f1c413adf0, 0x000001f1c413db80,
0x000001f1c4138f90, 0x000001f1c413cc50, 0x000001f1c4140910, 0x000001f1c413c230,
0x000001f1c41399b0, 0x000001f1c413a3d0, 0x000001f1c413c740, 0x000001f1c413f4d0,
0x000001f1c413d160, 0x000001f1c413a8e0, 0x000001f1c413bd20, 0x000001f1c413b300,
0x000001f1c413eab0, 0x000001f1c41394a0, 0x000001f1c413e5a0, 0x000001f1c413b810,
0x000001f1c413d670, 0x000001f1c413e090, 0x000001f1c413f9e0, 0x000001f1c413fef0,
0x000001f1c4140400, 0x000001f1c60de110, 0x000001f1c60dc7c0, 0x000001f1c60d9a30,
0x000001f1c60db890, 0x000001f1c60dbda0, 0x000001f1c60dc2b0, 0x000001f1c60ddc00,
0x000001f1c60da960, 0x000001f1c60de620, 0x000001f1c60dae70, 0x000001f1c60deb30,
0x000001f1c60d9520, 0x000001f1c60db380, 0x000001f1c60dccd0, 0x000001f1c60dd6f0,
0x000001f1c60d76c0, 0x000001f1c60d7bd0, 0x000001f1c60d85f0, 0x000001f1c60d8b00,
0x000001f1c60d9010, 0x000001f1c88ed8d0, 0x000001f1c88ebf80, 0x000001f1c88e78a0,
0x000001f1c88e9c10, 0x000001f1c88eab40, 0x000001f1c88ec490, 0x000001f1c88e91f0,
0x000001f1c88edde0, 0x000001f1c88eed10, 0x000001f1c88e9700, 0x000001f1c88eb050,
0x000001f1c88ee2f0, 0x000001f1c88ec9a0, 0x000001f1c88e87d0, 0x000001f1c88ed3c0,
0x000001f1c88eb560, 0x000001f1c88ee800, 0x000001f1c88ea120, 0x000001f1c88ef220,
0x000001f1c88e7db0, 0x000001f1c88e82c0, 0x000001f1c88eba70, 0x000001f1c88e8ce0,
0x000001f1c88eceb0, 0x000001f1c88ea630, 0x000001f1c7a15660, 0x000001f1c7a15b70,
0x000001f1c7a14730, 0x000001f1c7a19320, 0x000001f1c7a14c40, 0x000001f1c7a179d0,
0x000001f1c7a16080, 0x000001f1c7a16aa0, 0x000001f1c7a14220, 0x000001f1c7a132f0,
0x000001f1c7a17ee0, 0x000001f1c7a16590, 0x000001f1c7a18900, 0x000001f1c7a1a760,
0x000001f1c914c760, 0x000001f1c9150e40, 0x000001f1c914efe0, 0x000001f1c91540e0,
0x000001f1c914cc70, 0x000001f1c91536c0, 0x000001f1c914d690, 0x000001f1c9153bd0,
0x000001f1c914ff10, 0x000001f1c9152ca0, 0x000001f1c914d180, 0x000001f1c914fa00,
0x000001f1c914e0b0, 0x000001f1c9152280, 0x000001f1c914dba0, 0x000001f1c91531b0,
0x000001f1c914e5c0, 0x000001f1c9151350, 0x000001f1c914ead0, 0x000001f1c9151860,
0x000001f1c9150930, 0x000001f1c73bbe60, 0x000001f1c73ba000, 0x000001f1c73b90d0,
0x000001f1c73bb440, 0x000001f1c73bb950, 0x000001f1c73b7780, 0x000001f1c73bc370,
0x000001f1c73b7c90, 0x000001f1c73bc880, 0x000001f1c73bcd90, 0x000001f1c73bd7b0,
0x000001f1c73b6340, 0x000001f1c73b81a0
}

Java Threads: ( => current thread )
  0x000001f13fe2c040 JavaThread "main" [_thread_blocked, id=15788, stack(0x0000001789b00000,0x0000001789c00000)]
  0x000001f17d220c10 JavaThread "Reference Handler" daemon [_thread_blocked, id=6792, stack(0x000000178a200000,0x000000178a300000)]
  0x000001f17d2216e0 JavaThread "Finalizer" daemon [_thread_blocked, id=16696, stack(0x000000178a300000,0x000000178a400000)]
  0x000001f17d238d80 JavaThread "Signal Dispatcher" daemon [_thread_blocked, id=6860, stack(0x000000178a400000,0x000000178a500000)]
  0x000001f17d239850 JavaThread "Attach Listener" daemon [_thread_blocked, id=14944, stack(0x000000178a500000,0x000000178a600000)]
  0x000001f17d23c230 JavaThread "Service Thread" daemon [_thread_blocked, id=10292, stack(0x000000178a600000,0x000000178a700000)]
  0x000001f17d23cb00 JavaThread "Monitor Deflation Thread" daemon [_thread_blocked, id=8588, stack(0x000000178a700000,0x000000178a800000)]
=>0x000001f17d23f7c0 JavaThread "C2 CompilerThread0" daemon [_thread_in_native, id=9372, stack(0x000000178a800000,0x000000178a900000)]
  0x000001f17d244a90 JavaThread "C1 CompilerThread0" daemon [_thread_blocked, id=7772, stack(0x000000178a900000,0x000000178aa00000)]
  0x000001f17d2453a0 JavaThread "Sweeper thread" daemon [_thread_blocked, id=2752, stack(0x000000178aa00000,0x000000178ab00000)]
  0x000001f17d20ad90 JavaThread "Common-Cleaner" daemon [_thread_blocked, id=17364, stack(0x000000178ab00000,0x000000178ac00000)]
  0x000001f17da29bd0 JavaThread "Notification Thread" daemon [_thread_blocked, id=5684, stack(0x000000178ac00000,0x000000178ad00000)]
  0x000001f1c3fc4b70 JavaThread "Daemon health stats" [_thread_blocked, id=8748, stack(0x000000178b400000,0x000000178b500000)]
  0x000001f1c448a650 JavaThread "Incoming local TCP Connector on port 53569" [_thread_in_native, id=10880, stack(0x000000178b500000,0x000000178b600000)]
  0x000001f1c3b661a0 JavaThread "Daemon periodic checks" [_thread_blocked, id=7504, stack(0x000000178b600000,0x000000178b700000)]
  0x000001f1c53f25b0 JavaThread "Daemon" [_thread_blocked, id=5356, stack(0x000000178b700000,0x000000178b800000)]
  0x000001f1c421a160 JavaThread "Handler for socket connection from /127.0.0.1:53569 to /127.0.0.1:53570" [_thread_in_native, id=12372, stack(0x000000178b800000,0x000000178b900000)]
  0x000001f1c421b090 JavaThread "Cancel handler" [_thread_blocked, id=16684, stack(0x000000178b900000,0x000000178ba00000)]
  0x000001f1c421bfc0 JavaThread "Daemon worker" [_thread_blocked, id=16332, stack(0x000000178ba00000,0x000000178bb00000)]
  0x000001f1c421a670 JavaThread "Asynchronous log dispatcher for DefaultDaemonConnection: socket connection from /127.0.0.1:53569 to /127.0.0.1:53570" [_thread_blocked, id=4404, stack(0x000000178bb00000,0x000000178bc00000)]
  0x000001f1c421c4d0 JavaThread "Stdin handler" [_thread_blocked, id=2800, stack(0x000000178bc00000,0x000000178bd00000)]
  0x000001f1c421ab80 JavaThread "Daemon client event forwarder" [_thread_blocked, id=9540, stack(0x000000178bd00000,0x000000178be00000)]
  0x000001f1c421b5a0 JavaThread "Cache worker for journal cache (C:\Users\PC\.gradle\caches\journal-1)" [_thread_blocked, id=1264, stack(0x000000178be00000,0x000000178bf00000)]
  0x000001f1c4219230 JavaThread "File lock request listener" [_thread_in_native, id=14924, stack(0x000000178bf00000,0x000000178c000000)]
  0x000001f1c4218d20 JavaThread "Cache worker for file hash cache (C:\Users\PC\.gradle\caches\8.10.2\fileHashes)" [_thread_blocked, id=9784, stack(0x000000178c000000,0x000000178c100000)]
  0x000001f1c4219740 JavaThread "Cache worker for file hash cache (D:\bass_training_app\android\.gradle\8.10.2\fileHashes)" [_thread_blocked, id=11592, stack(0x000000178c300000,0x000000178c400000)]
  0x000001f1c421bab0 JavaThread "Cache worker for Build Output Cleanup Cache (D:\bass_training_app\android\.gradle\buildOutputCleanup)" [_thread_blocked, id=16448, stack(0x000000178c400000,0x000000178c500000)]
  0x000001f1c4219c50 JavaThread "File watcher server" daemon [_thread_in_native, id=16804, stack(0x000000178c600000,0x000000178c700000)]
  0x000001f1c413efc0 JavaThread "File watcher consumer" daemon [_thread_blocked, id=16660, stack(0x000000178c700000,0x000000178c800000)]
  0x000001f1c4139ec0 JavaThread "Cache worker for checksums cache (D:\bass_training_app\android\.gradle\8.10.2\checksums)" [_thread_blocked, id=17388, stack(0x000000178c800000,0x000000178c900000)]
  0x000001f1c413adf0 JavaThread "Cache worker for file content cache (C:\Users\PC\.gradle\caches\8.10.2\fileContent)" [_thread_blocked, id=6620, stack(0x000000178c900000,0x000000178ca00000)]
  0x000001f1c413db80 JavaThread "Cache worker for cache directory md-rule (C:\Users\PC\.gradle\caches\8.10.2\md-rule)" [_thread_blocked, id=12740, stack(0x000000178ca00000,0x000000178cb00000)]
  0x000001f1c4138f90 JavaThread "Cache worker for cache directory md-supplier (C:\Users\PC\.gradle\caches\8.10.2\md-supplier)" [_thread_blocked, id=14340, stack(0x000000178cb00000,0x000000178cc00000)]
  0x000001f1c413cc50 JavaThread "Cache worker for Build Output Cleanup Cache (D:\flutter\packages\flutter_tools\gradle\.gradle\buildOutputCleanup)" [_thread_blocked, id=16072, stack(0x000000178ae00000,0x000000178af00000)]
  0x000001f1c4140910 JavaThread "Unconstrained build operations" [_thread_blocked, id=16680, stack(0x000000178cd00000,0x000000178ce00000)]
  0x000001f1c413c230 JavaThread "Unconstrained build operations Thread 2" [_thread_blocked, id=8980, stack(0x000000178ce00000,0x000000178cf00000)]
  0x000001f1c41399b0 JavaThread "Unconstrained build operations Thread 3" [_thread_blocked, id=5736, stack(0x000000178cf00000,0x000000178d000000)]
  0x000001f1c413a3d0 JavaThread "Unconstrained build operations Thread 4" [_thread_blocked, id=568, stack(0x000000178d000000,0x000000178d100000)]
  0x000001f1c413c740 JavaThread "Unconstrained build operations Thread 5" [_thread_blocked, id=9456, stack(0x000000178d100000,0x000000178d200000)]
  0x000001f1c413f4d0 JavaThread "Unconstrained build operations Thread 6" [_thread_blocked, id=8760, stack(0x000000178d200000,0x000000178d300000)]
  0x000001f1c413d160 JavaThread "Unconstrained build operations Thread 7" [_thread_blocked, id=2000, stack(0x000000178d300000,0x000000178d400000)]
  0x000001f1c413a8e0 JavaThread "Unconstrained build operations Thread 8" [_thread_blocked, id=3296, stack(0x000000178d400000,0x000000178d500000)]
  0x000001f1c413bd20 JavaThread "Unconstrained build operations Thread 9" [_thread_blocked, id=14964, stack(0x000000178d500000,0x000000178d600000)]
  0x000001f1c413b300 JavaThread "Unconstrained build operations Thread 10" [_thread_blocked, id=12024, stack(0x000000178d600000,0x000000178d700000)]
  0x000001f1c413eab0 JavaThread "Unconstrained build operations Thread 11" [_thread_blocked, id=2996, stack(0x000000178d700000,0x000000178d800000)]
  0x000001f1c41394a0 JavaThread "Unconstrained build operations Thread 12" [_thread_blocked, id=16116, stack(0x000000178d800000,0x000000178d900000)]
  0x000001f1c413e5a0 JavaThread "Unconstrained build operations Thread 13" [_thread_blocked, id=988, stack(0x000000178d900000,0x000000178da00000)]
  0x000001f1c413b810 JavaThread "Unconstrained build operations Thread 14" [_thread_blocked, id=8208, stack(0x000000178da00000,0x000000178db00000)]
  0x000001f1c413d670 JavaThread "Unconstrained build operations Thread 15" [_thread_blocked, id=3692, stack(0x000000178db00000,0x000000178dc00000)]
  0x000001f1c413e090 JavaThread "Unconstrained build operations Thread 16" [_thread_blocked, id=5924, stack(0x000000178dc00000,0x000000178dd00000)]
  0x000001f1c413f9e0 JavaThread "Unconstrained build operations Thread 17" [_thread_blocked, id=8876, stack(0x000000178dd00000,0x000000178de00000)]
  0x000001f1c413fef0 JavaThread "Unconstrained build operations Thread 18" [_thread_blocked, id=16792, stack(0x000000178de00000,0x000000178df00000)]
  0x000001f1c4140400 JavaThread "Unconstrained build operations Thread 19" [_thread_blocked, id=16704, stack(0x000000178df00000,0x000000178e000000)]
  0x000001f1c60de110 JavaThread "Unconstrained build operations Thread 20" [_thread_blocked, id=11428, stack(0x000000178e000000,0x000000178e100000)]
  0x000001f1c60dc7c0 JavaThread "Unconstrained build operations Thread 21" [_thread_blocked, id=16744, stack(0x000000178e100000,0x000000178e200000)]
  0x000001f1c60d9a30 JavaThread "Memory manager" [_thread_blocked, id=6540, stack(0x000000178e200000,0x000000178e300000)]
  0x000001f1c60db890 JavaThread "build event listener" [_thread_blocked, id=16204, stack(0x000000178e300000,0x000000178e400000)]
  0x000001f1c60dbda0 JavaThread "included builds" [_thread_blocked, id=3688, stack(0x000000178e400000,0x000000178e500000)]
  0x000001f1c60dc2b0 JavaThread "Execution worker" [_thread_blocked, id=9364, stack(0x000000178e500000,0x000000178e600000)]
  0x000001f1c60ddc00 JavaThread "Execution worker Thread 2" [_thread_blocked, id=16164, stack(0x000000178e600000,0x000000178e700000)]
  0x000001f1c60da960 JavaThread "Execution worker Thread 3" [_thread_blocked, id=6256, stack(0x000000178e700000,0x000000178e800000)]
  0x000001f1c60de620 JavaThread "Execution worker Thread 4" [_thread_blocked, id=8916, stack(0x000000178e800000,0x000000178e900000)]
  0x000001f1c60dae70 JavaThread "Execution worker Thread 5" [_thread_blocked, id=2908, stack(0x000000178e900000,0x000000178ea00000)]
  0x000001f1c60deb30 JavaThread "Execution worker Thread 6" [_thread_blocked, id=9768, stack(0x000000178ea00000,0x000000178eb00000)]
  0x000001f1c60d9520 JavaThread "Execution worker Thread 7" [_thread_blocked, id=5860, stack(0x000000178eb00000,0x000000178ec00000)]
  0x000001f1c60db380 JavaThread "Cache worker for execution history cache (D:\flutter\packages\flutter_tools\gradle\.gradle\8.10.2\executionHistory)" [_thread_blocked, id=11852, stack(0x000000178ec00000,0x000000178ed00000)]
  0x000001f1c60dccd0 JavaThread "Unconstrained build operations Thread 22" [_thread_blocked, id=3892, stack(0x000000178ed00000,0x000000178ee00000)]
  0x000001f1c60dd6f0 JavaThread "Unconstrained build operations Thread 23" [_thread_blocked, id=5112, stack(0x000000178ee00000,0x000000178ef00000)]
  0x000001f1c60d76c0 JavaThread "Unconstrained build operations Thread 24" [_thread_blocked, id=13232, stack(0x000000178ef00000,0x000000178f000000)]
  0x000001f1c60d7bd0 JavaThread "Unconstrained build operations Thread 25" [_thread_blocked, id=8484, stack(0x000000178f000000,0x000000178f100000)]
  0x000001f1c60d85f0 JavaThread "Unconstrained build operations Thread 26" [_thread_blocked, id=7912, stack(0x000000178f100000,0x000000178f200000)]
  0x000001f1c60d8b00 JavaThread "Unconstrained build operations Thread 27" [_thread_blocked, id=3128, stack(0x000000178f200000,0x000000178f300000)]
  0x000001f1c60d9010 JavaThread "Unconstrained build operations Thread 28" [_thread_blocked, id=9044, stack(0x000000178f300000,0x000000178f400000)]
  0x000001f1c88ed8d0 JavaThread "Unconstrained build operations Thread 29" [_thread_blocked, id=8120, stack(0x000000178f400000,0x000000178f500000)]
  0x000001f1c88ebf80 JavaThread "Unconstrained build operations Thread 30" [_thread_blocked, id=9164, stack(0x000000178f500000,0x000000178f600000)]
  0x000001f1c88e78a0 JavaThread "Unconstrained build operations Thread 31" [_thread_blocked, id=10324, stack(0x000000178f600000,0x000000178f700000)]
  0x000001f1c88e9c10 JavaThread "Unconstrained build operations Thread 32" [_thread_blocked, id=3112, stack(0x000000178f700000,0x000000178f800000)]
  0x000001f1c88eab40 JavaThread "Unconstrained build operations Thread 33" [_thread_blocked, id=14748, stack(0x000000178f800000,0x000000178f900000)]
  0x000001f1c88ec490 JavaThread "Unconstrained build operations Thread 34" [_thread_blocked, id=2184, stack(0x000000178f900000,0x000000178fa00000)]
  0x000001f1c88e91f0 JavaThread "Unconstrained build operations Thread 35" [_thread_blocked, id=9616, stack(0x000000178fa00000,0x000000178fb00000)]
  0x000001f1c88edde0 JavaThread "Unconstrained build operations Thread 36" [_thread_blocked, id=10852, stack(0x000000178fb00000,0x000000178fc00000)]
  0x000001f1c88eed10 JavaThread "Unconstrained build operations Thread 37" [_thread_blocked, id=7904, stack(0x000000178fc00000,0x000000178fd00000)]
  0x000001f1c88e9700 JavaThread "Unconstrained build operations Thread 38" [_thread_blocked, id=9600, stack(0x000000178fd00000,0x000000178fe00000)]
  0x000001f1c88eb050 JavaThread "Unconstrained build operations Thread 39" [_thread_blocked, id=16316, stack(0x000000178fe00000,0x000000178ff00000)]
  0x000001f1c88ee2f0 JavaThread "Unconstrained build operations Thread 40" [_thread_blocked, id=4336, stack(0x000000178ff00000,0x0000001790000000)]
  0x000001f1c88ec9a0 JavaThread "Unconstrained build operations Thread 41" [_thread_blocked, id=4440, stack(0x0000001790000000,0x0000001790100000)]
  0x000001f1c88e87d0 JavaThread "Unconstrained build operations Thread 42" [_thread_blocked, id=2604, stack(0x0000001790100000,0x0000001790200000)]
  0x000001f1c88ed3c0 JavaThread "Unconstrained build operations Thread 43" [_thread_blocked, id=1916, stack(0x0000001790200000,0x0000001790300000)]
  0x000001f1c88eb560 JavaThread "Unconstrained build operations Thread 44" [_thread_blocked, id=16940, stack(0x0000001790300000,0x0000001790400000)]
  0x000001f1c88ee800 JavaThread "Unconstrained build operations Thread 45" [_thread_blocked, id=6912, stack(0x000000178cc00000,0x000000178cd00000)]
  0x000001f1c88ea120 JavaThread "Unconstrained build operations Thread 46" [_thread_blocked, id=11692, stack(0x0000001790400000,0x0000001790500000)]
  0x000001f1c88ef220 JavaThread "Unconstrained build operations Thread 47" [_thread_blocked, id=16140, stack(0x0000001790500000,0x0000001790600000)]
  0x000001f1c88e7db0 JavaThread "Unconstrained build operations Thread 48" [_thread_blocked, id=6108, stack(0x0000001790600000,0x0000001790700000)]
  0x000001f1c88e82c0 JavaThread "Unconstrained build operations Thread 49" [_thread_blocked, id=6000, stack(0x0000001790700000,0x0000001790800000)]
  0x000001f1c88eba70 JavaThread "Unconstrained build operations Thread 50" [_thread_blocked, id=14664, stack(0x0000001790800000,0x0000001790900000)]
  0x000001f1c88e8ce0 JavaThread "Unconstrained build operations Thread 51" [_thread_blocked, id=11368, stack(0x0000001790900000,0x0000001790a00000)]
  0x000001f1c88eceb0 JavaThread "Unconstrained build operations Thread 52" [_thread_blocked, id=11788, stack(0x0000001790b00000,0x0000001790c00000)]
  0x000001f1c88ea630 JavaThread "Unconstrained build operations Thread 53" [_thread_blocked, id=972, stack(0x0000001790c00000,0x0000001790d00000)]
  0x000001f1c7a15660 JavaThread "Unconstrained build operations Thread 54" [_thread_blocked, id=15624, stack(0x0000001790d00000,0x0000001790e00000)]
  0x000001f1c7a15b70 JavaThread "Unconstrained build operations Thread 55" [_thread_blocked, id=920, stack(0x0000001790e00000,0x0000001790f00000)]
  0x000001f1c7a14730 JavaThread "Unconstrained build operations Thread 56" [_thread_blocked, id=1564, stack(0x0000001790f00000,0x0000001791000000)]
  0x000001f1c7a19320 JavaThread "Unconstrained build operations Thread 57" [_thread_blocked, id=12164, stack(0x0000001791000000,0x0000001791100000)]
  0x000001f1c7a14c40 JavaThread "Unconstrained build operations Thread 58" [_thread_blocked, id=7432, stack(0x0000001791100000,0x0000001791200000)]
  0x000001f1c7a179d0 JavaThread "Unconstrained build operations Thread 59" [_thread_blocked, id=6068, stack(0x0000001791200000,0x0000001791300000)]
  0x000001f1c7a16080 JavaThread "Unconstrained build operations Thread 60" [_thread_blocked, id=7040, stack(0x0000001791300000,0x0000001791400000)]
  0x000001f1c7a16aa0 JavaThread "Unconstrained build operations Thread 61" [_thread_blocked, id=11072, stack(0x0000001791400000,0x0000001791500000)]
  0x000001f1c7a14220 JavaThread "Unconstrained build operations Thread 62" [_thread_blocked, id=3012, stack(0x0000001791500000,0x0000001791600000)]
  0x000001f1c7a132f0 JavaThread "Unconstrained build operations Thread 63" [_thread_blocked, id=8776, stack(0x0000001791600000,0x0000001791700000)]
  0x000001f1c7a17ee0 JavaThread "Unconstrained build operations Thread 64" [_thread_blocked, id=17236, stack(0x0000001791700000,0x0000001791800000)]
  0x000001f1c7a16590 JavaThread "Unconstrained build operations Thread 65" [_thread_blocked, id=4040, stack(0x0000001791800000,0x0000001791900000)]
  0x000001f1c7a18900 JavaThread "build event listener" [_thread_blocked, id=13912, stack(0x0000001791900000,0x0000001791a00000)]
  0x000001f1c7a1a760 JavaThread "jar transforms" [_thread_blocked, id=8656, stack(0x0000001791a00000,0x0000001791b00000)]
  0x000001f1c914c760 JavaThread "Unconstrained build operations Thread 66" [_thread_blocked, id=16600, stack(0x0000001791b00000,0x0000001791c00000)]
  0x000001f1c9150e40 JavaThread "Unconstrained build operations Thread 67" [_thread_blocked, id=5464, stack(0x0000001791c00000,0x0000001791d00000)]
  0x000001f1c914efe0 JavaThread "Unconstrained build operations Thread 68" [_thread_blocked, id=9644, stack(0x0000001791d00000,0x0000001791e00000)]
  0x000001f1c91540e0 JavaThread "Unconstrained build operations Thread 69" [_thread_blocked, id=17064, stack(0x0000001791e00000,0x0000001791f00000)]
  0x000001f1c914cc70 JavaThread "Unconstrained build operations Thread 70" [_thread_blocked, id=12040, stack(0x0000001791f00000,0x0000001792000000)]
  0x000001f1c91536c0 JavaThread "Unconstrained build operations Thread 71" [_thread_blocked, id=9592, stack(0x0000001792000000,0x0000001792100000)]
  0x000001f1c914d690 JavaThread "Unconstrained build operations Thread 72" [_thread_blocked, id=8224, stack(0x0000001792100000,0x0000001792200000)]
  0x000001f1c9153bd0 JavaThread "Unconstrained build operations Thread 73" [_thread_blocked, id=11304, stack(0x0000001792200000,0x0000001792300000)]
  0x000001f1c914ff10 JavaThread "Unconstrained build operations Thread 74" [_thread_blocked, id=14012, stack(0x0000001792300000,0x0000001792400000)]
  0x000001f1c9152ca0 JavaThread "Unconstrained build operations Thread 75" [_thread_blocked, id=16200, stack(0x0000001792400000,0x0000001792500000)]
  0x000001f1c914d180 JavaThread "Unconstrained build operations Thread 76" [_thread_blocked, id=12516, stack(0x0000001792500000,0x0000001792600000)]
  0x000001f1c914fa00 JavaThread "Unconstrained build operations Thread 77" [_thread_blocked, id=16124, stack(0x0000001792600000,0x0000001792700000)]
  0x000001f1c914e0b0 JavaThread "Unconstrained build operations Thread 78" [_thread_blocked, id=1560, stack(0x0000001792700000,0x0000001792800000)]
  0x000001f1c9152280 JavaThread "Unconstrained build operations Thread 79" [_thread_blocked, id=8416, stack(0x0000001792800000,0x0000001792900000)]
  0x000001f1c914dba0 JavaThread "Unconstrained build operations Thread 80" [_thread_blocked, id=16472, stack(0x0000001792900000,0x0000001792a00000)]
  0x000001f1c91531b0 JavaThread "jar transforms Thread 2" [_thread_blocked, id=10320, stack(0x0000001792a00000,0x0000001792b00000)]
  0x000001f1c914e5c0 JavaThread "jar transforms Thread 3" [_thread_blocked, id=7084, stack(0x0000001792b00000,0x0000001792c00000)]
  0x000001f1c9151350 JavaThread "jar transforms Thread 4" [_thread_blocked, id=17296, stack(0x0000001792c00000,0x0000001792d00000)]
  0x000001f1c914ead0 JavaThread "jar transforms Thread 5" [_thread_blocked, id=3592, stack(0x0000001792d00000,0x0000001792e00000)]
  0x000001f1c9151860 JavaThread "jar transforms Thread 6" [_thread_blocked, id=8092, stack(0x0000001792e00000,0x0000001792f00000)]
  0x000001f1c9150930 JavaThread "jar transforms Thread 7" [_thread_blocked, id=12544, stack(0x0000001792f00000,0x0000001793000000)]
  0x000001f1c73bbe60 JavaThread "jar transforms Thread 8" [_thread_blocked, id=2360, stack(0x0000001793000000,0x0000001793100000)]
  0x000001f1c73ba000 JavaThread "Cache worker for execution history cache (D:\bass_training_app\android\.gradle\8.10.2\executionHistory)" [_thread_blocked, id=9368, stack(0x0000001793500000,0x0000001793600000)]
  0x000001f1c73b90d0 JavaThread "WorkerExecutor Queue" [_thread_blocked, id=9112, stack(0x0000001790a00000,0x0000001790b00000)]
  0x000001f1c73bb440 JavaThread "WorkerExecutor Queue Thread 2" [_thread_blocked, id=10184, stack(0x0000001793600000,0x0000001793700000)]
  0x000001f1c73bb950 JavaThread "WorkerExecutor Queue Thread 3" [_thread_blocked, id=6876, stack(0x0000001793700000,0x0000001793800000)]
  0x000001f1c73b7780 JavaThread "WorkerExecutor Queue Thread 4" [_thread_blocked, id=13112, stack(0x0000001793800000,0x0000001793900000)]
  0x000001f1c73bc370 JavaThread "WorkerExecutor Queue Thread 5" [_thread_blocked, id=9056, stack(0x0000001793900000,0x0000001793a00000)]
  0x000001f1c73b7c90 JavaThread "WorkerExecutor Queue Thread 6" [_thread_blocked, id=11916, stack(0x0000001793a00000,0x0000001793b00000)]
  0x000001f1c73bc880 JavaThread "WorkerExecutor Queue Thread 7" [_thread_blocked, id=3924, stack(0x0000001793b00000,0x0000001793c00000)]
  0x000001f1c73bcd90 JavaThread "WorkerExecutor Queue Thread 8" [_thread_blocked, id=6512, stack(0x0000001793c00000,0x0000001793d00000)]
  0x000001f1c73bd7b0 JavaThread "Exec process" [_thread_in_native, id=16724, stack(0x0000001793e00000,0x0000001793f00000)]
  0x000001f1c73b6340 JavaThread "Exec process Thread 2" [_thread_in_native, id=5068, stack(0x0000001793f00000,0x0000001794000000)]
  0x000001f1c73b81a0 JavaThread "Exec process Thread 3" [_thread_in_native, id=17148, stack(0x0000001794000000,0x0000001794100000)]

Other Threads:
  0x000001f17d219240 VMThread "VM Thread" [stack: 0x000000178a100000,0x000000178a200000] [id=5936]
  0x000001f13fefa590 WatcherThread [stack: 0x000000178ad00000,0x000000178ae00000] [id=16720]
  0x000001f13fed8880 GCTaskThread "GC Thread#0" [stack: 0x0000001789c00000,0x0000001789d00000] [id=9912]
  0x000001f17dac7190 GCTaskThread "GC Thread#1" [stack: 0x000000178af00000,0x000000178b000000] [id=12776]
  0x000001f1c34cf850 GCTaskThread "GC Thread#2" [stack: 0x000000178b000000,0x000000178b100000] [id=11576]
  0x000001f1c4028920 GCTaskThread "GC Thread#3" [stack: 0x000000178b100000,0x000000178b200000] [id=5608]
  0x000001f1c3158ad0 GCTaskThread "GC Thread#4" [stack: 0x000000178b200000,0x000000178b300000] [id=5668]
  0x000001f1c4f619b0 GCTaskThread "GC Thread#5" [stack: 0x000000178b300000,0x000000178b400000] [id=9560]
  0x000001f1c63550d0 GCTaskThread "GC Thread#6" [stack: 0x000000178c100000,0x000000178c200000] [id=10716]
  0x000001f1c63f0160 GCTaskThread "GC Thread#7" [stack: 0x000000178c200000,0x000000178c300000] [id=12520]
  0x000001f13fee9580 ConcurrentGCThread "G1 Main Marker" [stack: 0x0000001789d00000,0x0000001789e00000] [id=2008]
  0x000001f13feea4e0 ConcurrentGCThread "G1 Conc#0" [stack: 0x0000001789e00000,0x0000001789f00000] [id=16244]
  0x000001f1c714e5c0 ConcurrentGCThread "G1 Conc#1" [stack: 0x000000178c500000,0x000000178c600000] [id=8688]
  0x000001f17d0d24d0 ConcurrentGCThread "G1 Refine#0" [stack: 0x0000001789f00000,0x000000178a000000] [id=4468]
  0x000001f1c70098b0 ConcurrentGCThread "G1 Refine#1" [stack: 0x0000001793300000,0x0000001793400000] [id=6520]
  0x000001f1c7526760 ConcurrentGCThread "G1 Refine#2" [stack: 0x0000001793400000,0x0000001793500000] [id=17104]
  0x000001f17d0d2bb0 ConcurrentGCThread "G1 Service" [stack: 0x000000178a000000,0x000000178a100000] [id=11608]

Threads with active compile tasks:
C2 CompilerThread0    61792 17735   !   4       java.nio.CharBuffer::wrap (21 bytes)

VM state: not at safepoint (normal execution)

VM Mutex/Monitor currently owned by a thread: None

Heap address: 0x0000000600000000, size: 8192 MB, Compressed Oops mode: Zero based, Oop shift amount: 3

CDS archive(s) mapped at: [0x000001f17e000000-0x000001f17ebd0000-0x000001f17ebd0000), size 12386304, SharedBaseAddress: 0x000001f17e000000, ArchiveRelocationMode: 1.
Compressed class space mapped at: 0x000001f17f000000-0x000001f1bf000000, reserved size: 1073741824
Narrow klass base: 0x000001f17e000000, Narrow klass shift: 0, Narrow klass range: 0x100000000

GC Precious Log:
 CPUs: 8 total, 8 available
 Memory: 8108M
 Large Page Support: Disabled
 NUMA Support: Disabled
 Compressed Oops: Enabled (Zero based)
 Heap Region Size: 4M
 Heap Min Capacity: 8M
 Heap Initial Capacity: 128M
 Heap Max Capacity: 8G
 Pre-touch: Disabled
 Parallel Workers: 8
 Concurrent Workers: 2
 Concurrent Refinement Workers: 8
 Periodic GC: Disabled

Heap:
 garbage-first heap   total 413696K, used 219986K [0x0000000600000000, 0x0000000800000000)
  region size 4096K, 6 young (24576K), 4 survivors (16384K)
 Metaspace       used 118085K, committed 119488K, reserved 1179648K
  class space    used 16342K, committed 17024K, reserved 1048576K

Heap Regions: E=young(eden), S=young(survivor), O=old, HS=humongous(starts), HC=humongous(continues), CS=collection set, F=free, OA=open archive, CA=closed archive, TAMS=top-at-mark-start (previous, next)
|   0|0x0000000600000000, 0x0000000600400000, 0x0000000600400000|100%|HS|  |TAMS 0x0000000600400000, 0x0000000600000000| Complete 
|   1|0x0000000600400000, 0x0000000600800000, 0x0000000600800000|100%| O|  |TAMS 0x0000000600800000, 0x0000000600400000| Untracked 
|   2|0x0000000600800000, 0x0000000600c00000, 0x0000000600c00000|100%| O|  |TAMS 0x0000000600c00000, 0x0000000600800000| Untracked 
|   3|0x0000000600c00000, 0x0000000601000000, 0x0000000601000000|100%| O|  |TAMS 0x0000000601000000, 0x0000000600c00000| Untracked 
|   4|0x0000000601000000, 0x0000000601400000, 0x0000000601400000|100%| O|  |TAMS 0x0000000601400000, 0x0000000601000000| Untracked 
|   5|0x0000000601400000, 0x0000000601800000, 0x0000000601800000|100%| O|  |TAMS 0x0000000601800000, 0x0000000601400000| Untracked 
|   6|0x0000000601800000, 0x0000000601c00000, 0x0000000601c00000|100%| O|  |TAMS 0x0000000601c00000, 0x0000000601800000| Untracked 
|   7|0x0000000601c00000, 0x0000000602000000, 0x0000000602000000|100%| O|  |TAMS 0x0000000602000000, 0x0000000601c00000| Untracked 
|   8|0x0000000602000000, 0x0000000602400000, 0x0000000602400000|100%| O|  |TAMS 0x0000000602400000, 0x0000000602000000| Untracked 
|   9|0x0000000602400000, 0x0000000602800000, 0x0000000602800000|100%| O|  |TAMS 0x0000000602800000, 0x0000000602400000| Untracked 
|  10|0x0000000602800000, 0x0000000602c00000, 0x0000000602c00000|100%| O|  |TAMS 0x0000000602c00000, 0x0000000602800000| Untracked 
|  11|0x0000000602c00000, 0x0000000603000000, 0x0000000603000000|100%|HS|  |TAMS 0x0000000603000000, 0x0000000602c00000| Complete 
|  12|0x0000000603000000, 0x0000000603400000, 0x0000000603400000|100%| O|  |TAMS 0x0000000603400000, 0x0000000603000000| Untracked 
|  13|0x0000000603400000, 0x0000000603800000, 0x0000000603800000|100%| O|  |TAMS 0x0000000603800000, 0x0000000603400000| Untracked 
|  14|0x0000000603800000, 0x0000000603c00000, 0x0000000603c00000|100%| O|  |TAMS 0x0000000603c00000, 0x0000000603800000| Untracked 
|  15|0x0000000603c00000, 0x0000000604000000, 0x0000000604000000|100%|HS|  |TAMS 0x0000000604000000, 0x0000000603c00000| Complete 
|  16|0x0000000604000000, 0x0000000604400000, 0x0000000604400000|100%| O|  |TAMS 0x0000000604400000, 0x0000000604000000| Untracked 
|  17|0x0000000604400000, 0x0000000604800000, 0x0000000604800000|100%| O|  |TAMS 0x0000000604800000, 0x0000000604400000| Untracked 
|  18|0x0000000604800000, 0x0000000604c00000, 0x0000000604c00000|100%| O|  |TAMS 0x0000000604c00000, 0x0000000604800000| Untracked 
|  19|0x0000000604c00000, 0x0000000605000000, 0x0000000605000000|100%| O|  |TAMS 0x0000000605000000, 0x0000000604c00000| Untracked 
|  20|0x0000000605000000, 0x0000000605400000, 0x0000000605400000|100%| O|  |TAMS 0x0000000605400000, 0x0000000605000000| Untracked 
|  21|0x0000000605400000, 0x0000000605800000, 0x0000000605800000|100%| O|  |TAMS 0x0000000605800000, 0x0000000605400000| Untracked 
|  22|0x0000000605800000, 0x0000000605c00000, 0x0000000605c00000|100%| O|  |TAMS 0x0000000605c00000, 0x0000000605800000| Untracked 
|  23|0x0000000605c00000, 0x0000000606000000, 0x0000000606000000|100%| O|  |TAMS 0x0000000606000000, 0x0000000605c00000| Untracked 
|  24|0x0000000606000000, 0x0000000606400000, 0x0000000606400000|100%| O|  |TAMS 0x0000000606400000, 0x0000000606000000| Untracked 
|  25|0x0000000606400000, 0x0000000606800000, 0x0000000606800000|100%| O|  |TAMS 0x0000000606800000, 0x0000000606400000| Untracked 
|  26|0x0000000606800000, 0x0000000606c00000, 0x0000000606c00000|100%| O|  |TAMS 0x0000000606c00000, 0x0000000606800000| Untracked 
|  27|0x0000000606c00000, 0x0000000607000000, 0x0000000607000000|100%| O|  |TAMS 0x0000000607000000, 0x0000000606c00000| Untracked 
|  28|0x0000000607000000, 0x0000000607400000, 0x0000000607400000|100%| O|  |TAMS 0x0000000607400000, 0x0000000607000000| Untracked 
|  29|0x0000000607400000, 0x0000000607800000, 0x0000000607800000|100%| O|  |TAMS 0x0000000607800000, 0x0000000607400000| Untracked 
|  30|0x0000000607800000, 0x0000000607c00000, 0x0000000607c00000|100%| O|  |TAMS 0x0000000607c00000, 0x0000000607800000| Untracked 
|  31|0x0000000607c00000, 0x0000000608000000, 0x0000000608000000|100%| O|  |TAMS 0x0000000608000000, 0x0000000607c00000| Untracked 
|  32|0x0000000608000000, 0x0000000608400000, 0x0000000608400000|100%| O|  |TAMS 0x0000000608400000, 0x0000000608000000| Untracked 
|  33|0x0000000608400000, 0x0000000608800000, 0x0000000608800000|100%| O|  |TAMS 0x0000000608800000, 0x0000000608400000| Untracked 
|  34|0x0000000608800000, 0x0000000608c00000, 0x0000000608c00000|100%| O|  |TAMS 0x0000000608c00000, 0x0000000608800000| Untracked 
|  35|0x0000000608c00000, 0x0000000609000000, 0x0000000609000000|100%| O|  |TAMS 0x0000000609000000, 0x0000000608c00000| Untracked 
|  36|0x0000000609000000, 0x0000000609400000, 0x0000000609400000|100%|HS|  |TAMS 0x0000000609400000, 0x0000000609000000| Complete 
|  37|0x0000000609400000, 0x0000000609800000, 0x0000000609800000|100%| O|  |TAMS 0x0000000609800000, 0x0000000609400000| Untracked 
|  38|0x0000000609800000, 0x0000000609c00000, 0x0000000609c00000|100%| O|  |TAMS 0x0000000609c00000, 0x0000000609800000| Untracked 
|  39|0x0000000609c00000, 0x000000060a000000, 0x000000060a000000|100%| O|  |TAMS 0x000000060a000000, 0x0000000609c00000| Untracked 
|  40|0x000000060a000000, 0x000000060a400000, 0x000000060a400000|100%| O|  |TAMS 0x000000060a400000, 0x000000060a000000| Untracked 
|  41|0x000000060a400000, 0x000000060a800000, 0x000000060a800000|100%| O|  |TAMS 0x000000060a800000, 0x000000060a400000| Untracked 
|  42|0x000000060a800000, 0x000000060ac00000, 0x000000060ac00000|100%| O|  |TAMS 0x000000060ac00000, 0x000000060a800000| Untracked 
|  43|0x000000060ac00000, 0x000000060b000000, 0x000000060b000000|100%| O|  |TAMS 0x000000060b000000, 0x000000060ac00000| Untracked 
|  44|0x000000060b000000, 0x000000060b400000, 0x000000060b400000|100%| O|  |TAMS 0x000000060b400000, 0x000000060b000000| Untracked 
|  45|0x000000060b400000, 0x000000060b800000, 0x000000060b800000|100%| O|  |TAMS 0x000000060b800000, 0x000000060b400000| Untracked 
|  46|0x000000060b800000, 0x000000060bc00000, 0x000000060bc00000|100%| O|  |TAMS 0x000000060bc00000, 0x000000060b800000| Untracked 
|  47|0x000000060bc00000, 0x000000060c000000, 0x000000060c000000|100%| O|  |TAMS 0x000000060c000000, 0x000000060bc00000| Untracked 
|  48|0x000000060c000000, 0x000000060c395c00, 0x000000060c400000| 89%| O|  |TAMS 0x000000060c395c00, 0x000000060c000000| Untracked 
|  49|0x000000060c400000, 0x000000060c400000, 0x000000060c800000|  0%| F|  |TAMS 0x000000060c400000, 0x000000060c400000| Untracked 
|  50|0x000000060c800000, 0x000000060c800000, 0x000000060cc00000|  0%| F|  |TAMS 0x000000060c800000, 0x000000060c800000| Untracked 
|  51|0x000000060cc00000, 0x000000060cc00000, 0x000000060d000000|  0%| F|  |TAMS 0x000000060cc00000, 0x000000060cc00000| Untracked 
|  52|0x000000060d000000, 0x000000060d000000, 0x000000060d400000|  0%| F|  |TAMS 0x000000060d000000, 0x000000060d000000| Untracked 
|  53|0x000000060d400000, 0x000000060d400000, 0x000000060d800000|  0%| F|  |TAMS 0x000000060d400000, 0x000000060d400000| Untracked 
|  54|0x000000060d800000, 0x000000060d800000, 0x000000060dc00000|  0%| F|  |TAMS 0x000000060d800000, 0x000000060d800000| Untracked 
|  55|0x000000060dc00000, 0x000000060dc00000, 0x000000060e000000|  0%| F|  |TAMS 0x000000060dc00000, 0x000000060dc00000| Untracked 
|  56|0x000000060e000000, 0x000000060e000000, 0x000000060e400000|  0%| F|  |TAMS 0x000000060e000000, 0x000000060e000000| Untracked 
|  57|0x000000060e400000, 0x000000060e400000, 0x000000060e800000|  0%| F|  |TAMS 0x000000060e400000, 0x000000060e400000| Untracked 
|  58|0x000000060e800000, 0x000000060e800000, 0x000000060ec00000|  0%| F|  |TAMS 0x000000060e800000, 0x000000060e800000| Untracked 
|  59|0x000000060ec00000, 0x000000060ec00000, 0x000000060f000000|  0%| F|  |TAMS 0x000000060ec00000, 0x000000060ec00000| Untracked 
|  60|0x000000060f000000, 0x000000060f000000, 0x000000060f400000|  0%| F|  |TAMS 0x000000060f000000, 0x000000060f000000| Untracked 
|  61|0x000000060f400000, 0x000000060f400000, 0x000000060f800000|  0%| F|  |TAMS 0x000000060f400000, 0x000000060f400000| Untracked 
|  62|0x000000060f800000, 0x000000060f800000, 0x000000060fc00000|  0%| F|  |TAMS 0x000000060f800000, 0x000000060f800000| Untracked 
|  63|0x000000060fc00000, 0x000000060fc00000, 0x0000000610000000|  0%| F|  |TAMS 0x000000060fc00000, 0x000000060fc00000| Untracked 
|  64|0x0000000610000000, 0x0000000610000000, 0x0000000610400000|  0%| F|  |TAMS 0x0000000610000000, 0x0000000610000000| Untracked 
|  65|0x0000000610400000, 0x0000000610400000, 0x0000000610800000|  0%| F|  |TAMS 0x0000000610400000, 0x0000000610400000| Untracked 
|  66|0x0000000610800000, 0x0000000610b3ef40, 0x0000000610c00000| 81%| S|CS|TAMS 0x0000000610800000, 0x0000000610800000| Complete 
|  67|0x0000000610c00000, 0x0000000611000000, 0x0000000611000000|100%| S|CS|TAMS 0x0000000610c00000, 0x0000000610c00000| Complete 
|  68|0x0000000611000000, 0x0000000611400000, 0x0000000611400000|100%| S|CS|TAMS 0x0000000611000000, 0x0000000611000000| Complete 
|  69|0x0000000611400000, 0x0000000611800000, 0x0000000611800000|100%| S|CS|TAMS 0x0000000611400000, 0x0000000611400000| Complete 
|  70|0x0000000611800000, 0x0000000611800000, 0x0000000611c00000|  0%| F|  |TAMS 0x0000000611800000, 0x0000000611800000| Untracked 
|  71|0x0000000611c00000, 0x0000000611c00000, 0x0000000612000000|  0%| F|  |TAMS 0x0000000611c00000, 0x0000000611c00000| Untracked 
|  72|0x0000000612000000, 0x0000000612000000, 0x0000000612400000|  0%| F|  |TAMS 0x0000000612000000, 0x0000000612000000| Untracked 
|  73|0x0000000612400000, 0x0000000612400000, 0x0000000612800000|  0%| F|  |TAMS 0x0000000612400000, 0x0000000612400000| Untracked 
|  74|0x0000000612800000, 0x0000000612800000, 0x0000000612c00000|  0%| F|  |TAMS 0x0000000612800000, 0x0000000612800000| Untracked 
|  75|0x0000000612c00000, 0x0000000612c00000, 0x0000000613000000|  0%| F|  |TAMS 0x0000000612c00000, 0x0000000612c00000| Untracked 
|  76|0x0000000613000000, 0x0000000613000000, 0x0000000613400000|  0%| F|  |TAMS 0x0000000613000000, 0x0000000613000000| Untracked 
|  77|0x0000000613400000, 0x0000000613400000, 0x0000000613800000|  0%| F|  |TAMS 0x0000000613400000, 0x0000000613400000| Untracked 
|  78|0x0000000613800000, 0x0000000613800000, 0x0000000613c00000|  0%| F|  |TAMS 0x0000000613800000, 0x0000000613800000| Untracked 
|  79|0x0000000613c00000, 0x0000000613c00000, 0x0000000614000000|  0%| F|  |TAMS 0x0000000613c00000, 0x0000000613c00000| Untracked 
|  80|0x0000000614000000, 0x0000000614000000, 0x0000000614400000|  0%| F|  |TAMS 0x0000000614000000, 0x0000000614000000| Untracked 
|  81|0x0000000614400000, 0x0000000614400000, 0x0000000614800000|  0%| F|  |TAMS 0x0000000614400000, 0x0000000614400000| Untracked 
|  82|0x0000000614800000, 0x0000000614800000, 0x0000000614c00000|  0%| F|  |TAMS 0x0000000614800000, 0x0000000614800000| Untracked 
|  83|0x0000000614c00000, 0x0000000614c00000, 0x0000000615000000|  0%| F|  |TAMS 0x0000000614c00000, 0x0000000614c00000| Untracked 
|  84|0x0000000615000000, 0x0000000615000000, 0x0000000615400000|  0%| F|  |TAMS 0x0000000615000000, 0x0000000615000000| Untracked 
|  85|0x0000000615400000, 0x0000000615400000, 0x0000000615800000|  0%| F|  |TAMS 0x0000000615400000, 0x0000000615400000| Untracked 
|  86|0x0000000615800000, 0x0000000615800000, 0x0000000615c00000|  0%| F|  |TAMS 0x0000000615800000, 0x0000000615800000| Untracked 
|  87|0x0000000615c00000, 0x0000000615c00000, 0x0000000616000000|  0%| F|  |TAMS 0x0000000615c00000, 0x0000000615c00000| Untracked 
|  88|0x0000000616000000, 0x0000000616000000, 0x0000000616400000|  0%| F|  |TAMS 0x0000000616000000, 0x0000000616000000| Untracked 
|  89|0x0000000616400000, 0x0000000616400000, 0x0000000616800000|  0%| F|  |TAMS 0x0000000616400000, 0x0000000616400000| Untracked 
|  90|0x0000000616800000, 0x0000000616800000, 0x0000000616c00000|  0%| F|  |TAMS 0x0000000616800000, 0x0000000616800000| Untracked 
|  91|0x0000000616c00000, 0x0000000616c00000, 0x0000000617000000|  0%| F|  |TAMS 0x0000000616c00000, 0x0000000616c00000| Untracked 
|  92|0x0000000617000000, 0x0000000617000000, 0x0000000617400000|  0%| F|  |TAMS 0x0000000617000000, 0x0000000617000000| Untracked 
|  93|0x0000000617400000, 0x0000000617400000, 0x0000000617800000|  0%| F|  |TAMS 0x0000000617400000, 0x0000000617400000| Untracked 
|  94|0x0000000617800000, 0x0000000617800000, 0x0000000617c00000|  0%| F|  |TAMS 0x0000000617800000, 0x0000000617800000| Untracked 
|  95|0x0000000617c00000, 0x0000000617c00000, 0x0000000618000000|  0%| F|  |TAMS 0x0000000617c00000, 0x0000000617c00000| Untracked 
|  96|0x0000000618000000, 0x0000000618000000, 0x0000000618400000|  0%| F|  |TAMS 0x0000000618000000, 0x0000000618000000| Untracked 
|  97|0x0000000618400000, 0x0000000618400000, 0x0000000618800000|  0%| F|  |TAMS 0x0000000618400000, 0x0000000618400000| Untracked 
|  98|0x0000000618800000, 0x0000000618800000, 0x0000000618c00000|  0%| F|  |TAMS 0x0000000618800000, 0x0000000618800000| Untracked 
|  99|0x0000000618c00000, 0x0000000618cdcac0, 0x0000000619000000| 21%| E|  |TAMS 0x0000000618c00000, 0x0000000618c00000| Complete 
| 100|0x0000000619000000, 0x0000000619400000, 0x0000000619400000|100%| E|CS|TAMS 0x0000000619000000, 0x0000000619000000| Complete 

Card table byte_map: [0x000001f168c40000,0x000001f169c40000] _byte_map_base: 0x000001f165c40000

Marking Bits (Prev, Next): (CMBitMap*) 0x000001f13fed8c90, (CMBitMap*) 0x000001f13fed8c50
 Prev Bits: [0x000001f172c40000, 0x000001f17ac40000)
 Next Bits: [0x000001f16ac40000, 0x000001f172c40000)

Polling page: 0x000001f13ddd0000

Metaspace:

Usage:
  Non-class:     99.36 MB used.
      Class:     15.96 MB used.
       Both:    115.32 MB used.

Virtual space:
  Non-class space:      128.00 MB reserved,     100.06 MB ( 78%) committed,  2 nodes.
      Class space:        1.00 GB reserved,      16.62 MB (  2%) committed,  1 nodes.
             Both:        1.12 GB reserved,     116.69 MB ( 10%) committed. 

Chunk freelists:
   Non-Class:  11.89 MB
       Class:  15.42 MB
        Both:  27.31 MB

MaxMetaspaceSize: 4.00 GB
CompressedClassSpaceSize: 1.00 GB
Initial GC threshold: 21.00 MB
Current GC threshold: 194.38 MB
CDS: on
MetaspaceReclaimPolicy: balanced
 - commit_granule_bytes: 65536.
 - commit_granule_words: 8192.
 - virtual_space_node_default_size: 8388608.
 - enlarge_chunks_in_place: 1.
 - new_chunks_are_fully_committed: 0.
 - uncommit_free_chunks: 1.
 - use_allocation_guard: 0.
 - handle_deallocations: 1.


Internal statistics:

num_allocs_failed_limit: 24.
num_arena_births: 1934.
num_arena_deaths: 0.
num_vsnodes_births: 3.
num_vsnodes_deaths: 0.
num_space_committed: 1866.
num_space_uncommitted: 0.
num_chunks_returned_to_freelist: 24.
num_chunks_taken_from_freelist: 7447.
num_chunk_merges: 24.
num_chunk_splits: 4738.
num_chunks_enlarged: 2909.
num_inconsistent_stats: 0.

CodeHeap 'non-profiled nmethods': size=259264Kb used=11362Kb max_used=11362Kb free=247901Kb
 bounds [0x000001f1579c0000, 0x000001f1584e0000, 0x000001f1676f0000]
CodeHeap 'profiled nmethods': size=259264Kb used=29216Kb max_used=30019Kb free=230047Kb
 bounds [0x000001f1476f0000, 0x000001f149450000, 0x000001f157420000]
CodeHeap 'non-nmethods': size=5760Kb used=2467Kb max_used=2571Kb free=3292Kb
 bounds [0x000001f157420000, 0x000001f1576b0000, 0x000001f1579c0000]
 total_blobs=15740 nmethods=14727 adapters=923
 compilation: enabled
              stopped_count=0, restarted_count=0
 full_count=0

Compilation events (20 events):
Event: 53.012 Thread 0x000001f17d244a90 17719       3       org.gradle.internal.serialize.InputStreamBackedDecoder::readByte (13 bytes)
Event: 53.013 Thread 0x000001f17d244a90 nmethod 17719 0x000001f14909d990 code [0x000001f14909db60, 0x000001f14909deb8]
Event: 56.566 Thread 0x000001f17d244a90 17720       3       java.util.HashMap$ValueSpliterator::forEachRemaining (186 bytes)
Event: 56.567 Thread 0x000001f17d244a90 nmethod 17720 0x000001f14909cb10 code [0x000001f14909cd20, 0x000001f14909d5a8]
Event: 60.574 Thread 0x000001f17d244a90 17721       1       com.sun.management.internal.PlatformMBeanProviderImpl$2::mbeanInterfaceNames (5 bytes)
Event: 60.574 Thread 0x000001f17d244a90 nmethod 17721 0x000001f1584d7610 code [0x000001f1584d77a0, 0x000001f1584d7878]
Event: 60.574 Thread 0x000001f17d244a90 17722       1       com.sun.management.internal.PlatformMBeanProviderImpl$3::mbeanInterfaceNames (5 bytes)
Event: 60.574 Thread 0x000001f17d244a90 nmethod 17722 0x000001f1584d7910 code [0x000001f1584d7aa0, 0x000001f1584d7b78]
Event: 60.575 Thread 0x000001f17d244a90 17723       1       java.lang.management.DefaultPlatformMBeanProvider$7::mbeanInterfaceNames (5 bytes)
Event: 60.575 Thread 0x000001f17d244a90 nmethod 17723 0x000001f1584d7c10 code [0x000001f1584d7da0, 0x000001f1584d7e78]
Event: 60.575 Thread 0x000001f17d244a90 17724       1       java.lang.management.DefaultPlatformMBeanProvider$5::mbeanInterfaceNames (5 bytes)
Event: 60.575 Thread 0x000001f17d244a90 nmethod 17724 0x000001f1584d7f10 code [0x000001f1584d80a0, 0x000001f1584d8178]
Event: 60.575 Thread 0x000001f17d244a90 17725       1       java.lang.management.DefaultPlatformMBeanProvider$6::mbeanInterfaceNames (5 bytes)
Event: 60.575 Thread 0x000001f17d244a90 nmethod 17725 0x000001f1584d8210 code [0x000001f1584d83a0, 0x000001f1584d8478]
Event: 61.627 Thread 0x000001f17d23f7c0 17726       4       java.nio.Buffer::hasRemaining (17 bytes)
Event: 61.629 Thread 0x000001f17d23f7c0 nmethod 17726 0x000001f1584d8510 code [0x000001f1584d8680, 0x000001f1584d8718]
Event: 61.631 Thread 0x000001f17d244a90 17727       3       org.gradle.internal.logging.text.AbstractLineChoppingStyledTextOutput$StateContext::flushLineText (113 bytes)
Event: 61.632 Thread 0x000001f17d23f7c0 17732       4       java.nio.Buffer::remaining (20 bytes)
Event: 61.633 Thread 0x000001f17d23f7c0 nmethod 17732 0x000001f1584d8810 code [0x000001f1584d8980, 0x000001f1584d8a18]
Event: 61.634 Thread 0x000001f17d23f7c0 17735   !   4       java.nio.CharBuffer::wrap (21 bytes)

GC Heap History (20 events):
Event: 28.143 GC heap before
{Heap before GC invocations=36 (full 0):
 garbage-first heap   total 253952K, used 194971K [0x0000000600000000, 0x0000000800000000)
  region size 4096K, 24 young (98304K), 4 survivors (16384K)
 Metaspace       used 99912K, committed 100800K, reserved 1179648K
  class space    used 14017K, committed 14464K, reserved 1048576K
}
Event: 28.166 GC heap after
{Heap after GC invocations=37 (full 0):
 garbage-first heap   total 253952K, used 125935K [0x0000000600000000, 0x0000000800000000)
  region size 4096K, 3 young (12288K), 3 survivors (12288K)
 Metaspace       used 99912K, committed 100800K, reserved 1179648K
  class space    used 14017K, committed 14464K, reserved 1048576K
}
Event: 28.851 GC heap before
{Heap before GC invocations=37 (full 0):
 garbage-first heap   total 253952K, used 199663K [0x0000000600000000, 0x0000000800000000)
  region size 4096K, 21 young (86016K), 3 survivors (12288K)
 Metaspace       used 100284K, committed 101248K, reserved 1179648K
  class space    used 14054K, committed 14528K, reserved 1048576K
}
Event: 28.881 GC heap after
{Heap after GC invocations=38 (full 0):
 garbage-first heap   total 253952K, used 132740K [0x0000000600000000, 0x0000000800000000)
  region size 4096K, 2 young (8192K), 2 survivors (8192K)
 Metaspace       used 100284K, committed 101248K, reserved 1179648K
  class space    used 14054K, committed 14528K, reserved 1048576K
}
Event: 30.239 GC heap before
{Heap before GC invocations=38 (full 0):
 garbage-first heap   total 253952K, used 202372K [0x0000000600000000, 0x0000000800000000)
  region size 4096K, 19 young (77824K), 2 survivors (8192K)
 Metaspace       used 101295K, committed 102400K, reserved 1179648K
  class space    used 14149K, committed 14656K, reserved 1048576K
}
Event: 30.255 GC heap after
{Heap after GC invocations=39 (full 0):
 garbage-first heap   total 253952K, used 145617K [0x0000000600000000, 0x0000000800000000)
  region size 4096K, 3 young (12288K), 3 survivors (12288K)
 Metaspace       used 101295K, committed 102400K, reserved 1179648K
  class space    used 14149K, committed 14656K, reserved 1048576K
}
Event: 31.215 GC heap before
{Heap before GC invocations=39 (full 0):
 garbage-first heap   total 253952K, used 198865K [0x0000000600000000, 0x0000000800000000)
  region size 4096K, 16 young (65536K), 3 survivors (12288K)
 Metaspace       used 101720K, committed 102848K, reserved 1179648K
  class space    used 14179K, committed 14720K, reserved 1048576K
}
Event: 31.231 GC heap after
{Heap after GC invocations=40 (full 0):
 garbage-first heap   total 344064K, used 154755K [0x0000000600000000, 0x0000000800000000)
  region size 4096K, 2 young (8192K), 2 survivors (8192K)
 Metaspace       used 101720K, committed 102848K, reserved 1179648K
  class space    used 14179K, committed 14720K, reserved 1048576K
}
Event: 32.204 GC heap before
{Heap before GC invocations=40 (full 0):
 garbage-first heap   total 344064K, used 257155K [0x0000000600000000, 0x0000000800000000)
  region size 4096K, 28 young (114688K), 2 survivors (8192K)
 Metaspace       used 101915K, committed 103040K, reserved 1179648K
  class space    used 14193K, committed 14720K, reserved 1048576K
}
Event: 32.251 GC heap after
{Heap after GC invocations=41 (full 0):
 garbage-first heap   total 344064K, used 160514K [0x0000000600000000, 0x0000000800000000)
  region size 4096K, 4 young (16384K), 4 survivors (16384K)
 Metaspace       used 101915K, committed 103040K, reserved 1179648K
  class space    used 14193K, committed 14720K, reserved 1048576K
}
Event: 33.652 GC heap before
{Heap before GC invocations=41 (full 0):
 garbage-first heap   total 344064K, used 267010K [0x0000000600000000, 0x0000000800000000)
  region size 4096K, 30 young (122880K), 4 survivors (16384K)
 Metaspace       used 102239K, committed 103360K, reserved 1179648K
  class space    used 14227K, committed 14784K, reserved 1048576K
}
Event: 33.669 GC heap after
{Heap after GC invocations=42 (full 0):
 garbage-first heap   total 344064K, used 178326K [0x0000000600000000, 0x0000000800000000)
  region size 4096K, 4 young (16384K), 4 survivors (16384K)
 Metaspace       used 102239K, committed 103360K, reserved 1179648K
  class space    used 14227K, committed 14784K, reserved 1048576K
}
Event: 34.926 GC heap before
{Heap before GC invocations=42 (full 0):
 garbage-first heap   total 344064K, used 264342K [0x0000000600000000, 0x0000000800000000)
  region size 4096K, 26 young (106496K), 4 survivors (16384K)
 Metaspace       used 108444K, committed 109632K, reserved 1179648K
  class space    used 15065K, committed 15616K, reserved 1048576K
}
Event: 34.947 GC heap after
{Heap after GC invocations=43 (full 0):
 garbage-first heap   total 344064K, used 186337K [0x0000000600000000, 0x0000000800000000)
  region size 4096K, 2 young (8192K), 2 survivors (8192K)
 Metaspace       used 108444K, committed 109632K, reserved 1179648K
  class space    used 15065K, committed 15616K, reserved 1048576K
}
Event: 36.098 GC heap before
{Heap before GC invocations=43 (full 0):
 garbage-first heap   total 344064K, used 272353K [0x0000000600000000, 0x0000000800000000)
  region size 4096K, 23 young (94208K), 2 survivors (8192K)
 Metaspace       used 111127K, committed 112384K, reserved 1179648K
  class space    used 15443K, committed 16064K, reserved 1048576K
}
Event: 36.120 GC heap after
{Heap after GC invocations=44 (full 0):
 garbage-first heap   total 413696K, used 199606K [0x0000000600000000, 0x0000000800000000)
  region size 4096K, 3 young (12288K), 3 survivors (12288K)
 Metaspace       used 111127K, committed 112384K, reserved 1179648K
  class space    used 15443K, committed 16064K, reserved 1048576K
}
Event: 36.887 GC heap before
{Heap before GC invocations=44 (full 0):
 garbage-first heap   total 413696K, used 240566K [0x0000000600000000, 0x0000000800000000)
  region size 4096K, 14 young (57344K), 3 survivors (12288K)
 Metaspace       used 114117K, committed 115328K, reserved 1179648K
  class space    used 15842K, committed 16448K, reserved 1048576K
}
Event: 36.902 GC heap after
{Heap after GC invocations=45 (full 0):
 garbage-first heap   total 413696K, used 204655K [0x0000000600000000, 0x0000000800000000)
  region size 4096K, 2 young (8192K), 2 survivors (8192K)
 Metaspace       used 114117K, committed 115328K, reserved 1179648K
  class space    used 15842K, committed 16448K, reserved 1048576K
}
Event: 40.772 GC heap before
{Heap before GC invocations=46 (full 0):
 garbage-first heap   total 413696K, used 319343K [0x0000000600000000, 0x0000000800000000)
  region size 4096K, 31 young (126976K), 2 survivors (8192K)
 Metaspace       used 117815K, committed 119104K, reserved 1179648K
  class space    used 16303K, committed 16896K, reserved 1048576K
}
Event: 40.824 GC heap after
{Heap after GC invocations=47 (full 0):
 garbage-first heap   total 413696K, used 215890K [0x0000000600000000, 0x0000000800000000)
  region size 4096K, 4 young (16384K), 4 survivors (16384K)
 Metaspace       used 117815K, committed 119104K, reserved 1179648K
  class space    used 16303K, committed 16896K, reserved 1048576K
}

Deoptimization events (20 events):
Event: 41.152 Thread 0x000001f1c73ba000 Uncommon trap: trap_request=0xffffffde fr.pc=0x000001f1580c0470 relative=0x0000000000000670
Event: 41.152 Thread 0x000001f1c73ba000 Uncommon trap: reason=class_check action=maybe_recompile pc=0x000001f1580c0470 method=java.io.BufferedOutputStream.write([BII)V @ 20 c2
Event: 41.152 Thread 0x000001f1c73ba000 DEOPT PACKING pc=0x000001f1580c0470 sp=0x00000017935fe300
Event: 41.152 Thread 0x000001f1c73ba000 DEOPT UNPACKING pc=0x000001f1574723a3 sp=0x00000017935fe230 mode 2
Event: 61.387 Thread 0x000001f1c73b6340 Uncommon trap: trap_request=0xffffff45 fr.pc=0x000001f1581e8684 relative=0x0000000000000144
Event: 61.388 Thread 0x000001f1c73b6340 Uncommon trap: reason=unstable_if action=reinterpret pc=0x000001f1581e8684 method=java.nio.charset.CharsetDecoder.decode(Ljava/nio/ByteBuffer;Ljava/nio/CharBuffer;Z)Ljava/nio/charset/CoderResult; @ 1 c2
Event: 61.388 Thread 0x000001f1c73b6340 DEOPT PACKING pc=0x000001f1581e8684 sp=0x0000001793ffe8d0
Event: 61.389 Thread 0x000001f1c73b6340 DEOPT UNPACKING pc=0x000001f1574723a3 sp=0x0000001793ffe888 mode 2
Event: 61.622 Thread 0x000001f1c73b6340 Uncommon trap: trap_request=0xffffffc6 fr.pc=0x000001f157e99c98 relative=0x0000000000000098
Event: 61.622 Thread 0x000001f1c73b6340 Uncommon trap: reason=bimorphic_or_optimized_type_check action=maybe_recompile pc=0x000001f157e99c98 method=org.gradle.internal.logging.sink.OutputEventRenderer.onOutput(Lorg/gradle/internal/logging/events/OutputEvent;)V @ 1 c2
Event: 61.622 Thread 0x000001f1c73b6340 DEOPT PACKING pc=0x000001f157e99c98 sp=0x0000001793ffe930
Event: 61.622 Thread 0x000001f1c73b6340 DEOPT UNPACKING pc=0x000001f1574723a3 sp=0x0000001793ffe870 mode 2
Event: 61.623 Thread 0x000001f1c73b6340 Uncommon trap: trap_request=0xffffffde fr.pc=0x000001f157e980e0 relative=0x0000000000000760
Event: 61.623 Thread 0x000001f1c73b6340 Uncommon trap: reason=class_check action=maybe_recompile pc=0x000001f157e980e0 method=org.gradle.internal.logging.sink.OutputEventTransformer.onOutput(Lorg/gradle/internal/logging/events/OutputEvent;)V @ 215 c2
Event: 61.623 Thread 0x000001f1c73b6340 DEOPT PACKING pc=0x000001f157e980e0 sp=0x0000001793ffe840
Event: 61.624 Thread 0x000001f1c73b6340 DEOPT UNPACKING pc=0x000001f1574723a3 sp=0x0000001793ffe7e8 mode 2
Event: 61.631 Thread 0x000001f1c73b6340 Uncommon trap: trap_request=0xffffffc6 fr.pc=0x000001f157e9723c relative=0x000000000000005c
Event: 61.631 Thread 0x000001f1c73b6340 Uncommon trap: reason=bimorphic_or_optimized_type_check action=maybe_recompile pc=0x000001f157e9723c method=org.gradle.internal.logging.sink.OutputEventRenderer.onOutput(Lorg/gradle/internal/logging/events/OutputEvent;)V @ 1 c2
Event: 61.631 Thread 0x000001f1c73b6340 DEOPT PACKING pc=0x000001f157e9723c sp=0x0000001793ffe8d0
Event: 61.631 Thread 0x000001f1c73b6340 DEOPT UNPACKING pc=0x000001f1574723a3 sp=0x0000001793ffe870 mode 2

Classes unloaded (0 events):
No events

Classes redefined (0 events):
No events

Internal exceptions (20 events):
Event: 38.346 Thread 0x000001f1c60da960 Exception <a 'sun/nio/fs/WindowsException'{0x00000006150366e8}> (0x00000006150366e8) 
thrown [s\open\src\hotspot\share\prims\jni.cpp, line 516]
Event: 38.346 Thread 0x000001f1c60da960 Exception <a 'sun/nio/fs/WindowsException'{0x0000000615036ad8}> (0x0000000615036ad8) 
thrown [s\open\src\hotspot\share\prims\jni.cpp, line 516]
Event: 38.443 Thread 0x000001f1c60de620 Exception <a 'sun/nio/fs/WindowsException'{0x00000006152ca8a0}> (0x00000006152ca8a0) 
thrown [s\open\src\hotspot\share\prims\jni.cpp, line 516]
Event: 38.443 Thread 0x000001f1c60de620 Exception <a 'sun/nio/fs/WindowsException'{0x00000006152cbbe8}> (0x00000006152cbbe8) 
thrown [s\open\src\hotspot\share\prims\jni.cpp, line 516]
Event: 38.443 Thread 0x000001f1c60de620 Exception <a 'sun/nio/fs/WindowsException'{0x00000006152cbc78}> (0x00000006152cbc78) 
thrown [s\open\src\hotspot\share\prims\jni.cpp, line 516]
Event: 38.443 Thread 0x000001f1c60de620 Exception <a 'sun/nio/fs/WindowsException'{0x00000006152cc058}> (0x00000006152cc058) 
thrown [s\open\src\hotspot\share\prims\jni.cpp, line 516]
Event: 38.455 Thread 0x000001f1c60dae70 Exception <a 'sun/nio/fs/WindowsException'{0x0000000615340948}> (0x0000000615340948) 
thrown [s\open\src\hotspot\share\prims\jni.cpp, line 516]
Event: 38.455 Thread 0x000001f1c60dae70 Exception <a 'sun/nio/fs/WindowsException'{0x0000000615341a70}> (0x0000000615341a70) 
thrown [s\open\src\hotspot\share\prims\jni.cpp, line 516]
Event: 38.455 Thread 0x000001f1c60dae70 Exception <a 'sun/nio/fs/WindowsException'{0x0000000615341b00}> (0x0000000615341b00) 
thrown [s\open\src\hotspot\share\prims\jni.cpp, line 516]
Event: 38.455 Thread 0x000001f1c60dae70 Exception <a 'sun/nio/fs/WindowsException'{0x0000000615342188}> (0x0000000615342188) 
thrown [s\open\src\hotspot\share\prims\jni.cpp, line 516]
Event: 38.468 Thread 0x000001f1c60de620 Exception <a 'sun/nio/fs/WindowsException'{0x0000000615387b30}> (0x0000000615387b30) 
thrown [s\open\src\hotspot\share\prims\jni.cpp, line 516]
Event: 38.468 Thread 0x000001f1c60de620 Exception <a 'sun/nio/fs/WindowsException'{0x0000000615388e78}> (0x0000000615388e78) 
thrown [s\open\src\hotspot\share\prims\jni.cpp, line 516]
Event: 38.468 Thread 0x000001f1c60de620 Exception <a 'sun/nio/fs/WindowsException'{0x0000000615388f08}> (0x0000000615388f08) 
thrown [s\open\src\hotspot\share\prims\jni.cpp, line 516]
Event: 38.468 Thread 0x000001f1c60de620 Exception <a 'sun/nio/fs/WindowsException'{0x0000000615389310}> (0x0000000615389310) 
thrown [s\open\src\hotspot\share\prims\jni.cpp, line 516]
Event: 38.768 Thread 0x000001f1c60dae70 Exception <a 'java/lang/NoSuchMethodError'{0x000000061495cca8}: 'int java.lang.invoke.DirectMethodHandle$Holder.invokeSpecial(java.lang.Object, java.lang.Object, int)'> (0x000000061495cca8) 
thrown [s\open\src\hotspot\share\interpreter\linkResolver.cpp, line 759]
Event: 40.664 Thread 0x000001f1c60dae70 Exception <a 'java/lang/NoSuchMethodError'{0x0000000611eec868}: static Lcom/android/build/gradle/internal/tasks/AarMetadataArtifact;.<clinit>()V> (0x0000000611eec868) 
thrown [s\open\src\hotspot\share\prims\jni.cpp, line 1112]
Event: 40.837 Thread 0x000001f1c60ddc00 Implicit null exception at 0x000001f158439433 to 0x000001f158439660
Event: 41.094 Thread 0x000001f1c73bd7b0 Exception <a 'java/lang/NoSuchMethodError'{0x000000061925d588}: 'void java.lang.invoke.DirectMethodHandle$Holder.invokeStatic(java.lang.Object, long)'> (0x000000061925d588) 
thrown [s\open\src\hotspot\share\interpreter\linkResolver.cpp, line 759]
Event: 41.103 Thread 0x000001f1c73bd7b0 Exception <a 'java/lang/NoSuchMethodError'{0x00000006192b83c0}: 'java.lang.Object java.lang.invoke.DirectMethodHandle$Holder.invokeStatic(java.lang.Object, java.lang.Object, long, java.lang.Object)'> (0x00000006192b83c0) 
thrown [s\open\src\hotspot\share\interpreter\linkResolver.cpp, line 759]
Event: 41.103 Thread 0x000001f1c73bd7b0 Exception <a 'java/lang/NoSuchMethodError'{0x00000006192bbb98}: 'java.lang.Object java.lang.invoke.DirectMethodHandle$Holder.invokeStaticInit(java.lang.Object, java.lang.Object, long, java.lang.Object)'> (0x00000006192bbb98) 
thrown [s\open\src\hotspot\share\interpreter\linkResolver.cpp, line 759]

VM Operations (20 events):
Event: 41.145 Executing VM operation: HandshakeAllThreads
Event: 41.145 Executing VM operation: HandshakeAllThreads done
Event: 41.148 Executing VM operation: HandshakeAllThreads
Event: 41.148 Executing VM operation: HandshakeAllThreads done
Event: 41.403 Executing VM operation: G1Concurrent
Event: 41.414 Executing VM operation: G1Concurrent done
Event: 41.527 Executing VM operation: G1Concurrent
Event: 41.527 Executing VM operation: G1Concurrent done
Event: 48.569 Executing VM operation: Cleanup
Event: 48.569 Executing VM operation: Cleanup done
Event: 49.579 Executing VM operation: Cleanup
Event: 49.580 Executing VM operation: Cleanup done
Event: 57.628 Executing VM operation: Cleanup
Event: 57.628 Executing VM operation: Cleanup done
Event: 60.159 Executing VM operation: HandshakeAllThreads
Event: 60.160 Executing VM operation: HandshakeAllThreads done
Event: 61.522 Executing VM operation: HandshakeAllThreads
Event: 61.527 Executing VM operation: HandshakeAllThreads done
Event: 61.527 Executing VM operation: Cleanup
Event: 61.527 Executing VM operation: Cleanup done

Events (20 events):
Event: 38.704 loading class java/io/CharArrayWriter done
Event: 38.727 loading class java/io/SequenceInputStream
Event: 38.728 loading class java/io/SequenceInputStream done
Event: 38.751 loading class java/util/function/IntUnaryOperator
Event: 38.757 loading class java/util/function/IntUnaryOperator done
Event: 39.427 Thread 0x000001f1c7566d10 Thread added: 0x000001f1c7566d10
Event: 40.937 Thread 0x000001f1c73bd7b0 Thread added: 0x000001f1c73bd7b0
Event: 40.988 loading class java/lang/ProcessImpl
Event: 40.994 loading class java/lang/ProcessImpl done
Event: 41.095 loading class java/lang/ProcessHandleImpl
Event: 41.102 loading class java/lang/ProcessHandleImpl done
Event: 41.103 loading class java/lang/ProcessImpl$2
Event: 41.105 loading class java/lang/ProcessImpl$2 done
Event: 41.105 loading class java/lang/Process$PipeInputStream
Event: 41.105 loading class java/lang/Process$PipeInputStream done
Event: 41.108 loading class jdk/internal/event/ProcessStartEvent
Event: 41.114 loading class jdk/internal/event/ProcessStartEvent done
Event: 41.118 Thread 0x000001f1c73b6340 Thread added: 0x000001f1c73b6340
Event: 41.118 Thread 0x000001f1c73b81a0 Thread added: 0x000001f1c73b81a0
Event: 42.585 Thread 0x000001f1c7566d10 Thread exited: 0x000001f1c7566d10


Dynamic libraries:
0x00007ff613ae0000 - 0x00007ff613af0000 	D:\java\jdk-17\bin\java.exe
0x00007ffe63190000 - 0x00007ffe63388000 	C:\Windows\SYSTEM32\ntdll.dll
0x00007ffe61c80000 - 0x00007ffe61d42000 	C:\Windows\System32\KERNEL32.DLL
0x00007ffe60d60000 - 0x00007ffe61056000 	C:\Windows\System32\KERNELBASE.dll
0x00007ffe60c10000 - 0x00007ffe60d10000 	C:\Windows\System32\ucrtbase.dll
0x00007ffe3ccb0000 - 0x00007ffe3ccc9000 	D:\java\jdk-17\bin\jli.dll
0x00007ffe43fb0000 - 0x00007ffe43fcb000 	D:\java\jdk-17\bin\VCRUNTIME140.dll
0x00007ffe61eb0000 - 0x00007ffe61f61000 	C:\Windows\System32\ADVAPI32.dll
0x00007ffe630b0000 - 0x00007ffe6314e000 	C:\Windows\System32\msvcrt.dll
0x00007ffe62640000 - 0x00007ffe626df000 	C:\Windows\System32\sechost.dll
0x00007ffe62520000 - 0x00007ffe62640000 	C:\Windows\System32\RPCRT4.dll
0x00007ffe60970000 - 0x00007ffe60997000 	C:\Windows\System32\bcrypt.dll
0x00007ffe62f00000 - 0x00007ffe630a1000 	C:\Windows\System32\USER32.dll
0x00007ffe51690000 - 0x00007ffe5192b000 	C:\Windows\WinSxS\amd64_microsoft.windows.common-controls_6595b64144ccf1df_6.0.19041.6456_none_60b8a6cb71f64256\COMCTL32.dll
0x00007ffe61060000 - 0x00007ffe61082000 	C:\Windows\System32\win32u.dll
0x00007ffe61d60000 - 0x00007ffe61d8b000 	C:\Windows\System32\GDI32.dll
0x00007ffe61090000 - 0x00007ffe611a9000 	C:\Windows\System32\gdi32full.dll
0x00007ffe608d0000 - 0x00007ffe6096d000 	C:\Windows\System32\msvcp_win.dll
0x00007ffe5ac30000 - 0x00007ffe5ac3a000 	C:\Windows\SYSTEM32\VERSION.dll
0x00007ffe61b80000 - 0x00007ffe61baf000 	C:\Windows\System32\IMM32.DLL
0x00007ffe43fa0000 - 0x00007ffe43fac000 	D:\java\jdk-17\bin\vcruntime140_1.dll
0x00007ffe3cbc0000 - 0x00007ffe3cc4e000 	D:\java\jdk-17\bin\msvcp140.dll
0x00007ffdd1d50000 - 0x00007ffdd2930000 	D:\java\jdk-17\bin\server\jvm.dll
0x00007ffe61280000 - 0x00007ffe61288000 	C:\Windows\System32\PSAPI.DLL
0x00007ffe3cc80000 - 0x00007ffe3cc89000 	C:\Windows\SYSTEM32\WSOCK32.dll
0x00007ffe51930000 - 0x00007ffe51957000 	C:\Windows\SYSTEM32\WINMM.dll
0x00007ffe624b0000 - 0x00007ffe6251b000 	C:\Windows\System32\WS2_32.dll
0x00007ffe5e5d0000 - 0x00007ffe5e5e2000 	C:\Windows\SYSTEM32\kernel.appcore.dll
0x00007ffe3cb20000 - 0x00007ffe3cb2a000 	D:\java\jdk-17\bin\jimage.dll
0x00007ffe522a0000 - 0x00007ffe524a1000 	C:\Windows\SYSTEM32\DBGHELP.DLL
0x00007ffe45580000 - 0x00007ffe455b4000 	C:\Windows\SYSTEM32\dbgcore.DLL
0x00007ffe60a20000 - 0x00007ffe60aa2000 	C:\Windows\System32\bcryptPrimitives.dll
0x00007ffe36b50000 - 0x00007ffe36b5e000 	D:\java\jdk-17\bin\instrument.dll
0x00007ffe36bc0000 - 0x00007ffe36be5000 	D:\java\jdk-17\bin\java.dll
0x00007ffdd1c70000 - 0x00007ffdd1d47000 	D:\java\jdk-17\bin\jsvml.dll
0x00007ffe62790000 - 0x00007ffe62f00000 	C:\Windows\System32\SHELL32.dll
0x00007ffe5e8b0000 - 0x00007ffe5f055000 	C:\Windows\SYSTEM32\windows.storage.dll
0x00007ffe620c0000 - 0x00007ffe62414000 	C:\Windows\System32\combase.dll
0x00007ffe60170000 - 0x00007ffe6019b000 	C:\Windows\SYSTEM32\Wldp.dll
0x00007ffe61bb0000 - 0x00007ffe61c7d000 	C:\Windows\System32\OLEAUT32.dll
0x00007ffe61310000 - 0x00007ffe613bd000 	C:\Windows\System32\SHCORE.dll
0x00007ffe61970000 - 0x00007ffe619cb000 	C:\Windows\System32\shlwapi.dll
0x00007ffe60750000 - 0x00007ffe60774000 	C:\Windows\SYSTEM32\profapi.dll
0x00007ffe36b80000 - 0x00007ffe36b98000 	D:\java\jdk-17\bin\zip.dll
0x00007ffe3cc90000 - 0x00007ffe3cca9000 	D:\java\jdk-17\bin\net.dll
0x00007ffe5a210000 - 0x00007ffe5a31a000 	C:\Windows\SYSTEM32\WINHTTP.dll
0x00007ffe5fed0000 - 0x00007ffe5ff3a000 	C:\Windows\system32\mswsock.dll
0x00007ffe36ba0000 - 0x00007ffe36bb6000 	D:\java\jdk-17\bin\nio.dll
0x00007ffe3cd50000 - 0x00007ffe3cd60000 	D:\java\jdk-17\bin\verify.dll
0x00007ffe3cd20000 - 0x00007ffe3cd47000 	C:\Users\PC\.gradle\native\c067742578af261105cb4f569cf0c3c89f3d7b1fecec35dd04571415982c5e48\windows-amd64\native-platform.dll
0x00007ffdda380000 - 0x00007ffdda4c4000 	C:\Users\PC\.gradle\native\100fb08df4bc3b14c8652ba06237920a3bd2aa13389f12d3474272988ae205f9\windows-amd64\native-platform-file-events.dll
0x00007ffe3cd10000 - 0x00007ffe3cd1a000 	D:\java\jdk-17\bin\management.dll
0x00007ffe36b60000 - 0x00007ffe36b6b000 	D:\java\jdk-17\bin\management_ext.dll
0x00007ffe600c0000 - 0x00007ffe600d8000 	C:\Windows\SYSTEM32\CRYPTSP.dll
0x00007ffe5f7f0000 - 0x00007ffe5f828000 	C:\Windows\system32\rsaenh.dll
0x00007ffe60710000 - 0x00007ffe6073e000 	C:\Windows\SYSTEM32\USERENV.dll
0x00007ffe600e0000 - 0x00007ffe600ec000 	C:\Windows\SYSTEM32\CRYPTBASE.dll
0x00007ffe5fbb0000 - 0x00007ffe5fbeb000 	C:\Windows\SYSTEM32\IPHLPAPI.DLL
0x00007ffe611b0000 - 0x00007ffe611b8000 	C:\Windows\System32\NSI.dll
0x00007ffe5ae60000 - 0x00007ffe5ae77000 	C:\Windows\SYSTEM32\dhcpcsvc6.DLL
0x00007ffe5ad30000 - 0x00007ffe5ad4d000 	C:\Windows\SYSTEM32\dhcpcsvc.DLL
0x00007ffe5fbf0000 - 0x00007ffe5fcba000 	C:\Windows\SYSTEM32\DNSAPI.dll
0x00007ffe367f0000 - 0x00007ffe367fe000 	D:\java\jdk-17\bin\sunmscapi.dll
0x00007ffe60ab0000 - 0x00007ffe60c0d000 	C:\Windows\System32\CRYPT32.dll
0x00007ffe601e0000 - 0x00007ffe60207000 	C:\Windows\SYSTEM32\ncrypt.dll
0x00007ffe601a0000 - 0x00007ffe601db000 	C:\Windows\SYSTEM32\NTASN1.dll
0x00007ffe36b70000 - 0x00007ffe36b77000 	C:\Windows\system32\wshunix.dll

dbghelp: loaded successfully - version: 4.0.5 - missing functions: none
symbol engine: initialized successfully - sym options: 0x614 - pdb path: .;D:\java\jdk-17\bin;C:\Windows\SYSTEM32;C:\Windows\WinSxS\amd64_microsoft.windows.common-controls_6595b64144ccf1df_6.0.19041.6456_none_60b8a6cb71f64256;D:\java\jdk-17\bin\server;C:\Users\PC\.gradle\native\c067742578af261105cb4f569cf0c3c89f3d7b1fecec35dd04571415982c5e48\windows-amd64;C:\Users\PC\.gradle\native\100fb08df4bc3b14c8652ba06237920a3bd2aa13389f12d3474272988ae205f9\windows-amd64

VM Arguments:
jvm_args: -XX:MaxMetaspaceSize=4G -XX:ReservedCodeCacheSize=512m -XX:+HeapDumpOnOutOfMemoryError --add-opens=java.base/java.util=ALL-UNNAMED --add-opens=java.base/java.lang=ALL-UNNAMED --add-opens=java.base/java.lang.invoke=ALL-UNNAMED --add-opens=java.prefs/java.util.prefs=ALL-UNNAMED --add-exports=jdk.compiler/com.sun.tools.javac.api=ALL-UNNAMED --add-exports=jdk.compiler/com.sun.tools.javac.util=ALL-UNNAMED --add-opens=java.base/java.nio.charset=ALL-UNNAMED --add-opens=java.base/java.net=ALL-UNNAMED --add-opens=java.base/java.util.concurrent.atomic=ALL-UNNAMED -Xmx8G -Dfile.encoding=windows-1252 -Duser.country=IN -Duser.language=en -Duser.variant -javaagent:C:\Users\PC\.gradle\wrapper\dists\gradle-8.10.2-all\7iv73wktx1xtkvlq19urqw1wm\gradle-8.10.2\lib\agents\gradle-instrumentation-agent-8.10.2.jar 
java_command: org.gradle.launcher.daemon.bootstrap.GradleDaemon 8.10.2
java_class_path (initial): C:\Users\PC\.gradle\wrapper\dists\gradle-8.10.2-all\7iv73wktx1xtkvlq19urqw1wm\gradle-8.10.2\lib\gradle-daemon-main-8.10.2.jar
Launcher Type: SUN_STANDARD

[Global flags]
     intx CICompilerCount                          = 4                                         {product} {ergonomic}
     uint ConcGCThreads                            = 2                                         {product} {ergonomic}
     uint G1ConcRefinementThreads                  = 8                                         {product} {ergonomic}
   size_t G1HeapRegionSize                         = 4194304                                   {product} {ergonomic}
    uintx GCDrainStackTargetSize                   = 64                                        {product} {ergonomic}
     bool HeapDumpOnOutOfMemoryError               = true                                   {manageable} {command line}
   size_t InitialHeapSize                          = 134217728                                 {product} {ergonomic}
   size_t MarkStackSize                            = 4194304                                   {product} {ergonomic}
   size_t MaxHeapSize                              = 8589934592                                {product} {command line}
   size_t MaxMetaspaceSize                         = 4294967296                                {product} {command line}
   size_t MaxNewSize                               = 5150605312                                {product} {ergonomic}
   size_t MinHeapDeltaBytes                        = 4194304                                   {product} {ergonomic}
   size_t MinHeapSize                              = 8388608                                   {product} {ergonomic}
    uintx NonNMethodCodeHeapSize                   = 5839372                                {pd product} {ergonomic}
    uintx NonProfiledCodeHeapSize                  = 265515770                              {pd product} {ergonomic}
    uintx ProfiledCodeHeapSize                     = 265515770                              {pd product} {ergonomic}
    uintx ReservedCodeCacheSize                    = 536870912                              {pd product} {command line}
     bool SegmentedCodeCache                       = true                                      {product} {ergonomic}
   size_t SoftMaxHeapSize                          = 8589934592                             {manageable} {ergonomic}
   double SweeperThreshold                         = 0.234375                                  {product} {ergonomic}
     bool UseCompressedClassPointers               = true                           {product lp64_product} {ergonomic}
     bool UseCompressedOops                        = true                           {product lp64_product} {ergonomic}
     bool UseG1GC                                  = true                                      {product} {ergonomic}
     bool UseLargePagesIndividualAllocation        = false                                  {pd product} {ergonomic}

Logging:
Log output configuration:
 #0: stdout all=warning uptime,level,tags
 #1: stderr all=off uptime,level,tags

Environment Variables:
JAVA_HOME=D:\java\jdk-17
CLASSPATH=D:\bass_training_app\android\\gradle\wrapper\gradle-wrapper.jar
PATH=D:\java\jdk-17\bin;D:\flutter\bin\;C:\Program Files\Common Files\Oracle\Java\javapath;C:\Windows\system32;C:\Windows;C:\Windows\System32\Wbem;C:\Windows\System32\WindowsPowerShell\v1.0\;C:\Windows\System32\OpenSSH\;C:\xampp\php;D:\java\jdk-17\bin;D:\Program Files\;C:\Program Files\Git\cmd;C:\ProgramData\ComposerSetup\bin;C:\Users\PC\AppData\Local\Pub\Cache\bin;C:\Users\PC\AppData\Local\Microsoft\WindowsApps;C:\Users\PC\AppData\Local\Programs\Microsoft VS Code\bin;D:\flutter\bin;C:\Users\PC\AppData\Roaming\npm;C:\Users\PC\AppData\Roaming\Composer\vendor\bin;D:\flutter\bin\mingit\cmd
USERNAME=PC
LANG=en_US.UTF-8
OS=Windows_NT
PROCESSOR_IDENTIFIER=Intel64 Family 6 Model 94 Stepping 3, GenuineIntel



---------------  S Y S T E M  ---------------

OS:
 Windows 10 , 64 bit Build 19041 (10.0.19041.5915)
OS uptime: 0 days 0:42 hours

CPU: total 8 (initial active 8) (4 cores per cpu, 2 threads per core) family 6 model 94 stepping 3 microcode 0xd6, cx8, cmov, fxsr, ht, mmx, 3dnowpref, sse, sse2, sse3, ssse3, sse4.1, sse4.2, popcnt, lzcnt, tsc, tscinvbit, avx, avx2, aes, erms, clmul, bmi1, bmi2, rtm, adx, fma, vzeroupper, clflush, clflushopt

Memory: 4k page, system-wide physical 8108M (185M free)
TotalPageFile size 20920M (AvailPageFile size 0M)
current process WorkingSet (physical memory assigned to process): 86M, peak: 560M
current process commit charge ("private bytes"): 757M, peak: 786M

vm_info: Java HotSpot(TM) 64-Bit Server VM (17.0.12+8-LTS-286) for windows-amd64 JRE (17.0.12+8-LTS-286), built on Jun  5 2024 06:46:59 by "mach5one" with MS VC++ 17.6 (VS2022)

END.
