#
# There is insufficient memory for the Java Runtime Environment to continue.
# Native memory allocation (malloc) failed to allocate 1048576 bytes for AllocateHeap
# Possible reasons:
#   The system is out of physical RAM or swap space
#   The process is running with CompressedOops enabled, and the Java Heap may be blocking the growth of the native heap
# Possible solutions:
#   Reduce memory load on the system
#   Increase physical memory or swap space
#   Check if swap backing store is full
#   Decrease Java heap size (-Xmx/-Xms)
#   Decrease number of Java threads
#   Decrease Java thread stack sizes (-Xss)
#   Set larger code cache with -XX:ReservedCodeCacheSize=
#   JVM is running with Unscaled Compressed Oops mode in which the Java heap is
#     placed in the first 4GB address space. The Java Heap base address is the
#     maximum limit for the native heap growth. Please use -XX:HeapBaseMinAddress
#     to set the Java Heap base and to place the Java Heap above 4GB virtual address.
# This output file may be truncated or incomplete.
#
#  Out of Memory Error (allocation.cpp:44), pid=7284, tid=12560
#
# JRE version:  (17.0.12+8) (build )
# Java VM: Java HotSpot(TM) 64-Bit Server VM (17.0.12+8-LTS-286, mixed mode, sharing, tiered, compressed oops, compressed class ptrs, g1 gc, windows-amd64)
# No core dump will be written. Minidumps are not enabled by default on client versions of Windows
#

---------------  S U M M A R Y ------------

Command Line: org.jetbrains.kotlin.cli.jvm.K2JVMCompiler @D:\bass_training_app\build\share_plus\20260730_11254438992669614719.compiler.options

Host: Intel(R) Core(TM) i7-6700 CPU @ 3.40GHz, 8 cores, 7G,  Windows 10 , 64 bit Build 19041 (10.0.19041.5915)
Time: Thu Jul 30 17:55:32 2026 India Standard Time elapsed time: 0.019273 seconds (0d 0h 0m 0s)

---------------  T H R E A D  ---------------

Current thread (0x00000226324b6bc0):  JavaThread "Unknown thread" [_thread_in_vm, id=12560, stack(0x0000009f54c00000,0x0000009f54d00000)]

Stack: [0x0000009f54c00000,0x0000009f54d00000]
Native frames: (J=compiled Java code, j=interpreted, Vv=VM code, C=native code)
V  [jvm.dll+0x67a04a]
V  [jvm.dll+0x7da4ed]
V  [jvm.dll+0x7dbe33]
V  [jvm.dll+0x7dc4a3]
V  [jvm.dll+0x24508f]
V  [jvm.dll+0xa5e2b]
V  [jvm.dll+0x2d4e37]
V  [jvm.dll+0x7ac9ec]
V  [jvm.dll+0x367591]
V  [jvm.dll+0x78b999]
V  [jvm.dll+0x3ec83f]
V  [jvm.dll+0x3ee471]
C  [jli.dll+0x5297]
C  [ucrtbase.dll+0x21bb2]
C  [KERNEL32.DLL+0x17374]
C  [ntdll.dll+0x4cc91]


---------------  P R O C E S S  ---------------

Threads class SMR info:
_java_thread_list=0x00007ffb04417a18, length=0, elements={
}

Java Threads: ( => current thread )

Other Threads:

=>0x00000226324b6bc0 (exited) JavaThread "Unknown thread" [_thread_in_vm, id=12560, stack(0x0000009f54c00000,0x0000009f54d00000)]

Threads with active compile tasks:

VM state: not at safepoint (not fully initialized)

VM Mutex/Monitor currently owned by a thread: None

Heap address: 0x0000000000000000, size: 0 MB, Compressed Oops mode: 32-bit

CDS archive(s) mapped at: [0x0000000000000000-0x0000000000000000-0x0000000000000000), size 0, SharedBaseAddress: 0x0000000800000000, ArchiveRelocationMode: 1.
Narrow klass base: 0x0000000000000000, Narrow klass shift: 0, Narrow klass range: 0x0

GC Precious Log:
<Empty>

GC Heap History (0 events):
No events

Deoptimization events (0 events):
No events

Classes unloaded (0 events):
No events

Classes redefined (0 events):
No events

Internal exceptions (0 events):
No events

VM Operations (0 events):
No events

Events (1 events):
Event: 0.012 Loaded shared library D:\java\jdk-17\bin\java.dll


Dynamic libraries:
0x00007ff6e0110000 - 0x00007ff6e0120000 	D:\java\jdk-17\bin\java.exe
0x00007ffb4e570000 - 0x00007ffb4e768000 	C:\Windows\SYSTEM32\ntdll.dll
0x00007ffb4e030000 - 0x00007ffb4e0f2000 	C:\Windows\System32\KERNEL32.DLL
0x00007ffb4bd90000 - 0x00007ffb4c086000 	C:\Windows\System32\KERNELBASE.dll
0x00007ffb4c0e0000 - 0x00007ffb4c1e0000 	C:\Windows\System32\ucrtbase.dll
0x00007ffb2f8a0000 - 0x00007ffb2f8b9000 	D:\java\jdk-17\bin\jli.dll
0x00007ffb4d5d0000 - 0x00007ffb4d681000 	C:\Windows\System32\ADVAPI32.dll
0x00007ffb2e990000 - 0x00007ffb2e9ab000 	D:\java\jdk-17\bin\VCRUNTIME140.dll
0x00007ffb4d6a0000 - 0x00007ffb4d73e000 	C:\Windows\System32\msvcrt.dll
0x00007ffb4e430000 - 0x00007ffb4e4cf000 	C:\Windows\System32\sechost.dll
0x00007ffb4d340000 - 0x00007ffb4d460000 	C:\Windows\System32\RPCRT4.dll
0x00007ffb4c3b0000 - 0x00007ffb4c3d7000 	C:\Windows\System32\bcrypt.dll
0x00007ffb4c970000 - 0x00007ffb4cb11000 	C:\Windows\System32\USER32.dll
0x00007ffb4bd60000 - 0x00007ffb4bd82000 	C:\Windows\System32\win32u.dll
0x00007ffb4e110000 - 0x00007ffb4e13b000 	C:\Windows\System32\GDI32.dll
0x00007ffb4c1e0000 - 0x00007ffb4c2f9000 	C:\Windows\System32\gdi32full.dll
0x00007ffb3c050000 - 0x00007ffb3c2eb000 	C:\Windows\WinSxS\amd64_microsoft.windows.common-controls_6595b64144ccf1df_6.0.19041.6456_none_60b8a6cb71f64256\COMCTL32.dll
0x00007ffb4c3e0000 - 0x00007ffb4c47d000 	C:\Windows\System32\msvcp_win.dll
0x00007ffb462c0000 - 0x00007ffb462ca000 	C:\Windows\SYSTEM32\VERSION.dll
0x00007ffb4d540000 - 0x00007ffb4d56f000 	C:\Windows\System32\IMM32.DLL
0x00007ffb37780000 - 0x00007ffb3778c000 	D:\java\jdk-17\bin\vcruntime140_1.dll
0x00007ffb19f80000 - 0x00007ffb1a00e000 	D:\java\jdk-17\bin\msvcp140.dll
0x00007ffb03960000 - 0x00007ffb04540000 	D:\java\jdk-17\bin\server\jvm.dll
0x00007ffb4d690000 - 0x00007ffb4d698000 	C:\Windows\System32\PSAPI.DLL
0x00007ffb371d0000 - 0x00007ffb371d9000 	C:\Windows\SYSTEM32\WSOCK32.dll
0x00007ffb4de10000 - 0x00007ffb4de7b000 	C:\Windows\System32\WS2_32.dll
0x00007ffb472b0000 - 0x00007ffb472d7000 	C:\Windows\SYSTEM32\WINMM.dll
0x00007ffb499b0000 - 0x00007ffb499c2000 	C:\Windows\SYSTEM32\kernel.appcore.dll
0x00007ffb30dd0000 - 0x00007ffb30dda000 	D:\java\jdk-17\bin\jimage.dll
0x00007ffb3c840000 - 0x00007ffb3ca41000 	C:\Windows\SYSTEM32\DBGHELP.DLL
0x00007ffb2fbb0000 - 0x00007ffb2fbe4000 	C:\Windows\SYSTEM32\dbgcore.DLL
0x00007ffb4c480000 - 0x00007ffb4c502000 	C:\Windows\System32\bcryptPrimitives.dll
0x00007ffb2e960000 - 0x00007ffb2e985000 	D:\java\jdk-17\bin\java.dll

dbghelp: loaded successfully - version: 4.0.5 - missing functions: none
symbol engine: initialized successfully - sym options: 0x614 - pdb path: .;D:\java\jdk-17\bin;C:\Windows\SYSTEM32;C:\Windows\WinSxS\amd64_microsoft.windows.common-controls_6595b64144ccf1df_6.0.19041.6456_none_60b8a6cb71f64256;D:\java\jdk-17\bin\server

VM Arguments:
java_command: org.jetbrains.kotlin.cli.jvm.K2JVMCompiler @D:\bass_training_app\build\share_plus\20260730_11254438992669614719.compiler.options
java_class_path (initial): C:\Users\PC\.gradle\caches\modules-2\files-2.1\org.jetbrains.kotlin\kotlin-compiler-embeddable\2.1.21\70a69b95905e33806fbee6c6c9c48e2b2b2b4da4\kotlin-compiler-embeddable-2.1.21.jar;C:\Users\PC\.gradle\caches\modules-2\files-2.1\org.jetbrains.kotlin\kotlin-stdlib\2.1.21\97a0975aa19d925e109537af60eb46902920015c\kotlin-stdlib-2.1.21.jar;C:\Users\PC\.gradle\caches\modules-2\files-2.1\org.jetbrains.kotlin\kotlin-script-runtime\2.1.21\e274d560d10526099330411c45961f04d85e77b9\kotlin-script-runtime-2.1.21.jar;C:\Users\PC\.gradle\caches\modules-2\files-2.1\org.jetbrains.kotlin\kotlin-reflect\1.6.10\1cbe9c92c12a94eea200d23c2bbaedaf3daf5132\kotlin-reflect-1.6.10.jar;C:\Users\PC\.gradle\caches\modules-2\files-2.1\org.jetbrains.kotlin\kotlin-daemon-embeddable\2.1.21\2376f98b59395adad949ca19811283fafb1b2e31\kotlin-daemon-embeddable-2.1.21.jar;C:\Users\PC\.gradle\caches\modules-2\files-2.1\org.jetbrains.intellij.deps\trove4j\1.0.20200330\3afb14d5f9ceb459d724e907a21145e8ff394f02\trove4j-1.0.20200330.jar;C:\Users\PC\.gradle\caches\modules-2\files-2.1\org.jetbrains.kotlinx\kotlinx-coroutines-core-jvm\1.8.0\ac1dc37a30a93150b704022f8d895ee1bd3a36b3\kotlinx-coroutines-core-jvm-1.8.0.jar;C:\Users\PC\.gradle\caches\modules-2\files-2.1\org.jetbrains\annotations\13.0\919f0dfe192fb4e063e7dacadee7f8bb9a2672a9\annotations-13.0.jar
Launcher Type: SUN_STANDARD

[Global flags]
     intx CICompilerCount                          = 4                                         {product} {ergonomic}
     uint ConcGCThreads                            = 2                                         {product} {ergonomic}
     uint G1ConcRefinementThreads                  = 8                                         {product} {ergonomic}
   size_t G1HeapRegionSize                         = 1048576                                   {product} {ergonomic}
    uintx GCDrainStackTargetSize                   = 64                                        {product} {ergonomic}
   size_t InitialHeapSize                          = 134217728                                 {product} {ergonomic}
   size_t MarkStackSize                            = 4194304                                   {product} {ergonomic}
   size_t MaxHeapSize                              = 2126512128                                {product} {ergonomic}
   size_t MinHeapDeltaBytes                        = 1048576                                   {product} {ergonomic}
   size_t MinHeapSize                              = 8388608                                   {product} {ergonomic}
    uintx NonNMethodCodeHeapSize                   = 5839372                                {pd product} {ergonomic}
    uintx NonProfiledCodeHeapSize                  = 122909434                              {pd product} {ergonomic}
    uintx ProfiledCodeHeapSize                     = 122909434                              {pd product} {ergonomic}
    uintx ReservedCodeCacheSize                    = 251658240                              {pd product} {ergonomic}
     bool SegmentedCodeCache                       = true                                      {product} {ergonomic}
   size_t SoftMaxHeapSize                          = 2126512128                             {manageable} {ergonomic}
     bool UseCompressedClassPointers               = true                           {product lp64_product} {ergonomic}
     bool UseCompressedOops                        = true                           {product lp64_product} {ergonomic}
     bool UseG1GC                                  = true                                      {product} {ergonomic}
     bool UseLargePagesIndividualAllocation        = false                                  {pd product} {ergonomic}

Logging:
Log output configuration:
 #0: stdout all=warning uptime,level,tags
 #1: stderr all=off uptime,level,tags

Environment Variables:
JAVA_HOME=D:\java\jdk-17
CLASSPATH=D:\bass_training_app\android\\gradle\wrapper\gradle-wrapper.jar
PATH=D:\java\jdk-17\bin;D:\flutter\bin\;C:\Program Files\Common Files\Oracle\Java\javapath;C:\Windows\system32;C:\Windows;C:\Windows\System32\Wbem;C:\Windows\System32\WindowsPowerShell\v1.0\;C:\Windows\System32\OpenSSH\;C:\xampp\php;D:\java\jdk-17\bin;D:\Program Files\;C:\Program Files\Git\cmd;C:\ProgramData\ComposerSetup\bin;C:\Users\PC\AppData\Local\Pub\Cache\bin;C:\Users\PC\AppData\Local\Microsoft\WindowsApps;C:\Users\PC\AppData\Local\Programs\Microsoft VS Code\bin;D:\flutter\bin;C:\Users\PC\AppData\Roaming\npm;C:\Users\PC\AppData\Roaming\Composer\vendor\bin;D:\flutter\bin\mingit\cmd
USERNAME=PC
LANG=en_US.UTF-8
OS=Windows_NT
PROCESSOR_IDENTIFIER=Intel64 Family 6 Model 94 Stepping 3, GenuineIntel



---------------  S Y S T E M  ---------------

OS:
 Windows 10 , 64 bit Build 19041 (10.0.19041.5915)
OS uptime: 8 days 8:16 hours

CPU: total 8 (initial active 8) (4 cores per cpu, 2 threads per core) family 6 model 94 stepping 3 microcode 0xd6, cx8, cmov, fxsr, ht, mmx, 3dnowpref, sse, sse2, sse3, ssse3, sse4.1, sse4.2, popcnt, lzcnt, tsc, tscinvbit, avx, avx2, aes, erms, clmul, bmi1, bmi2, rtm, adx, fma, vzeroupper, clflush, clflushopt

Memory: 4k page, system-wide physical 8108M (387M free)
TotalPageFile size 20920M (AvailPageFile size 13M)
current process WorkingSet (physical memory assigned to process): 9M, peak: 9M
current process commit charge ("private bytes"): 15M, peak: 16M

vm_info: Java HotSpot(TM) 64-Bit Server VM (17.0.12+8-LTS-286) for windows-amd64 JRE (17.0.12+8-LTS-286), built on Jun  5 2024 06:46:59 by "mach5one" with MS VC++ 17.6 (VS2022)

END.
