#
# There is insufficient memory for the Java Runtime Environment to continue.
# Native memory allocation (malloc) failed to allocate 1202624 bytes for Chunk::new
# Possible reasons:
#   The system is out of physical RAM or swap space
#   The process is running with CompressedOops enabled, and the Java Heap may be blocking the growth of the native heap
# Possible solutions:
#   Reduce memory load on the system
#   Increase physical memory or swap space
#   Check if swap backing store is full
#   Decrease Java heap size (-Xmx/-Xms)
#   Decrease number of Java threads
#   Decrease Java thread stack sizes (-Xss)
#   Set larger code cache with -XX:ReservedCodeCacheSize=
#   JVM is running with Unscaled Compressed Oops mode in which the Java heap is
#     placed in the first 4GB address space. The Java Heap base address is the
#     maximum limit for the native heap growth. Please use -XX:HeapBaseMinAddress
#     to set the Java Heap base and to place the Java Heap above 4GB virtual address.
# This output file may be truncated or incomplete.
#
#  Out of Memory Error (arena.cpp:189), pid=5884, tid=6272
#
# JRE version: Java(TM) SE Runtime Environment (17.0.12+8) (build 17.0.12+8-LTS-286)
# Java VM: Java HotSpot(TM) 64-Bit Server VM (17.0.12+8-LTS-286, mixed mode, sharing, tiered, compressed oops, compressed class ptrs, g1 gc, windows-amd64)
# No core dump will be written. Minidumps are not enabled by default on client versions of Windows
#

---------------  S U M M A R Y ------------

Command Line: org.jetbrains.kotlin.cli.jvm.K2JVMCompiler @D:\bass_training_app\build\speech_to_text\20260731_4396923022296552814.compiler.options

Host: Intel(R) Core(TM) i7-6700 CPU @ 3.40GHz, 8 cores, 7G,  Windows 10 , 64 bit Build 19041 (10.0.19041.5915)
Time: Fri Jul 31 16:33:46 2026 India Standard Time elapsed time: 28.117861 seconds (0d 0h 0m 28s)

---------------  T H R E A D  ---------------

Current thread (0x000001ae27828250):  JavaThread "C2 CompilerThread0" daemon [_thread_in_native, id=6272, stack(0x000000562a800000,0x000000562a900000)]


Current CompileTask:
C2:  28117 7660       4       java.lang.invoke.MethodType::makeImpl (109 bytes)

Stack: [0x000000562a800000,0x000000562a900000]
Native frames: (J=compiled Java code, j=interpreted, Vv=VM code, C=native code)
V  [jvm.dll+0x67a04a]
V  [jvm.dll+0x7da4ed]
V  [jvm.dll+0x7dbe33]
V  [jvm.dll+0x7dc4a3]
V  [jvm.dll+0x24508f]
V  [jvm.dll+0xab773]
V  [jvm.dll+0xabd3c]
V  [jvm.dll+0x361bee]
V  [jvm.dll+0x1ba64a]
V  [jvm.dll+0x216997]
V  [jvm.dll+0x215c6f]
V  [jvm.dll+0x1a2960]
V  [jvm.dll+0x22610b]
V  [jvm.dll+0x2242ab]
V  [jvm.dll+0x79075c]
V  [jvm.dll+0x78abea]
V  [jvm.dll+0x678f35]
C  [ucrtbase.dll+0x21bb2]
C  [KERNEL32.DLL+0x17374]
C  [ntdll.dll+0x4cc91]


---------------  P R O C E S S  ---------------

Threads class SMR info:
_java_thread_list=0x000001ae6f29f940, length=12, elements={
0x000001ae096ca400, 0x000001ae27809320, 0x000001ae2780a5b0, 0x000001ae278227f0,
0x000001ae278261e0, 0x000001ae27826ba0, 0x000001ae27827560, 0x000001ae27828250,
0x000001ae27828d00, 0x000001ae2789e9b0, 0x000001ae27a58000, 0x000001ae27a5e790
}

Java Threads: ( => current thread )
  0x000001ae096ca400 JavaThread "main" [_thread_in_vm, id=2080, stack(0x0000005629b00000,0x0000005629c00000)]
  0x000001ae27809320 JavaThread "Reference Handler" daemon [_thread_blocked, id=16292, stack(0x000000562a200000,0x000000562a300000)]
  0x000001ae2780a5b0 JavaThread "Finalizer" daemon [_thread_blocked, id=5464, stack(0x000000562a300000,0x000000562a400000)]
  0x000001ae278227f0 JavaThread "Signal Dispatcher" daemon [_thread_blocked, id=12228, stack(0x000000562a400000,0x000000562a500000)]
  0x000001ae278261e0 JavaThread "Attach Listener" daemon [_thread_blocked, id=8560, stack(0x000000562a500000,0x000000562a600000)]
  0x000001ae27826ba0 JavaThread "Service Thread" daemon [_thread_blocked, id=1500, stack(0x000000562a600000,0x000000562a700000)]
  0x000001ae27827560 JavaThread "Monitor Deflation Thread" daemon [_thread_blocked, id=2120, stack(0x000000562a700000,0x000000562a800000)]
=>0x000001ae27828250 JavaThread "C2 CompilerThread0" daemon [_thread_in_native, id=6272, stack(0x000000562a800000,0x000000562a900000)]
  0x000001ae27828d00 JavaThread "C1 CompilerThread0" daemon [_thread_blocked, id=16264, stack(0x000000562a900000,0x000000562aa00000)]
  0x000001ae2789e9b0 JavaThread "Sweeper thread" daemon [_thread_blocked, id=2804, stack(0x000000562aa00000,0x000000562ab00000)]
  0x000001ae27a58000 JavaThread "Notification Thread" daemon [_thread_blocked, id=15552, stack(0x000000562ab00000,0x000000562ac00000)]
  0x000001ae27a5e790 JavaThread "Common-Cleaner" daemon [_thread_blocked, id=4372, stack(0x000000562ad00000,0x000000562ae00000)]

Other Threads:
  0x000001ae27804280 VMThread "VM Thread" [stack: 0x000000562a100000,0x000000562a200000] [id=7192]
  0x000001ae27a5e500 WatcherThread [stack: 0x000000562ac00000,0x000000562ad00000] [id=1888]
  0x000001ae09721570 GCTaskThread "GC Thread#0" [stack: 0x0000005629c00000,0x0000005629d00000] [id=7912]
  0x000001ae6d24b020 GCTaskThread "GC Thread#1" [stack: 0x000000562ae00000,0x000000562af00000] [id=7260]
  0x000001ae6d24b2e0 GCTaskThread "GC Thread#2" [stack: 0x000000562af00000,0x000000562b000000] [id=13412]
  0x000001ae6d1f2030 GCTaskThread "GC Thread#3" [stack: 0x000000562b000000,0x000000562b100000] [id=968]
  0x000001ae6d253e10 GCTaskThread "GC Thread#4" [stack: 0x000000562b100000,0x000000562b200000] [id=7464]
  0x000001ae6d25b160 GCTaskThread "GC Thread#5" [stack: 0x000000562b200000,0x000000562b300000] [id=16040]
  0x000001ae6f5a7c90 GCTaskThread "GC Thread#6" [stack: 0x000000562b300000,0x000000562b400000] [id=1628]
  0x000001ae6f50f840 GCTaskThread "GC Thread#7" [stack: 0x000000562b400000,0x000000562b500000] [id=10976]
  0x000001ae09732240 ConcurrentGCThread "G1 Main Marker" [stack: 0x0000005629d00000,0x0000005629e00000] [id=8728]
  0x000001ae09733c60 ConcurrentGCThread "G1 Conc#0" [stack: 0x0000005629e00000,0x0000005629f00000] [id=9576]
  0x000001ae27cd5030 ConcurrentGCThread "G1 Conc#1" [stack: 0x000000562b600000,0x000000562b700000] [id=10704]
  0x000001ae276c00a0 ConcurrentGCThread "G1 Refine#0" [stack: 0x0000005629f00000,0x000000562a000000] [id=4864]
  0x000001ae6f50fb00 ConcurrentGCThread "G1 Refine#1" [stack: 0x000000562b500000,0x000000562b600000] [id=15668]
  0x000001ae276c10e0 ConcurrentGCThread "G1 Service" [stack: 0x000000562a000000,0x000000562a100000] [id=7704]

Threads with active compile tasks:
C2 CompilerThread0    28178 7660       4       java.lang.invoke.MethodType::makeImpl (109 bytes)

VM state: not at safepoint (normal execution)

VM Mutex/Monitor currently owned by a thread: None

Heap address: 0x0000000081400000, size: 2028 MB, Compressed Oops mode: 32-bit

CDS archive(s) mapped at: [0x000001ae28000000-0x000001ae28bd0000-0x000001ae28bd0000), size 12386304, SharedBaseAddress: 0x000001ae28000000, ArchiveRelocationMode: 1.
Compressed class space mapped at: 0x000001ae29000000-0x000001ae69000000, reserved size: 1073741824
Narrow klass base: 0x000001ae28000000, Narrow klass shift: 0, Narrow klass range: 0x100000000

GC Precious Log:
 CPUs: 8 total, 8 available
 Memory: 8108M
 Large Page Support: Disabled
 NUMA Support: Disabled
 Compressed Oops: Enabled (32-bit)
 Heap Region Size: 1M
 Heap Min Capacity: 8M
 Heap Initial Capacity: 128M
 Heap Max Capacity: 2028M
 Pre-touch: Disabled
 Parallel Workers: 8
 Concurrent Workers: 2
 Concurrent Refinement Workers: 8
 Periodic GC: Disabled

Heap:
 garbage-first heap   total 161792K, used 79454K [0x0000000081400000, 0x0000000100000000)
  region size 1024K, 32 young (32768K), 1 survivors (1024K)
 Metaspace       used 49484K, committed 49792K, reserved 1114112K
  class space    used 5539K, committed 5696K, reserved 1048576K

Heap Regions: E=young(eden), S=young(survivor), O=old, HS=humongous(starts), HC=humongous(continues), CS=collection set, F=free, OA=open archive, CA=closed archive, TAMS=top-at-mark-start (previous, next)
|   0|0x0000000081400000, 0x0000000081500000, 0x0000000081500000|100%|HS|  |TAMS 0x0000000081500000, 0x0000000081400000| Complete 
|   1|0x0000000081500000, 0x0000000081600000, 0x0000000081600000|100%|HC|  |TAMS 0x0000000081600000, 0x0000000081500000| Complete 
|   2|0x0000000081600000, 0x0000000081700000, 0x0000000081700000|100%|HC|  |TAMS 0x0000000081700000, 0x0000000081600000| Complete 
|   3|0x0000000081700000, 0x0000000081800000, 0x0000000081800000|100%| O|  |TAMS 0x0000000081800000, 0x0000000081700000| Untracked 
|   4|0x0000000081800000, 0x0000000081900000, 0x0000000081900000|100%| O|  |TAMS 0x0000000081900000, 0x0000000081800000| Untracked 
|   5|0x0000000081900000, 0x0000000081a00000, 0x0000000081a00000|100%| O|  |TAMS 0x0000000081a00000, 0x0000000081900000| Untracked 
|   6|0x0000000081a00000, 0x0000000081b00000, 0x0000000081b00000|100%| O|  |TAMS 0x0000000081b00000, 0x0000000081a00000| Untracked 
|   7|0x0000000081b00000, 0x0000000081c00000, 0x0000000081c00000|100%| O|  |TAMS 0x0000000081c00000, 0x0000000081b00000| Untracked 
|   8|0x0000000081c00000, 0x0000000081d00000, 0x0000000081d00000|100%| O|  |TAMS 0x0000000081d00000, 0x0000000081c00000| Untracked 
|   9|0x0000000081d00000, 0x0000000081e00000, 0x0000000081e00000|100%| O|  |TAMS 0x0000000081e00000, 0x0000000081d00000| Untracked 
|  10|0x0000000081e00000, 0x0000000081f00000, 0x0000000081f00000|100%| O|  |TAMS 0x0000000081f00000, 0x0000000081e00000| Untracked 
|  11|0x0000000081f00000, 0x0000000082000000, 0x0000000082000000|100%| O|  |TAMS 0x0000000082000000, 0x0000000081f00000| Untracked 
|  12|0x0000000082000000, 0x0000000082100000, 0x0000000082100000|100%| O|  |TAMS 0x0000000082100000, 0x0000000082000000| Untracked 
|  13|0x0000000082100000, 0x0000000082200000, 0x0000000082200000|100%| O|  |TAMS 0x0000000082200000, 0x0000000082100000| Untracked 
|  14|0x0000000082200000, 0x0000000082300000, 0x0000000082300000|100%| O|  |TAMS 0x0000000082300000, 0x0000000082200000| Untracked 
|  15|0x0000000082300000, 0x0000000082400000, 0x0000000082400000|100%| O|  |TAMS 0x0000000082400000, 0x0000000082300000| Untracked 
|  16|0x0000000082400000, 0x0000000082500000, 0x0000000082500000|100%| O|  |TAMS 0x0000000082500000, 0x0000000082400000| Untracked 
|  17|0x0000000082500000, 0x0000000082600000, 0x0000000082600000|100%| O|  |TAMS 0x0000000082500000, 0x0000000082500000| Untracked 
|  18|0x0000000082600000, 0x0000000082700000, 0x0000000082700000|100%| O|  |TAMS 0x0000000082700000, 0x0000000082600000| Untracked 
|  19|0x0000000082700000, 0x0000000082800000, 0x0000000082800000|100%| O|  |TAMS 0x0000000082800000, 0x0000000082700000| Untracked 
|  20|0x0000000082800000, 0x0000000082900000, 0x0000000082900000|100%| O|  |TAMS 0x0000000082900000, 0x0000000082800000| Untracked 
|  21|0x0000000082900000, 0x0000000082a00000, 0x0000000082a00000|100%| O|  |TAMS 0x0000000082a00000, 0x0000000082900000| Untracked 
|  22|0x0000000082a00000, 0x0000000082b00000, 0x0000000082b00000|100%| O|  |TAMS 0x0000000082b00000, 0x0000000082a00000| Untracked 
|  23|0x0000000082b00000, 0x0000000082c00000, 0x0000000082c00000|100%| O|  |TAMS 0x0000000082c00000, 0x0000000082b00000| Untracked 
|  24|0x0000000082c00000, 0x0000000082d00000, 0x0000000082d00000|100%| O|  |TAMS 0x0000000082d00000, 0x0000000082c00000| Untracked 
|  25|0x0000000082d00000, 0x0000000082e00000, 0x0000000082e00000|100%| O|  |TAMS 0x0000000082e00000, 0x0000000082d00000| Untracked 
|  26|0x0000000082e00000, 0x0000000082f00000, 0x0000000082f00000|100%| O|  |TAMS 0x0000000082f00000, 0x0000000082e00000| Untracked 
|  27|0x0000000082f00000, 0x0000000083000000, 0x0000000083000000|100%| O|  |TAMS 0x0000000083000000, 0x0000000082f00000| Untracked 
|  28|0x0000000083000000, 0x0000000083100000, 0x0000000083100000|100%| O|  |TAMS 0x0000000083100000, 0x0000000083000000| Untracked 
|  29|0x0000000083100000, 0x0000000083200000, 0x0000000083200000|100%| O|  |TAMS 0x0000000083200000, 0x0000000083100000| Untracked 
|  30|0x0000000083200000, 0x0000000083300000, 0x0000000083300000|100%| O|  |TAMS 0x0000000083300000, 0x0000000083200000| Untracked 
|  31|0x0000000083300000, 0x0000000083400000, 0x0000000083400000|100%| O|  |TAMS 0x0000000083400000, 0x0000000083300000| Untracked 
|  32|0x0000000083400000, 0x0000000083400000, 0x0000000083500000|  0%| F|  |TAMS 0x0000000083400000, 0x0000000083400000| Untracked 
|  33|0x0000000083500000, 0x0000000083600000, 0x0000000083600000|100%| O|  |TAMS 0x0000000083600000, 0x0000000083500000| Untracked 
|  34|0x0000000083600000, 0x0000000083700000, 0x0000000083700000|100%| O|  |TAMS 0x0000000083700000, 0x0000000083600000| Untracked 
|  35|0x0000000083700000, 0x0000000083800000, 0x0000000083800000|100%| O|  |TAMS 0x0000000083800000, 0x0000000083700000| Untracked 
|  36|0x0000000083800000, 0x0000000083900000, 0x0000000083900000|100%| O|  |TAMS 0x0000000083900000, 0x0000000083800000| Untracked 
|  37|0x0000000083900000, 0x0000000083a00000, 0x0000000083a00000|100%| O|  |TAMS 0x0000000083a00000, 0x0000000083900000| Untracked 
|  38|0x0000000083a00000, 0x0000000083b00000, 0x0000000083b00000|100%| O|  |TAMS 0x0000000083b00000, 0x0000000083a00000| Untracked 
|  39|0x0000000083b00000, 0x0000000083c00000, 0x0000000083c00000|100%| O|  |TAMS 0x0000000083baac00, 0x0000000083b00000| Untracked 
|  40|0x0000000083c00000, 0x0000000083d00000, 0x0000000083d00000|100%| O|  |TAMS 0x0000000083c00000, 0x0000000083c00000| Untracked 
|  41|0x0000000083d00000, 0x0000000083e00000, 0x0000000083e00000|100%| O|  |TAMS 0x0000000083d00000, 0x0000000083d00000| Untracked 
|  42|0x0000000083e00000, 0x0000000083f00000, 0x0000000083f00000|100%| O|  |TAMS 0x0000000083e00000, 0x0000000083e00000| Untracked 
|  43|0x0000000083f00000, 0x0000000084000000, 0x0000000084000000|100%| O|  |TAMS 0x0000000083f00000, 0x0000000083f00000| Untracked 
|  44|0x0000000084000000, 0x0000000084100000, 0x0000000084100000|100%| O|  |TAMS 0x0000000084000000, 0x0000000084000000| Untracked 
|  45|0x0000000084100000, 0x0000000084200000, 0x0000000084200000|100%| O|  |TAMS 0x0000000084100000, 0x0000000084100000| Untracked 
|  46|0x0000000084200000, 0x0000000084300000, 0x0000000084300000|100%| O|  |TAMS 0x0000000084200000, 0x0000000084200000| Untracked 
|  47|0x0000000084300000, 0x0000000084400000, 0x0000000084400000|100%| O|  |TAMS 0x0000000084300000, 0x0000000084300000| Untracked 
|  48|0x0000000084400000, 0x000000008443f800, 0x0000000084500000| 24%| O|  |TAMS 0x0000000084400000, 0x0000000084400000| Untracked 
|  49|0x0000000084500000, 0x0000000084500000, 0x0000000084600000|  0%| F|  |TAMS 0x0000000084500000, 0x0000000084500000| Untracked 
|  50|0x0000000084600000, 0x0000000084600000, 0x0000000084700000|  0%| F|  |TAMS 0x0000000084600000, 0x0000000084600000| Untracked 
|  51|0x0000000084700000, 0x0000000084700000, 0x0000000084800000|  0%| F|  |TAMS 0x0000000084700000, 0x0000000084700000| Untracked 
|  52|0x0000000084800000, 0x0000000084800000, 0x0000000084900000|  0%| F|  |TAMS 0x0000000084800000, 0x0000000084800000| Untracked 
|  53|0x0000000084900000, 0x0000000084900000, 0x0000000084a00000|  0%| F|  |TAMS 0x0000000084900000, 0x0000000084900000| Untracked 
|  54|0x0000000084a00000, 0x0000000084a00000, 0x0000000084b00000|  0%| F|  |TAMS 0x0000000084a00000, 0x0000000084a00000| Untracked 
|  55|0x0000000084b00000, 0x0000000084b00000, 0x0000000084c00000|  0%| F|  |TAMS 0x0000000084b00000, 0x0000000084b00000| Untracked 
|  56|0x0000000084c00000, 0x0000000084c00000, 0x0000000084d00000|  0%| F|  |TAMS 0x0000000084c00000, 0x0000000084c00000| Untracked 
|  57|0x0000000084d00000, 0x0000000084d00000, 0x0000000084e00000|  0%| F|  |TAMS 0x0000000084d00000, 0x0000000084d00000| Untracked 
|  58|0x0000000084e00000, 0x0000000084e00000, 0x0000000084f00000|  0%| F|  |TAMS 0x0000000084e00000, 0x0000000084e00000| Untracked 
|  59|0x0000000084f00000, 0x0000000084f00000, 0x0000000085000000|  0%| F|  |TAMS 0x0000000084f00000, 0x0000000084f00000| Untracked 
|  60|0x0000000085000000, 0x0000000085000000, 0x0000000085100000|  0%| F|  |TAMS 0x0000000085000000, 0x0000000085000000| Untracked 
|  61|0x0000000085100000, 0x0000000085100000, 0x0000000085200000|  0%| F|  |TAMS 0x0000000085100000, 0x0000000085100000| Untracked 
|  62|0x0000000085200000, 0x0000000085200000, 0x0000000085300000|  0%| F|  |TAMS 0x0000000085200000, 0x0000000085200000| Untracked 
|  63|0x0000000085300000, 0x0000000085300000, 0x0000000085400000|  0%| F|  |TAMS 0x0000000085300000, 0x0000000085300000| Untracked 
|  64|0x0000000085400000, 0x0000000085400000, 0x0000000085500000|  0%| F|  |TAMS 0x0000000085400000, 0x0000000085400000| Untracked 
|  65|0x0000000085500000, 0x0000000085500000, 0x0000000085600000|  0%| F|  |TAMS 0x0000000085500000, 0x0000000085500000| Untracked 
|  66|0x0000000085600000, 0x0000000085600000, 0x0000000085700000|  0%| F|  |TAMS 0x0000000085600000, 0x0000000085600000| Untracked 
|  67|0x0000000085700000, 0x0000000085700000, 0x0000000085800000|  0%| F|  |TAMS 0x0000000085700000, 0x0000000085700000| Untracked 
|  68|0x0000000085800000, 0x0000000085800000, 0x0000000085900000|  0%| F|  |TAMS 0x0000000085800000, 0x0000000085800000| Untracked 
|  69|0x0000000085900000, 0x0000000085900000, 0x0000000085a00000|  0%| F|  |TAMS 0x0000000085900000, 0x0000000085900000| Untracked 
|  70|0x0000000085a00000, 0x0000000085a00000, 0x0000000085b00000|  0%| F|  |TAMS 0x0000000085a00000, 0x0000000085a00000| Untracked 
|  71|0x0000000085b00000, 0x0000000085b00000, 0x0000000085c00000|  0%| F|  |TAMS 0x0000000085b00000, 0x0000000085b00000| Untracked 
|  72|0x0000000085c00000, 0x0000000085c00000, 0x0000000085d00000|  0%| F|  |TAMS 0x0000000085c00000, 0x0000000085c00000| Untracked 
|  73|0x0000000085d00000, 0x0000000085d00000, 0x0000000085e00000|  0%| F|  |TAMS 0x0000000085d00000, 0x0000000085d00000| Untracked 
|  74|0x0000000085e00000, 0x0000000085e00000, 0x0000000085f00000|  0%| F|  |TAMS 0x0000000085e00000, 0x0000000085e00000| Untracked 
|  75|0x0000000085f00000, 0x0000000085f00000, 0x0000000086000000|  0%| F|  |TAMS 0x0000000085f00000, 0x0000000085f00000| Untracked 
|  76|0x0000000086000000, 0x0000000086000000, 0x0000000086100000|  0%| F|  |TAMS 0x0000000086000000, 0x0000000086000000| Untracked 
|  77|0x0000000086100000, 0x0000000086100000, 0x0000000086200000|  0%| F|  |TAMS 0x0000000086100000, 0x0000000086100000| Untracked 
|  78|0x0000000086200000, 0x0000000086200000, 0x0000000086300000|  0%| F|  |TAMS 0x0000000086200000, 0x0000000086200000| Untracked 
|  79|0x0000000086300000, 0x0000000086300000, 0x0000000086400000|  0%| F|  |TAMS 0x0000000086300000, 0x0000000086300000| Untracked 
|  80|0x0000000086400000, 0x0000000086400000, 0x0000000086500000|  0%| F|  |TAMS 0x0000000086400000, 0x0000000086400000| Untracked 
|  81|0x0000000086500000, 0x0000000086500000, 0x0000000086600000|  0%| F|  |TAMS 0x0000000086500000, 0x0000000086500000| Untracked 
|  82|0x0000000086600000, 0x0000000086600000, 0x0000000086700000|  0%| F|  |TAMS 0x0000000086600000, 0x0000000086600000| Untracked 
|  83|0x0000000086700000, 0x0000000086700000, 0x0000000086800000|  0%| F|  |TAMS 0x0000000086700000, 0x0000000086700000| Untracked 
|  84|0x0000000086800000, 0x0000000086800000, 0x0000000086900000|  0%| F|  |TAMS 0x0000000086800000, 0x0000000086800000| Untracked 
|  85|0x0000000086900000, 0x0000000086900000, 0x0000000086a00000|  0%| F|  |TAMS 0x0000000086900000, 0x0000000086900000| Untracked 
|  86|0x0000000086a00000, 0x0000000086a00000, 0x0000000086b00000|  0%| F|  |TAMS 0x0000000086a00000, 0x0000000086a00000| Untracked 
|  87|0x0000000086b00000, 0x0000000086b00000, 0x0000000086c00000|  0%| F|  |TAMS 0x0000000086b00000, 0x0000000086b00000| Untracked 
|  88|0x0000000086c00000, 0x0000000086c00000, 0x0000000086d00000|  0%| F|  |TAMS 0x0000000086c00000, 0x0000000086c00000| Untracked 
|  89|0x0000000086d00000, 0x0000000086d00000, 0x0000000086e00000|  0%| F|  |TAMS 0x0000000086d00000, 0x0000000086d00000| Untracked 
|  90|0x0000000086e00000, 0x0000000086e00000, 0x0000000086f00000|  0%| F|  |TAMS 0x0000000086e00000, 0x0000000086e00000| Untracked 
|  91|0x0000000086f00000, 0x0000000086f00000, 0x0000000087000000|  0%| F|  |TAMS 0x0000000086f00000, 0x0000000086f00000| Untracked 
|  92|0x0000000087000000, 0x0000000087000000, 0x0000000087100000|  0%| F|  |TAMS 0x0000000087000000, 0x0000000087000000| Untracked 
|  93|0x0000000087100000, 0x0000000087100000, 0x0000000087200000|  0%| F|  |TAMS 0x0000000087100000, 0x0000000087100000| Untracked 
|  94|0x0000000087200000, 0x0000000087200000, 0x0000000087300000|  0%| F|  |TAMS 0x0000000087200000, 0x0000000087200000| Untracked 
|  95|0x0000000087300000, 0x0000000087300000, 0x0000000087400000|  0%| F|  |TAMS 0x0000000087300000, 0x0000000087300000| Untracked 
|  96|0x0000000087400000, 0x0000000087400000, 0x0000000087500000|  0%| F|  |TAMS 0x0000000087400000, 0x0000000087400000| Untracked 
|  97|0x0000000087500000, 0x0000000087500000, 0x0000000087600000|  0%| F|  |TAMS 0x0000000087500000, 0x0000000087500000| Untracked 
|  98|0x0000000087600000, 0x0000000087600000, 0x0000000087700000|  0%| F|  |TAMS 0x0000000087600000, 0x0000000087600000| Untracked 
|  99|0x0000000087700000, 0x0000000087700000, 0x0000000087800000|  0%| F|  |TAMS 0x0000000087700000, 0x0000000087700000| Untracked 
| 100|0x0000000087800000, 0x0000000087800000, 0x0000000087900000|  0%| F|  |TAMS 0x0000000087800000, 0x0000000087800000| Untracked 
| 101|0x0000000087900000, 0x0000000087900000, 0x0000000087a00000|  0%| F|  |TAMS 0x0000000087900000, 0x0000000087900000| Untracked 
| 102|0x0000000087a00000, 0x0000000087a00000, 0x0000000087b00000|  0%| F|  |TAMS 0x0000000087a00000, 0x0000000087a00000| Untracked 
| 103|0x0000000087b00000, 0x0000000087b58130, 0x0000000087c00000| 34%| S|CS|TAMS 0x0000000087b00000, 0x0000000087b00000| Complete 
| 104|0x0000000087c00000, 0x0000000087c00000, 0x0000000087d00000|  0%| F|  |TAMS 0x0000000087c00000, 0x0000000087c00000| Untracked 
| 105|0x0000000087d00000, 0x0000000087d00000, 0x0000000087e00000|  0%| F|  |TAMS 0x0000000087d00000, 0x0000000087d00000| Untracked 
| 106|0x0000000087e00000, 0x0000000087e00000, 0x0000000087f00000|  0%| F|  |TAMS 0x0000000087e00000, 0x0000000087e00000| Untracked 
| 107|0x0000000087f00000, 0x0000000087f00000, 0x0000000088000000|  0%| F|  |TAMS 0x0000000087f00000, 0x0000000087f00000| Untracked 
| 108|0x0000000088000000, 0x0000000088000000, 0x0000000088100000|  0%| F|  |TAMS 0x0000000088000000, 0x0000000088000000| Untracked 
| 109|0x0000000088100000, 0x0000000088100000, 0x0000000088200000|  0%| F|  |TAMS 0x0000000088100000, 0x0000000088100000| Untracked 
| 110|0x0000000088200000, 0x0000000088200000, 0x0000000088300000|  0%| F|  |TAMS 0x0000000088200000, 0x0000000088200000| Untracked 
| 111|0x0000000088300000, 0x0000000088300000, 0x0000000088400000|  0%| F|  |TAMS 0x0000000088300000, 0x0000000088300000| Untracked 
| 112|0x0000000088400000, 0x0000000088400000, 0x0000000088500000|  0%| F|  |TAMS 0x0000000088400000, 0x0000000088400000| Untracked 
| 113|0x0000000088500000, 0x0000000088500000, 0x0000000088600000|  0%| F|  |TAMS 0x0000000088500000, 0x0000000088500000| Untracked 
| 114|0x0000000088600000, 0x0000000088600000, 0x0000000088700000|  0%| F|  |TAMS 0x0000000088600000, 0x0000000088600000| Untracked 
| 115|0x0000000088700000, 0x0000000088700000, 0x0000000088800000|  0%| F|  |TAMS 0x0000000088700000, 0x0000000088700000| Untracked 
| 116|0x0000000088800000, 0x0000000088800000, 0x0000000088900000|  0%| F|  |TAMS 0x0000000088800000, 0x0000000088800000| Untracked 
| 117|0x0000000088900000, 0x0000000088900000, 0x0000000088a00000|  0%| F|  |TAMS 0x0000000088900000, 0x0000000088900000| Untracked 
| 118|0x0000000088a00000, 0x0000000088a00000, 0x0000000088b00000|  0%| F|  |TAMS 0x0000000088a00000, 0x0000000088a00000| Untracked 
| 119|0x0000000088b00000, 0x0000000088b00000, 0x0000000088c00000|  0%| F|  |TAMS 0x0000000088b00000, 0x0000000088b00000| Untracked 
| 120|0x0000000088c00000, 0x0000000088c00000, 0x0000000088d00000|  0%| F|  |TAMS 0x0000000088c00000, 0x0000000088c00000| Untracked 
| 121|0x0000000088d00000, 0x0000000088d00000, 0x0000000088e00000|  0%| F|  |TAMS 0x0000000088d00000, 0x0000000088d00000| Untracked 
| 122|0x0000000088e00000, 0x0000000088e00000, 0x0000000088f00000|  0%| F|  |TAMS 0x0000000088e00000, 0x0000000088e00000| Untracked 
| 123|0x0000000088f00000, 0x0000000088f00000, 0x0000000089000000|  0%| F|  |TAMS 0x0000000088f00000, 0x0000000088f00000| Untracked 
| 124|0x0000000089000000, 0x0000000089000000, 0x0000000089100000|  0%| F|  |TAMS 0x0000000089000000, 0x0000000089000000| Untracked 
| 125|0x0000000089100000, 0x0000000089100000, 0x0000000089200000|  0%| F|  |TAMS 0x0000000089100000, 0x0000000089100000| Untracked 
| 126|0x0000000089200000, 0x0000000089200000, 0x0000000089300000|  0%| F|  |TAMS 0x0000000089200000, 0x0000000089200000| Untracked 
| 127|0x0000000089300000, 0x0000000089400000, 0x0000000089400000|100%| E|  |TAMS 0x0000000089300000, 0x0000000089300000| Complete 
| 128|0x0000000089400000, 0x0000000089500000, 0x0000000089500000|100%| E|CS|TAMS 0x0000000089400000, 0x0000000089400000| Complete 
| 129|0x0000000089500000, 0x0000000089600000, 0x0000000089600000|100%| E|CS|TAMS 0x0000000089500000, 0x0000000089500000| Complete 
| 130|0x0000000089600000, 0x0000000089700000, 0x0000000089700000|100%| E|CS|TAMS 0x0000000089600000, 0x0000000089600000| Complete 
| 131|0x0000000089700000, 0x0000000089800000, 0x0000000089800000|100%| E|CS|TAMS 0x0000000089700000, 0x0000000089700000| Complete 
| 132|0x0000000089800000, 0x0000000089900000, 0x0000000089900000|100%| E|CS|TAMS 0x0000000089800000, 0x0000000089800000| Complete 
| 133|0x0000000089900000, 0x0000000089a00000, 0x0000000089a00000|100%| E|CS|TAMS 0x0000000089900000, 0x0000000089900000| Complete 
| 134|0x0000000089a00000, 0x0000000089b00000, 0x0000000089b00000|100%| E|CS|TAMS 0x0000000089a00000, 0x0000000089a00000| Complete 
| 135|0x0000000089b00000, 0x0000000089c00000, 0x0000000089c00000|100%| E|CS|TAMS 0x0000000089b00000, 0x0000000089b00000| Complete 
| 136|0x0000000089c00000, 0x0000000089d00000, 0x0000000089d00000|100%| E|CS|TAMS 0x0000000089c00000, 0x0000000089c00000| Complete 
| 137|0x0000000089d00000, 0x0000000089e00000, 0x0000000089e00000|100%| E|CS|TAMS 0x0000000089d00000, 0x0000000089d00000| Complete 
| 138|0x0000000089e00000, 0x0000000089f00000, 0x0000000089f00000|100%| E|CS|TAMS 0x0000000089e00000, 0x0000000089e00000| Complete 
| 139|0x0000000089f00000, 0x000000008a000000, 0x000000008a000000|100%| E|CS|TAMS 0x0000000089f00000, 0x0000000089f00000| Complete 
| 140|0x000000008a000000, 0x000000008a100000, 0x000000008a100000|100%| E|CS|TAMS 0x000000008a000000, 0x000000008a000000| Complete 
| 141|0x000000008a100000, 0x000000008a200000, 0x000000008a200000|100%| E|CS|TAMS 0x000000008a100000, 0x000000008a100000| Complete 
| 142|0x000000008a200000, 0x000000008a300000, 0x000000008a300000|100%| E|CS|TAMS 0x000000008a200000, 0x000000008a200000| Complete 
| 143|0x000000008a300000, 0x000000008a400000, 0x000000008a400000|100%| E|CS|TAMS 0x000000008a300000, 0x000000008a300000| Complete 
| 144|0x000000008a400000, 0x000000008a500000, 0x000000008a500000|100%| E|CS|TAMS 0x000000008a400000, 0x000000008a400000| Complete 
| 145|0x000000008a500000, 0x000000008a600000, 0x000000008a600000|100%| E|CS|TAMS 0x000000008a500000, 0x000000008a500000| Complete 
| 146|0x000000008a600000, 0x000000008a700000, 0x000000008a700000|100%| E|CS|TAMS 0x000000008a600000, 0x000000008a600000| Complete 
| 147|0x000000008a700000, 0x000000008a800000, 0x000000008a800000|100%| E|CS|TAMS 0x000000008a700000, 0x000000008a700000| Complete 
| 148|0x000000008a800000, 0x000000008a900000, 0x000000008a900000|100%| E|CS|TAMS 0x000000008a800000, 0x000000008a800000| Complete 
| 149|0x000000008a900000, 0x000000008aa00000, 0x000000008aa00000|100%| E|CS|TAMS 0x000000008a900000, 0x000000008a900000| Complete 
| 150|0x000000008aa00000, 0x000000008ab00000, 0x000000008ab00000|100%| E|CS|TAMS 0x000000008aa00000, 0x000000008aa00000| Complete 
| 151|0x000000008ab00000, 0x000000008ac00000, 0x000000008ac00000|100%| E|CS|TAMS 0x000000008ab00000, 0x000000008ab00000| Complete 
| 152|0x000000008ac00000, 0x000000008ad00000, 0x000000008ad00000|100%| E|CS|TAMS 0x000000008ac00000, 0x000000008ac00000| Complete 
| 153|0x000000008ad00000, 0x000000008ae00000, 0x000000008ae00000|100%| E|CS|TAMS 0x000000008ad00000, 0x000000008ad00000| Complete 
| 154|0x000000008ae00000, 0x000000008af00000, 0x000000008af00000|100%| E|CS|TAMS 0x000000008ae00000, 0x000000008ae00000| Complete 
| 155|0x000000008af00000, 0x000000008b000000, 0x000000008b000000|100%| E|CS|TAMS 0x000000008af00000, 0x000000008af00000| Complete 
| 156|0x000000008b000000, 0x000000008b100000, 0x000000008b100000|100%| E|CS|TAMS 0x000000008b000000, 0x000000008b000000| Complete 
| 157|0x000000008b100000, 0x000000008b200000, 0x000000008b200000|100%| E|CS|TAMS 0x000000008b100000, 0x000000008b100000| Complete 

Card table byte_map: [0x000001ae206c0000,0x000001ae20ac0000] _byte_map_base: 0x000001ae202b6000

Marking Bits (Prev, Next): (CMBitMap*) 0x000001ae09721b90, (CMBitMap*) 0x000001ae09721bd0
 Prev Bits: [0x000001ae20ec0000, 0x000001ae22e70000)
 Next Bits: [0x000001ae22e70000, 0x000001ae24e20000)

Polling page: 0x000001ae07680000

Metaspace:

Usage:
  Non-class:     42.92 MB used.
      Class:      5.41 MB used.
       Both:     48.32 MB used.

Virtual space:
  Non-class space:       64.00 MB reserved,      43.06 MB ( 67%) committed,  1 nodes.
      Class space:        1.00 GB reserved,       5.56 MB ( <1%) committed,  1 nodes.
             Both:        1.06 GB reserved,      48.62 MB (  4%) committed. 

Chunk freelists:
   Non-Class:  3.59 MB
       Class:  10.47 MB
        Both:  14.06 MB

MaxMetaspaceSize: unlimited
CompressedClassSpaceSize: 1.00 GB
Initial GC threshold: 21.00 MB
Current GC threshold: 72.62 MB
CDS: on
MetaspaceReclaimPolicy: balanced
 - commit_granule_bytes: 65536.
 - commit_granule_words: 8192.
 - virtual_space_node_default_size: 8388608.
 - enlarge_chunks_in_place: 1.
 - new_chunks_are_fully_committed: 0.
 - uncommit_free_chunks: 1.
 - use_allocation_guard: 0.
 - handle_deallocations: 1.


Internal statistics:

num_allocs_failed_limit: 8.
num_arena_births: 276.
num_arena_deaths: 0.
num_vsnodes_births: 2.
num_vsnodes_deaths: 0.
num_space_committed: 777.
num_space_uncommitted: 0.
num_chunks_returned_to_freelist: 8.
num_chunks_taken_from_freelist: 2007.
num_chunk_merges: 8.
num_chunk_splits: 1619.
num_chunks_enlarged: 1457.
num_inconsistent_stats: 0.

CodeHeap 'non-profiled nmethods': size=120000Kb used=3076Kb max_used=3076Kb free=116923Kb
 bounds [0x000001ae18a60000, 0x000001ae18d70000, 0x000001ae1ff90000]
CodeHeap 'profiled nmethods': size=120000Kb used=22818Kb max_used=22818Kb free=97181Kb
 bounds [0x000001ae10f90000, 0x000001ae125e0000, 0x000001ae184c0000]
CodeHeap 'non-nmethods': size=5760Kb used=1361Kb max_used=1398Kb free=4398Kb
 bounds [0x000001ae184c0000, 0x000001ae18730000, 0x000001ae18a60000]
 total_blobs=7732 nmethods=7042 adapters=601
 compilation: enabled
              stopped_count=0, restarted_count=0
 full_count=0

Compilation events (20 events):
Event: 27.952 Thread 0x000001ae27828d00 7767       3       org.jetbrains.kotlin.load.java.typeEnhancement.AbstractSignatureParts::mostSpecific (84 bytes)
Event: 27.953 Thread 0x000001ae27828d00 nmethod 7767 0x000001ae125cfd90 code [0x000001ae125cffa0, 0x000001ae125d04f8]
Event: 27.953 Thread 0x000001ae27828d00 7772       3       org.jetbrains.kotlin.fir.analysis.jvm.checkers.expression.FirFieldAccessShadowedByInvisibleKotlinProperty::check (11 bytes)
Event: 27.954 Thread 0x000001ae27828d00 nmethod 7772 0x000001ae125d0690 code [0x000001ae125d09c0, 0x000001ae125d1ac8]
Event: 27.954 Thread 0x000001ae27828d00 7773       3       org.jetbrains.kotlin.fir.analysis.jvm.checkers.expression.FirFieldAccessShadowedByInvisibleKotlinProperty::check (28 bytes)
Event: 27.955 Thread 0x000001ae27828d00 nmethod 7773 0x000001ae125d2090 code [0x000001ae125d23a0, 0x000001ae125d3328]
Event: 27.955 Thread 0x000001ae27828d00 7770       3       org.jetbrains.kotlin.fir.java.enhancement.EnhancedForWarningConeSubstitutor::<init> (12 bytes)
Event: 27.956 Thread 0x000001ae27828d00 nmethod 7770 0x000001ae125d3910 code [0x000001ae125d3bc0, 0x000001ae125d4798]
Event: 27.956 Thread 0x000001ae27828d00 7774       1       org.jetbrains.kotlin.fir.analysis.checkers.context.MutableCheckerContext::setLambdaBodyContext (6 bytes)
Event: 27.957 Thread 0x000001ae27828d00 nmethod 7774 0x000001ae18d60490 code [0x000001ae18d60620, 0x000001ae18d60738]
Event: 27.957 Thread 0x000001ae27828d00 7775       1       org.jetbrains.kotlin.fir.expressions.impl.FirSamConversionExpressionImpl::getAnnotations-5e3fPpI (5 bytes)
Event: 27.957 Thread 0x000001ae27828d00 nmethod 7775 0x000001ae18d60790 code [0x000001ae18d60920, 0x000001ae18d609f8]
Event: 27.957 Thread 0x000001ae27828d00 7765       3       org.jetbrains.kotlin.fir.declarations.builder.FirSimpleFunctionBuilder::build (8 bytes)
Event: 27.957 Thread 0x000001ae27828d00 nmethod 7765 0x000001ae125d4b90 code [0x000001ae125d4d40, 0x000001ae125d4e88]
Event: 27.957 Thread 0x000001ae27828d00 7768       3       org.jetbrains.kotlin.load.java.structure.impl.classFiles.BinaryClassSignatureParser$$Lambda$356/0x000001ae2942ed88::invoke (12 bytes)
Event: 27.957 Thread 0x000001ae27828d00 nmethod 7768 0x000001ae125d4f10 code [0x000001ae125d50c0, 0x000001ae125d5268]
Event: 27.957 Thread 0x000001ae27828d00 7769       3       org.jetbrains.kotlin.load.java.structure.impl.classFiles.BinaryClassSignatureParser::parseParameterizedClassRefSignature$lambda$1 (6 bytes)
Event: 27.957 Thread 0x000001ae27828d00 nmethod 7769 0x000001ae125d5390 code [0x000001ae125d5520, 0x000001ae125d5648]
Event: 27.957 Thread 0x000001ae27828d00 7771       1       org.jetbrains.kotlin.fir.analysis.checkers.FirDeclarationCollector::getDeclarationConflictingSymbols (5 bytes)
Event: 27.965 Thread 0x000001ae27828d00 nmethod 7771 0x000001ae18d60a90 code [0x000001ae18d60c20, 0x000001ae18d60cf8]

GC Heap History (20 events):
Event: 16.128 GC heap before
{Heap before GC invocations=8 (full 0):
 garbage-first heap   total 51200K, used 21942K [0x0000000081400000, 0x0000000100000000)
  region size 1024K, 6 young (6144K), 2 survivors (2048K)
 Metaspace       used 35743K, committed 35968K, reserved 1114112K
  class space    used 4289K, committed 4416K, reserved 1048576K
}
Event: 16.135 GC heap after
{Heap after GC invocations=9 (full 0):
 garbage-first heap   total 51200K, used 19016K [0x0000000081400000, 0x0000000100000000)
  region size 1024K, 2 young (2048K), 2 survivors (2048K)
 Metaspace       used 35743K, committed 35968K, reserved 1114112K
  class space    used 4289K, committed 4416K, reserved 1048576K
}
Event: 16.586 GC heap before
{Heap before GC invocations=10 (full 0):
 garbage-first heap   total 51200K, used 38472K [0x0000000081400000, 0x0000000100000000)
  region size 1024K, 21 young (21504K), 2 survivors (2048K)
 Metaspace       used 36350K, committed 36608K, reserved 1114112K
  class space    used 4354K, committed 4480K, reserved 1048576K
}
Event: 16.601 GC heap after
{Heap after GC invocations=11 (full 0):
 garbage-first heap   total 51200K, used 25946K [0x0000000081400000, 0x0000000100000000)
  region size 1024K, 3 young (3072K), 3 survivors (3072K)
 Metaspace       used 36350K, committed 36608K, reserved 1114112K
  class space    used 4354K, committed 4480K, reserved 1048576K
}
Event: 16.621 GC heap before
{Heap before GC invocations=11 (full 0):
 garbage-first heap   total 51200K, used 26970K [0x0000000081400000, 0x0000000100000000)
  region size 1024K, 4 young (4096K), 3 survivors (3072K)
 Metaspace       used 36353K, committed 36608K, reserved 1114112K
  class space    used 4354K, committed 4480K, reserved 1048576K
}
Event: 16.631 GC heap after
{Heap after GC invocations=12 (full 0):
 garbage-first heap   total 73728K, used 26761K [0x0000000081400000, 0x0000000100000000)
  region size 1024K, 1 young (1024K), 1 survivors (1024K)
 Metaspace       used 36353K, committed 36608K, reserved 1114112K
  class space    used 4354K, committed 4480K, reserved 1048576K
}
Event: 17.116 GC heap before
{Heap before GC invocations=12 (full 0):
 garbage-first heap   total 73728K, used 51337K [0x0000000081400000, 0x0000000100000000)
  region size 1024K, 26 young (26624K), 1 survivors (1024K)
 Metaspace       used 38423K, committed 38720K, reserved 1114112K
  class space    used 4588K, committed 4736K, reserved 1048576K
}
Event: 17.132 GC heap after
{Heap after GC invocations=13 (full 0):
 garbage-first heap   total 73728K, used 33136K [0x0000000081400000, 0x0000000100000000)
  region size 1024K, 4 young (4096K), 4 survivors (4096K)
 Metaspace       used 38423K, committed 38720K, reserved 1114112K
  class space    used 4588K, committed 4736K, reserved 1048576K
}
Event: 18.607 GC heap before
{Heap before GC invocations=13 (full 0):
 garbage-first heap   total 73728K, used 51568K [0x0000000081400000, 0x0000000100000000)
  region size 1024K, 23 young (23552K), 4 survivors (4096K)
 Metaspace       used 42086K, committed 42368K, reserved 1114112K
  class space    used 4989K, committed 5120K, reserved 1048576K
}
Event: 18.621 GC heap after
{Heap after GC invocations=14 (full 0):
 garbage-first heap   total 73728K, used 35687K [0x0000000081400000, 0x0000000100000000)
  region size 1024K, 3 young (3072K), 3 survivors (3072K)
 Metaspace       used 42086K, committed 42368K, reserved 1114112K
  class space    used 4989K, committed 5120K, reserved 1048576K
}
Event: 20.653 GC heap before
{Heap before GC invocations=14 (full 0):
 garbage-first heap   total 73728K, used 54119K [0x0000000081400000, 0x0000000100000000)
  region size 1024K, 21 young (21504K), 3 survivors (3072K)
 Metaspace       used 43354K, committed 43712K, reserved 1114112K
  class space    used 5084K, committed 5248K, reserved 1048576K
}
Event: 20.674 GC heap after
{Heap after GC invocations=15 (full 0):
 garbage-first heap   total 73728K, used 39936K [0x0000000081400000, 0x0000000100000000)
  region size 1024K, 3 young (3072K), 3 survivors (3072K)
 Metaspace       used 43354K, committed 43712K, reserved 1114112K
  class space    used 5084K, committed 5248K, reserved 1048576K
}
Event: 21.849 GC heap before
{Heap before GC invocations=16 (full 0):
 garbage-first heap   total 73728K, used 55296K [0x0000000081400000, 0x0000000100000000)
  region size 1024K, 18 young (18432K), 3 survivors (3072K)
 Metaspace       used 44076K, committed 44352K, reserved 1114112K
  class space    used 5116K, committed 5248K, reserved 1048576K
}
Event: 21.873 GC heap after
{Heap after GC invocations=17 (full 0):
 garbage-first heap   total 73728K, used 43691K [0x0000000081400000, 0x0000000100000000)
  region size 1024K, 3 young (3072K), 3 survivors (3072K)
 Metaspace       used 44076K, committed 44352K, reserved 1114112K
  class space    used 5116K, committed 5248K, reserved 1048576K
}
Event: 22.850 GC heap before
{Heap before GC invocations=17 (full 0):
 garbage-first heap   total 73728K, used 57003K [0x0000000081400000, 0x0000000100000000)
  region size 1024K, 16 young (16384K), 3 survivors (3072K)
 Metaspace       used 44303K, committed 44608K, reserved 1114112K
  class space    used 5126K, committed 5248K, reserved 1048576K
}
Event: 22.866 GC heap after
{Heap after GC invocations=18 (full 0):
 garbage-first heap   total 73728K, used 47448K [0x0000000081400000, 0x0000000100000000)
  region size 1024K, 2 young (2048K), 2 survivors (2048K)
 Metaspace       used 44303K, committed 44608K, reserved 1114112K
  class space    used 5126K, committed 5248K, reserved 1048576K
}
Event: 23.743 GC heap before
{Heap before GC invocations=19 (full 0):
 garbage-first heap   total 80896K, used 56664K [0x0000000081400000, 0x0000000100000000)
  region size 1024K, 12 young (12288K), 2 survivors (2048K)
 Metaspace       used 44693K, committed 44992K, reserved 1114112K
  class space    used 5138K, committed 5312K, reserved 1048576K
}
Event: 23.758 GC heap after
{Heap after GC invocations=20 (full 0):
 garbage-first heap   total 80896K, used 48826K [0x0000000081400000, 0x0000000100000000)
  region size 1024K, 2 young (2048K), 2 survivors (2048K)
 Metaspace       used 44693K, committed 44992K, reserved 1114112K
  class space    used 5138K, committed 5312K, reserved 1048576K
}
Event: 23.882 GC heap before
{Heap before GC invocations=20 (full 0):
 garbage-first heap   total 80896K, used 49850K [0x0000000081400000, 0x0000000100000000)
  region size 1024K, 3 young (3072K), 2 survivors (2048K)
 Metaspace       used 44724K, committed 45056K, reserved 1114112K
  class space    used 5138K, committed 5312K, reserved 1048576K
}
Event: 23.893 GC heap after
{Heap after GC invocations=21 (full 0):
 garbage-first heap   total 161792K, used 48734K [0x0000000081400000, 0x0000000100000000)
  region size 1024K, 1 young (1024K), 1 survivors (1024K)
 Metaspace       used 44724K, committed 45056K, reserved 1114112K
  class space    used 5138K, committed 5312K, reserved 1048576K
}

Deoptimization events (20 events):
Event: 27.011 Thread 0x000001ae096ca400 DEOPT PACKING pc=0x000001ae18d45148 sp=0x0000005629bfc3c0
Event: 27.011 Thread 0x000001ae096ca400 DEOPT UNPACKING pc=0x000001ae185123a3 sp=0x0000005629bfc3a0 mode 2
Event: 27.011 Thread 0x000001ae096ca400 Uncommon trap: trap_request=0xffffffbe fr.pc=0x000001ae18d45148 relative=0x0000000000000c28
Event: 27.011 Thread 0x000001ae096ca400 Uncommon trap: reason=profile_predicate action=maybe_recompile pc=0x000001ae18d45148 method=org.jetbrains.kotlin.fir.types.ConeBuiltinTypeUtilsKt.isArrayType(Lorg/jetbrains/kotlin/fir/types/ConeKotlinType;Ljava/lang/Boolean;)Z @ 69 c2
Event: 27.012 Thread 0x000001ae096ca400 DEOPT PACKING pc=0x000001ae18d45148 sp=0x0000005629bfc550
Event: 27.012 Thread 0x000001ae096ca400 DEOPT UNPACKING pc=0x000001ae185123a3 sp=0x0000005629bfc530 mode 2
Event: 27.012 Thread 0x000001ae096ca400 Uncommon trap: trap_request=0xffffffbe fr.pc=0x000001ae18d45148 relative=0x0000000000000c28
Event: 27.012 Thread 0x000001ae096ca400 Uncommon trap: reason=profile_predicate action=maybe_recompile pc=0x000001ae18d45148 method=org.jetbrains.kotlin.fir.types.ConeBuiltinTypeUtilsKt.isArrayType(Lorg/jetbrains/kotlin/fir/types/ConeKotlinType;Ljava/lang/Boolean;)Z @ 69 c2
Event: 27.012 Thread 0x000001ae096ca400 DEOPT PACKING pc=0x000001ae18d45148 sp=0x0000005629bfc490
Event: 27.012 Thread 0x000001ae096ca400 DEOPT UNPACKING pc=0x000001ae185123a3 sp=0x0000005629bfc470 mode 2
Event: 27.093 Thread 0x000001ae096ca400 Uncommon trap: trap_request=0xffffffbe fr.pc=0x000001ae18d48fd8 relative=0x0000000000000c38
Event: 27.093 Thread 0x000001ae096ca400 Uncommon trap: reason=profile_predicate action=maybe_recompile pc=0x000001ae18d48fd8 method=org.jetbrains.kotlin.fir.types.ConeBuiltinTypeUtilsKt.isArrayType(Lorg/jetbrains/kotlin/fir/types/ConeKotlinType;Ljava/lang/Boolean;)Z @ 164 c2
Event: 27.093 Thread 0x000001ae096ca400 DEOPT PACKING pc=0x000001ae18d48fd8 sp=0x0000005629bf7eb0
Event: 27.093 Thread 0x000001ae096ca400 DEOPT UNPACKING pc=0x000001ae185123a3 sp=0x0000005629bf7e90 mode 2
Event: 27.093 Thread 0x000001ae096ca400 Uncommon trap: trap_request=0xffffffbe fr.pc=0x000001ae18d48fd8 relative=0x0000000000000c38
Event: 27.093 Thread 0x000001ae096ca400 Uncommon trap: reason=profile_predicate action=maybe_recompile pc=0x000001ae18d48fd8 method=org.jetbrains.kotlin.fir.types.ConeBuiltinTypeUtilsKt.isArrayType(Lorg/jetbrains/kotlin/fir/types/ConeKotlinType;Ljava/lang/Boolean;)Z @ 164 c2
Event: 27.093 Thread 0x000001ae096ca400 DEOPT PACKING pc=0x000001ae18d48fd8 sp=0x0000005629bf7f10
Event: 27.093 Thread 0x000001ae096ca400 DEOPT UNPACKING pc=0x000001ae185123a3 sp=0x0000005629bf7ef0 mode 2
Event: 27.696 Thread 0x000001ae096ca400 DEOPT PACKING pc=0x000001ae1110ec23 sp=0x0000005629bfc7d0
Event: 27.696 Thread 0x000001ae096ca400 DEOPT UNPACKING pc=0x000001ae18512b43 sp=0x0000005629bfbc40 mode 0

Classes unloaded (0 events):
No events

Classes redefined (0 events):
No events

Internal exceptions (20 events):
Event: 17.207 Thread 0x000001ae096ca400 Exception <a 'java/lang/NoSuchMethodError'{0x000000008793e780}: 'java.lang.Object java.lang.invoke.DirectMethodHandle$Holder.invokeSpecial(java.lang.Object, java.lang.Object, int, java.lang.Object, java.lang.Object)'> (0x000000008793e780) 
thrown [s\open\src\hotspot\share\interpreter\linkResolver.cpp, line 759]
Event: 17.360 Thread 0x000001ae096ca400 Exception <a 'java/lang/NoSuchMethodError'{0x000000008757f0f0}: 'java.lang.Object java.lang.invoke.DirectMethodHandle$Holder.newInvokeSpecial(java.lang.Object, java.lang.Object, java.lang.Object, java.lang.Object, java.lang.Object, java.lang.Object, java.lang.Object, java.lang.Object, java.lang.Object)'> (0x000000008757f0f0) 
thrown [s\open\src\hotspot\share\interpreter\linkResolver.cpp, line 759]
Event: 17.360 Thread 0x000001ae096ca400 Exception <a 'java/lang/NoSuchMethodError'{0x00000000875849b0}: 'java.lang.Object java.lang.invoke.DirectMethodHandle$Holder.invokeSpecial(java.lang.Object, java.lang.Object, java.lang.Object, java.lang.Object, java.lang.Object, java.lang.Object, java.lang.Object, java.lang.Object, java.lang.Object, java.lang.Object)'> (0x00000000875849b0) 
thrown [s\open\src\hotspot\share\interpreter\linkResolver.cpp, line 759]
Event: 17.361 Thread 0x000001ae096ca400 Exception <a 'java/lang/NoSuchMethodError'{0x0000000087589220}: 'java.lang.Object java.lang.invoke.Invokers$Holder.linkToTargetMethod(java.lang.Object, java.lang.Object, java.lang.Object, java.lang.Object, java.lang.Object, java.lang.Object, java.lang.Object, java.lang.Object, java.lang.Object)'> (0x0000000087589220) 
thrown [s\open\src\hotspot\share\interpreter\linkResolver.cpp, line 759]
Event: 18.370 Thread 0x000001ae096ca400 Exception <a 'java/lang/NoSuchMethodError'{0x0000000084c8af10}: 'java.lang.Object java.lang.invoke.DirectMethodHandle$Holder.invokeStatic(java.lang.Object, java.lang.Object, java.lang.Object, int, java.lang.Object, java.lang.Object)'> (0x0000000084c8af10) 
thrown [s\open\src\hotspot\share\interpreter\linkResolver.cpp, line 759]
Event: 18.393 Thread 0x000001ae096ca400 Exception <a 'java/lang/NoSuchMethodError'{0x0000000084cc0bb0}: 'java.lang.Object java.lang.invoke.DirectMethodHandle$Holder.newInvokeSpecial(java.lang.Object, java.lang.Object, java.lang.Object, java.lang.Object, java.lang.Object, int)'> (0x0000000084cc0bb0) 
thrown [s\open\src\hotspot\share\interpreter\linkResolver.cpp, line 759]
Event: 18.394 Thread 0x000001ae096ca400 Exception <a 'java/lang/NoSuchMethodError'{0x0000000084cc5810}: 'java.lang.Object java.lang.invoke.DirectMethodHandle$Holder.invokeSpecial(java.lang.Object, java.lang.Object, java.lang.Object, java.lang.Object, java.lang.Object, java.lang.Object, int)'> (0x0000000084cc5810) 
thrown [s\open\src\hotspot\share\interpreter\linkResolver.cpp, line 759]
Event: 18.394 Thread 0x000001ae096ca400 Exception <a 'java/lang/NoSuchMethodError'{0x0000000084cc9df8}: 'java.lang.Object java.lang.invoke.Invokers$Holder.linkToTargetMethod(java.lang.Object, java.lang.Object, java.lang.Object, java.lang.Object, int, java.lang.Object)'> (0x0000000084cc9df8) 
thrown [s\open\src\hotspot\share\interpreter\linkResolver.cpp, line 759]
Event: 18.942 Thread 0x000001ae096ca400 Exception <a 'java/lang/NoSuchMethodError'{0x0000000087a29428}: 'java.lang.Object java.lang.invoke.DirectMethodHandle$Holder.invokeStatic(java.lang.Object, int, java.lang.Object)'> (0x0000000087a29428) 
thrown [s\open\src\hotspot\share\interpreter\linkResolver.cpp, line 759]
Event: 20.706 Thread 0x000001ae096ca400 Exception <a 'java/lang/NoSuchMethodError'{0x0000000087b02a30}: 'java.lang.Object java.lang.invoke.DirectMethodHandle$Holder.invokeStatic(java.lang.Object, int, java.lang.Object, java.lang.Object)'> (0x0000000087b02a30) 
thrown [s\open\src\hotspot\share\interpreter\linkResolver.cpp, line 759]
Event: 21.373 Thread 0x000001ae096ca400 Exception <a 'java/lang/NoSuchMethodError'{0x0000000085047ad8}: 'java.lang.Object java.lang.invoke.DirectMethodHandle$Holder.newInvokeSpecial(java.lang.Object, java.lang.Object, java.lang.Object, java.lang.Object, java.lang.Object, java.lang.Object, int)'> (0x0000000085047ad8) 
thrown [s\open\src\hotspot\share\interpreter\linkResolver.cpp, line 759]
Event: 21.374 Thread 0x000001ae096ca400 Exception <a 'java/lang/NoSuchMethodError'{0x000000008504d5b8}: 'java.lang.Object java.lang.invoke.DirectMethodHandle$Holder.invokeSpecial(java.lang.Object, java.lang.Object, java.lang.Object, java.lang.Object, java.lang.Object, java.lang.Object, java.lang.Object, int)'> (0x000000008504d5b8) 
thrown [s\open\src\hotspot\share\interpreter\linkResolver.cpp, line 759]
Event: 23.899 Thread 0x000001ae096ca400 Exception <a 'java/lang/NoSuchMethodError'{0x000000008b119df8}: 'java.lang.Object java.lang.invoke.DirectMethodHandle$Holder.newInvokeSpecial(java.lang.Object, int, java.lang.Object, java.lang.Object, java.lang.Object)'> (0x000000008b119df8) 
thrown [s\open\src\hotspot\share\interpreter\linkResolver.cpp, line 759]
Event: 23.901 Thread 0x000001ae096ca400 Exception <a 'java/lang/NoSuchMethodError'{0x000000008b121c20}: 'java.lang.Object java.lang.invoke.Invokers$Holder.linkToTargetMethod(int, java.lang.Object, java.lang.Object, java.lang.Object, java.lang.Object)'> (0x000000008b121c20) 
thrown [s\open\src\hotspot\share\interpreter\linkResolver.cpp, line 759]
Event: 25.594 Thread 0x000001ae096ca400 Exception <a 'java/lang/NoSuchMethodError'{0x0000000089f1d4f0}: 'java.lang.Object java.lang.invoke.DirectMethodHandle$Holder.invokeStaticInit(java.lang.Object, int, int, java.lang.Object)'> (0x0000000089f1d4f0) 
thrown [s\open\src\hotspot\share\interpreter\linkResolver.cpp, line 759]
Event: 25.664 Thread 0x000001ae096ca400 Implicit null exception at 0x000001ae18c25ed5 to 0x000001ae18c260b4
Event: 25.835 Thread 0x000001ae096ca400 Implicit null exception at 0x000001ae18b2144c to 0x000001ae18b21540
Event: 27.709 Thread 0x000001ae096ca400 Exception <a 'java/lang/NoSuchMethodError'{0x0000000089829708}: 'java.lang.Object java.lang.invoke.DirectMethodHandle$Holder.newInvokeSpecial(java.lang.Object, java.lang.Object, int, java.lang.Object, java.lang.Object, java.lang.Object)'> (0x0000000089829708) 
thrown [s\open\src\hotspot\share\interpreter\linkResolver.cpp, line 759]
Event: 27.710 Thread 0x000001ae096ca400 Exception <a 'java/lang/NoSuchMethodError'{0x000000008982da78}: 'java.lang.Object java.lang.invoke.DirectMethodHandle$Holder.invokeSpecial(java.lang.Object, java.lang.Object, java.lang.Object, int, java.lang.Object, java.lang.Object, java.lang.Object)'> (0x000000008982da78) 
thrown [s\open\src\hotspot\share\interpreter\linkResolver.cpp, line 759]
Event: 27.711 Thread 0x000001ae096ca400 Exception <a 'java/lang/NoSuchMethodError'{0x0000000089831358}: 'java.lang.Object java.lang.invoke.Invokers$Holder.linkToTargetMethod(java.lang.Object, int, java.lang.Object, java.lang.Object, java.lang.Object, java.lang.Object)'> (0x0000000089831358) 
thrown [s\open\src\hotspot\share\interpreter\linkResolver.cpp, line 759]

VM Operations (20 events):
Event: 24.809 Executing VM operation: ICBufferFull
Event: 24.810 Executing VM operation: ICBufferFull done
Event: 24.824 Executing VM operation: HandshakeAllThreads
Event: 24.824 Executing VM operation: HandshakeAllThreads done
Event: 24.826 Executing VM operation: HandshakeAllThreads
Event: 24.826 Executing VM operation: HandshakeAllThreads done
Event: 25.196 Executing VM operation: HandshakeAllThreads
Event: 25.196 Executing VM operation: HandshakeAllThreads done
Event: 25.726 Executing VM operation: HandshakeAllThreads
Event: 25.726 Executing VM operation: HandshakeAllThreads done
Event: 25.855 Executing VM operation: ICBufferFull
Event: 25.855 Executing VM operation: ICBufferFull done
Event: 26.321 Executing VM operation: ICBufferFull
Event: 26.322 Executing VM operation: ICBufferFull done
Event: 27.070 Executing VM operation: ICBufferFull
Event: 27.087 Executing VM operation: ICBufferFull done
Event: 27.687 Executing VM operation: ICBufferFull
Event: 27.687 Executing VM operation: ICBufferFull done
Event: 27.830 Executing VM operation: HandshakeAllThreads
Event: 27.830 Executing VM operation: HandshakeAllThreads done

Events (20 events):
Event: 21.176 Thread 0x000001ae2789e9b0 flushing nmethod 0x000001ae11c5f690
Event: 21.177 Thread 0x000001ae2789e9b0 flushing nmethod 0x000001ae11d21310
Event: 21.177 Thread 0x000001ae2789e9b0 flushing nmethod 0x000001ae11d21e10
Event: 21.177 Thread 0x000001ae2789e9b0 flushing nmethod 0x000001ae11d7ee10
Event: 21.894 Thread 0x000001ae71f41df0 Thread added: 0x000001ae71f41df0
Event: 22.750 loading class java/lang/Short$ShortCache
Event: 22.750 loading class java/lang/Short$ShortCache done
Event: 23.358 Thread 0x000001ae71f41df0 Thread exited: 0x000001ae71f41df0
Event: 25.062 loading class java/text/MessageFormat
Event: 25.069 loading class java/text/MessageFormat done
Event: 25.182 loading class java/text/ChoiceFormat
Event: 25.194 loading class java/text/ChoiceFormat done
Event: 25.664 loading class java/util/EnumMap$EntrySet
Event: 25.664 loading class java/util/EnumMap$EntrySet done
Event: 25.664 loading class java/util/EnumMap$EntryIterator
Event: 25.664 loading class java/util/EnumMap$EnumMapIterator
Event: 25.664 loading class java/util/EnumMap$EnumMapIterator done
Event: 25.664 loading class java/util/EnumMap$EntryIterator done
Event: 25.664 loading class java/util/EnumMap$EntryIterator$Entry
Event: 25.664 loading class java/util/EnumMap$EntryIterator$Entry done


Dynamic libraries:
0x00007ff613ae0000 - 0x00007ff613af0000 	D:\java\jdk-17\bin\java.exe
0x00007ffe63190000 - 0x00007ffe63388000 	C:\Windows\SYSTEM32\ntdll.dll
0x00007ffe61c80000 - 0x00007ffe61d42000 	C:\Windows\System32\KERNEL32.DLL
0x00007ffe60d60000 - 0x00007ffe61056000 	C:\Windows\System32\KERNELBASE.dll
0x00007ffe60c10000 - 0x00007ffe60d10000 	C:\Windows\System32\ucrtbase.dll
0x00007ffe3ccb0000 - 0x00007ffe3ccc9000 	D:\java\jdk-17\bin\jli.dll
0x00007ffe61eb0000 - 0x00007ffe61f61000 	C:\Windows\System32\ADVAPI32.dll
0x00007ffe630b0000 - 0x00007ffe6314e000 	C:\Windows\System32\msvcrt.dll
0x00007ffe62640000 - 0x00007ffe626df000 	C:\Windows\System32\sechost.dll
0x00007ffe62520000 - 0x00007ffe62640000 	C:\Windows\System32\RPCRT4.dll
0x00007ffe60970000 - 0x00007ffe60997000 	C:\Windows\System32\bcrypt.dll
0x00007ffe43fb0000 - 0x00007ffe43fcb000 	D:\java\jdk-17\bin\VCRUNTIME140.dll
0x00007ffe62f00000 - 0x00007ffe630a1000 	C:\Windows\System32\USER32.dll
0x00007ffe61060000 - 0x00007ffe61082000 	C:\Windows\System32\win32u.dll
0x00007ffe61d60000 - 0x00007ffe61d8b000 	C:\Windows\System32\GDI32.dll
0x00007ffe61090000 - 0x00007ffe611a9000 	C:\Windows\System32\gdi32full.dll
0x00007ffe608d0000 - 0x00007ffe6096d000 	C:\Windows\System32\msvcp_win.dll
0x00007ffe5ac30000 - 0x00007ffe5ac3a000 	C:\Windows\SYSTEM32\VERSION.dll
0x00007ffe51690000 - 0x00007ffe5192b000 	C:\Windows\WinSxS\amd64_microsoft.windows.common-controls_6595b64144ccf1df_6.0.19041.6456_none_60b8a6cb71f64256\COMCTL32.dll
0x00007ffe61b80000 - 0x00007ffe61baf000 	C:\Windows\System32\IMM32.DLL
0x00007ffe43fa0000 - 0x00007ffe43fac000 	D:\java\jdk-17\bin\vcruntime140_1.dll
0x00007ffe3cbc0000 - 0x00007ffe3cc4e000 	D:\java\jdk-17\bin\msvcp140.dll
0x00007ffdd1d50000 - 0x00007ffdd2930000 	D:\java\jdk-17\bin\server\jvm.dll
0x00007ffe61280000 - 0x00007ffe61288000 	C:\Windows\System32\PSAPI.DLL
0x00007ffe3cc80000 - 0x00007ffe3cc89000 	C:\Windows\SYSTEM32\WSOCK32.dll
0x00007ffe624b0000 - 0x00007ffe6251b000 	C:\Windows\System32\WS2_32.dll
0x00007ffe51930000 - 0x00007ffe51957000 	C:\Windows\SYSTEM32\WINMM.dll
0x00007ffe5e5d0000 - 0x00007ffe5e5e2000 	C:\Windows\SYSTEM32\kernel.appcore.dll
0x00007ffe3cb20000 - 0x00007ffe3cb2a000 	D:\java\jdk-17\bin\jimage.dll
0x00007ffe522a0000 - 0x00007ffe524a1000 	C:\Windows\SYSTEM32\DBGHELP.DLL
0x00007ffe45580000 - 0x00007ffe455b4000 	C:\Windows\SYSTEM32\dbgcore.DLL
0x00007ffe60a20000 - 0x00007ffe60aa2000 	C:\Windows\System32\bcryptPrimitives.dll
0x00007ffe36bc0000 - 0x00007ffe36be5000 	D:\java\jdk-17\bin\java.dll
0x00007ffdd1c70000 - 0x00007ffdd1d47000 	D:\java\jdk-17\bin\jsvml.dll
0x00007ffe62790000 - 0x00007ffe62f00000 	C:\Windows\System32\SHELL32.dll
0x00007ffe5e8b0000 - 0x00007ffe5f055000 	C:\Windows\SYSTEM32\windows.storage.dll
0x00007ffe620c0000 - 0x00007ffe62414000 	C:\Windows\System32\combase.dll
0x00007ffe60170000 - 0x00007ffe6019b000 	C:\Windows\SYSTEM32\Wldp.dll
0x00007ffe61bb0000 - 0x00007ffe61c7d000 	C:\Windows\System32\OLEAUT32.dll
0x00007ffe61310000 - 0x00007ffe613bd000 	C:\Windows\System32\SHCORE.dll
0x00007ffe61970000 - 0x00007ffe619cb000 	C:\Windows\System32\shlwapi.dll
0x00007ffe60750000 - 0x00007ffe60774000 	C:\Windows\SYSTEM32\profapi.dll
0x00007ffe3cc90000 - 0x00007ffe3cca9000 	D:\java\jdk-17\bin\net.dll
0x00007ffe5a210000 - 0x00007ffe5a31a000 	C:\Windows\SYSTEM32\WINHTTP.dll
0x00007ffe5fed0000 - 0x00007ffe5ff3a000 	C:\Windows\system32\mswsock.dll
0x00007ffe36ba0000 - 0x00007ffe36bb6000 	D:\java\jdk-17\bin\nio.dll
0x00007ffe36b80000 - 0x00007ffe36b98000 	D:\java\jdk-17\bin\zip.dll
0x00007ffe3cd50000 - 0x00007ffe3cd60000 	D:\java\jdk-17\bin\verify.dll

dbghelp: loaded successfully - version: 4.0.5 - missing functions: none
symbol engine: initialized successfully - sym options: 0x614 - pdb path: .;D:\java\jdk-17\bin;C:\Windows\SYSTEM32;C:\Windows\WinSxS\amd64_microsoft.windows.common-controls_6595b64144ccf1df_6.0.19041.6456_none_60b8a6cb71f64256;D:\java\jdk-17\bin\server

VM Arguments:
java_command: org.jetbrains.kotlin.cli.jvm.K2JVMCompiler @D:\bass_training_app\build\speech_to_text\20260731_4396923022296552814.compiler.options
java_class_path (initial): C:\Users\PC\.gradle\caches\modules-2\files-2.1\org.jetbrains.kotlin\kotlin-compiler-embeddable\2.1.21\70a69b95905e33806fbee6c6c9c48e2b2b2b4da4\kotlin-compiler-embeddable-2.1.21.jar;C:\Users\PC\.gradle\caches\modules-2\files-2.1\org.jetbrains.kotlin\kotlin-stdlib\2.1.21\97a0975aa19d925e109537af60eb46902920015c\kotlin-stdlib-2.1.21.jar;C:\Users\PC\.gradle\caches\modules-2\files-2.1\org.jetbrains.kotlin\kotlin-script-runtime\2.1.21\e274d560d10526099330411c45961f04d85e77b9\kotlin-script-runtime-2.1.21.jar;C:\Users\PC\.gradle\caches\modules-2\files-2.1\org.jetbrains.kotlin\kotlin-reflect\1.6.10\1cbe9c92c12a94eea200d23c2bbaedaf3daf5132\kotlin-reflect-1.6.10.jar;C:\Users\PC\.gradle\caches\modules-2\files-2.1\org.jetbrains.kotlin\kotlin-daemon-embeddable\2.1.21\2376f98b59395adad949ca19811283fafb1b2e31\kotlin-daemon-embeddable-2.1.21.jar;C:\Users\PC\.gradle\caches\modules-2\files-2.1\org.jetbrains.intellij.deps\trove4j\1.0.20200330\3afb14d5f9ceb459d724e907a21145e8ff394f02\trove4j-1.0.20200330.jar;C:\Users\PC\.gradle\caches\modules-2\files-2.1\org.jetbrains.kotlinx\kotlinx-coroutines-core-jvm\1.8.0\ac1dc37a30a93150b704022f8d895ee1bd3a36b3\kotlinx-coroutines-core-jvm-1.8.0.jar;C:\Users\PC\.gradle\caches\modules-2\files-2.1\org.jetbrains\annotations\13.0\919f0dfe192fb4e063e7dacadee7f8bb9a2672a9\annotations-13.0.jar
Launcher Type: SUN_STANDARD

[Global flags]
     intx CICompilerCount                          = 4                                         {product} {ergonomic}
     uint ConcGCThreads                            = 2                                         {product} {ergonomic}
     uint G1ConcRefinementThreads                  = 8                                         {product} {ergonomic}
   size_t G1HeapRegionSize                         = 1048576                                   {product} {ergonomic}
    uintx GCDrainStackTargetSize                   = 64                                        {product} {ergonomic}
   size_t InitialHeapSize                          = 134217728                                 {product} {ergonomic}
   size_t MarkStackSize                            = 4194304                                   {product} {ergonomic}
   size_t MaxHeapSize                              = 2126512128                                {product} {ergonomic}
   size_t MaxNewSize                               = 1275068416                                {product} {ergonomic}
   size_t MinHeapDeltaBytes                        = 1048576                                   {product} {ergonomic}
   size_t MinHeapSize                              = 8388608                                   {product} {ergonomic}
    uintx NonNMethodCodeHeapSize                   = 5839372                                {pd product} {ergonomic}
    uintx NonProfiledCodeHeapSize                  = 122909434                              {pd product} {ergonomic}
    uintx ProfiledCodeHeapSize                     = 122909434                              {pd product} {ergonomic}
    uintx ReservedCodeCacheSize                    = 251658240                              {pd product} {ergonomic}
     bool SegmentedCodeCache                       = true                                      {product} {ergonomic}
   size_t SoftMaxHeapSize                          = 2126512128                             {manageable} {ergonomic}
     bool UseCompressedClassPointers               = true                           {product lp64_product} {ergonomic}
     bool UseCompressedOops                        = true                           {product lp64_product} {ergonomic}
     bool UseG1GC                                  = true                                      {product} {ergonomic}
     bool UseLargePagesIndividualAllocation        = false                                  {pd product} {ergonomic}

Logging:
Log output configuration:
 #0: stdout all=warning uptime,level,tags
 #1: stderr all=off uptime,level,tags

Environment Variables:
JAVA_HOME=D:\java\jdk-17
CLASSPATH=D:\bass_training_app\android\\gradle\wrapper\gradle-wrapper.jar
PATH=D:\java\jdk-17\bin;D:\flutter\bin\;C:\Program Files\Common Files\Oracle\Java\javapath;C:\Windows\system32;C:\Windows;C:\Windows\System32\Wbem;C:\Windows\System32\WindowsPowerShell\v1.0\;C:\Windows\System32\OpenSSH\;C:\xampp\php;D:\java\jdk-17\bin;D:\Program Files\;C:\Program Files\Git\cmd;C:\ProgramData\ComposerSetup\bin;C:\Users\PC\AppData\Local\Pub\Cache\bin;C:\Users\PC\AppData\Local\Microsoft\WindowsApps;C:\Users\PC\AppData\Local\Programs\Microsoft VS Code\bin;D:\flutter\bin;C:\Users\PC\AppData\Roaming\npm;C:\Users\PC\AppData\Roaming\Composer\vendor\bin;D:\flutter\bin\mingit\cmd
USERNAME=PC
LANG=en_US.UTF-8
OS=Windows_NT
PROCESSOR_IDENTIFIER=Intel64 Family 6 Model 94 Stepping 3, GenuineIntel



---------------  S Y S T E M  ---------------

OS:
 Windows 10 , 64 bit Build 19041 (10.0.19041.5915)
OS uptime: 0 days 1:20 hours

CPU: total 8 (initial active 8) (4 cores per cpu, 2 threads per core) family 6 model 94 stepping 3 microcode 0xd6, cx8, cmov, fxsr, ht, mmx, 3dnowpref, sse, sse2, sse3, ssse3, sse4.1, sse4.2, popcnt, lzcnt, tsc, tscinvbit, avx, avx2, aes, erms, clmul, bmi1, bmi2, rtm, adx, fma, vzeroupper, clflush, clflushopt

Memory: 4k page, system-wide physical 8108M (241M free)
TotalPageFile size 20920M (AvailPageFile size 4M)
current process WorkingSet (physical memory assigned to process): 242M, peak: 242M
current process commit charge ("private bytes"): 359M, peak: 360M

vm_info: Java HotSpot(TM) 64-Bit Server VM (17.0.12+8-LTS-286) for windows-amd64 JRE (17.0.12+8-LTS-286), built on Jun  5 2024 06:46:59 by "mach5one" with MS VC++ 17.6 (VS2022)

END.
