#
# There is insufficient memory for the Java Runtime Environment to continue.
# Native memory allocation (malloc) failed to allocate 2287536 bytes for Chunk::new
# Possible reasons:
#   The system is out of physical RAM or swap space
#   The process is running with CompressedOops enabled, and the Java Heap may be blocking the growth of the native heap
# Possible solutions:
#   Reduce memory load on the system
#   Increase physical memory or swap space
#   Check if swap backing store is full
#   Decrease Java heap size (-Xmx/-Xms)
#   Decrease number of Java threads
#   Decrease Java thread stack sizes (-Xss)
#   Set larger code cache with -XX:ReservedCodeCacheSize=
#   JVM is running with Unscaled Compressed Oops mode in which the Java heap is
#     placed in the first 4GB address space. The Java Heap base address is the
#     maximum limit for the native heap growth. Please use -XX:HeapBaseMinAddress
#     to set the Java Heap base and to place the Java Heap above 4GB virtual address.
# This output file may be truncated or incomplete.
#
#  Out of Memory Error (arena.cpp:189), pid=12136, tid=2448
#
# JRE version: Java(TM) SE Runtime Environment (17.0.12+8) (build 17.0.12+8-LTS-286)
# Java VM: Java HotSpot(TM) 64-Bit Server VM (17.0.12+8-LTS-286, mixed mode, sharing, tiered, compressed oops, compressed class ptrs, g1 gc, windows-amd64)
# No core dump will be written. Minidumps are not enabled by default on client versions of Windows
#

---------------  S U M M A R Y ------------

Command Line: -XX:MaxMetaspaceSize=512m -XX:ReservedCodeCacheSize=256m -XX:+HeapDumpOnOutOfMemoryError --add-opens=java.base/java.util=ALL-UNNAMED --add-opens=java.base/java.lang=ALL-UNNAMED --add-opens=java.base/java.lang.invoke=ALL-UNNAMED --add-opens=java.prefs/java.util.prefs=ALL-UNNAMED --add-exports=jdk.compiler/com.sun.tools.javac.api=ALL-UNNAMED --add-exports=jdk.compiler/com.sun.tools.javac.util=ALL-UNNAMED --add-opens=java.base/java.nio.charset=ALL-UNNAMED --add-opens=java.base/java.net=ALL-UNNAMED --add-opens=java.base/java.util.concurrent.atomic=ALL-UNNAMED -Xmx2048m -Dfile.encoding=windows-1252 -Duser.country=IN -Duser.language=en -Duser.variant -javaagent:C:\Users\PC\.gradle\wrapper\dists\gradle-8.10.2-all\7iv73wktx1xtkvlq19urqw1wm\gradle-8.10.2\lib\agents\gradle-instrumentation-agent-8.10.2.jar org.gradle.launcher.daemon.bootstrap.GradleDaemon 8.10.2

Host: Intel(R) Core(TM) i7-6700 CPU @ 3.40GHz, 8 cores, 7G,  Windows 10 , 64 bit Build 19041 (10.0.19041.5915)
Time: Fri Jul 31 16:13:49 2026 India Standard Time elapsed time: 41.537305 seconds (0d 0h 0m 41s)

---------------  T H R E A D  ---------------

Current thread (0x0000028c65c8e080):  JavaThread "C2 CompilerThread0" daemon [_thread_in_native, id=2448, stack(0x000000a27bd00000,0x000000a27be00000)]


Current CompileTask:
C2:  41542 10089       4       org.gradle.internal.instantiation.generator.AbstractClassGenerator::inspectType (560 bytes)

Stack: [0x000000a27bd00000,0x000000a27be00000]
Native frames: (J=compiled Java code, j=interpreted, Vv=VM code, C=native code)
V  [jvm.dll+0x67a04a]
V  [jvm.dll+0x7da4ed]
V  [jvm.dll+0x7dbe33]
V  [jvm.dll+0x7dc4a3]
V  [jvm.dll+0x24508f]
V  [jvm.dll+0xab773]
V  [jvm.dll+0xabd3c]
V  [jvm.dll+0x361b9f]
V  [jvm.dll+0x1ba64a]
V  [jvm.dll+0x216997]
V  [jvm.dll+0x215c6f]
V  [jvm.dll+0x1a2960]
V  [jvm.dll+0x22610b]
V  [jvm.dll+0x2242ab]
V  [jvm.dll+0x79075c]
V  [jvm.dll+0x78abea]
V  [jvm.dll+0x678f35]
C  [ucrtbase.dll+0x21bb2]
C  [KERNEL32.DLL+0x17374]
C  [ntdll.dll+0x4cc91]


---------------  P R O C E S S  ---------------

Threads class SMR info:
_java_thread_list=0x0000028c6a3ab750, length=111, elements={
0x0000028c469aadd0, 0x0000028c65c6ac70, 0x0000028c65c6dd60, 0x0000028c65c80630,
0x0000028c65c81100, 0x0000028c65c83ae0, 0x0000028c65c843b0, 0x0000028c65c8e080,
0x0000028c65c8ea40, 0x0000028c65c9d060, 0x0000028c6a0baa00, 0x0000028c6a153be0,
0x0000028c6be02700, 0x0000028c6b10f630, 0x0000028c6b5ff020, 0x0000028c6b640580,
0x0000028c6b8fa980, 0x0000028c6bd62ba0, 0x0000028c6bd62180, 0x0000028c6bd61760,
0x0000028c6bd5f900, 0x0000028c6bd5fe10, 0x0000028c6bd62690, 0x0000028c6bd5f3f0,
0x0000028c6bd60830, 0x0000028c6bd60320, 0x0000028c6bd60d40, 0x0000028c6bd61250,
0x0000028c6bd61c70, 0x0000028c6c0a9d40, 0x0000028c6c0ad4f0, 0x0000028c6c0a6fb0,
0x0000028c6c0aa250, 0x0000028c6c0ab180, 0x0000028c6c0a6080, 0x0000028c6c0a74c0,
0x0000028c6c0a79d0, 0x0000028c6c0aa760, 0x0000028c6c0ac5c0, 0x0000028c6c0a8e10,
0x0000028c6c0a8900, 0x0000028c6c0a9320, 0x0000028c6c0acad0, 0x0000028c6c0a7ee0,
0x0000028c6c0aac70, 0x0000028c6c0ada00, 0x0000028c6c0a6590, 0x0000028c6c0ab690,
0x0000028c6c0a6aa0, 0x0000028c6c0abba0, 0x0000028c6c0ac0b0, 0x0000028c6c0acfe0,
0x0000028c6c0a83f0, 0x0000028c6c0a9830, 0x0000028c6a51a7b0, 0x0000028c6a51cb20,
0x0000028c6a51d540, 0x0000028c6a51d030, 0x0000028c6a51da50, 0x0000028c6a51b6e0,
0x0000028c6a517a20, 0x0000028c6a517510, 0x0000028c6a519d90, 0x0000028c6a519880,
0x0000028c6a518440, 0x0000028c6a518e60, 0x0000028c6a51acc0, 0x0000028c6a51b1d0,
0x0000028c6a517f30, 0x0000028c6a51bbf0, 0x0000028c6a51c100, 0x0000028c6a51c610,
0x0000028c6a5165e0, 0x0000028c6a51df60, 0x0000028c6a516af0, 0x0000028c6a517000,
0x0000028c6c997530, 0x0000028c6c996b10, 0x0000028c6c993d80, 0x0000028c6c997a40,
0x0000028c6c9947a0, 0x0000028c6c992430, 0x0000028c6c995be0, 0x0000028c6c9951c0,
0x0000028c6c992e50, 0x0000028c6c993360, 0x0000028c6c9956d0, 0x0000028c6c9960f0,
0x0000028c6c996600, 0x0000028c6c993870, 0x0000028c6c998460, 0x0000028c6c999db0,
0x0000028c6c994cb0, 0x0000028c6c997f50, 0x0000028c6c998970, 0x0000028c6c994290,
0x0000028c6c998e80, 0x0000028c6c997020, 0x0000028c6c999390, 0x0000028c6c9998a0,
0x0000028c6c992940, 0x0000028c6dcdc620, 0x0000028c6dcda2b0, 0x0000028c6dcd7a30,
0x0000028c6dcdda60, 0x0000028c6dcd7f40, 0x0000028c6dcd8960, 0x0000028c6dcde480,
0x0000028c6dcdacd0, 0x0000028c6dcd9890, 0x0000028c6dcdb1e0
}

Java Threads: ( => current thread )
  0x0000028c469aadd0 JavaThread "main" [_thread_blocked, id=12296, stack(0x000000a27b000000,0x000000a27b100000)]
  0x0000028c65c6ac70 JavaThread "Reference Handler" daemon [_thread_blocked, id=16428, stack(0x000000a27b700000,0x000000a27b800000)]
  0x0000028c65c6dd60 JavaThread "Finalizer" daemon [_thread_blocked, id=9660, stack(0x000000a27b800000,0x000000a27b900000)]
  0x0000028c65c80630 JavaThread "Signal Dispatcher" daemon [_thread_blocked, id=14980, stack(0x000000a27b900000,0x000000a27ba00000)]
  0x0000028c65c81100 JavaThread "Attach Listener" daemon [_thread_blocked, id=9016, stack(0x000000a27ba00000,0x000000a27bb00000)]
  0x0000028c65c83ae0 JavaThread "Service Thread" daemon [_thread_blocked, id=4868, stack(0x000000a27bb00000,0x000000a27bc00000)]
  0x0000028c65c843b0 JavaThread "Monitor Deflation Thread" daemon [_thread_blocked, id=7644, stack(0x000000a27bc00000,0x000000a27bd00000)]
=>0x0000028c65c8e080 JavaThread "C2 CompilerThread0" daemon [_thread_in_native, id=2448, stack(0x000000a27bd00000,0x000000a27be00000)]
  0x0000028c65c8ea40 JavaThread "C1 CompilerThread0" daemon [_thread_blocked, id=11504, stack(0x000000a27be00000,0x000000a27bf00000)]
  0x0000028c65c9d060 JavaThread "Sweeper thread" daemon [_thread_blocked, id=9296, stack(0x000000a27bf00000,0x000000a27c000000)]
  0x0000028c6a0baa00 JavaThread "Common-Cleaner" daemon [_thread_blocked, id=7504, stack(0x000000a27c000000,0x000000a27c100000)]
  0x0000028c6a153be0 JavaThread "Notification Thread" daemon [_thread_blocked, id=5888, stack(0x000000a27c100000,0x000000a27c200000)]
  0x0000028c6be02700 JavaThread "Daemon health stats" [_thread_blocked, id=1656, stack(0x000000a27c700000,0x000000a27c800000)]
  0x0000028c6b10f630 JavaThread "Incoming local TCP Connector on port 55021" [_thread_in_native, id=9508, stack(0x000000a27c800000,0x000000a27c900000)]
  0x0000028c6b5ff020 JavaThread "Daemon periodic checks" [_thread_blocked, id=11904, stack(0x000000a27c900000,0x000000a27ca00000)]
  0x0000028c6b640580 JavaThread "Daemon" [_thread_blocked, id=9108, stack(0x000000a27ca00000,0x000000a27cb00000)]
  0x0000028c6b8fa980 JavaThread "Handler for socket connection from /127.0.0.1:55021 to /127.0.0.1:55022" [_thread_in_native, id=13016, stack(0x000000a27cb00000,0x000000a27cc00000)]
  0x0000028c6bd62ba0 JavaThread "Cancel handler" [_thread_blocked, id=7336, stack(0x000000a27cc00000,0x000000a27cd00000)]
  0x0000028c6bd62180 JavaThread "Daemon worker" [_thread_in_native, id=10020, stack(0x000000a27cd00000,0x000000a27ce00000)]
  0x0000028c6bd61760 JavaThread "Asynchronous log dispatcher for DefaultDaemonConnection: socket connection from /127.0.0.1:55021 to /127.0.0.1:55022" [_thread_blocked, id=17116, stack(0x000000a27ce00000,0x000000a27cf00000)]
  0x0000028c6bd5f900 JavaThread "Stdin handler" [_thread_blocked, id=2168, stack(0x000000a27cf00000,0x000000a27d000000)]
  0x0000028c6bd5fe10 JavaThread "Daemon client event forwarder" [_thread_blocked, id=10920, stack(0x000000a27d000000,0x000000a27d100000)]
  0x0000028c6bd62690 JavaThread "Cache worker for journal cache (C:\Users\PC\.gradle\caches\journal-1)" [_thread_blocked, id=9616, stack(0x000000a27d100000,0x000000a27d200000)]
  0x0000028c6bd5f3f0 JavaThread "File lock request listener" [_thread_in_native, id=16540, stack(0x000000a27d200000,0x000000a27d300000)]
  0x0000028c6bd60830 JavaThread "Cache worker for file hash cache (C:\Users\PC\.gradle\caches\8.10.2\fileHashes)" [_thread_blocked, id=11540, stack(0x000000a27d300000,0x000000a27d400000)]
  0x0000028c6bd60320 JavaThread "File lock release action executor" [_thread_blocked, id=920, stack(0x000000a27d400000,0x000000a27d500000)]
  0x0000028c6bd60d40 JavaThread "Cache worker for file hash cache (D:\bass_training_app\android\.gradle\8.10.2\fileHashes)" [_thread_blocked, id=9504, stack(0x000000a27d800000,0x000000a27d900000)]
  0x0000028c6bd61250 JavaThread "Cache worker for Build Output Cleanup Cache (D:\bass_training_app\android\.gradle\buildOutputCleanup)" [_thread_blocked, id=6736, stack(0x000000a27d900000,0x000000a27da00000)]
  0x0000028c6bd61c70 JavaThread "File watcher server" daemon [_thread_in_native, id=2556, stack(0x000000a27db00000,0x000000a27dc00000)]
  0x0000028c6c0a9d40 JavaThread "File watcher consumer" daemon [_thread_blocked, id=6444, stack(0x000000a27dc00000,0x000000a27dd00000)]
  0x0000028c6c0ad4f0 JavaThread "Cache worker for checksums cache (D:\bass_training_app\android\.gradle\8.10.2\checksums)" [_thread_blocked, id=13792, stack(0x000000a27dd00000,0x000000a27de00000)]
  0x0000028c6c0a6fb0 JavaThread "Cache worker for file content cache (C:\Users\PC\.gradle\caches\8.10.2\fileContent)" [_thread_blocked, id=15320, stack(0x000000a27de00000,0x000000a27df00000)]
  0x0000028c6c0aa250 JavaThread "Cache worker for cache directory md-rule (C:\Users\PC\.gradle\caches\8.10.2\md-rule)" [_thread_blocked, id=16416, stack(0x000000a27df00000,0x000000a27e000000)]
  0x0000028c6c0ab180 JavaThread "Cache worker for cache directory md-supplier (C:\Users\PC\.gradle\caches\8.10.2\md-supplier)" [_thread_blocked, id=6540, stack(0x000000a27e000000,0x000000a27e100000)]
  0x0000028c6c0a6080 JavaThread "Cache worker for Build Output Cleanup Cache (D:\flutter\packages\flutter_tools\gradle\.gradle\buildOutputCleanup)" [_thread_blocked, id=16604, stack(0x000000a27e100000,0x000000a27e200000)]
  0x0000028c6c0a74c0 JavaThread "Unconstrained build operations" [_thread_blocked, id=5488, stack(0x000000a27e200000,0x000000a27e300000)]
  0x0000028c6c0a79d0 JavaThread "Unconstrained build operations Thread 2" [_thread_blocked, id=11316, stack(0x000000a27e300000,0x000000a27e400000)]
  0x0000028c6c0aa760 JavaThread "Unconstrained build operations Thread 3" [_thread_blocked, id=5072, stack(0x000000a27e400000,0x000000a27e500000)]
  0x0000028c6c0ac5c0 JavaThread "Unconstrained build operations Thread 4" [_thread_blocked, id=16552, stack(0x000000a27e500000,0x000000a27e600000)]
  0x0000028c6c0a8e10 JavaThread "Unconstrained build operations Thread 5" [_thread_blocked, id=2296, stack(0x000000a27e600000,0x000000a27e700000)]
  0x0000028c6c0a8900 JavaThread "Unconstrained build operations Thread 6" [_thread_blocked, id=7404, stack(0x000000a27e700000,0x000000a27e800000)]
  0x0000028c6c0a9320 JavaThread "Unconstrained build operations Thread 7" [_thread_blocked, id=9316, stack(0x000000a27e800000,0x000000a27e900000)]
  0x0000028c6c0acad0 JavaThread "Unconstrained build operations Thread 8" [_thread_blocked, id=8536, stack(0x000000a27e900000,0x000000a27ea00000)]
  0x0000028c6c0a7ee0 JavaThread "Unconstrained build operations Thread 9" [_thread_blocked, id=8272, stack(0x000000a27ea00000,0x000000a27eb00000)]
  0x0000028c6c0aac70 JavaThread "Unconstrained build operations Thread 10" [_thread_blocked, id=9196, stack(0x000000a27eb00000,0x000000a27ec00000)]
  0x0000028c6c0ada00 JavaThread "Unconstrained build operations Thread 11" [_thread_blocked, id=1124, stack(0x000000a27ec00000,0x000000a27ed00000)]
  0x0000028c6c0a6590 JavaThread "Unconstrained build operations Thread 12" [_thread_blocked, id=1476, stack(0x000000a27ed00000,0x000000a27ee00000)]
  0x0000028c6c0ab690 JavaThread "Unconstrained build operations Thread 13" [_thread_blocked, id=10128, stack(0x000000a27ee00000,0x000000a27ef00000)]
  0x0000028c6c0a6aa0 JavaThread "Unconstrained build operations Thread 14" [_thread_blocked, id=13384, stack(0x000000a27ef00000,0x000000a27f000000)]
  0x0000028c6c0abba0 JavaThread "Unconstrained build operations Thread 15" [_thread_blocked, id=9708, stack(0x000000a27f000000,0x000000a27f100000)]
  0x0000028c6c0ac0b0 JavaThread "Unconstrained build operations Thread 16" [_thread_blocked, id=5096, stack(0x000000a27f100000,0x000000a27f200000)]
  0x0000028c6c0acfe0 JavaThread "Unconstrained build operations Thread 17" [_thread_blocked, id=14316, stack(0x000000a27f200000,0x000000a27f300000)]
  0x0000028c6c0a83f0 JavaThread "Unconstrained build operations Thread 18" [_thread_blocked, id=5068, stack(0x000000a27f300000,0x000000a27f400000)]
  0x0000028c6c0a9830 JavaThread "Unconstrained build operations Thread 19" [_thread_blocked, id=8692, stack(0x000000a27f400000,0x000000a27f500000)]
  0x0000028c6a51a7b0 JavaThread "Unconstrained build operations Thread 20" [_thread_blocked, id=8684, stack(0x000000a27f500000,0x000000a27f600000)]
  0x0000028c6a51cb20 JavaThread "Unconstrained build operations Thread 21" [_thread_blocked, id=11548, stack(0x000000a27f600000,0x000000a27f700000)]
  0x0000028c6a51d540 JavaThread "Memory manager" [_thread_blocked, id=16668, stack(0x000000a27f700000,0x000000a27f800000)]
  0x0000028c6a51d030 JavaThread "build event listener" [_thread_blocked, id=4164, stack(0x000000a27f800000,0x000000a27f900000)]
  0x0000028c6a51da50 JavaThread "included builds" [_thread_blocked, id=15524, stack(0x000000a27f900000,0x000000a27fa00000)]
  0x0000028c6a51b6e0 JavaThread "Execution worker" [_thread_blocked, id=16296, stack(0x000000a27fa00000,0x000000a27fb00000)]
  0x0000028c6a517a20 JavaThread "Execution worker Thread 2" [_thread_blocked, id=10392, stack(0x000000a27fb00000,0x000000a27fc00000)]
  0x0000028c6a517510 JavaThread "Execution worker Thread 3" [_thread_blocked, id=1384, stack(0x000000a27fc00000,0x000000a27fd00000)]
  0x0000028c6a519d90 JavaThread "Execution worker Thread 4" [_thread_blocked, id=4232, stack(0x000000a27fd00000,0x000000a27fe00000)]
  0x0000028c6a519880 JavaThread "Execution worker Thread 5" [_thread_blocked, id=5884, stack(0x000000a27fe00000,0x000000a27ff00000)]
  0x0000028c6a518440 JavaThread "Execution worker Thread 6" [_thread_blocked, id=10460, stack(0x000000a27ff00000,0x000000a280000000)]
  0x0000028c6a518e60 JavaThread "Execution worker Thread 7" [_thread_blocked, id=3296, stack(0x000000a200000000,0x000000a200100000)]
  0x0000028c6a51acc0 JavaThread "Cache worker for execution history cache (D:\flutter\packages\flutter_tools\gradle\.gradle\8.10.2\executionHistory)" [_thread_blocked, id=12128, stack(0x000000a200100000,0x000000a200200000)]
  0x0000028c6a51b1d0 JavaThread "Unconstrained build operations Thread 22" [_thread_blocked, id=14852, stack(0x000000a200200000,0x000000a200300000)]
  0x0000028c6a517f30 JavaThread "Unconstrained build operations Thread 23" [_thread_blocked, id=5736, stack(0x000000a200300000,0x000000a200400000)]
  0x0000028c6a51bbf0 JavaThread "Unconstrained build operations Thread 24" [_thread_blocked, id=12616, stack(0x000000a200400000,0x000000a200500000)]
  0x0000028c6a51c100 JavaThread "Unconstrained build operations Thread 25" [_thread_blocked, id=5648, stack(0x000000a200500000,0x000000a200600000)]
  0x0000028c6a51c610 JavaThread "Unconstrained build operations Thread 26" [_thread_blocked, id=11744, stack(0x000000a200600000,0x000000a200700000)]
  0x0000028c6a5165e0 JavaThread "Unconstrained build operations Thread 27" [_thread_blocked, id=8816, stack(0x000000a200700000,0x000000a200800000)]
  0x0000028c6a51df60 JavaThread "Unconstrained build operations Thread 28" [_thread_blocked, id=9684, stack(0x000000a200800000,0x000000a200900000)]
  0x0000028c6a516af0 JavaThread "Unconstrained build operations Thread 29" [_thread_blocked, id=1272, stack(0x000000a200900000,0x000000a200a00000)]
  0x0000028c6a517000 JavaThread "Unconstrained build operations Thread 30" [_thread_blocked, id=8956, stack(0x000000a200a00000,0x000000a200b00000)]
  0x0000028c6c997530 JavaThread "Unconstrained build operations Thread 31" [_thread_blocked, id=6656, stack(0x000000a200b00000,0x000000a200c00000)]
  0x0000028c6c996b10 JavaThread "Unconstrained build operations Thread 32" [_thread_blocked, id=16060, stack(0x000000a200c00000,0x000000a200d00000)]
  0x0000028c6c993d80 JavaThread "Unconstrained build operations Thread 33" [_thread_blocked, id=3692, stack(0x000000a200d00000,0x000000a200e00000)]
  0x0000028c6c997a40 JavaThread "Unconstrained build operations Thread 34" [_thread_blocked, id=3128, stack(0x000000a200e00000,0x000000a200f00000)]
  0x0000028c6c9947a0 JavaThread "Unconstrained build operations Thread 35" [_thread_blocked, id=15784, stack(0x000000a200f00000,0x000000a201000000)]
  0x0000028c6c992430 JavaThread "Unconstrained build operations Thread 36" [_thread_blocked, id=2900, stack(0x000000a201000000,0x000000a201100000)]
  0x0000028c6c995be0 JavaThread "Unconstrained build operations Thread 37" [_thread_blocked, id=16780, stack(0x000000a201100000,0x000000a201200000)]
  0x0000028c6c9951c0 JavaThread "Unconstrained build operations Thread 38" [_thread_blocked, id=14656, stack(0x000000a201200000,0x000000a201300000)]
  0x0000028c6c992e50 JavaThread "Unconstrained build operations Thread 39" [_thread_blocked, id=14660, stack(0x000000a201300000,0x000000a201400000)]
  0x0000028c6c993360 JavaThread "Unconstrained build operations Thread 40" [_thread_blocked, id=9080, stack(0x000000a201400000,0x000000a201500000)]
  0x0000028c6c9956d0 JavaThread "Unconstrained build operations Thread 41" [_thread_blocked, id=4864, stack(0x000000a201500000,0x000000a201600000)]
  0x0000028c6c9960f0 JavaThread "Unconstrained build operations Thread 42" [_thread_blocked, id=15816, stack(0x000000a201600000,0x000000a201700000)]
  0x0000028c6c996600 JavaThread "Unconstrained build operations Thread 43" [_thread_blocked, id=8040, stack(0x000000a201700000,0x000000a201800000)]
  0x0000028c6c993870 JavaThread "Unconstrained build operations Thread 44" [_thread_blocked, id=9640, stack(0x000000a201800000,0x000000a201900000)]
  0x0000028c6c998460 JavaThread "Unconstrained build operations Thread 45" [_thread_blocked, id=7568, stack(0x000000a201b00000,0x000000a201c00000)]
  0x0000028c6c999db0 JavaThread "Unconstrained build operations Thread 46" [_thread_blocked, id=11044, stack(0x000000a201c00000,0x000000a201d00000)]
  0x0000028c6c994cb0 JavaThread "Unconstrained build operations Thread 47" [_thread_blocked, id=12620, stack(0x000000a201d00000,0x000000a201e00000)]
  0x0000028c6c997f50 JavaThread "Unconstrained build operations Thread 48" [_thread_blocked, id=13372, stack(0x000000a201e00000,0x000000a201f00000)]
  0x0000028c6c998970 JavaThread "Unconstrained build operations Thread 49" [_thread_blocked, id=13380, stack(0x000000a201f00000,0x000000a202000000)]
  0x0000028c6c994290 JavaThread "Unconstrained build operations Thread 50" [_thread_blocked, id=2432, stack(0x000000a202000000,0x000000a202100000)]
  0x0000028c6c998e80 JavaThread "Unconstrained build operations Thread 51" [_thread_blocked, id=13352, stack(0x000000a202100000,0x000000a202200000)]
  0x0000028c6c997020 JavaThread "Unconstrained build operations Thread 52" [_thread_blocked, id=5344, stack(0x000000a202200000,0x000000a202300000)]
  0x0000028c6c999390 JavaThread "Unconstrained build operations Thread 53" [_thread_blocked, id=7564, stack(0x000000a202300000,0x000000a202400000)]
  0x0000028c6c9998a0 JavaThread "Unconstrained build operations Thread 54" [_thread_blocked, id=17220, stack(0x000000a202400000,0x000000a202500000)]
  0x0000028c6c992940 JavaThread "Unconstrained build operations Thread 55" [_thread_blocked, id=14712, stack(0x000000a202500000,0x000000a202600000)]
  0x0000028c6dcdc620 JavaThread "Unconstrained build operations Thread 56" [_thread_blocked, id=1972, stack(0x000000a202600000,0x000000a202700000)]
  0x0000028c6dcda2b0 JavaThread "Unconstrained build operations Thread 57" [_thread_blocked, id=3900, stack(0x000000a202700000,0x000000a202800000)]
  0x0000028c6dcd7a30 JavaThread "Unconstrained build operations Thread 58" [_thread_blocked, id=9332, stack(0x000000a202800000,0x000000a202900000)]
  0x0000028c6dcdda60 JavaThread "Unconstrained build operations Thread 59" [_thread_blocked, id=10564, stack(0x000000a202900000,0x000000a202a00000)]
  0x0000028c6dcd7f40 JavaThread "Unconstrained build operations Thread 60" [_thread_blocked, id=6156, stack(0x000000a202a00000,0x000000a202b00000)]
  0x0000028c6dcd8960 JavaThread "Unconstrained build operations Thread 61" [_thread_blocked, id=4652, stack(0x000000a202b00000,0x000000a202c00000)]
  0x0000028c6dcde480 JavaThread "Unconstrained build operations Thread 62" [_thread_blocked, id=15896, stack(0x000000a202c00000,0x000000a202d00000)]
  0x0000028c6dcdacd0 JavaThread "Unconstrained build operations Thread 63" [_thread_blocked, id=15768, stack(0x000000a202d00000,0x000000a202e00000)]
  0x0000028c6dcd9890 JavaThread "Unconstrained build operations Thread 64" [_thread_blocked, id=13400, stack(0x000000a202e00000,0x000000a202f00000)]
  0x0000028c6dcdb1e0 JavaThread "Unconstrained build operations Thread 65" [_thread_blocked, id=11036, stack(0x000000a202f00000,0x000000a203000000)]

Other Threads:
  0x0000028c65c649f0 VMThread "VM Thread" [stack: 0x000000a27b600000,0x000000a27b700000] [id=1380]
  0x0000028c46a67c80 WatcherThread [stack: 0x000000a27c200000,0x000000a27c300000] [id=7836]
  0x0000028c46a052f0 GCTaskThread "GC Thread#0" [stack: 0x000000a27b100000,0x000000a27b200000] [id=2092]
  0x0000028c6a7bca70 GCTaskThread "GC Thread#1" [stack: 0x000000a27c300000,0x000000a27c400000] [id=17076]
  0x0000028c6a5c8b20 GCTaskThread "GC Thread#2" [stack: 0x000000a27c400000,0x000000a27c500000] [id=2928]
  0x0000028c6a495c50 GCTaskThread "GC Thread#3" [stack: 0x000000a27c500000,0x000000a27c600000] [id=7828]
  0x0000028c6ae78d10 GCTaskThread "GC Thread#4" [stack: 0x000000a27c600000,0x000000a27c700000] [id=7872]
  0x0000028c6b3b4090 GCTaskThread "GC Thread#5" [stack: 0x000000a27d500000,0x000000a27d600000] [id=7040]
  0x0000028c6c7d1d50 GCTaskThread "GC Thread#6" [stack: 0x000000a27d600000,0x000000a27d700000] [id=9540]
  0x0000028c6b9b50f0 GCTaskThread "GC Thread#7" [stack: 0x000000a27d700000,0x000000a27d800000] [id=8792]
  0x0000028c46a15ff0 ConcurrentGCThread "G1 Main Marker" [stack: 0x000000a27b200000,0x000000a27b300000] [id=7688]
  0x0000028c46a167b0 ConcurrentGCThread "G1 Conc#0" [stack: 0x000000a27b300000,0x000000a27b400000] [id=16192]
  0x0000028c6c7cd6e0 ConcurrentGCThread "G1 Conc#1" [stack: 0x000000a27da00000,0x000000a27db00000] [id=16564]
  0x0000028c46a7e370 ConcurrentGCThread "G1 Refine#0" [stack: 0x000000a27b400000,0x000000a27b500000] [id=7696]
  0x0000028c46a7eb50 ConcurrentGCThread "G1 Service" [stack: 0x000000a27b500000,0x000000a27b600000] [id=9228]

Threads with active compile tasks:
C2 CompilerThread0    41840 10089       4       org.gradle.internal.instantiation.generator.AbstractClassGenerator::inspectType (560 bytes)

VM state: not at safepoint (normal execution)

VM Mutex/Monitor currently owned by a thread: None

Heap address: 0x0000000080000000, size: 2048 MB, Compressed Oops mode: 32-bit

CDS archive(s) mapped at: [0x0000028c00000000-0x0000028c00bd0000-0x0000028c00bd0000), size 12386304, SharedBaseAddress: 0x0000028c00000000, ArchiveRelocationMode: 1.
Compressed class space mapped at: 0x0000028c01000000-0x0000028c1b000000, reserved size: 436207616
Narrow klass base: 0x0000028c00000000, Narrow klass shift: 0, Narrow klass range: 0x100000000

GC Precious Log:
 CPUs: 8 total, 8 available
 Memory: 8108M
 Large Page Support: Disabled
 NUMA Support: Disabled
 Compressed Oops: Enabled (32-bit)
 Heap Region Size: 1M
 Heap Min Capacity: 8M
 Heap Initial Capacity: 128M
 Heap Max Capacity: 2G
 Pre-touch: Disabled
 Parallel Workers: 8
 Concurrent Workers: 2
 Concurrent Refinement Workers: 8
 Periodic GC: Disabled

Heap:
 garbage-first heap   total 185344K, used 131094K [0x0000000080000000, 0x0000000100000000)
  region size 1024K, 54 young (55296K), 2 survivors (2048K)
 Metaspace       used 71550K, committed 72256K, reserved 491520K
  class space    used 10209K, committed 10560K, reserved 425984K

Heap Regions: E=young(eden), S=young(survivor), O=old, HS=humongous(starts), HC=humongous(continues), CS=collection set, F=free, OA=open archive, CA=closed archive, TAMS=top-at-mark-start (previous, next)
|   0|0x0000000080000000, 0x0000000080100000, 0x0000000080100000|100%| O|  |TAMS 0x0000000080100000, 0x0000000080100000| Untracked 
|   1|0x0000000080100000, 0x0000000080200000, 0x0000000080200000|100%| O|  |TAMS 0x0000000080200000, 0x0000000080200000| Untracked 
|   2|0x0000000080200000, 0x0000000080300000, 0x0000000080300000|100%|HS|  |TAMS 0x0000000080300000, 0x0000000080300000| Complete 
|   3|0x0000000080300000, 0x0000000080400000, 0x0000000080400000|100%|HC|  |TAMS 0x0000000080400000, 0x0000000080400000| Complete 
|   4|0x0000000080400000, 0x0000000080500000, 0x0000000080500000|100%|HC|  |TAMS 0x0000000080500000, 0x0000000080500000| Complete 
|   5|0x0000000080500000, 0x0000000080600000, 0x0000000080600000|100%|HC|  |TAMS 0x0000000080600000, 0x0000000080600000| Complete 
|   6|0x0000000080600000, 0x0000000080700000, 0x0000000080700000|100%| O|  |TAMS 0x0000000080700000, 0x0000000080700000| Untracked 
|   7|0x0000000080700000, 0x0000000080800000, 0x0000000080800000|100%| O|  |TAMS 0x0000000080800000, 0x0000000080800000| Untracked 
|   8|0x0000000080800000, 0x0000000080900000, 0x0000000080900000|100%| O|  |TAMS 0x0000000080900000, 0x0000000080900000| Untracked 
|   9|0x0000000080900000, 0x0000000080a00000, 0x0000000080a00000|100%|HS|  |TAMS 0x0000000080a00000, 0x0000000080a00000| Complete 
|  10|0x0000000080a00000, 0x0000000080b00000, 0x0000000080b00000|100%| O|  |TAMS 0x0000000080b00000, 0x0000000080b00000| Untracked 
|  11|0x0000000080b00000, 0x0000000080c00000, 0x0000000080c00000|100%| O|  |TAMS 0x0000000080c00000, 0x0000000080c00000| Untracked 
|  12|0x0000000080c00000, 0x0000000080d00000, 0x0000000080d00000|100%| O|  |TAMS 0x0000000080d00000, 0x0000000080d00000| Untracked 
|  13|0x0000000080d00000, 0x0000000080e00000, 0x0000000080e00000|100%| O|  |TAMS 0x0000000080e00000, 0x0000000080e00000| Untracked 
|  14|0x0000000080e00000, 0x0000000080f00000, 0x0000000080f00000|100%| O|  |TAMS 0x0000000080f00000, 0x0000000080f00000| Untracked 
|  15|0x0000000080f00000, 0x0000000081000000, 0x0000000081000000|100%| O|  |TAMS 0x0000000081000000, 0x0000000081000000| Untracked 
|  16|0x0000000081000000, 0x0000000081100000, 0x0000000081100000|100%| O|  |TAMS 0x0000000081100000, 0x0000000081100000| Untracked 
|  17|0x0000000081100000, 0x0000000081200000, 0x0000000081200000|100%| O|  |TAMS 0x0000000081200000, 0x0000000081200000| Untracked 
|  18|0x0000000081200000, 0x0000000081300000, 0x0000000081300000|100%| O|  |TAMS 0x0000000081300000, 0x0000000081300000| Untracked 
|  19|0x0000000081300000, 0x0000000081400000, 0x0000000081400000|100%| O|  |TAMS 0x0000000081400000, 0x0000000081400000| Untracked 
|  20|0x0000000081400000, 0x0000000081500000, 0x0000000081500000|100%| O|  |TAMS 0x0000000081500000, 0x0000000081500000| Untracked 
|  21|0x0000000081500000, 0x0000000081600000, 0x0000000081600000|100%| O|  |TAMS 0x0000000081600000, 0x0000000081600000| Untracked 
|  22|0x0000000081600000, 0x0000000081700000, 0x0000000081700000|100%|HS|  |TAMS 0x0000000081600000, 0x0000000081600000| Complete 
|  23|0x0000000081700000, 0x0000000081800000, 0x0000000081800000|100%| O|  |TAMS 0x0000000081800000, 0x0000000081800000| Untracked 
|  24|0x0000000081800000, 0x0000000081900000, 0x0000000081900000|100%| O|  |TAMS 0x0000000081900000, 0x0000000081900000| Untracked 
|  25|0x0000000081900000, 0x0000000081a00000, 0x0000000081a00000|100%| O|  |TAMS 0x0000000081a00000, 0x0000000081a00000| Untracked 
|  26|0x0000000081a00000, 0x0000000081b00000, 0x0000000081b00000|100%| O|  |TAMS 0x0000000081b00000, 0x0000000081b00000| Untracked 
|  27|0x0000000081b00000, 0x0000000081c00000, 0x0000000081c00000|100%| O|  |TAMS 0x0000000081c00000, 0x0000000081c00000| Untracked 
|  28|0x0000000081c00000, 0x0000000081d00000, 0x0000000081d00000|100%| O|  |TAMS 0x0000000081d00000, 0x0000000081d00000| Untracked 
|  29|0x0000000081d00000, 0x0000000081e00000, 0x0000000081e00000|100%| O|  |TAMS 0x0000000081e00000, 0x0000000081e00000| Untracked 
|  30|0x0000000081e00000, 0x0000000081f00000, 0x0000000081f00000|100%| O|  |TAMS 0x0000000081f00000, 0x0000000081f00000| Untracked 
|  31|0x0000000081f00000, 0x0000000082000000, 0x0000000082000000|100%| O|  |TAMS 0x0000000082000000, 0x0000000082000000| Untracked 
|  32|0x0000000082000000, 0x0000000082100000, 0x0000000082100000|100%| O|  |TAMS 0x0000000082100000, 0x0000000082100000| Untracked 
|  33|0x0000000082100000, 0x0000000082200000, 0x0000000082200000|100%| O|  |TAMS 0x0000000082200000, 0x0000000082200000| Untracked 
|  34|0x0000000082200000, 0x0000000082300000, 0x0000000082300000|100%| O|  |TAMS 0x0000000082300000, 0x0000000082300000| Untracked 
|  35|0x0000000082300000, 0x0000000082400000, 0x0000000082400000|100%| O|  |TAMS 0x0000000082400000, 0x0000000082400000| Untracked 
|  36|0x0000000082400000, 0x0000000082500000, 0x0000000082500000|100%| O|  |TAMS 0x0000000082500000, 0x0000000082500000| Untracked 
|  37|0x0000000082500000, 0x0000000082600000, 0x0000000082600000|100%| O|  |TAMS 0x0000000082600000, 0x0000000082600000| Untracked 
|  38|0x0000000082600000, 0x0000000082700000, 0x0000000082700000|100%| O|  |TAMS 0x0000000082700000, 0x0000000082700000| Untracked 
|  39|0x0000000082700000, 0x0000000082800000, 0x0000000082800000|100%| O|  |TAMS 0x0000000082800000, 0x0000000082800000| Untracked 
|  40|0x0000000082800000, 0x0000000082900000, 0x0000000082900000|100%|HS|  |TAMS 0x0000000082900000, 0x0000000082900000| Complete 
|  41|0x0000000082900000, 0x0000000082a00000, 0x0000000082a00000|100%|HC|  |TAMS 0x0000000082a00000, 0x0000000082a00000| Complete 
|  42|0x0000000082a00000, 0x0000000082b00000, 0x0000000082b00000|100%| O|  |TAMS 0x0000000082b00000, 0x0000000082b00000| Untracked 
|  43|0x0000000082b00000, 0x0000000082c00000, 0x0000000082c00000|100%| O|  |TAMS 0x0000000082c00000, 0x0000000082c00000| Untracked 
|  44|0x0000000082c00000, 0x0000000082d00000, 0x0000000082d00000|100%|HS|  |TAMS 0x0000000082d00000, 0x0000000082d00000| Complete 
|  45|0x0000000082d00000, 0x0000000082e00000, 0x0000000082e00000|100%|HC|  |TAMS 0x0000000082e00000, 0x0000000082e00000| Complete 
|  46|0x0000000082e00000, 0x0000000082f00000, 0x0000000082f00000|100%| O|  |TAMS 0x0000000082f00000, 0x0000000082f00000| Untracked 
|  47|0x0000000082f00000, 0x0000000083000000, 0x0000000083000000|100%| O|  |TAMS 0x0000000083000000, 0x0000000083000000| Untracked 
|  48|0x0000000083000000, 0x0000000083100000, 0x0000000083100000|100%| O|  |TAMS 0x0000000083100000, 0x0000000083100000| Untracked 
|  49|0x0000000083100000, 0x0000000083200000, 0x0000000083200000|100%| O|  |TAMS 0x0000000083200000, 0x0000000083200000| Untracked 
|  50|0x0000000083200000, 0x0000000083300000, 0x0000000083300000|100%| O|  |TAMS 0x0000000083300000, 0x0000000083300000| Untracked 
|  51|0x0000000083300000, 0x0000000083400000, 0x0000000083400000|100%| O|  |TAMS 0x0000000083400000, 0x0000000083400000| Untracked 
|  52|0x0000000083400000, 0x0000000083500000, 0x0000000083500000|100%| O|  |TAMS 0x0000000083500000, 0x0000000083500000| Untracked 
|  53|0x0000000083500000, 0x0000000083600000, 0x0000000083600000|100%| O|  |TAMS 0x0000000083600000, 0x0000000083600000| Untracked 
|  54|0x0000000083600000, 0x0000000083700000, 0x0000000083700000|100%| O|  |TAMS 0x0000000083700000, 0x0000000083700000| Untracked 
|  55|0x0000000083700000, 0x0000000083800000, 0x0000000083800000|100%| O|  |TAMS 0x0000000083800000, 0x0000000083800000| Untracked 
|  56|0x0000000083800000, 0x0000000083900000, 0x0000000083900000|100%| O|  |TAMS 0x0000000083900000, 0x0000000083900000| Untracked 
|  57|0x0000000083900000, 0x0000000083a00000, 0x0000000083a00000|100%| O|  |TAMS 0x0000000083a00000, 0x0000000083a00000| Untracked 
|  58|0x0000000083a00000, 0x0000000083b00000, 0x0000000083b00000|100%| O|  |TAMS 0x0000000083b00000, 0x0000000083b00000| Untracked 
|  59|0x0000000083b00000, 0x0000000083c00000, 0x0000000083c00000|100%| O|  |TAMS 0x0000000083c00000, 0x0000000083c00000| Untracked 
|  60|0x0000000083c00000, 0x0000000083d00000, 0x0000000083d00000|100%| O|  |TAMS 0x0000000083d00000, 0x0000000083d00000| Untracked 
|  61|0x0000000083d00000, 0x0000000083e00000, 0x0000000083e00000|100%| O|  |TAMS 0x0000000083e00000, 0x0000000083e00000| Untracked 
|  62|0x0000000083e00000, 0x0000000083f00000, 0x0000000083f00000|100%| O|  |TAMS 0x0000000083e00000, 0x0000000083f00000| Untracked 
|  63|0x0000000083f00000, 0x0000000084000000, 0x0000000084000000|100%| O|  |TAMS 0x0000000083f00000, 0x0000000084000000| Untracked 
|  64|0x0000000084000000, 0x0000000084100000, 0x0000000084100000|100%| O|  |TAMS 0x0000000084000000, 0x0000000084100000| Untracked 
|  65|0x0000000084100000, 0x0000000084200000, 0x0000000084200000|100%| O|  |TAMS 0x0000000084100000, 0x0000000084200000| Untracked 
|  66|0x0000000084200000, 0x00000000842a7000, 0x0000000084300000| 65%| O|  |TAMS 0x0000000084200000, 0x00000000842a7000| Untracked 
|  67|0x0000000084300000, 0x0000000084400000, 0x0000000084400000|100%|HS|  |TAMS 0x0000000084300000, 0x0000000084300000| Complete 
|  68|0x0000000084400000, 0x0000000084500000, 0x0000000084500000|100%|HS|  |TAMS 0x0000000084400000, 0x0000000084400000| Complete 
|  69|0x0000000084500000, 0x0000000084600000, 0x0000000084600000|100%|HC|  |TAMS 0x0000000084500000, 0x0000000084500000| Complete 
|  70|0x0000000084600000, 0x0000000084700000, 0x0000000084700000|100%|HC|  |TAMS 0x0000000084600000, 0x0000000084600000| Complete 
|  71|0x0000000084700000, 0x0000000084800000, 0x0000000084800000|100%|HS|  |TAMS 0x0000000084700000, 0x0000000084700000| Complete 
|  72|0x0000000084800000, 0x0000000084900000, 0x0000000084900000|100%|HS|  |TAMS 0x0000000084800000, 0x0000000084800000| Complete 
|  73|0x0000000084900000, 0x0000000084a00000, 0x0000000084a00000|100%|HS|  |TAMS 0x0000000084900000, 0x0000000084900000| Complete 
|  74|0x0000000084a00000, 0x0000000084b00000, 0x0000000084b00000|100%|HS|  |TAMS 0x0000000084a00000, 0x0000000084a00000| Complete 
|  75|0x0000000084b00000, 0x0000000084c00000, 0x0000000084c00000|100%|HS|  |TAMS 0x0000000084b00000, 0x0000000084b00000| Complete 
|  76|0x0000000084c00000, 0x0000000084c00000, 0x0000000084d00000|  0%| F|  |TAMS 0x0000000084c00000, 0x0000000084c00000| Untracked 
|  77|0x0000000084d00000, 0x0000000084d00000, 0x0000000084e00000|  0%| F|  |TAMS 0x0000000084d00000, 0x0000000084d00000| Untracked 
|  78|0x0000000084e00000, 0x0000000084e00000, 0x0000000084f00000|  0%| F|  |TAMS 0x0000000084e00000, 0x0000000084e00000| Untracked 
|  79|0x0000000084f00000, 0x0000000084f00000, 0x0000000085000000|  0%| F|  |TAMS 0x0000000084f00000, 0x0000000084f00000| Untracked 
|  80|0x0000000085000000, 0x0000000085000000, 0x0000000085100000|  0%| F|  |TAMS 0x0000000085000000, 0x0000000085000000| Untracked 
|  81|0x0000000085100000, 0x0000000085100000, 0x0000000085200000|  0%| F|  |TAMS 0x0000000085100000, 0x0000000085100000| Untracked 
|  82|0x0000000085200000, 0x0000000085200000, 0x0000000085300000|  0%| F|  |TAMS 0x0000000085200000, 0x0000000085200000| Untracked 
|  83|0x0000000085300000, 0x0000000085300000, 0x0000000085400000|  0%| F|  |TAMS 0x0000000085300000, 0x0000000085300000| Untracked 
|  84|0x0000000085400000, 0x0000000085400000, 0x0000000085500000|  0%| F|  |TAMS 0x0000000085400000, 0x0000000085400000| Untracked 
|  85|0x0000000085500000, 0x0000000085500000, 0x0000000085600000|  0%| F|  |TAMS 0x0000000085500000, 0x0000000085500000| Untracked 
|  86|0x0000000085600000, 0x0000000085600000, 0x0000000085700000|  0%| F|  |TAMS 0x0000000085600000, 0x0000000085600000| Untracked 
|  87|0x0000000085700000, 0x0000000085700000, 0x0000000085800000|  0%| F|  |TAMS 0x0000000085700000, 0x0000000085700000| Untracked 
|  88|0x0000000085800000, 0x0000000085800000, 0x0000000085900000|  0%| F|  |TAMS 0x0000000085800000, 0x0000000085800000| Untracked 
|  89|0x0000000085900000, 0x0000000085900000, 0x0000000085a00000|  0%| F|  |TAMS 0x0000000085900000, 0x0000000085900000| Untracked 
|  90|0x0000000085a00000, 0x0000000085a00000, 0x0000000085b00000|  0%| F|  |TAMS 0x0000000085a00000, 0x0000000085a00000| Untracked 
|  91|0x0000000085b00000, 0x0000000085b00000, 0x0000000085c00000|  0%| F|  |TAMS 0x0000000085b00000, 0x0000000085b00000| Untracked 
|  92|0x0000000085c00000, 0x0000000085c00000, 0x0000000085d00000|  0%| F|  |TAMS 0x0000000085c00000, 0x0000000085c00000| Untracked 
|  93|0x0000000085d00000, 0x0000000085d00000, 0x0000000085e00000|  0%| F|  |TAMS 0x0000000085d00000, 0x0000000085d00000| Untracked 
|  94|0x0000000085e00000, 0x0000000085e00000, 0x0000000085f00000|  0%| F|  |TAMS 0x0000000085e00000, 0x0000000085e00000| Untracked 
|  95|0x0000000085f00000, 0x0000000085f00000, 0x0000000086000000|  0%| F|  |TAMS 0x0000000085f00000, 0x0000000085f00000| Untracked 
|  96|0x0000000086000000, 0x0000000086000000, 0x0000000086100000|  0%| F|  |TAMS 0x0000000086000000, 0x0000000086000000| Untracked 
|  97|0x0000000086100000, 0x000000008615eb80, 0x0000000086200000| 36%| S|CS|TAMS 0x0000000086100000, 0x0000000086100000| Complete 
|  98|0x0000000086200000, 0x0000000086300000, 0x0000000086300000|100%| S|CS|TAMS 0x0000000086200000, 0x0000000086200000| Complete 
|  99|0x0000000086300000, 0x0000000086300000, 0x0000000086400000|  0%| F|  |TAMS 0x0000000086300000, 0x0000000086300000| Untracked 
| 100|0x0000000086400000, 0x0000000086400000, 0x0000000086500000|  0%| F|  |TAMS 0x0000000086400000, 0x0000000086400000| Untracked 
| 101|0x0000000086500000, 0x0000000086500000, 0x0000000086600000|  0%| F|  |TAMS 0x0000000086500000, 0x0000000086500000| Untracked 
| 102|0x0000000086600000, 0x0000000086600000, 0x0000000086700000|  0%| F|  |TAMS 0x0000000086600000, 0x0000000086600000| Untracked 
| 103|0x0000000086700000, 0x0000000086700000, 0x0000000086800000|  0%| F|  |TAMS 0x0000000086700000, 0x0000000086700000| Untracked 
| 104|0x0000000086800000, 0x0000000086800000, 0x0000000086900000|  0%| F|  |TAMS 0x0000000086800000, 0x0000000086800000| Untracked 
| 105|0x0000000086900000, 0x0000000086900000, 0x0000000086a00000|  0%| F|  |TAMS 0x0000000086900000, 0x0000000086900000| Untracked 
| 106|0x0000000086a00000, 0x0000000086a00000, 0x0000000086b00000|  0%| F|  |TAMS 0x0000000086a00000, 0x0000000086a00000| Untracked 
| 107|0x0000000086b00000, 0x0000000086b00000, 0x0000000086c00000|  0%| F|  |TAMS 0x0000000086b00000, 0x0000000086b00000| Untracked 
| 108|0x0000000086c00000, 0x0000000086c00000, 0x0000000086d00000|  0%| F|  |TAMS 0x0000000086c00000, 0x0000000086c00000| Untracked 
| 109|0x0000000086d00000, 0x0000000086d00000, 0x0000000086e00000|  0%| F|  |TAMS 0x0000000086d00000, 0x0000000086d00000| Untracked 
| 110|0x0000000086e00000, 0x0000000086e00000, 0x0000000086f00000|  0%| F|  |TAMS 0x0000000086e00000, 0x0000000086e00000| Untracked 
| 111|0x0000000086f00000, 0x0000000086f00000, 0x0000000087000000|  0%| F|  |TAMS 0x0000000086f00000, 0x0000000086f00000| Untracked 
| 112|0x0000000087000000, 0x0000000087000000, 0x0000000087100000|  0%| F|  |TAMS 0x0000000087000000, 0x0000000087000000| Untracked 
| 113|0x0000000087100000, 0x0000000087100000, 0x0000000087200000|  0%| F|  |TAMS 0x0000000087100000, 0x0000000087100000| Untracked 
| 114|0x0000000087200000, 0x0000000087200000, 0x0000000087300000|  0%| F|  |TAMS 0x0000000087200000, 0x0000000087200000| Untracked 
| 115|0x0000000087300000, 0x0000000087300000, 0x0000000087400000|  0%| F|  |TAMS 0x0000000087300000, 0x0000000087300000| Untracked 
| 116|0x0000000087400000, 0x0000000087400000, 0x0000000087500000|  0%| F|  |TAMS 0x0000000087400000, 0x0000000087400000| Untracked 
| 117|0x0000000087500000, 0x0000000087500000, 0x0000000087600000|  0%| F|  |TAMS 0x0000000087500000, 0x0000000087500000| Untracked 
| 118|0x0000000087600000, 0x0000000087600000, 0x0000000087700000|  0%| F|  |TAMS 0x0000000087600000, 0x0000000087600000| Untracked 
| 119|0x0000000087700000, 0x0000000087700000, 0x0000000087800000|  0%| F|  |TAMS 0x0000000087700000, 0x0000000087700000| Untracked 
| 120|0x0000000087800000, 0x0000000087800000, 0x0000000087900000|  0%| F|  |TAMS 0x0000000087800000, 0x0000000087800000| Untracked 
| 121|0x0000000087900000, 0x0000000087900000, 0x0000000087a00000|  0%| F|  |TAMS 0x0000000087900000, 0x0000000087900000| Untracked 
| 122|0x0000000087a00000, 0x0000000087a00000, 0x0000000087b00000|  0%| F|  |TAMS 0x0000000087a00000, 0x0000000087a00000| Untracked 
| 123|0x0000000087b00000, 0x0000000087b00000, 0x0000000087c00000|  0%| F|  |TAMS 0x0000000087b00000, 0x0000000087b00000| Untracked 
| 124|0x0000000087c00000, 0x0000000087c00000, 0x0000000087d00000|  0%| F|  |TAMS 0x0000000087c00000, 0x0000000087c00000| Untracked 
| 125|0x0000000087d00000, 0x0000000087d00000, 0x0000000087e00000|  0%| F|  |TAMS 0x0000000087d00000, 0x0000000087d00000| Untracked 
| 126|0x0000000087e00000, 0x0000000087e00000, 0x0000000087f00000|  0%| F|  |TAMS 0x0000000087e00000, 0x0000000087e00000| Untracked 
| 127|0x0000000087f00000, 0x0000000087f00000, 0x0000000088000000|  0%| F|  |TAMS 0x0000000087f00000, 0x0000000087f00000| Untracked 
| 128|0x0000000088000000, 0x0000000088000000, 0x0000000088100000|  0%| F|  |TAMS 0x0000000088000000, 0x0000000088000000| Untracked 
| 129|0x0000000088100000, 0x0000000088200000, 0x0000000088200000|100%| E|  |TAMS 0x0000000088100000, 0x0000000088100000| Complete 
| 130|0x0000000088200000, 0x0000000088300000, 0x0000000088300000|100%| E|CS|TAMS 0x0000000088200000, 0x0000000088200000| Complete 
| 131|0x0000000088300000, 0x0000000088400000, 0x0000000088400000|100%| E|CS|TAMS 0x0000000088300000, 0x0000000088300000| Complete 
| 132|0x0000000088400000, 0x0000000088500000, 0x0000000088500000|100%| E|CS|TAMS 0x0000000088400000, 0x0000000088400000| Complete 
| 133|0x0000000088500000, 0x0000000088600000, 0x0000000088600000|100%| E|CS|TAMS 0x0000000088500000, 0x0000000088500000| Complete 
| 134|0x0000000088600000, 0x0000000088700000, 0x0000000088700000|100%| E|CS|TAMS 0x0000000088600000, 0x0000000088600000| Complete 
| 135|0x0000000088700000, 0x0000000088800000, 0x0000000088800000|100%| E|CS|TAMS 0x0000000088700000, 0x0000000088700000| Complete 
| 136|0x0000000088800000, 0x0000000088900000, 0x0000000088900000|100%| E|CS|TAMS 0x0000000088800000, 0x0000000088800000| Complete 
| 137|0x0000000088900000, 0x0000000088a00000, 0x0000000088a00000|100%| E|CS|TAMS 0x0000000088900000, 0x0000000088900000| Complete 
| 138|0x0000000088a00000, 0x0000000088b00000, 0x0000000088b00000|100%| E|CS|TAMS 0x0000000088a00000, 0x0000000088a00000| Complete 
| 139|0x0000000088b00000, 0x0000000088c00000, 0x0000000088c00000|100%| E|CS|TAMS 0x0000000088b00000, 0x0000000088b00000| Complete 
| 140|0x0000000088c00000, 0x0000000088d00000, 0x0000000088d00000|100%| E|CS|TAMS 0x0000000088c00000, 0x0000000088c00000| Complete 
| 141|0x0000000088d00000, 0x0000000088e00000, 0x0000000088e00000|100%| E|CS|TAMS 0x0000000088d00000, 0x0000000088d00000| Complete 
| 142|0x0000000088e00000, 0x0000000088f00000, 0x0000000088f00000|100%| E|CS|TAMS 0x0000000088e00000, 0x0000000088e00000| Complete 
| 143|0x0000000088f00000, 0x0000000089000000, 0x0000000089000000|100%| E|CS|TAMS 0x0000000088f00000, 0x0000000088f00000| Complete 
| 144|0x0000000089000000, 0x0000000089100000, 0x0000000089100000|100%| E|CS|TAMS 0x0000000089000000, 0x0000000089000000| Complete 
| 145|0x0000000089100000, 0x0000000089200000, 0x0000000089200000|100%| E|CS|TAMS 0x0000000089100000, 0x0000000089100000| Complete 
| 146|0x0000000089200000, 0x0000000089300000, 0x0000000089300000|100%| E|CS|TAMS 0x0000000089200000, 0x0000000089200000| Complete 
| 147|0x0000000089300000, 0x0000000089400000, 0x0000000089400000|100%| E|CS|TAMS 0x0000000089300000, 0x0000000089300000| Complete 
| 148|0x0000000089400000, 0x0000000089500000, 0x0000000089500000|100%| E|CS|TAMS 0x0000000089400000, 0x0000000089400000| Complete 
| 149|0x0000000089500000, 0x0000000089600000, 0x0000000089600000|100%| E|CS|TAMS 0x0000000089500000, 0x0000000089500000| Complete 
| 150|0x0000000089600000, 0x0000000089700000, 0x0000000089700000|100%| E|CS|TAMS 0x0000000089600000, 0x0000000089600000| Complete 
| 151|0x0000000089700000, 0x0000000089800000, 0x0000000089800000|100%| E|CS|TAMS 0x0000000089700000, 0x0000000089700000| Complete 
| 152|0x0000000089800000, 0x0000000089900000, 0x0000000089900000|100%| E|CS|TAMS 0x0000000089800000, 0x0000000089800000| Complete 
| 153|0x0000000089900000, 0x0000000089a00000, 0x0000000089a00000|100%| E|CS|TAMS 0x0000000089900000, 0x0000000089900000| Complete 
| 154|0x0000000089a00000, 0x0000000089b00000, 0x0000000089b00000|100%| E|CS|TAMS 0x0000000089a00000, 0x0000000089a00000| Complete 
| 155|0x0000000089b00000, 0x0000000089c00000, 0x0000000089c00000|100%| E|CS|TAMS 0x0000000089b00000, 0x0000000089b00000| Complete 
| 156|0x0000000089c00000, 0x0000000089d00000, 0x0000000089d00000|100%| E|CS|TAMS 0x0000000089c00000, 0x0000000089c00000| Complete 
| 157|0x0000000089d00000, 0x0000000089e00000, 0x0000000089e00000|100%| E|CS|TAMS 0x0000000089d00000, 0x0000000089d00000| Complete 
| 158|0x0000000089e00000, 0x0000000089f00000, 0x0000000089f00000|100%| E|CS|TAMS 0x0000000089e00000, 0x0000000089e00000| Complete 
| 159|0x0000000089f00000, 0x000000008a000000, 0x000000008a000000|100%| E|CS|TAMS 0x0000000089f00000, 0x0000000089f00000| Complete 
| 160|0x000000008a000000, 0x000000008a100000, 0x000000008a100000|100%| E|CS|TAMS 0x000000008a000000, 0x000000008a000000| Complete 
| 161|0x000000008a100000, 0x000000008a200000, 0x000000008a200000|100%| E|CS|TAMS 0x000000008a100000, 0x000000008a100000| Complete 
| 162|0x000000008a200000, 0x000000008a300000, 0x000000008a300000|100%| E|CS|TAMS 0x000000008a200000, 0x000000008a200000| Complete 
| 163|0x000000008a300000, 0x000000008a400000, 0x000000008a400000|100%| E|CS|TAMS 0x000000008a300000, 0x000000008a300000| Complete 
| 164|0x000000008a400000, 0x000000008a500000, 0x000000008a500000|100%| E|CS|TAMS 0x000000008a400000, 0x000000008a400000| Complete 
| 165|0x000000008a500000, 0x000000008a600000, 0x000000008a600000|100%| E|CS|TAMS 0x000000008a500000, 0x000000008a500000| Complete 
| 166|0x000000008a600000, 0x000000008a700000, 0x000000008a700000|100%| E|CS|TAMS 0x000000008a600000, 0x000000008a600000| Complete 
| 167|0x000000008a700000, 0x000000008a800000, 0x000000008a800000|100%| E|CS|TAMS 0x000000008a700000, 0x000000008a700000| Complete 
| 168|0x000000008a800000, 0x000000008a900000, 0x000000008a900000|100%| E|CS|TAMS 0x000000008a800000, 0x000000008a800000| Complete 
| 169|0x000000008a900000, 0x000000008aa00000, 0x000000008aa00000|100%| E|CS|TAMS 0x000000008a900000, 0x000000008a900000| Complete 
| 170|0x000000008aa00000, 0x000000008ab00000, 0x000000008ab00000|100%| E|CS|TAMS 0x000000008aa00000, 0x000000008aa00000| Complete 
| 171|0x000000008ab00000, 0x000000008ac00000, 0x000000008ac00000|100%| E|CS|TAMS 0x000000008ab00000, 0x000000008ab00000| Complete 
| 172|0x000000008ac00000, 0x000000008ad00000, 0x000000008ad00000|100%| E|CS|TAMS 0x000000008ac00000, 0x000000008ac00000| Complete 
| 173|0x000000008ad00000, 0x000000008ae00000, 0x000000008ae00000|100%| E|CS|TAMS 0x000000008ad00000, 0x000000008ad00000| Complete 
| 174|0x000000008ae00000, 0x000000008af00000, 0x000000008af00000|100%| E|CS|TAMS 0x000000008ae00000, 0x000000008ae00000| Complete 
| 175|0x000000008af00000, 0x000000008b000000, 0x000000008b000000|100%| E|CS|TAMS 0x000000008af00000, 0x000000008af00000| Complete 
| 176|0x000000008b000000, 0x000000008b100000, 0x000000008b100000|100%| E|CS|TAMS 0x000000008b000000, 0x000000008b000000| Complete 
| 177|0x000000008b100000, 0x000000008b200000, 0x000000008b200000|100%| E|CS|TAMS 0x000000008b100000, 0x000000008b100000| Complete 
| 178|0x000000008b200000, 0x000000008b300000, 0x000000008b300000|100%| E|CS|TAMS 0x000000008b200000, 0x000000008b200000| Complete 
| 179|0x000000008b300000, 0x000000008b400000, 0x000000008b400000|100%| E|CS|TAMS 0x000000008b300000, 0x000000008b300000| Complete 
| 180|0x000000008b400000, 0x000000008b500000, 0x000000008b500000|100%| E|CS|TAMS 0x000000008b400000, 0x000000008b400000| Complete 

Card table byte_map: [0x0000028c5e9a0000,0x0000028c5eda0000] _byte_map_base: 0x0000028c5e5a0000

Marking Bits (Prev, Next): (CMBitMap*) 0x0000028c46a056c0, (CMBitMap*) 0x0000028c46a05700
 Prev Bits: [0x0000028c5f1a0000, 0x0000028c611a0000)
 Next Bits: [0x0000028c611a0000, 0x0000028c631a0000)

Polling page: 0x0000028c46180000

Metaspace:

Usage:
  Non-class:     59.91 MB used.
      Class:      9.97 MB used.
       Both:     69.88 MB used.

Virtual space:
  Non-class space:       64.00 MB reserved,      60.25 MB ( 94%) committed,  1 nodes.
      Class space:      416.00 MB reserved,      10.31 MB (  2%) committed,  1 nodes.
             Both:      480.00 MB reserved,      70.56 MB ( 15%) committed. 

Chunk freelists:
   Non-Class:  3.64 MB
       Class:  5.61 MB
        Both:  9.25 MB

MaxMetaspaceSize: 512.00 MB
CompressedClassSpaceSize: 416.00 MB
Initial GC threshold: 21.00 MB
Current GC threshold: 110.94 MB
CDS: on
MetaspaceReclaimPolicy: balanced
 - commit_granule_bytes: 65536.
 - commit_granule_words: 8192.
 - virtual_space_node_default_size: 8388608.
 - enlarge_chunks_in_place: 1.
 - new_chunks_are_fully_committed: 0.
 - uncommit_free_chunks: 1.
 - use_allocation_guard: 0.
 - handle_deallocations: 1.


Internal statistics:

num_allocs_failed_limit: 6.
num_arena_births: 904.
num_arena_deaths: 0.
num_vsnodes_births: 2.
num_vsnodes_deaths: 0.
num_space_committed: 1129.
num_space_uncommitted: 0.
num_chunks_returned_to_freelist: 6.
num_chunks_taken_from_freelist: 3971.
num_chunk_merges: 6.
num_chunk_splits: 2561.
num_chunks_enlarged: 1686.
num_inconsistent_stats: 0.

CodeHeap 'non-profiled nmethods': size=128192Kb used=5258Kb max_used=5258Kb free=122933Kb
 bounds [0x0000028c56540000, 0x0000028c56a70000, 0x0000028c5e270000]
CodeHeap 'profiled nmethods': size=128192Kb used=17712Kb max_used=17712Kb free=110479Kb
 bounds [0x0000028c4e270000, 0x0000028c4f3c0000, 0x0000028c55fa0000]
CodeHeap 'non-nmethods': size=5760Kb used=1687Kb max_used=1746Kb free=4072Kb
 bounds [0x0000028c55fa0000, 0x0000028c56210000, 0x0000028c56540000]
 total_blobs=10020 nmethods=9244 adapters=688
 compilation: enabled
              stopped_count=0, restarted_count=0
 full_count=0

Compilation events (20 events):
Event: 41.347 Thread 0x0000028c65c8ea40 10098   !   3       java.lang.invoke.BoundMethodHandle$Species_L::copyWithExtendL (31 bytes)
Event: 41.347 Thread 0x0000028c65c8ea40 nmethod 10098 0x0000028c4f3afa10 code [0x0000028c4f3afc40, 0x0000028c4f3b0788]
Event: 41.347 Thread 0x0000028c65c8ea40 10099       1       org.gradle.internal.instantiation.generator.DefaultInstantiatorFactory::injectScheme (5 bytes)
Event: 41.347 Thread 0x0000028c65c8ea40 nmethod 10099 0x0000028c56a61410 code [0x0000028c56a615a0, 0x0000028c56a61678]
Event: 41.478 Thread 0x0000028c65c8ea40 10101       1       com.android.build.gradle.options.Stage::getStatus (5 bytes)
Event: 41.479 Thread 0x0000028c65c8ea40 nmethod 10101 0x0000028c56a61710 code [0x0000028c56a618a0, 0x0000028c56a61978]
Event: 41.485 Thread 0x0000028c65c8ea40 10102       3       com.google.common.collect.CollectPreconditions::checkEntryNotNull (68 bytes)
Event: 41.485 Thread 0x0000028c65c8ea40 nmethod 10102 0x0000028c4f3b0a90 code [0x0000028c4f3b0ce0, 0x0000028c4f3b11e8]
Event: 41.485 Thread 0x0000028c65c8ea40 10103       1       com.google.common.collect.ImmutableEntry::getKey (5 bytes)
Event: 41.485 Thread 0x0000028c65c8ea40 nmethod 10103 0x0000028c56a61a10 code [0x0000028c56a61ba0, 0x0000028c56a61c78]
Event: 41.485 Thread 0x0000028c65c8ea40 10104       1       com.google.common.collect.ImmutableEntry::getValue (5 bytes)
Event: 41.485 Thread 0x0000028c65c8ea40 nmethod 10104 0x0000028c56a61d10 code [0x0000028c56a61ea0, 0x0000028c56a61f78]
Event: 41.488 Thread 0x0000028c65c8ea40 10105       1       com.google.common.collect.ImmutableMapEntry::isReusable (2 bytes)
Event: 41.488 Thread 0x0000028c65c8ea40 nmethod 10105 0x0000028c56a62010 code [0x0000028c56a621a0, 0x0000028c56a62278]
Event: 41.502 Thread 0x0000028c65c8ea40 10106       3       com.google.common.collect.ImmutableMapEntry::<init> (12 bytes)
Event: 41.503 Thread 0x0000028c65c8ea40 nmethod 10106 0x0000028c4f3b1490 code [0x0000028c4f3b1640, 0x0000028c4f3b1948]
Event: 41.503 Thread 0x0000028c65c8ea40 10107       3       com.google.common.collect.ImmutableEntry::<init> (15 bytes)
Event: 41.503 Thread 0x0000028c65c8ea40 nmethod 10107 0x0000028c4f3b1a90 code [0x0000028c4f3b1c40, 0x0000028c4f3b1eb8]
Event: 41.503 Thread 0x0000028c65c8ea40 10108       3       com.google.common.collect.AbstractMapEntry::<init> (5 bytes)
Event: 41.503 Thread 0x0000028c65c8ea40 nmethod 10108 0x0000028c4f3b1f90 code [0x0000028c4f3b2120, 0x0000028c4f3b2278]

GC Heap History (20 events):
Event: 30.438 GC heap before
{Heap before GC invocations=28 (full 0):
 garbage-first heap   total 94208K, used 77210K [0x0000000080000000, 0x0000000100000000)
  region size 1024K, 26 young (26624K), 4 survivors (4096K)
 Metaspace       used 63079K, committed 63680K, reserved 491520K
  class space    used 9047K, committed 9344K, reserved 425984K
}
Event: 30.445 GC heap after
{Heap after GC invocations=29 (full 0):
 garbage-first heap   total 94208K, used 55868K [0x0000000080000000, 0x0000000100000000)
  region size 1024K, 3 young (3072K), 3 survivors (3072K)
 Metaspace       used 63079K, committed 63680K, reserved 491520K
  class space    used 9047K, committed 9344K, reserved 425984K
}
Event: 31.297 GC heap before
{Heap before GC invocations=30 (full 0):
 garbage-first heap   total 99328K, used 77372K [0x0000000080000000, 0x0000000100000000)
  region size 1024K, 25 young (25600K), 3 survivors (3072K)
 Metaspace       used 64860K, committed 65472K, reserved 491520K
  class space    used 9369K, committed 9664K, reserved 425984K
}
Event: 31.304 GC heap after
{Heap after GC invocations=31 (full 0):
 garbage-first heap   total 99328K, used 57629K [0x0000000080000000, 0x0000000100000000)
  region size 1024K, 3 young (3072K), 3 survivors (3072K)
 Metaspace       used 64860K, committed 65472K, reserved 491520K
  class space    used 9369K, committed 9664K, reserved 425984K
}
Event: 32.469 GC heap before
{Heap before GC invocations=31 (full 0):
 garbage-first heap   total 99328K, used 83229K [0x0000000080000000, 0x0000000100000000)
  region size 1024K, 28 young (28672K), 3 survivors (3072K)
 Metaspace       used 66098K, committed 66688K, reserved 491520K
  class space    used 9576K, committed 9856K, reserved 425984K
}
Event: 32.475 GC heap after
{Heap after GC invocations=32 (full 0):
 garbage-first heap   total 99328K, used 60052K [0x0000000080000000, 0x0000000100000000)
  region size 1024K, 4 young (4096K), 4 survivors (4096K)
 Metaspace       used 66098K, committed 66688K, reserved 491520K
  class space    used 9576K, committed 9856K, reserved 425984K
}
Event: 34.365 GC heap before
{Heap before GC invocations=33 (full 0):
 garbage-first heap   total 104448K, used 80532K [0x0000000080000000, 0x0000000100000000)
  region size 1024K, 25 young (25600K), 4 survivors (4096K)
 Metaspace       used 67238K, committed 67840K, reserved 491520K
  class space    used 9687K, committed 9984K, reserved 425984K
}
Event: 34.377 GC heap after
{Heap after GC invocations=34 (full 0):
 garbage-first heap   total 104448K, used 62610K [0x0000000080000000, 0x0000000100000000)
  region size 1024K, 3 young (3072K), 3 survivors (3072K)
 Metaspace       used 67238K, committed 67840K, reserved 491520K
  class space    used 9687K, committed 9984K, reserved 425984K
}
Event: 34.970 GC heap before
{Heap before GC invocations=34 (full 0):
 garbage-first heap   total 104448K, used 84114K [0x0000000080000000, 0x0000000100000000)
  region size 1024K, 25 young (25600K), 3 survivors (3072K)
 Metaspace       used 67489K, committed 68160K, reserved 491520K
  class space    used 9694K, committed 9984K, reserved 425984K
}
Event: 34.977 GC heap after
{Heap after GC invocations=35 (full 0):
 garbage-first heap   total 104448K, used 64426K [0x0000000080000000, 0x0000000100000000)
  region size 1024K, 2 young (2048K), 2 survivors (2048K)
 Metaspace       used 67489K, committed 68160K, reserved 491520K
  class space    used 9694K, committed 9984K, reserved 425984K
}
Event: 35.417 GC heap before
{Heap before GC invocations=36 (full 0):
 garbage-first heap   total 117760K, used 85930K [0x0000000080000000, 0x0000000100000000)
  region size 1024K, 24 young (24576K), 2 survivors (2048K)
 Metaspace       used 67550K, committed 68160K, reserved 491520K
  class space    used 9696K, committed 9984K, reserved 425984K
}
Event: 35.421 GC heap after
{Heap after GC invocations=37 (full 0):
 garbage-first heap   total 117760K, used 65065K [0x0000000080000000, 0x0000000100000000)
  region size 1024K, 3 young (3072K), 3 survivors (3072K)
 Metaspace       used 67550K, committed 68160K, reserved 491520K
  class space    used 9696K, committed 9984K, reserved 425984K
}
Event: 35.871 GC heap before
{Heap before GC invocations=37 (full 0):
 garbage-first heap   total 117760K, used 95785K [0x0000000080000000, 0x0000000100000000)
  region size 1024K, 34 young (34816K), 3 survivors (3072K)
 Metaspace       used 67555K, committed 68160K, reserved 491520K
  class space    used 9696K, committed 9984K, reserved 425984K
}
Event: 35.876 GC heap after
{Heap after GC invocations=38 (full 0):
 garbage-first heap   total 117760K, used 66338K [0x0000000080000000, 0x0000000100000000)
  region size 1024K, 4 young (4096K), 4 survivors (4096K)
 Metaspace       used 67555K, committed 68160K, reserved 491520K
  class space    used 9696K, committed 9984K, reserved 425984K
}
Event: 36.711 GC heap before
{Heap before GC invocations=39 (full 0):
 garbage-first heap   total 117760K, used 97058K [0x0000000080000000, 0x0000000100000000)
  region size 1024K, 35 young (35840K), 4 survivors (4096K)
 Metaspace       used 67557K, committed 68160K, reserved 491520K
  class space    used 9696K, committed 9984K, reserved 425984K
}
Event: 36.716 GC heap after
{Heap after GC invocations=40 (full 0):
 garbage-first heap   total 117760K, used 67503K [0x0000000080000000, 0x0000000100000000)
  region size 1024K, 4 young (4096K), 4 survivors (4096K)
 Metaspace       used 67557K, committed 68160K, reserved 491520K
  class space    used 9696K, committed 9984K, reserved 425984K
}
Event: 36.734 GC heap before
{Heap before GC invocations=40 (full 0):
 garbage-first heap   total 117760K, used 68527K [0x0000000080000000, 0x0000000100000000)
  region size 1024K, 5 young (5120K), 4 survivors (4096K)
 Metaspace       used 67561K, committed 68224K, reserved 491520K
  class space    used 9696K, committed 9984K, reserved 425984K
}
Event: 36.738 GC heap after
{Heap after GC invocations=41 (full 0):
 garbage-first heap   total 117760K, used 67933K [0x0000000080000000, 0x0000000100000000)
  region size 1024K, 1 young (1024K), 1 survivors (1024K)
 Metaspace       used 67561K, committed 68224K, reserved 491520K
  class space    used 9696K, committed 9984K, reserved 425984K
}
Event: 37.911 GC heap before
{Heap before GC invocations=41 (full 0):
 garbage-first heap   total 117760K, used 82269K [0x0000000080000000, 0x0000000100000000)
  region size 1024K, 16 young (16384K), 1 survivors (1024K)
 Metaspace       used 68698K, committed 69376K, reserved 491520K
  class space    used 9842K, committed 10176K, reserved 425984K
}
Event: 37.916 GC heap after
{Heap after GC invocations=42 (full 0):
 garbage-first heap   total 185344K, used 68630K [0x0000000080000000, 0x0000000100000000)
  region size 1024K, 2 young (2048K), 2 survivors (2048K)
 Metaspace       used 68698K, committed 69376K, reserved 491520K
  class space    used 9842K, committed 10176K, reserved 425984K
}

Deoptimization events (20 events):
Event: 39.766 Thread 0x0000028c6bd62180 DEOPT PACKING pc=0x0000028c568bfac4 sp=0x000000a27cdf4a70
Event: 39.766 Thread 0x0000028c6bd62180 DEOPT UNPACKING pc=0x0000028c55ff23a3 sp=0x000000a27cdf4878 mode 2
Event: 39.775 Thread 0x0000028c6bd62180 Uncommon trap: trap_request=0xffffffde fr.pc=0x0000028c5677a928 relative=0x0000000000000828
Event: 39.776 Thread 0x0000028c6bd62180 Uncommon trap: reason=class_check action=maybe_recompile pc=0x0000028c5677a928 method=java.io.BufferedInputStream.read1([BII)I @ 39 c2
Event: 39.776 Thread 0x0000028c6bd62180 DEOPT PACKING pc=0x0000028c5677a928 sp=0x000000a27cdf4890
Event: 39.776 Thread 0x0000028c6bd62180 DEOPT UNPACKING pc=0x0000028c55ff23a3 sp=0x000000a27cdf47a8 mode 2
Event: 39.776 Thread 0x0000028c6bd62180 Uncommon trap: trap_request=0xffffffde fr.pc=0x0000028c56779b80 relative=0x00000000000001c0
Event: 39.776 Thread 0x0000028c6bd62180 Uncommon trap: reason=class_check action=maybe_recompile pc=0x0000028c56779b80 method=java.io.BufferedInputStream.read1([BII)I @ 39 c2
Event: 39.776 Thread 0x0000028c6bd62180 DEOPT PACKING pc=0x0000028c56779b80 sp=0x000000a27cdf47f0
Event: 39.776 Thread 0x0000028c6bd62180 DEOPT UNPACKING pc=0x0000028c55ff23a3 sp=0x000000a27cdf4798 mode 2
Event: 40.016 Thread 0x0000028c6bd62180 Uncommon trap: trap_request=0xffffffde fr.pc=0x0000028c568bfac4 relative=0x00000000000060e4
Event: 40.016 Thread 0x0000028c6bd62180 Uncommon trap: reason=class_check action=maybe_recompile pc=0x0000028c568bfac4 method=java.util.jar.JarFile.getManifestFromReference()Ljava/util/jar/Manifest; @ 152 c2
Event: 40.016 Thread 0x0000028c6bd62180 DEOPT PACKING pc=0x0000028c568bfac4 sp=0x000000a27cdf4200
Event: 40.016 Thread 0x0000028c6bd62180 DEOPT UNPACKING pc=0x0000028c55ff23a3 sp=0x000000a27cdf4008 mode 2
Event: 40.649 Thread 0x0000028c6bd62180 DEOPT PACKING pc=0x0000028c4e3dcc25 sp=0x000000a27cdf5200
Event: 40.649 Thread 0x0000028c6bd62180 DEOPT UNPACKING pc=0x0000028c55ff2b43 sp=0x000000a27cdf47a0 mode 0
Event: 41.050 Thread 0x0000028c6bd62180 Uncommon trap: trap_request=0xffffffde fr.pc=0x0000028c56975388 relative=0x0000000000000068
Event: 41.050 Thread 0x0000028c6bd62180 Uncommon trap: reason=class_check action=maybe_recompile pc=0x0000028c56975388 method=java.lang.invoke.Invokers$Holder.linkToTargetMethod(Ljava/lang/Object;Ljava/lang/Object;Ljava/lang/Object;Ljava/lang/Object;Ljava/lang/Object;)Ljava/lang/Object; @ 2 c2
Event: 41.050 Thread 0x0000028c6bd62180 DEOPT PACKING pc=0x0000028c56975388 sp=0x000000a27cdf4b60
Event: 41.050 Thread 0x0000028c6bd62180 DEOPT UNPACKING pc=0x0000028c55ff23a3 sp=0x000000a27cdf4ae8 mode 2

Classes unloaded (0 events):
No events

Classes redefined (0 events):
No events

Internal exceptions (20 events):
Event: 31.469 Thread 0x0000028c6a517a20 Exception <a 'java/lang/IncompatibleClassChangeError'{0x0000000085c79b98}: Found class java.lang.Object, but interface was expected> (0x0000000085c79b98) 
thrown [s\open\src\hotspot\share\interpreter\linkResolver.cpp, line 826]
Event: 32.133 Thread 0x0000028c6a517a20 Exception <a 'java/lang/NoSuchMethodError'{0x00000000854a7c58}: static Ljava/lang/Object;.<clinit>()V> (0x00000000854a7c58) 
thrown [s\open\src\hotspot\share\prims\jni.cpp, line 1112]
Event: 32.320 Thread 0x0000028c6a517a20 Exception <a 'java/lang/NoSuchMethodError'{0x0000000084cff7e0}: 'int java.lang.invoke.DirectMethodHandle$Holder.invokeStaticInit(java.lang.Object, java.lang.Object, java.lang.Object, java.lang.Object, java.lang.Object)'> (0x0000000084cff7e0) 
thrown [s\open\src\hotspot\share\interpreter\linkResolver.cpp, line 759]
Event: 32.372 Thread 0x0000028c6a51b6e0 Exception <a 'sun/nio/fs/WindowsException'{0x0000000085604f50}> (0x0000000085604f50) 
thrown [s\open\src\hotspot\share\prims\jni.cpp, line 516]
Event: 32.372 Thread 0x0000028c6a51b6e0 Exception <a 'sun/nio/fs/WindowsException'{0x0000000085607048}> (0x0000000085607048) 
thrown [s\open\src\hotspot\share\prims\jni.cpp, line 516]
Event: 32.372 Thread 0x0000028c6a51b6e0 Exception <a 'sun/nio/fs/WindowsException'{0x0000000085608ef0}> (0x0000000085608ef0) 
thrown [s\open\src\hotspot\share\prims\jni.cpp, line 516]
Event: 32.374 Thread 0x0000028c6a51b6e0 Exception <a 'sun/nio/fs/WindowsException'{0x000000008560ab20}> (0x000000008560ab20) 
thrown [s\open\src\hotspot\share\prims\jni.cpp, line 516]
Event: 32.380 Thread 0x0000028c6a517a20 Exception <a 'sun/nio/fs/WindowsException'{0x00000000847e9c48}> (0x00000000847e9c48) 
thrown [s\open\src\hotspot\share\prims\jni.cpp, line 516]
Event: 32.380 Thread 0x0000028c6a517a20 Exception <a 'sun/nio/fs/WindowsException'{0x00000000847eba48}> (0x00000000847eba48) 
thrown [s\open\src\hotspot\share\prims\jni.cpp, line 516]
Event: 32.381 Thread 0x0000028c6a517a20 Exception <a 'sun/nio/fs/WindowsException'{0x00000000847ed570}> (0x00000000847ed570) 
thrown [s\open\src\hotspot\share\prims\jni.cpp, line 516]
Event: 35.355 Thread 0x0000028c6dcd9890 Implicit null exception at 0x0000028c569acb60 to 0x0000028c569acbf4
Event: 35.846 Thread 0x0000028c6dcdacd0 Implicit null exception at 0x0000028c569ca112 to 0x0000028c569cabc0
Event: 35.850 Thread 0x0000028c6dcdda60 Implicit null exception at 0x0000028c569ca112 to 0x0000028c569cabc0
Event: 35.852 Thread 0x0000028c6dcd8960 Implicit null exception at 0x0000028c569ca112 to 0x0000028c569cabc0
Event: 35.853 Thread 0x0000028c6dcd7f40 Implicit null exception at 0x0000028c569ca112 to 0x0000028c569cabc0
Event: 36.036 Thread 0x0000028c6dcd7f40 Implicit null exception at 0x0000028c569d3b09 to 0x0000028c569d43d8
Event: 37.886 Thread 0x0000028c6bd62180 Exception <a 'java/lang/NoSuchMethodError'{0x000000008634a0d8}: 'java.lang.Object java.lang.invoke.Invokers$Holder.invokeExact_MT(java.lang.Object, java.lang.Object, java.lang.Object, int, java.lang.Object, java.lang.Object)'> (0x000000008634a0d8) 
thrown [s\open\src\hotspot\share\interpreter\linkResolver.cpp, line 759]
Event: 39.112 Thread 0x0000028c6bd62180 Exception <a 'java/lang/NoSuchMethodError'{0x000000008a21aae0}: 'void java.lang.invoke.Invokers$Holder.invoke_MT(java.lang.Object, java.lang.Object, java.lang.Object, java.lang.Object)'> (0x000000008a21aae0) 
thrown [s\open\src\hotspot\share\interpreter\linkResolver.cpp, line 759]
Event: 39.374 Thread 0x0000028c6bd62180 Exception <a 'java/lang/ClassNotFoundException'{0x0000000089f489f0}: org/gradle/api/internal/plugins/DefaultObjectConfigurationActionBeanInfo> (0x0000000089f489f0) 
thrown [s\open\src\hotspot\share\classfile\systemDictionary.cpp, line 256]
Event: 39.376 Thread 0x0000028c6bd62180 Exception <a 'java/lang/ClassNotFoundException'{0x0000000089f61928}: org/gradle/api/internal/plugins/DefaultObjectConfigurationActionCustomizer> (0x0000000089f61928) 
thrown [s\open\src\hotspot\share\classfile\systemDictionary.cpp, line 256]

VM Operations (20 events):
Event: 35.871 Executing VM operation: G1CollectForAllocation
Event: 35.877 Executing VM operation: G1CollectForAllocation done
Event: 35.958 Executing VM operation: G1Concurrent
Event: 35.961 Executing VM operation: G1Concurrent done
Event: 35.994 Executing VM operation: G1Concurrent
Event: 35.995 Executing VM operation: G1Concurrent done
Event: 36.711 Executing VM operation: G1CollectForAllocation
Event: 36.716 Executing VM operation: G1CollectForAllocation done
Event: 36.734 Executing VM operation: G1CollectForAllocation
Event: 36.738 Executing VM operation: G1CollectForAllocation done
Event: 37.740 Executing VM operation: Cleanup
Event: 37.740 Executing VM operation: Cleanup done
Event: 37.911 Executing VM operation: G1TryInitiateConcMark
Event: 37.916 Executing VM operation: G1TryInitiateConcMark done
Event: 38.152 Executing VM operation: HandshakeAllThreads
Event: 38.152 Executing VM operation: HandshakeAllThreads done
Event: 39.165 Executing VM operation: Cleanup
Event: 39.166 Executing VM operation: Cleanup done
Event: 41.169 Executing VM operation: Cleanup
Event: 41.170 Executing VM operation: Cleanup done

Events (20 events):
Event: 34.475 Thread 0x0000028c6dcdc620 Thread added: 0x0000028c6dcdc620
Event: 34.476 Thread 0x0000028c6dcda2b0 Thread added: 0x0000028c6dcda2b0
Event: 34.477 Thread 0x0000028c6dcd7a30 Thread added: 0x0000028c6dcd7a30
Event: 35.026 Thread 0x0000028c6dcdda60 Thread added: 0x0000028c6dcdda60
Event: 35.026 Thread 0x0000028c6dcd7f40 Thread added: 0x0000028c6dcd7f40
Event: 35.026 Thread 0x0000028c6dcd8960 Thread added: 0x0000028c6dcd8960
Event: 35.027 Thread 0x0000028c6dcde480 Thread added: 0x0000028c6dcde480
Event: 35.028 Thread 0x0000028c6dcdacd0 Thread added: 0x0000028c6dcdacd0
Event: 35.030 Thread 0x0000028c6dcd9890 Thread added: 0x0000028c6dcd9890
Event: 35.033 Thread 0x0000028c6dcdb1e0 Thread added: 0x0000028c6dcdb1e0
Event: 36.784 loading class java/util/stream/SortedOps$RefSortingSink
Event: 36.792 loading class java/util/stream/SortedOps$RefSortingSink done
Event: 37.817 loading class java/io/NotSerializableException
Event: 37.818 loading class java/io/NotSerializableException done
Event: 39.140 loading class java/lang/ProcessBuilder
Event: 39.143 loading class java/lang/ProcessBuilder done
Event: 39.391 loading class jdk/internal/reflect/UnsafeObjectFieldAccessorImpl
Event: 39.393 loading class jdk/internal/reflect/UnsafeObjectFieldAccessorImpl done
Event: 40.995 loading class java/util/regex/Pattern$1
Event: 41.018 loading class java/util/regex/Pattern$1 done


Dynamic libraries:
0x00007ff613ae0000 - 0x00007ff613af0000 	D:\java\jdk-17\bin\java.exe
0x00007ffe63190000 - 0x00007ffe63388000 	C:\Windows\SYSTEM32\ntdll.dll
0x00007ffe61c80000 - 0x00007ffe61d42000 	C:\Windows\System32\KERNEL32.DLL
0x00007ffe60d60000 - 0x00007ffe61056000 	C:\Windows\System32\KERNELBASE.dll
0x00007ffe60c10000 - 0x00007ffe60d10000 	C:\Windows\System32\ucrtbase.dll
0x00007ffe3ccb0000 - 0x00007ffe3ccc9000 	D:\java\jdk-17\bin\jli.dll
0x00007ffe61eb0000 - 0x00007ffe61f61000 	C:\Windows\System32\ADVAPI32.dll
0x00007ffe43fb0000 - 0x00007ffe43fcb000 	D:\java\jdk-17\bin\VCRUNTIME140.dll
0x00007ffe630b0000 - 0x00007ffe6314e000 	C:\Windows\System32\msvcrt.dll
0x00007ffe62640000 - 0x00007ffe626df000 	C:\Windows\System32\sechost.dll
0x00007ffe62520000 - 0x00007ffe62640000 	C:\Windows\System32\RPCRT4.dll
0x00007ffe60970000 - 0x00007ffe60997000 	C:\Windows\System32\bcrypt.dll
0x00007ffe62f00000 - 0x00007ffe630a1000 	C:\Windows\System32\USER32.dll
0x00007ffe61060000 - 0x00007ffe61082000 	C:\Windows\System32\win32u.dll
0x00007ffe61d60000 - 0x00007ffe61d8b000 	C:\Windows\System32\GDI32.dll
0x00007ffe61090000 - 0x00007ffe611a9000 	C:\Windows\System32\gdi32full.dll
0x00007ffe608d0000 - 0x00007ffe6096d000 	C:\Windows\System32\msvcp_win.dll
0x00007ffe51690000 - 0x00007ffe5192b000 	C:\Windows\WinSxS\amd64_microsoft.windows.common-controls_6595b64144ccf1df_6.0.19041.6456_none_60b8a6cb71f64256\COMCTL32.dll
0x00007ffe5ac30000 - 0x00007ffe5ac3a000 	C:\Windows\SYSTEM32\VERSION.dll
0x00007ffe61b80000 - 0x00007ffe61baf000 	C:\Windows\System32\IMM32.DLL
0x00007ffe43fa0000 - 0x00007ffe43fac000 	D:\java\jdk-17\bin\vcruntime140_1.dll
0x00007ffe3cbc0000 - 0x00007ffe3cc4e000 	D:\java\jdk-17\bin\msvcp140.dll
0x00007ffdd1d50000 - 0x00007ffdd2930000 	D:\java\jdk-17\bin\server\jvm.dll
0x00007ffe61280000 - 0x00007ffe61288000 	C:\Windows\System32\PSAPI.DLL
0x00007ffe3cc80000 - 0x00007ffe3cc89000 	C:\Windows\SYSTEM32\WSOCK32.dll
0x00007ffe624b0000 - 0x00007ffe6251b000 	C:\Windows\System32\WS2_32.dll
0x00007ffe51930000 - 0x00007ffe51957000 	C:\Windows\SYSTEM32\WINMM.dll
0x00007ffe5e5d0000 - 0x00007ffe5e5e2000 	C:\Windows\SYSTEM32\kernel.appcore.dll
0x00007ffe3cb20000 - 0x00007ffe3cb2a000 	D:\java\jdk-17\bin\jimage.dll
0x00007ffe522a0000 - 0x00007ffe524a1000 	C:\Windows\SYSTEM32\DBGHELP.DLL
0x00007ffe45580000 - 0x00007ffe455b4000 	C:\Windows\SYSTEM32\dbgcore.DLL
0x00007ffe60a20000 - 0x00007ffe60aa2000 	C:\Windows\System32\bcryptPrimitives.dll
0x00007ffe36b50000 - 0x00007ffe36b5e000 	D:\java\jdk-17\bin\instrument.dll
0x00007ffe36bc0000 - 0x00007ffe36be5000 	D:\java\jdk-17\bin\java.dll
0x00007ffdd1c70000 - 0x00007ffdd1d47000 	D:\java\jdk-17\bin\jsvml.dll
0x00007ffe62790000 - 0x00007ffe62f00000 	C:\Windows\System32\SHELL32.dll
0x00007ffe5e8b0000 - 0x00007ffe5f055000 	C:\Windows\SYSTEM32\windows.storage.dll
0x00007ffe620c0000 - 0x00007ffe62414000 	C:\Windows\System32\combase.dll
0x00007ffe60170000 - 0x00007ffe6019b000 	C:\Windows\SYSTEM32\Wldp.dll
0x00007ffe61bb0000 - 0x00007ffe61c7d000 	C:\Windows\System32\OLEAUT32.dll
0x00007ffe61310000 - 0x00007ffe613bd000 	C:\Windows\System32\SHCORE.dll
0x00007ffe61970000 - 0x00007ffe619cb000 	C:\Windows\System32\shlwapi.dll
0x00007ffe60750000 - 0x00007ffe60774000 	C:\Windows\SYSTEM32\profapi.dll
0x00007ffe36b80000 - 0x00007ffe36b98000 	D:\java\jdk-17\bin\zip.dll
0x00007ffe3cc90000 - 0x00007ffe3cca9000 	D:\java\jdk-17\bin\net.dll
0x00007ffe5a210000 - 0x00007ffe5a31a000 	C:\Windows\SYSTEM32\WINHTTP.dll
0x00007ffe5fed0000 - 0x00007ffe5ff3a000 	C:\Windows\system32\mswsock.dll
0x00007ffe36ba0000 - 0x00007ffe36bb6000 	D:\java\jdk-17\bin\nio.dll
0x00007ffe3cd50000 - 0x00007ffe3cd60000 	D:\java\jdk-17\bin\verify.dll
0x00007ffe3cd20000 - 0x00007ffe3cd47000 	C:\Users\PC\.gradle\native\c067742578af261105cb4f569cf0c3c89f3d7b1fecec35dd04571415982c5e48\windows-amd64\native-platform.dll
0x00007ffdda380000 - 0x00007ffdda4c4000 	C:\Users\PC\.gradle\native\100fb08df4bc3b14c8652ba06237920a3bd2aa13389f12d3474272988ae205f9\windows-amd64\native-platform-file-events.dll
0x00007ffe3cd10000 - 0x00007ffe3cd1a000 	D:\java\jdk-17\bin\management.dll
0x00007ffe36b60000 - 0x00007ffe36b6b000 	D:\java\jdk-17\bin\management_ext.dll
0x00007ffe600c0000 - 0x00007ffe600d8000 	C:\Windows\SYSTEM32\CRYPTSP.dll
0x00007ffe5f7f0000 - 0x00007ffe5f828000 	C:\Windows\system32\rsaenh.dll
0x00007ffe60710000 - 0x00007ffe6073e000 	C:\Windows\SYSTEM32\USERENV.dll
0x00007ffe600e0000 - 0x00007ffe600ec000 	C:\Windows\SYSTEM32\CRYPTBASE.dll
0x00007ffe5fbb0000 - 0x00007ffe5fbeb000 	C:\Windows\SYSTEM32\IPHLPAPI.DLL
0x00007ffe611b0000 - 0x00007ffe611b8000 	C:\Windows\System32\NSI.dll
0x00007ffe5ae60000 - 0x00007ffe5ae77000 	C:\Windows\SYSTEM32\dhcpcsvc6.DLL
0x00007ffe5ad30000 - 0x00007ffe5ad4d000 	C:\Windows\SYSTEM32\dhcpcsvc.DLL
0x00007ffe5fbf0000 - 0x00007ffe5fcba000 	C:\Windows\SYSTEM32\DNSAPI.dll
0x00007ffe367f0000 - 0x00007ffe367fe000 	D:\java\jdk-17\bin\sunmscapi.dll
0x00007ffe60ab0000 - 0x00007ffe60c0d000 	C:\Windows\System32\CRYPT32.dll
0x00007ffe601e0000 - 0x00007ffe60207000 	C:\Windows\SYSTEM32\ncrypt.dll
0x00007ffe601a0000 - 0x00007ffe601db000 	C:\Windows\SYSTEM32\NTASN1.dll
0x00007ffe36b70000 - 0x00007ffe36b77000 	C:\Windows\system32\wshunix.dll

dbghelp: loaded successfully - version: 4.0.5 - missing functions: none
symbol engine: initialized successfully - sym options: 0x614 - pdb path: .;D:\java\jdk-17\bin;C:\Windows\SYSTEM32;C:\Windows\WinSxS\amd64_microsoft.windows.common-controls_6595b64144ccf1df_6.0.19041.6456_none_60b8a6cb71f64256;D:\java\jdk-17\bin\server;C:\Users\PC\.gradle\native\c067742578af261105cb4f569cf0c3c89f3d7b1fecec35dd04571415982c5e48\windows-amd64;C:\Users\PC\.gradle\native\100fb08df4bc3b14c8652ba06237920a3bd2aa13389f12d3474272988ae205f9\windows-amd64

VM Arguments:
jvm_args: -XX:MaxMetaspaceSize=512m -XX:ReservedCodeCacheSize=256m -XX:+HeapDumpOnOutOfMemoryError --add-opens=java.base/java.util=ALL-UNNAMED --add-opens=java.base/java.lang=ALL-UNNAMED --add-opens=java.base/java.lang.invoke=ALL-UNNAMED --add-opens=java.prefs/java.util.prefs=ALL-UNNAMED --add-exports=jdk.compiler/com.sun.tools.javac.api=ALL-UNNAMED --add-exports=jdk.compiler/com.sun.tools.javac.util=ALL-UNNAMED --add-opens=java.base/java.nio.charset=ALL-UNNAMED --add-opens=java.base/java.net=ALL-UNNAMED --add-opens=java.base/java.util.concurrent.atomic=ALL-UNNAMED -Xmx2048m -Dfile.encoding=windows-1252 -Duser.country=IN -Duser.language=en -Duser.variant -javaagent:C:\Users\PC\.gradle\wrapper\dists\gradle-8.10.2-all\7iv73wktx1xtkvlq19urqw1wm\gradle-8.10.2\lib\agents\gradle-instrumentation-agent-8.10.2.jar 
java_command: org.gradle.launcher.daemon.bootstrap.GradleDaemon 8.10.2
java_class_path (initial): C:\Users\PC\.gradle\wrapper\dists\gradle-8.10.2-all\7iv73wktx1xtkvlq19urqw1wm\gradle-8.10.2\lib\gradle-daemon-main-8.10.2.jar
Launcher Type: SUN_STANDARD

[Global flags]
     intx CICompilerCount                          = 4                                         {product} {ergonomic}
   size_t CompressedClassSpaceSize                 = 436207616                                 {product} {ergonomic}
     uint ConcGCThreads                            = 2                                         {product} {ergonomic}
     uint G1ConcRefinementThreads                  = 8                                         {product} {ergonomic}
   size_t G1HeapRegionSize                         = 1048576                                   {product} {ergonomic}
    uintx GCDrainStackTargetSize                   = 64                                        {product} {ergonomic}
     bool HeapDumpOnOutOfMemoryError               = true                                   {manageable} {command line}
   size_t InitialHeapSize                          = 134217728                                 {product} {ergonomic}
   size_t MarkStackSize                            = 4194304                                   {product} {ergonomic}
   size_t MaxHeapSize                              = 2147483648                                {product} {command line}
   size_t MaxMetaspaceSize                         = 536870912                                 {product} {command line}
   size_t MaxNewSize                               = 1287651328                                {product} {ergonomic}
   size_t MinHeapDeltaBytes                        = 1048576                                   {product} {ergonomic}
   size_t MinHeapSize                              = 8388608                                   {product} {ergonomic}
    uintx NonNMethodCodeHeapSize                   = 5839372                                {pd product} {ergonomic}
    uintx NonProfiledCodeHeapSize                  = 131298042                              {pd product} {ergonomic}
    uintx ProfiledCodeHeapSize                     = 131298042                              {pd product} {ergonomic}
    uintx ReservedCodeCacheSize                    = 268435456                              {pd product} {command line}
     bool SegmentedCodeCache                       = true                                      {product} {ergonomic}
   size_t SoftMaxHeapSize                          = 2147483648                             {manageable} {ergonomic}
   double SweeperThreshold                         = 0.468750                                  {product} {ergonomic}
     bool UseCompressedClassPointers               = true                           {product lp64_product} {ergonomic}
     bool UseCompressedOops                        = true                           {product lp64_product} {ergonomic}
     bool UseG1GC                                  = true                                      {product} {ergonomic}
     bool UseLargePagesIndividualAllocation        = false                                  {pd product} {ergonomic}

Logging:
Log output configuration:
 #0: stdout all=warning uptime,level,tags
 #1: stderr all=off uptime,level,tags

Environment Variables:
JAVA_HOME=D:\java\jdk-17
CLASSPATH=D:\bass_training_app\android\\gradle\wrapper\gradle-wrapper.jar
PATH=D:\java\jdk-17\bin;D:\flutter\bin\;C:\Program Files\Common Files\Oracle\Java\javapath;C:\Windows\system32;C:\Windows;C:\Windows\System32\Wbem;C:\Windows\System32\WindowsPowerShell\v1.0\;C:\Windows\System32\OpenSSH\;C:\xampp\php;D:\java\jdk-17\bin;D:\Program Files\;C:\Program Files\Git\cmd;C:\ProgramData\ComposerSetup\bin;C:\Users\PC\AppData\Local\Pub\Cache\bin;C:\Users\PC\AppData\Local\Microsoft\WindowsApps;C:\Users\PC\AppData\Local\Programs\Microsoft VS Code\bin;D:\flutter\bin;C:\Users\PC\AppData\Roaming\npm;C:\Users\PC\AppData\Roaming\Composer\vendor\bin;D:\flutter\bin\mingit\cmd
USERNAME=PC
LANG=en_US.UTF-8
OS=Windows_NT
PROCESSOR_IDENTIFIER=Intel64 Family 6 Model 94 Stepping 3, GenuineIntel



---------------  S Y S T E M  ---------------

OS:
 Windows 10 , 64 bit Build 19041 (10.0.19041.5915)
OS uptime: 0 days 1:00 hours

CPU: total 8 (initial active 8) (4 cores per cpu, 2 threads per core) family 6 model 94 stepping 3 microcode 0xd6, cx8, cmov, fxsr, ht, mmx, 3dnowpref, sse, sse2, sse3, ssse3, sse4.1, sse4.2, popcnt, lzcnt, tsc, tscinvbit, avx, avx2, aes, erms, clmul, bmi1, bmi2, rtm, adx, fma, vzeroupper, clflush, clflushopt

Memory: 4k page, system-wide physical 8108M (154M free)
TotalPageFile size 20920M (AvailPageFile size 0M)
current process WorkingSet (physical memory assigned to process): 306M, peak: 335M
current process commit charge ("private bytes"): 450M, peak: 454M

vm_info: Java HotSpot(TM) 64-Bit Server VM (17.0.12+8-LTS-286) for windows-amd64 JRE (17.0.12+8-LTS-286), built on Jun  5 2024 06:46:59 by "mach5one" with MS VC++ 17.6 (VS2022)

END.
