#
# There is insufficient memory for the Java Runtime Environment to continue.
# Native memory allocation (mmap) failed to map 65536 bytes for Failed to commit metaspace.
# Possible reasons:
#   The system is out of physical RAM or swap space
#   The process is running with CompressedOops enabled, and the Java Heap may be blocking the growth of the native heap
# Possible solutions:
#   Reduce memory load on the system
#   Increase physical memory or swap space
#   Check if swap backing store is full
#   Decrease Java heap size (-Xmx/-Xms)
#   Decrease number of Java threads
#   Decrease Java thread stack sizes (-Xss)
#   Set larger code cache with -XX:ReservedCodeCacheSize=
#   JVM is running with Zero Based Compressed Oops mode in which the Java heap is
#     placed in the first 32GB address space. The Java Heap base address is the
#     maximum limit for the native heap growth. Please use -XX:HeapBaseMinAddress
#     to set the Java Heap base and to place the Java Heap above 32GB virtual address.
# This output file may be truncated or incomplete.
#
#  Out of Memory Error (virtualSpaceNode.cpp:110), pid=3392, tid=7276
#
# JRE version: Java(TM) SE Runtime Environment (17.0.12+8) (build 17.0.12+8-LTS-286)
# Java VM: Java HotSpot(TM) 64-Bit Server VM (17.0.12+8-LTS-286, mixed mode, sharing, tiered, compressed oops, compressed class ptrs, g1 gc, windows-amd64)
# No core dump will be written. Minidumps are not enabled by default on client versions of Windows
#

---------------  S U M M A R Y ------------

Command Line: -XX:MaxMetaspaceSize=4G -XX:ReservedCodeCacheSize=512m -XX:+HeapDumpOnOutOfMemoryError --add-opens=java.base/java.util=ALL-UNNAMED --add-opens=java.base/java.lang=ALL-UNNAMED --add-opens=java.base/java.lang.invoke=ALL-UNNAMED --add-opens=java.prefs/java.util.prefs=ALL-UNNAMED --add-exports=jdk.compiler/com.sun.tools.javac.api=ALL-UNNAMED --add-exports=jdk.compiler/com.sun.tools.javac.util=ALL-UNNAMED --add-opens=java.base/java.nio.charset=ALL-UNNAMED --add-opens=java.base/java.net=ALL-UNNAMED --add-opens=java.base/java.util.concurrent.atomic=ALL-UNNAMED -Xmx8G -Dfile.encoding=windows-1252 -Duser.country=IN -Duser.language=en -Duser.variant -javaagent:C:\Users\PC\.gradle\wrapper\dists\gradle-8.10.2-all\7iv73wktx1xtkvlq19urqw1wm\gradle-8.10.2\lib\agents\gradle-instrumentation-agent-8.10.2.jar org.gradle.launcher.daemon.bootstrap.GradleDaemon 8.10.2

Host: Intel(R) Core(TM) i7-6700 CPU @ 3.40GHz, 8 cores, 7G,  Windows 10 , 64 bit Build 19041 (10.0.19041.5915)
Time: Fri Jul 31 14:47:49 2026 India Standard Time elapsed time: 18.732394 seconds (0d 0h 0m 18s)

---------------  T H R E A D  ---------------

Current thread (0x000001c8a58a03e0):  JavaThread "Daemon worker" [_thread_in_vm, id=7276, stack(0x000000a17ce00000,0x000000a17cf00000)]

Stack: [0x000000a17ce00000,0x000000a17cf00000]
Native frames: (J=compiled Java code, j=interpreted, Vv=VM code, C=native code)
V  [jvm.dll+0x67a04a]
V  [jvm.dll+0x7da4ed]
V  [jvm.dll+0x7dbe33]
V  [jvm.dll+0x7dc4a3]
V  [jvm.dll+0x24508f]
V  [jvm.dll+0x7d60bb]
V  [jvm.dll+0x6206c6]
V  [jvm.dll+0x1bed07]
V  [jvm.dll+0x623022]
V  [jvm.dll+0x621086]
V  [jvm.dll+0x369732]
V  [jvm.dll+0x1e048b]
V  [jvm.dll+0x53f7b5]
V  [jvm.dll+0x7553b8]
V  [jvm.dll+0x7554a4]
V  [jvm.dll+0x40d1af]
V  [jvm.dll+0x413c39]
C  [java.dll+0x17ec]

Java frames: (J=compiled Java code, j=interpreted, Vv=VM code)
J 853  java.lang.ClassLoader.defineClass1(Ljava/lang/ClassLoader;Ljava/lang/String;[BIILjava/security/ProtectionDomain;Ljava/lang/String;)Ljava/lang/Class; java.base@17.0.12 (0 bytes) @ 0x000001c838ec5963 [0x000001c838ec58a0+0x00000000000000c3]
J 1371 c1 java.lang.ClassLoader.defineClass(Ljava/lang/String;[BIILjava/security/ProtectionDomain;)Ljava/lang/Class; java.base@17.0.12 (43 bytes) @ 0x000001c828e531dc [0x000001c828e52e80+0x000000000000035c]
J 1006 c1 java.security.SecureClassLoader.defineClass(Ljava/lang/String;[BIILjava/security/CodeSource;)Ljava/lang/Class; java.base@17.0.12 (16 bytes) @ 0x000001c828d6e50c [0x000001c828d6e440+0x00000000000000cc]
J 3830 c1 java.net.URLClassLoader.defineClass(Ljava/lang/String;Ljdk/internal/loader/Resource;)Ljava/lang/Class; java.base@17.0.12 (224 bytes) @ 0x000001c82936db6c [0x000001c82936c4a0+0x00000000000016cc]
J 3827 c1 java.net.URLClassLoader$1.run()Ljava/lang/Class; java.base@17.0.12 (81 bytes) @ 0x000001c82936977c [0x000001c8293694a0+0x00000000000002dc]
J 3826 c1 java.net.URLClassLoader$1.run()Ljava/lang/Object; java.base@17.0.12 (5 bytes) @ 0x000001c829369074 [0x000001c829369020+0x0000000000000054]
J 2542 c2 java.security.AccessController.doPrivileged(Ljava/security/PrivilegedExceptionAction;Ljava/security/AccessControlContext;)Ljava/lang/Object; java.base@17.0.12 (26 bytes) @ 0x000001c838fd7e78 [0x000001c838fd7e20+0x0000000000000058]
J 3825 c1 java.net.URLClassLoader.findClass(Ljava/lang/String;)Ljava/lang/Class; java.base@17.0.12 (47 bytes) @ 0x000001c8293689f4 [0x000001c8293688e0+0x0000000000000114]
J 3824 c1 java.lang.ClassLoader.loadClass(Ljava/lang/String;Z)Ljava/lang/Class; java.base@17.0.12 (121 bytes) @ 0x000001c8293679f4 [0x000001c829367440+0x00000000000005b4]
J 3507 c2 java.lang.ClassLoader.loadClass(Ljava/lang/String;)Ljava/lang/Class; java.base@17.0.12 (7 bytes) @ 0x000001c83905c3c0 [0x000001c83905c380+0x0000000000000040]
v  ~StubRoutines::call_stub
j  kotlin.LazyThreadSafetyMode.<clinit>()V+51
v  ~StubRoutines::call_stub
j  org.gradle.kotlin.dsl.support.UnsafeLazyKt.unsafeLazy(Lkotlin/jvm/functions/Function0;)Lkotlin/Lazy;+6
j  org.gradle.kotlin.dsl.support.KotlinScriptHost.<init>(Ljava/lang/Object;Lorg/gradle/groovy/scripts/ScriptSource;Lorg/gradle/api/initialization/dsl/ScriptHandler;Lorg/gradle/api/internal/initialization/ClassLoaderScope;Lorg/gradle/api/internal/initialization/ClassLoaderScope;Lorg/gradle/internal/service/ServiceRegistry;)V+105
j  org.gradle.kotlin.dsl.execution.Interpreter.scriptHostFor(Lorg/gradle/kotlin/dsl/execution/ProgramTarget;Ljava/lang/Object;Lorg/gradle/groovy/scripts/ScriptSource;Lorg/gradle/api/initialization/dsl/ScriptHandler;Lorg/gradle/api/internal/initialization/ClassLoaderScope;Lorg/gradle/api/internal/initialization/ClassLoaderScope;)Lorg/gradle/kotlin/dsl/support/KotlinScriptHost;+23
j  org.gradle.kotlin.dsl.execution.Interpreter.eval(Ljava/lang/Object;Lorg/gradle/groovy/scripts/ScriptSource;Lorg/gradle/internal/hash/HashCode;Lorg/gradle/api/initialization/dsl/ScriptHandler;Lorg/gradle/api/internal/initialization/ClassLoaderScope;Lorg/gradle/api/internal/initialization/ClassLoaderScope;ZLjava/util/EnumSet;)V+147
j  org.gradle.kotlin.dsl.provider.StandardKotlinScriptEvaluator.evaluate(Ljava/lang/Object;Lorg/gradle/groovy/scripts/ScriptSource;Lorg/gradle/api/initialization/dsl/ScriptHandler;Lorg/gradle/api/internal/initialization/ClassLoaderScope;Lorg/gradle/api/internal/initialization/ClassLoaderScope;ZLjava/util/EnumSet;)V+163
j  org.gradle.kotlin.dsl.provider.KotlinScriptPluginFactory$create$1.invoke(Ljava/lang/Object;)V+41
j  org.gradle.kotlin.dsl.provider.KotlinScriptPluginFactory$create$1.invoke(Ljava/lang/Object;)Ljava/lang/Object;+2
j  org.gradle.kotlin.dsl.provider.KotlinScriptPlugin.apply(Ljava/lang/Object;)V+22
j  org.gradle.configuration.BuildOperationScriptPlugin$1.run(Lorg/gradle/internal/operations/BuildOperationContext;)V+11
j  org.gradle.internal.operations.DefaultBuildOperationRunner$1.execute(Lorg/gradle/internal/operations/RunnableBuildOperation;Lorg/gradle/internal/operations/BuildOperationContext;)V+2
j  org.gradle.internal.operations.DefaultBuildOperationRunner$1.execute(Lorg/gradle/internal/operations/BuildOperation;Lorg/gradle/internal/operations/BuildOperationContext;)V+6
j  org.gradle.internal.operations.DefaultBuildOperationRunner$2.execute(Lorg/gradle/internal/operations/BuildOperationDescriptor;Lorg/gradle/internal/operations/BuildOperationState;Lorg/gradle/internal/operations/BuildOperationState;Lorg/gradle/internal/operations/DefaultBuildOperationRunner$ReadableBuildOperationContext;Lorg/gradle/internal/operations/DefaultBuildOperationRunner$BuildOperationExecutionListener;)Lorg/gradle/internal/operations/BuildOperation;+22
j  org.gradle.internal.operations.DefaultBuildOperationRunner$2.execute(Lorg/gradle/internal/operations/BuildOperationDescriptor;Lorg/gradle/internal/operations/BuildOperationState;Lorg/gradle/internal/operations/BuildOperationState;Lorg/gradle/internal/operations/DefaultBuildOperationRunner$ReadableBuildOperationContext;Lorg/gradle/internal/operations/DefaultBuildOperationRunner$BuildOperationExecutionListener;)Ljava/lang/Object;+8
j  org.gradle.internal.operations.DefaultBuildOperationRunner.execute(Lorg/gradle/internal/operations/BuildOperationDescriptor$Builder;Lorg/gradle/internal/operations/BuildOperationState;Lorg/gradle/internal/operations/DefaultBuildOperationRunner$BuildOperationExecution;)Ljava/lang/Object;+141
j  org.gradle.internal.operations.DefaultBuildOperationRunner.execute(Lorg/gradle/internal/operations/BuildOperation;Lorg/gradle/internal/operations/BuildOperationWorker;Lorg/gradle/internal/operations/BuildOperationState;)V+18
j  org.gradle.internal.operations.DefaultBuildOperationRunner.run(Lorg/gradle/internal/operations/RunnableBuildOperation;)V+9
j  org.gradle.configuration.BuildOperationScriptPlugin.lambda$apply$0(Ljava/lang/Object;Lorg/gradle/internal/code/UserCodeApplicationId;)V+14
j  org.gradle.configuration.BuildOperationScriptPlugin$$Lambda$517+0x000001c86049ca80.execute(Ljava/lang/Object;)V+12
j  org.gradle.internal.code.DefaultUserCodeApplicationContext.apply(Lorg/gradle/internal/code/UserCodeSource;Lorg/gradle/api/Action;)V+37
j  org.gradle.configuration.BuildOperationScriptPlugin.apply(Ljava/lang/Object;)V+71
j  org.gradle.initialization.ScriptEvaluatingSettingsProcessor.applySettingsScript(Lorg/gradle/groovy/scripts/TextResourceScriptSource;Lorg/gradle/api/internal/SettingsInternal;)V+32
j  org.gradle.initialization.ScriptEvaluatingSettingsProcessor.process(Lorg/gradle/api/internal/GradleInternal;Lorg/gradle/initialization/SettingsLocation;Lorg/gradle/api/internal/initialization/ClassLoaderScope;Lorg/gradle/StartParameter;)Lorg/gradle/initialization/SettingsState;+90
j  org.gradle.initialization.SettingsEvaluatedCallbackFiringSettingsProcessor.process(Lorg/gradle/api/internal/GradleInternal;Lorg/gradle/initialization/SettingsLocation;Lorg/gradle/api/internal/initialization/ClassLoaderScope;Lorg/gradle/StartParameter;)Lorg/gradle/initialization/SettingsState;+9
j  org.gradle.initialization.RootBuildCacheControllerSettingsProcessor.process(Lorg/gradle/api/internal/GradleInternal;Lorg/gradle/initialization/SettingsLocation;Lorg/gradle/api/internal/initialization/ClassLoaderScope;Lorg/gradle/StartParameter;)Lorg/gradle/initialization/SettingsState;+9
j  org.gradle.initialization.BuildOperationSettingsProcessor$2.call(Lorg/gradle/internal/operations/BuildOperationContext;)Lorg/gradle/initialization/SettingsState;+23
j  org.gradle.initialization.BuildOperationSettingsProcessor$2.call(Lorg/gradle/internal/operations/BuildOperationContext;)Ljava/lang/Object;+2
j  org.gradle.internal.operations.DefaultBuildOperationRunner$CallableBuildOperationWorker.execute(Lorg/gradle/internal/operations/CallableBuildOperation;Lorg/gradle/internal/operations/BuildOperationContext;)V+3
j  org.gradle.internal.operations.DefaultBuildOperationRunner$CallableBuildOperationWorker.execute(Lorg/gradle/internal/operations/BuildOperation;Lorg/gradle/internal/operations/BuildOperationContext;)V+6
j  org.gradle.internal.operations.DefaultBuildOperationRunner$2.execute(Lorg/gradle/internal/operations/BuildOperationDescriptor;Lorg/gradle/internal/operations/BuildOperationState;Lorg/gradle/internal/operations/BuildOperationState;Lorg/gradle/internal/operations/DefaultBuildOperationRunner$ReadableBuildOperationContext;Lorg/gradle/internal/operations/DefaultBuildOperationRunner$BuildOperationExecutionListener;)Lorg/gradle/internal/operations/BuildOperation;+22
j  org.gradle.internal.operations.DefaultBuildOperationRunner$2.execute(Lorg/gradle/internal/operations/BuildOperationDescriptor;Lorg/gradle/internal/operations/BuildOperationState;Lorg/gradle/internal/operations/BuildOperationState;Lorg/gradle/internal/operations/DefaultBuildOperationRunner$ReadableBuildOperationContext;Lorg/gradle/internal/operations/DefaultBuildOperationRunner$BuildOperationExecutionListener;)Ljava/lang/Object;+8
j  org.gradle.internal.operations.DefaultBuildOperationRunner.execute(Lorg/gradle/internal/operations/BuildOperationDescriptor$Builder;Lorg/gradle/internal/operations/BuildOperationState;Lorg/gradle/internal/operations/DefaultBuildOperationRunner$BuildOperationExecution;)Ljava/lang/Object;+141
j  org.gradle.internal.operations.DefaultBuildOperationRunner.execute(Lorg/gradle/internal/operations/BuildOperation;Lorg/gradle/internal/operations/BuildOperationWorker;Lorg/gradle/internal/operations/BuildOperationState;)V+18
j  org.gradle.internal.operations.DefaultBuildOperationRunner.call(Lorg/gradle/internal/operations/CallableBuildOperation;)Ljava/lang/Object;+16
j  org.gradle.initialization.BuildOperationSettingsProcessor.process(Lorg/gradle/api/internal/GradleInternal;Lorg/gradle/initialization/SettingsLocation;Lorg/gradle/api/internal/initialization/ClassLoaderScope;Lorg/gradle/StartParameter;)Lorg/gradle/initialization/SettingsState;+17
j  org.gradle.initialization.DefaultSettingsLoader.findSettingsAndLoadIfAppropriate(Lorg/gradle/api/internal/GradleInternal;Lorg/gradle/StartParameter;Lorg/gradle/initialization/SettingsLocation;Lorg/gradle/api/internal/initialization/ClassLoaderScope;)Lorg/gradle/initialization/SettingsState;+9
j  org.gradle.initialization.DefaultSettingsLoader.findAndLoadSettings(Lorg/gradle/api/internal/GradleInternal;)Lorg/gradle/initialization/SettingsState;+33
j  org.gradle.initialization.SettingsAttachingSettingsLoader.findAndLoadSettings(Lorg/gradle/api/internal/GradleInternal;)Lorg/gradle/initialization/SettingsState;+5
j  org.gradle.internal.composite.CommandLineIncludedBuildSettingsLoader.findAndLoadSettings(Lorg/gradle/api/internal/GradleInternal;)Lorg/gradle/initialization/SettingsState;+5
j  org.gradle.internal.composite.ChildBuildRegisteringSettingsLoader.findAndLoadSettings(Lorg/gradle/api/internal/GradleInternal;)Lorg/gradle/initialization/SettingsState;+5
j  org.gradle.internal.composite.CompositeBuildSettingsLoader.findAndLoadSettings(Lorg/gradle/api/internal/GradleInternal;)Lorg/gradle/initialization/SettingsState;+5
j  org.gradle.initialization.InitScriptHandlingSettingsLoader.findAndLoadSettings(Lorg/gradle/api/internal/GradleInternal;)Lorg/gradle/initialization/SettingsState;+13
j  org.gradle.api.internal.initialization.CacheConfigurationsHandlingSettingsLoader.findAndLoadSettings(Lorg/gradle/api/internal/GradleInternal;)Lorg/gradle/initialization/SettingsState;+15
j  org.gradle.initialization.GradlePropertiesHandlingSettingsLoader.findAndLoadSettings(Lorg/gradle/api/internal/GradleInternal;)Lorg/gradle/initialization/SettingsState;+40
j  org.gradle.initialization.DefaultSettingsPreparer.prepareSettings(Lorg/gradle/api/internal/GradleInternal;)V+33
j  org.gradle.initialization.BuildOperationFiringSettingsPreparer$LoadBuild.doLoadBuild()V+11
j  org.gradle.initialization.BuildOperationFiringSettingsPreparer$LoadBuild.run(Lorg/gradle/internal/operations/BuildOperationContext;)V+1
j  org.gradle.internal.operations.DefaultBuildOperationRunner$1.execute(Lorg/gradle/internal/operations/RunnableBuildOperation;Lorg/gradle/internal/operations/BuildOperationContext;)V+2
j  org.gradle.internal.operations.DefaultBuildOperationRunner$1.execute(Lorg/gradle/internal/operations/BuildOperation;Lorg/gradle/internal/operations/BuildOperationContext;)V+6
j  org.gradle.internal.operations.DefaultBuildOperationRunner$2.execute(Lorg/gradle/internal/operations/BuildOperationDescriptor;Lorg/gradle/internal/operations/BuildOperationState;Lorg/gradle/internal/operations/BuildOperationState;Lorg/gradle/internal/operations/DefaultBuildOperationRunner$ReadableBuildOperationContext;Lorg/gradle/internal/operations/DefaultBuildOperationRunner$BuildOperationExecutionListener;)Lorg/gradle/internal/operations/BuildOperation;+22
j  org.gradle.internal.operations.DefaultBuildOperationRunner$2.execute(Lorg/gradle/internal/operations/BuildOperationDescriptor;Lorg/gradle/internal/operations/BuildOperationState;Lorg/gradle/internal/operations/BuildOperationState;Lorg/gradle/internal/operations/DefaultBuildOperationRunner$ReadableBuildOperationContext;Lorg/gradle/internal/operations/DefaultBuildOperationRunner$BuildOperationExecutionListener;)Ljava/lang/Object;+8
j  org.gradle.internal.operations.DefaultBuildOperationRunner.execute(Lorg/gradle/internal/operations/BuildOperationDescriptor$Builder;Lorg/gradle/internal/operations/BuildOperationState;Lorg/gradle/internal/operations/DefaultBuildOperationRunner$BuildOperationExecution;)Ljava/lang/Object;+141
j  org.gradle.internal.operations.DefaultBuildOperationRunner.execute(Lorg/gradle/internal/operations/BuildOperation;Lorg/gradle/internal/operations/BuildOperationWorker;Lorg/gradle/internal/operations/BuildOperationState;)V+18
j  org.gradle.internal.operations.DefaultBuildOperationRunner.run(Lorg/gradle/internal/operations/RunnableBuildOperation;)V+9
j  org.gradle.initialization.BuildOperationFiringSettingsPreparer.prepareSettings(Lorg/gradle/api/internal/GradleInternal;)V+31
j  org.gradle.initialization.VintageBuildModelController.lambda$prepareSettings$1()V+8
j  org.gradle.initialization.VintageBuildModelController$$Lambda$310+0x000001c860338660.run()V+4
j  org.gradle.internal.model.StateTransitionController.lambda$doTransition$14(Ljava/lang/Runnable;)Lorg/gradle/internal/build/ExecutionResult;+1
j  org.gradle.internal.model.StateTransitionController$$Lambda$309+0x000001c860338440.get()Ljava/lang/Object;+4
j  org.gradle.internal.model.StateTransitionController.doTransition(Lorg/gradle/internal/model/StateTransitionController$State;Lorg/gradle/internal/model/StateTransitionController$State;Ljava/util/function/Supplier;)Lorg/gradle/internal/build/ExecutionResult;+24
j  org.gradle.internal.model.StateTransitionController.doTransition(Lorg/gradle/internal/model/StateTransitionController$State;Lorg/gradle/internal/model/StateTransitionController$State;Ljava/lang/Runnable;)V+9
j  org.gradle.internal.model.StateTransitionController.lambda$transitionIfNotPreviously$11(Lorg/gradle/internal/model/StateTransitionController$State;Lorg/gradle/internal/model/StateTransitionController$State;Ljava/lang/Runnable;)V+16
j  org.gradle.internal.model.StateTransitionController$$Lambda$311+0x000001c860338880.run()V+16
j  org.gradle.internal.work.DefaultSynchronizer.withLock(Ljava/lang/Runnable;)V+6
j  org.gradle.internal.model.StateTransitionController.transitionIfNotPreviously(Lorg/gradle/internal/model/StateTransitionController$State;Lorg/gradle/internal/model/StateTransitionController$State;Ljava/lang/Runnable;)V+13
j  org.gradle.initialization.VintageBuildModelController.prepareSettings()V+16
j  org.gradle.initialization.VintageBuildModelController.prepareToScheduleTasks()V+1
j  org.gradle.internal.build.DefaultBuildLifecycleController.lambda$prepareToScheduleTasks$6()V+9
j  org.gradle.internal.build.DefaultBuildLifecycleController$$Lambda$307+0x000001c860338000.run()V+4
j  org.gradle.internal.model.StateTransitionController.lambda$doTransition$14(Ljava/lang/Runnable;)Lorg/gradle/internal/build/ExecutionResult;+1
j  org.gradle.internal.model.StateTransitionController$$Lambda$309+0x000001c860338440.get()Ljava/lang/Object;+4
j  org.gradle.internal.model.StateTransitionController.doTransition(Lorg/gradle/internal/model/StateTransitionController$State;Lorg/gradle/internal/model/StateTransitionController$State;Ljava/util/function/Supplier;)Lorg/gradle/internal/build/ExecutionResult;+24
j  org.gradle.internal.model.StateTransitionController.doTransition(Lorg/gradle/internal/model/StateTransitionController$State;Lorg/gradle/internal/model/StateTransitionController$State;Ljava/lang/Runnable;)V+9
j  org.gradle.internal.model.StateTransitionController.lambda$maybeTransition$9(Lorg/gradle/internal/model/StateTransitionController$State;Lorg/gradle/internal/model/StateTransitionController$State;Ljava/lang/Runnable;)V+16
j  org.gradle.internal.model.StateTransitionController$$Lambda$308+0x000001c860338220.run()V+16
j  org.gradle.internal.work.DefaultSynchronizer.withLock(Ljava/lang/Runnable;)V+6
j  org.gradle.internal.model.StateTransitionController.maybeTransition(Lorg/gradle/internal/model/StateTransitionController$State;Lorg/gradle/internal/model/StateTransitionController$State;Ljava/lang/Runnable;)V+13
j  org.gradle.internal.build.DefaultBuildLifecycleController.prepareToScheduleTasks()V+16
j  org.gradle.internal.buildtree.DefaultBuildTreeWorkPreparer.scheduleRequestedTasks(Lorg/gradle/internal/buildtree/BuildTreeWorkGraph;Lorg/gradle/execution/EntryTaskSelector;)Lorg/gradle/internal/buildtree/BuildTreeWorkGraph$FinalizedGraph;+4
j  org.gradle.internal.cc.impl.VintageBuildTreeWorkController$scheduleAndRunRequestedTasks$1.apply(Lorg/gradle/internal/buildtree/BuildTreeWorkGraph;)Lorg/gradle/internal/build/ExecutionResult;+18
j  org.gradle.internal.cc.impl.VintageBuildTreeWorkController$scheduleAndRunRequestedTasks$1.apply(Ljava/lang/Object;)Ljava/lang/Object;+5
j  org.gradle.composite.internal.DefaultIncludedBuildTaskGraph.withNewWorkGraph(Ljava/util/function/Function;)Ljava/lang/Object;+30
j  org.gradle.internal.cc.impl.VintageBuildTreeWorkController.scheduleAndRunRequestedTasks(Lorg/gradle/execution/EntryTaskSelector;)Lorg/gradle/internal/build/ExecutionResult;+16
j  org.gradle.internal.buildtree.DefaultBuildTreeLifecycleController.lambda$scheduleAndRunTasks$1(Lorg/gradle/execution/EntryTaskSelector;)Lorg/gradle/internal/build/ExecutionResult;+5
j  org.gradle.internal.buildtree.DefaultBuildTreeLifecycleController$$Lambda$302+0x000001c860335708.get()Ljava/lang/Object;+8
j  org.gradle.internal.buildtree.DefaultBuildTreeLifecycleController.lambda$runBuild$4(Ljava/util/function/Supplier;)Ljava/lang/Object;+1
j  org.gradle.internal.buildtree.DefaultBuildTreeLifecycleController$$Lambda$303+0x000001c860335928.get()Ljava/lang/Object;+8
j  org.gradle.internal.model.StateTransitionController.lambda$transition$6(Ljava/util/function/Supplier;)Lorg/gradle/internal/build/ExecutionResult;+1
j  org.gradle.internal.model.StateTransitionController$$Lambda$305+0x000001c860335d68.get()Ljava/lang/Object;+4
j  org.gradle.internal.model.StateTransitionController.doTransition(Lorg/gradle/internal/model/StateTransitionController$State;Lorg/gradle/internal/model/StateTransitionController$State;Ljava/util/function/Supplier;)Lorg/gradle/internal/build/ExecutionResult;+24
j  org.gradle.internal.model.StateTransitionController.lambda$transition$7(Lorg/gradle/internal/model/StateTransitionController$State;Lorg/gradle/internal/model/StateTransitionController$State;Ljava/util/function/Supplier;)Ljava/lang/Object;+9
j  org.gradle.internal.model.StateTransitionController$$Lambda$304+0x000001c860335b48.create()Ljava/lang/Object;+16
j  org.gradle.internal.work.DefaultSynchronizer.withLock(Lorg/gradle/internal/Factory;)Ljava/lang/Object;+6
j  org.gradle.internal.model.StateTransitionController.transition(Lorg/gradle/internal/model/StateTransitionController$State;Lorg/gradle/internal/model/StateTransitionController$State;Ljava/util/function/Supplier;)Ljava/lang/Object;+13
j  org.gradle.internal.buildtree.DefaultBuildTreeLifecycleController.runBuild(Ljava/util/function/Supplier;)Ljava/lang/Object;+17
j  org.gradle.internal.buildtree.DefaultBuildTreeLifecycleController.scheduleAndRunTasks(Lorg/gradle/execution/EntryTaskSelector;)V+8
j  org.gradle.internal.buildtree.DefaultBuildTreeLifecycleController.scheduleAndRunTasks()V+2
j  org.gradle.tooling.internal.provider.ExecuteBuildActionRunner.run(Lorg/gradle/internal/invocation/BuildAction;Lorg/gradle/internal/buildtree/BuildTreeLifecycleController;)Lorg/gradle/internal/buildtree/BuildActionRunner$Result;+12
j  org.gradle.launcher.exec.ChainingBuildActionRunner.run(Lorg/gradle/internal/invocation/BuildAction;Lorg/gradle/internal/buildtree/BuildTreeLifecycleController;)Lorg/gradle/internal/buildtree/BuildActionRunner$Result;+34
j  org.gradle.internal.buildtree.ProblemReportingBuildActionRunner.run(Lorg/gradle/internal/invocation/BuildAction;Lorg/gradle/internal/buildtree/BuildTreeLifecycleController;)Lorg/gradle/internal/buildtree/BuildActionRunner$Result;+12
j  org.gradle.launcher.exec.BuildOutcomeReportingBuildActionRunner.run(Lorg/gradle/internal/invocation/BuildAction;Lorg/gradle/internal/buildtree/BuildTreeLifecycleController;)Lorg/gradle/internal/buildtree/BuildActionRunner$Result;+69
j  org.gradle.tooling.internal.provider.FileSystemWatchingBuildActionRunner.run(Lorg/gradle/internal/invocation/BuildAction;Lorg/gradle/internal/buildtree/BuildTreeLifecycleController;)Lorg/gradle/internal/buildtree/BuildActionRunner$Result;+335
j  org.gradle.launcher.exec.BuildCompletionNotifyingBuildActionRunner.run(Lorg/gradle/internal/invocation/BuildAction;Lorg/gradle/internal/buildtree/BuildTreeLifecycleController;)Lorg/gradle/internal/buildtree/BuildActionRunner$Result;+6
j  org.gradle.launcher.exec.RootBuildLifecycleBuildActionExecutor.lambda$execute$0(Lorg/gradle/internal/invocation/BuildAction;Lorg/gradle/internal/buildtree/BuildTreeLifecycleController;)Lorg/gradle/internal/buildtree/BuildActionRunner$Result;+6
j  org.gradle.launcher.exec.RootBuildLifecycleBuildActionExecutor$$Lambda$273+0x000001c860321b68.apply(Ljava/lang/Object;)Ljava/lang/Object;+12
j  org.gradle.composite.internal.DefaultRootBuildState.run(Ljava/util/function/Function;)Ljava/lang/Object;+87
j  org.gradle.launcher.exec.RootBuildLifecycleBuildActionExecutor.execute(Lorg/gradle/internal/invocation/BuildAction;Lorg/gradle/internal/buildtree/BuildTreeContext;)Lorg/gradle/internal/buildtree/BuildActionRunner$Result;+75
j  org.gradle.internal.buildtree.InitDeprecationLoggingActionExecutor.execute(Lorg/gradle/internal/invocation/BuildAction;Lorg/gradle/internal/buildtree/BuildTreeContext;)Lorg/gradle/internal/buildtree/BuildActionRunner$Result;+83
j  org.gradle.internal.buildtree.InitProblems.execute(Lorg/gradle/internal/invocation/BuildAction;Lorg/gradle/internal/buildtree/BuildTreeContext;)Lorg/gradle/internal/buildtree/BuildActionRunner$Result;+13
j  org.gradle.internal.buildtree.DefaultBuildTreeContext.execute(Lorg/gradle/internal/invocation/BuildAction;)Lorg/gradle/internal/buildtree/BuildActionRunner$Result;+64
j  org.gradle.launcher.exec.BuildTreeLifecycleBuildActionExecutor.lambda$execute$0(Lorg/gradle/internal/invocation/BuildAction;Lorg/gradle/internal/buildtree/BuildTreeContext;)Lorg/gradle/internal/buildtree/BuildActionRunner$Result;+2
j  org.gradle.launcher.exec.BuildTreeLifecycleBuildActionExecutor$$Lambda$213+0x000001c860269b08.apply(Ljava/lang/Object;)Ljava/lang/Object;+8
j  org.gradle.internal.buildtree.BuildTreeState.run(Ljava/util/function/Function;)Ljava/lang/Object;+47
j  org.gradle.launcher.exec.BuildTreeLifecycleBuildActionExecutor.execute(Lorg/gradle/internal/invocation/BuildAction;Lorg/gradle/internal/session/BuildSessionContext;)Lorg/gradle/internal/buildtree/BuildActionRunner$Result;+74
j  org.gradle.launcher.exec.RunAsBuildOperationBuildActionExecutor$3.call(Lorg/gradle/internal/operations/BuildOperationContext;)Lorg/gradle/internal/buildtree/BuildActionRunner$Result;+25
j  org.gradle.launcher.exec.RunAsBuildOperationBuildActionExecutor$3.call(Lorg/gradle/internal/operations/BuildOperationContext;)Ljava/lang/Object;+2
j  org.gradle.internal.operations.DefaultBuildOperationRunner$CallableBuildOperationWorker.execute(Lorg/gradle/internal/operations/CallableBuildOperation;Lorg/gradle/internal/operations/BuildOperationContext;)V+3
j  org.gradle.internal.operations.DefaultBuildOperationRunner$CallableBuildOperationWorker.execute(Lorg/gradle/internal/operations/BuildOperation;Lorg/gradle/internal/operations/BuildOperationContext;)V+6
j  org.gradle.internal.operations.DefaultBuildOperationRunner$2.execute(Lorg/gradle/internal/operations/BuildOperationDescriptor;Lorg/gradle/internal/operations/BuildOperationState;Lorg/gradle/internal/operations/BuildOperationState;Lorg/gradle/internal/operations/DefaultBuildOperationRunner$ReadableBuildOperationContext;Lorg/gradle/internal/operations/DefaultBuildOperationRunner$BuildOperationExecutionListener;)Lorg/gradle/internal/operations/BuildOperation;+22
j  org.gradle.internal.operations.DefaultBuildOperationRunner$2.execute(Lorg/gradle/internal/operations/BuildOperationDescriptor;Lorg/gradle/internal/operations/BuildOperationState;Lorg/gradle/internal/operations/BuildOperationState;Lorg/gradle/internal/operations/DefaultBuildOperationRunner$ReadableBuildOperationContext;Lorg/gradle/internal/operations/DefaultBuildOperationRunner$BuildOperationExecutionListener;)Ljava/lang/Object;+8
j  org.gradle.internal.operations.DefaultBuildOperationRunner.execute(Lorg/gradle/internal/operations/BuildOperationDescriptor$Builder;Lorg/gradle/internal/operations/BuildOperationState;Lorg/gradle/internal/operations/DefaultBuildOperationRunner$BuildOperationExecution;)Ljava/lang/Object;+141
j  org.gradle.internal.operations.DefaultBuildOperationRunner.execute(Lorg/gradle/internal/operations/BuildOperation;Lorg/gradle/internal/operations/BuildOperationWorker;Lorg/gradle/internal/operations/BuildOperationState;)V+18
j  org.gradle.internal.operations.DefaultBuildOperationRunner.call(Lorg/gradle/internal/operations/CallableBuildOperation;)Ljava/lang/Object;+16
j  org.gradle.launcher.exec.RunAsBuildOperationBuildActionExecutor.execute(Lorg/gradle/internal/invocation/BuildAction;Lorg/gradle/internal/session/BuildSessionContext;)Lorg/gradle/internal/buildtree/BuildActionRunner$Result;+23
j  org.gradle.launcher.exec.RunAsWorkerThreadBuildActionExecutor.lambda$execute$0(Lorg/gradle/internal/invocation/BuildAction;Lorg/gradle/internal/session/BuildSessionContext;)Lorg/gradle/internal/buildtree/BuildActionRunner$Result;+6
j  org.gradle.launcher.exec.RunAsWorkerThreadBuildActionExecutor$$Lambda$207+0x000001c86023ccb8.create()Ljava/lang/Object;+12
j  org.gradle.internal.work.DefaultWorkerLeaseService.withLocks(Ljava/util/Collection;Lorg/gradle/internal/Factory;)Ljava/lang/Object;+28
j  org.gradle.internal.work.DefaultWorkerLeaseService.runAsWorkerThread(Lorg/gradle/internal/Factory;)Ljava/lang/Object;+33
j  org.gradle.launcher.exec.RunAsWorkerThreadBuildActionExecutor.execute(Lorg/gradle/internal/invocation/BuildAction;Lorg/gradle/internal/session/BuildSessionContext;)Lorg/gradle/internal/buildtree/BuildActionRunner$Result;+12
j  org.gradle.tooling.internal.provider.continuous.ContinuousBuildActionExecutor.execute(Lorg/gradle/internal/invocation/BuildAction;Lorg/gradle/internal/session/BuildSessionContext;)Lorg/gradle/internal/buildtree/BuildActionRunner$Result;+58
j  org.gradle.tooling.internal.provider.SubscribableBuildActionExecutor.execute(Lorg/gradle/internal/invocation/BuildAction;Lorg/gradle/internal/session/BuildSessionContext;)Lorg/gradle/internal/buildtree/BuildActionRunner$Result;+30
j  org.gradle.internal.session.DefaultBuildSessionContext.execute(Lorg/gradle/internal/invocation/BuildAction;)Lorg/gradle/internal/buildtree/BuildActionRunner$Result;+64
j  org.gradle.internal.buildprocess.execution.BuildSessionLifecycleBuildActionExecutor$ActionImpl.apply(Lorg/gradle/internal/session/BuildSessionContext;)Lorg/gradle/launcher/exec/BuildActionResult;+6
j  org.gradle.internal.buildprocess.execution.BuildSessionLifecycleBuildActionExecutor$ActionImpl.apply(Ljava/lang/Object;)Ljava/lang/Object;+5
j  org.gradle.internal.session.BuildSessionState.run(Ljava/util/function/Function;)Ljava/lang/Object;+5
j  org.gradle.internal.buildprocess.execution.BuildSessionLifecycleBuildActionExecutor.execute(Lorg/gradle/internal/invocation/BuildAction;Lorg/gradle/launcher/exec/BuildActionParameters;Lorg/gradle/initialization/BuildRequestContext;)Lorg/gradle/launcher/exec/BuildActionResult;+95
j  org.gradle.internal.buildprocess.execution.BuildSessionLifecycleBuildActionExecutor.execute(Lorg/gradle/internal/invocation/BuildAction;Ljava/lang/Object;Ljava/lang/Object;)Lorg/gradle/launcher/exec/BuildActionResult;+10
j  org.gradle.internal.buildprocess.execution.StartParamsValidatingActionExecutor.execute(Lorg/gradle/internal/invocation/BuildAction;Lorg/gradle/launcher/exec/BuildActionParameters;Lorg/gradle/initialization/BuildRequestContext;)Lorg/gradle/launcher/exec/BuildActionResult;+203
j  org.gradle.internal.buildprocess.execution.StartParamsValidatingActionExecutor.execute(Lorg/gradle/internal/invocation/BuildAction;Ljava/lang/Object;Ljava/lang/Object;)Lorg/gradle/launcher/exec/BuildActionResult;+10
j  org.gradle.internal.buildprocess.execution.SessionFailureReportingActionExecutor.execute(Lorg/gradle/internal/invocation/BuildAction;Lorg/gradle/launcher/exec/BuildActionParameters;Lorg/gradle/initialization/BuildRequestContext;)Lorg/gradle/launcher/exec/BuildActionResult;+7
j  org.gradle.internal.buildprocess.execution.SessionFailureReportingActionExecutor.execute(Lorg/gradle/internal/invocation/BuildAction;Ljava/lang/Object;Ljava/lang/Object;)Lorg/gradle/launcher/exec/BuildActionResult;+10
j  org.gradle.internal.buildprocess.execution.SetupLoggingActionExecutor.execute(Lorg/gradle/internal/invocation/BuildAction;Lorg/gradle/launcher/exec/BuildActionParameters;Lorg/gradle/initialization/BuildRequestContext;)Lorg/gradle/launcher/exec/BuildActionResult;+50
j  org.gradle.internal.buildprocess.execution.SetupLoggingActionExecutor.execute(Lorg/gradle/internal/invocation/BuildAction;Ljava/lang/Object;Ljava/lang/Object;)Lorg/gradle/launcher/exec/BuildActionResult;+10
j  org.gradle.launcher.daemon.server.exec.ExecuteBuild.doBuild(Lorg/gradle/launcher/daemon/server/api/DaemonCommandExecution;Lorg/gradle/launcher/daemon/protocol/Build;)V+147
j  org.gradle.launcher.daemon.server.exec.BuildCommandOnly.execute(Lorg/gradle/launcher/daemon/server/api/DaemonCommandExecution;)V+49
j  org.gradle.launcher.daemon.server.api.DaemonCommandExecution.proceed()Z+23
j  org.gradle.launcher.daemon.server.exec.WatchForDisconnection.execute(Lorg/gradle/launcher/daemon/server/api/DaemonCommandExecution;)V+19
j  org.gradle.launcher.daemon.server.api.DaemonCommandExecution.proceed()Z+23
j  org.gradle.launcher.daemon.server.exec.ResetDeprecationLogger.execute(Lorg/gradle/launcher/daemon/server/api/DaemonCommandExecution;)V+7
j  org.gradle.launcher.daemon.server.api.DaemonCommandExecution.proceed()Z+23
j  org.gradle.launcher.daemon.server.exec.RequestStopIfSingleUsedDaemon.execute(Lorg/gradle/launcher/daemon/server/api/DaemonCommandExecution;)V+33
j  org.gradle.launcher.daemon.server.api.DaemonCommandExecution.proceed()Z+23
j  org.gradle.launcher.daemon.server.exec.ForwardClientInput.lambda$execute$0(Lorg/gradle/launcher/daemon/server/api/DaemonCommandExecution;Lorg/gradle/internal/daemon/clientinput/StdinHandler;)Ljava/lang/Object;+11
j  org.gradle.launcher.daemon.server.exec.ForwardClientInput$$Lambda$110+0x000001c86013c200.apply(Ljava/lang/Object;)Ljava/lang/Object;+8
j  org.gradle.internal.daemon.clientinput.ClientInputForwarder.forwardInput(Ljava/util/function/Function;)Ljava/lang/Object;+46
j  org.gradle.launcher.daemon.server.exec.ForwardClientInput.execute(Lorg/gradle/launcher/daemon/server/api/DaemonCommandExecution;)V+10
j  org.gradle.launcher.daemon.server.api.DaemonCommandExecution.proceed()Z+23
j  org.gradle.launcher.daemon.server.exec.LogAndCheckHealth.execute(Lorg/gradle/launcher/daemon/server/api/DaemonCommandExecution;)V+51
j  org.gradle.launcher.daemon.server.api.DaemonCommandExecution.proceed()Z+23
j  org.gradle.launcher.daemon.server.exec.LogToClient.doBuild(Lorg/gradle/launcher/daemon/server/api/DaemonCommandExecution;Lorg/gradle/launcher/daemon/protocol/Build;)V+87
j  org.gradle.launcher.daemon.server.exec.BuildCommandOnly.execute(Lorg/gradle/launcher/daemon/server/api/DaemonCommandExecution;)V+49
j  org.gradle.launcher.daemon.server.api.DaemonCommandExecution.proceed()Z+23
j  org.gradle.launcher.daemon.server.exec.EstablishBuildEnvironment.doBuild(Lorg/gradle/launcher/daemon/server/api/DaemonCommandExecution;Lorg/gradle/launcher/daemon/protocol/Build;)V+356
j  org.gradle.launcher.daemon.server.exec.BuildCommandOnly.execute(Lorg/gradle/launcher/daemon/server/api/DaemonCommandExecution;)V+49
j  org.gradle.launcher.daemon.server.api.DaemonCommandExecution.proceed()Z+23
j  org.gradle.launcher.daemon.server.exec.StartBuildOrRespondWithBusy$1.run()V+44
j  org.gradle.launcher.daemon.server.DaemonStateCoordinator.lambda$runCommand$0(Ljava/lang/Runnable;)V+1
j  org.gradle.launcher.daemon.server.DaemonStateCoordinator$$Lambda$109+0x000001c860136c00.run()V+8
j  org.gradle.internal.concurrent.ExecutorPolicy$CatchAndRecordFailures.onExecute(Ljava/lang/Runnable;)V+1
j  org.gradle.internal.concurrent.AbstractManagedExecutor$1.run()V+25
j  java.util.concurrent.ThreadPoolExecutor.runWorker(Ljava/util/concurrent/ThreadPoolExecutor$Worker;)V+92 java.base@17.0.12
j  java.util.concurrent.ThreadPoolExecutor$Worker.run()V+5 java.base@17.0.12
j  java.lang.Thread.run()V+11 java.base@17.0.12
v  ~StubRoutines::call_stub

---------------  P R O C E S S  ---------------

Threads class SMR info:
_java_thread_list=0x000001c8a598a900, length=33, elements={
0x000001c8212dd8a0, 0x000001c85e6e2890, 0x000001c85e6e3160, 0x000001c85e6f8ac0,
0x000001c85e6f9390, 0x000001c85e6f9c60, 0x000001c85e6fc540, 0x000001c85e705200,
0x000001c85e70a0d0, 0x000001c85e70b1c0, 0x000001c85e6ce260, 0x000001c8a4186550,
0x000001c8a4f10040, 0x000001c8a4dd2260, 0x000001c8a5857510, 0x000001c8a4179190,
0x000001c8a589ea90, 0x000001c8a589e070, 0x000001c8a58a03e0, 0x000001c8a58a1310,
0x000001c8a589e580, 0x000001c8a589efa0, 0x000001c8a589f4b0, 0x000001c8a589f9c0,
0x000001c8a58a08f0, 0x000001c8a58a0e00, 0x000001c8a58a1820, 0x000001c8a589fed0,
0x000001c8a639e340, 0x000001c8a639ed60, 0x000001c8a639c9f0, 0x000001c8a639cf00,
0x000001c8a639d920
}

Java Threads: ( => current thread )
  0x000001c8212dd8a0 JavaThread "main" [_thread_blocked, id=19052, stack(0x000000a17b100000,0x000000a17b200000)]
  0x000001c85e6e2890 JavaThread "Reference Handler" daemon [_thread_blocked, id=17476, stack(0x000000a17b800000,0x000000a17b900000)]
  0x000001c85e6e3160 JavaThread "Finalizer" daemon [_thread_blocked, id=18136, stack(0x000000a17b900000,0x000000a17ba00000)]
  0x000001c85e6f8ac0 JavaThread "Signal Dispatcher" daemon [_thread_blocked, id=16612, stack(0x000000a17ba00000,0x000000a17bb00000)]
  0x000001c85e6f9390 JavaThread "Attach Listener" daemon [_thread_blocked, id=17592, stack(0x000000a17bb00000,0x000000a17bc00000)]
  0x000001c85e6f9c60 JavaThread "Service Thread" daemon [_thread_blocked, id=6336, stack(0x000000a17bc00000,0x000000a17bd00000)]
  0x000001c85e6fc540 JavaThread "Monitor Deflation Thread" daemon [_thread_blocked, id=17824, stack(0x000000a17bd00000,0x000000a17be00000)]
  0x000001c85e705200 JavaThread "C2 CompilerThread0" daemon [_thread_blocked, id=7184, stack(0x000000a17be00000,0x000000a17bf00000)]
  0x000001c85e70a0d0 JavaThread "C1 CompilerThread0" daemon [_thread_blocked, id=5168, stack(0x000000a17bf00000,0x000000a17c000000)]
  0x000001c85e70b1c0 JavaThread "Sweeper thread" daemon [_thread_blocked, id=13020, stack(0x000000a17c000000,0x000000a17c100000)]
  0x000001c85e6ce260 JavaThread "Common-Cleaner" daemon [_thread_blocked, id=15880, stack(0x000000a17c100000,0x000000a17c200000)]
  0x000001c8a4186550 JavaThread "Notification Thread" daemon [_thread_blocked, id=14016, stack(0x000000a17c200000,0x000000a17c300000)]
  0x000001c8a4f10040 JavaThread "Daemon health stats" [_thread_blocked, id=9484, stack(0x000000a17c800000,0x000000a17c900000)]
  0x000001c8a4dd2260 JavaThread "Incoming local TCP Connector on port 53213" [_thread_in_native, id=14108, stack(0x000000a17c900000,0x000000a17ca00000)]
  0x000001c8a5857510 JavaThread "Daemon periodic checks" [_thread_blocked, id=9828, stack(0x000000a17ca00000,0x000000a17cb00000)]
  0x000001c8a4179190 JavaThread "Daemon" [_thread_blocked, id=11484, stack(0x000000a17cb00000,0x000000a17cc00000)]
  0x000001c8a589ea90 JavaThread "Handler for socket connection from /127.0.0.1:53213 to /127.0.0.1:53215" [_thread_in_native, id=11880, stack(0x000000a17cc00000,0x000000a17cd00000)]
  0x000001c8a589e070 JavaThread "Cancel handler" [_thread_blocked, id=7084, stack(0x000000a17cd00000,0x000000a17ce00000)]
=>0x000001c8a58a03e0 JavaThread "Daemon worker" [_thread_in_vm, id=7276, stack(0x000000a17ce00000,0x000000a17cf00000)]
  0x000001c8a58a1310 JavaThread "Asynchronous log dispatcher for DefaultDaemonConnection: socket connection from /127.0.0.1:53213 to /127.0.0.1:53215" [_thread_blocked, id=10296, stack(0x000000a17cf00000,0x000000a17d000000)]
  0x000001c8a589e580 JavaThread "Stdin handler" [_thread_blocked, id=6100, stack(0x000000a17d000000,0x000000a17d100000)]
  0x000001c8a589efa0 JavaThread "Daemon client event forwarder" [_thread_blocked, id=8776, stack(0x000000a17d100000,0x000000a17d200000)]
  0x000001c8a589f4b0 JavaThread "Cache worker for journal cache (C:\Users\PC\.gradle\caches\journal-1)" [_thread_blocked, id=2992, stack(0x000000a17d200000,0x000000a17d300000)]
  0x000001c8a589f9c0 JavaThread "File lock request listener" [_thread_in_native, id=4516, stack(0x000000a17d300000,0x000000a17d400000)]
  0x000001c8a58a08f0 JavaThread "Cache worker for file hash cache (C:\Users\PC\.gradle\caches\8.10.2\fileHashes)" [_thread_blocked, id=4848, stack(0x000000a17d400000,0x000000a17d500000)]
  0x000001c8a58a0e00 JavaThread "Cache worker for file hash cache (D:\bass_training_app\android\.gradle\8.10.2\fileHashes)" [_thread_blocked, id=4736, stack(0x000000a17d800000,0x000000a17d900000)]
  0x000001c8a58a1820 JavaThread "Cache worker for Build Output Cleanup Cache (D:\bass_training_app\android\.gradle\buildOutputCleanup)" [_thread_blocked, id=7552, stack(0x000000a17d900000,0x000000a17da00000)]
  0x000001c8a589fed0 JavaThread "File watcher server" daemon [_thread_in_native, id=18392, stack(0x000000a17db00000,0x000000a17dc00000)]
  0x000001c8a639e340 JavaThread "File watcher consumer" daemon [_thread_blocked, id=5004, stack(0x000000a17dc00000,0x000000a17dd00000)]
  0x000001c8a639ed60 JavaThread "Cache worker for checksums cache (D:\bass_training_app\android\.gradle\8.10.2\checksums)" [_thread_blocked, id=9496, stack(0x000000a17dd00000,0x000000a17de00000)]
  0x000001c8a639c9f0 JavaThread "Cache worker for file content cache (C:\Users\PC\.gradle\caches\8.10.2\fileContent)" [_thread_blocked, id=13552, stack(0x000000a17de00000,0x000000a17df00000)]
  0x000001c8a639cf00 JavaThread "Cache worker for cache directory md-rule (C:\Users\PC\.gradle\caches\8.10.2\md-rule)" [_thread_blocked, id=14392, stack(0x000000a17df00000,0x000000a17e000000)]
  0x000001c8a639d920 JavaThread "Cache worker for cache directory md-supplier (C:\Users\PC\.gradle\caches\8.10.2\md-supplier)" [_thread_blocked, id=6620, stack(0x000000a17e000000,0x000000a17e100000)]

Other Threads:
  0x000001c85e6da700 VMThread "VM Thread" [stack: 0x000000a17b700000,0x000000a17b800000] [id=8520]
  0x000001c85e54d9a0 WatcherThread [stack: 0x000000a17c300000,0x000000a17c400000] [id=7688]
  0x000001c821389290 GCTaskThread "GC Thread#0" [stack: 0x000000a17b200000,0x000000a17b300000] [id=19212]
  0x000001c8a4547790 GCTaskThread "GC Thread#1" [stack: 0x000000a17c400000,0x000000a17c500000] [id=11556]
  0x000001c8a42cf870 GCTaskThread "GC Thread#2" [stack: 0x000000a17c500000,0x000000a17c600000] [id=9688]
  0x000001c8a4c60d80 GCTaskThread "GC Thread#3" [stack: 0x000000a17c600000,0x000000a17c700000] [id=19680]
  0x000001c8a4f775e0 GCTaskThread "GC Thread#4" [stack: 0x000000a17c700000,0x000000a17c800000] [id=7192]
  0x000001c8a6187020 GCTaskThread "GC Thread#5" [stack: 0x000000a17d500000,0x000000a17d600000] [id=13772]
  0x000001c8a61872e0 GCTaskThread "GC Thread#6" [stack: 0x000000a17d600000,0x000000a17d700000] [id=3192]
  0x000001c8a61875a0 GCTaskThread "GC Thread#7" [stack: 0x000000a17d700000,0x000000a17d800000] [id=20136]
  0x000001c821399e90 ConcurrentGCThread "G1 Main Marker" [stack: 0x000000a17b300000,0x000000a17b400000] [id=17972]
  0x000001c82139acf0 ConcurrentGCThread "G1 Conc#0" [stack: 0x000000a17b400000,0x000000a17b500000] [id=2240]
  0x000001c8a6c0f100 ConcurrentGCThread "G1 Conc#1" [stack: 0x000000a17da00000,0x000000a17db00000] [id=13844]
  0x000001c85e599b30 ConcurrentGCThread "G1 Refine#0" [stack: 0x000000a17b500000,0x000000a17b600000] [id=16656]
  0x000001c8a7259850 ConcurrentGCThread "G1 Refine#1" [stack: 0x000000a17e100000,0x000000a17e200000] [id=20276]
  0x000001c85e59a210 ConcurrentGCThread "G1 Service" [stack: 0x000000a17b600000,0x000000a17b700000] [id=15088]

Threads with active compile tasks:

VM state: not at safepoint (normal execution)

VM Mutex/Monitor currently owned by a thread:  ([mutex/lock_event])
[0x000001c8212d5ac0] Metaspace_lock - owner thread: 0x000001c8a58a03e0

Heap address: 0x0000000600000000, size: 8192 MB, Compressed Oops mode: Zero based, Oop shift amount: 3

CDS archive(s) mapped at: [0x000001c85f000000-0x000001c85fbd0000-0x000001c85fbd0000), size 12386304, SharedBaseAddress: 0x000001c85f000000, ArchiveRelocationMode: 1.
Compressed class space mapped at: 0x000001c860000000-0x000001c8a0000000, reserved size: 1073741824
Narrow klass base: 0x000001c85f000000, Narrow klass shift: 0, Narrow klass range: 0x100000000

GC Precious Log:
 CPUs: 8 total, 8 available
 Memory: 8108M
 Large Page Support: Disabled
 NUMA Support: Disabled
 Compressed Oops: Enabled (Zero based)
 Heap Region Size: 4M
 Heap Min Capacity: 8M
 Heap Initial Capacity: 128M
 Heap Max Capacity: 8G
 Pre-touch: Disabled
 Parallel Workers: 8
 Concurrent Workers: 2
 Concurrent Refinement Workers: 8
 Periodic GC: Disabled

Heap:
 garbage-first heap   total 98304K, used 30119K [0x0000000600000000, 0x0000000800000000)
  region size 4096K, 3 young (12288K), 2 survivors (8192K)
 Metaspace       used 32667K, committed 33024K, reserved 1114112K
  class space    used 4588K, committed 4736K, reserved 1048576K

Heap Regions: E=young(eden), S=young(survivor), O=old, HS=humongous(starts), HC=humongous(continues), CS=collection set, F=free, OA=open archive, CA=closed archive, TAMS=top-at-mark-start (previous, next)
|   0|0x0000000600000000, 0x0000000600400000, 0x0000000600400000|100%|HS|  |TAMS 0x0000000600400000, 0x0000000600000000| Complete 
|   1|0x0000000600400000, 0x0000000600800000, 0x0000000600800000|100%| O|  |TAMS 0x0000000600800000, 0x0000000600400000| Untracked 
|   2|0x0000000600800000, 0x0000000600c00000, 0x0000000600c00000|100%| O|  |TAMS 0x0000000600af0400, 0x0000000600800000| Untracked 
|   3|0x0000000600c00000, 0x0000000600f82200, 0x0000000601000000| 87%| O|  |TAMS 0x0000000600c00000, 0x0000000600c00000| Untracked 
|   4|0x0000000601000000, 0x0000000601400000, 0x0000000601400000|100%| O|  |TAMS 0x0000000601000000, 0x0000000601000000| Untracked 
|   5|0x0000000601400000, 0x0000000601778a00, 0x0000000601800000| 86%| O|  |TAMS 0x0000000601400000, 0x0000000601400000| Untracked 
|   6|0x0000000601800000, 0x0000000601800000, 0x0000000601c00000|  0%| F|  |TAMS 0x0000000601800000, 0x0000000601800000| Untracked 
|   7|0x0000000601c00000, 0x0000000601c00000, 0x0000000602000000|  0%| F|  |TAMS 0x0000000601c00000, 0x0000000601c00000| Untracked 
|   8|0x0000000602000000, 0x0000000602000000, 0x0000000602400000|  0%| F|  |TAMS 0x0000000602000000, 0x0000000602000000| Untracked 
|   9|0x0000000602400000, 0x0000000602400000, 0x0000000602800000|  0%| F|  |TAMS 0x0000000602400000, 0x0000000602400000| Untracked 
|  10|0x0000000602800000, 0x0000000602800000, 0x0000000602c00000|  0%| F|  |TAMS 0x0000000602800000, 0x0000000602800000| Untracked 
|  11|0x0000000602c00000, 0x0000000602c00000, 0x0000000603000000|  0%| F|  |TAMS 0x0000000602c00000, 0x0000000602c00000| Untracked 
|  12|0x0000000603000000, 0x0000000603000000, 0x0000000603400000|  0%| F|  |TAMS 0x0000000603000000, 0x0000000603000000| Untracked 
|  13|0x0000000603400000, 0x000000060366f000, 0x0000000603800000| 60%| S|CS|TAMS 0x0000000603400000, 0x0000000603400000| Complete 
|  14|0x0000000603800000, 0x0000000603c00000, 0x0000000603c00000|100%| S|CS|TAMS 0x0000000603800000, 0x0000000603800000| Complete 
|  15|0x0000000603c00000, 0x0000000603c00000, 0x0000000604000000|  0%| F|  |TAMS 0x0000000603c00000, 0x0000000603c00000| Untracked 
|  16|0x0000000604000000, 0x0000000604000000, 0x0000000604400000|  0%| F|  |TAMS 0x0000000604000000, 0x0000000604000000| Untracked 
|  17|0x0000000604400000, 0x0000000604400000, 0x0000000604800000|  0%| F|  |TAMS 0x0000000604400000, 0x0000000604400000| Untracked 
|  18|0x0000000604800000, 0x0000000604800000, 0x0000000604c00000|  0%| F|  |TAMS 0x0000000604800000, 0x0000000604800000| Untracked 
|  19|0x0000000604c00000, 0x0000000604c00000, 0x0000000605000000|  0%| F|  |TAMS 0x0000000604c00000, 0x0000000604c00000| Untracked 
|  20|0x0000000605000000, 0x0000000605000000, 0x0000000605400000|  0%| F|  |TAMS 0x0000000605000000, 0x0000000605000000| Untracked 
|  21|0x0000000605400000, 0x0000000605400000, 0x0000000605800000|  0%| F|  |TAMS 0x0000000605400000, 0x0000000605400000| Untracked 
|  22|0x0000000605800000, 0x0000000605800000, 0x0000000605c00000|  0%| F|  |TAMS 0x0000000605800000, 0x0000000605800000| Untracked 
|  31|0x0000000607c00000, 0x0000000607f2e800, 0x0000000608000000| 79%| E|  |TAMS 0x0000000607c00000, 0x0000000607c00000| Complete 

Card table byte_map: [0x000001c84a0f0000,0x000001c84b0f0000] _byte_map_base: 0x000001c8470f0000

Marking Bits (Prev, Next): (CMBitMap*) 0x000001c8213895a0, (CMBitMap*) 0x000001c821389560
 Prev Bits: [0x000001c8540f0000, 0x000001c85c0f0000)
 Next Bits: [0x000001c84c0f0000, 0x000001c8540f0000)

Polling page: 0x000001c81f1c0000

Metaspace:

Usage:
  Non-class:     27.42 MB used.
      Class:      4.48 MB used.
       Both:     31.90 MB used.

Virtual space:
  Non-class space:       64.00 MB reserved,      27.62 MB ( 43%) committed,  1 nodes.
      Class space:        1.00 GB reserved,       4.62 MB ( <1%) committed,  1 nodes.
             Both:        1.06 GB reserved,      32.25 MB (  3%) committed. 

Chunk freelists:
   Non-Class:  3.75 MB
       Class:  11.36 MB
        Both:  15.11 MB

MaxMetaspaceSize: 4.00 GB
CompressedClassSpaceSize: 1.00 GB
Initial GC threshold: 21.00 MB
Current GC threshold: 35.25 MB
CDS: on
MetaspaceReclaimPolicy: balanced
 - commit_granule_bytes: 65536.
 - commit_granule_words: 8192.
 - virtual_space_node_default_size: 8388608.
 - enlarge_chunks_in_place: 1.
 - new_chunks_are_fully_committed: 0.
 - uncommit_free_chunks: 1.
 - use_allocation_guard: 0.
 - handle_deallocations: 1.


Internal statistics:

num_allocs_failed_limit: 3.
num_arena_births: 466.
num_arena_deaths: 0.
num_vsnodes_births: 2.
num_vsnodes_deaths: 0.
num_space_committed: 516.
num_space_uncommitted: 0.
num_chunks_returned_to_freelist: 3.
num_chunks_taken_from_freelist: 1665.
num_chunk_merges: 3.
num_chunk_splits: 1113.
num_chunks_enlarged: 770.
num_inconsistent_stats: 0.

CodeHeap 'non-profiled nmethods': size=259264Kb used=2153Kb max_used=2153Kb free=257110Kb
 bounds [0x000001c838e70000, 0x000001c8390e0000, 0x000001c848ba0000]
CodeHeap 'profiled nmethods': size=259264Kb used=8103Kb max_used=8103Kb free=251161Kb
 bounds [0x000001c828ba0000, 0x000001c829390000, 0x000001c8388d0000]
CodeHeap 'non-nmethods': size=5760Kb used=1598Kb max_used=1668Kb free=4161Kb
 bounds [0x000001c8388d0000, 0x000001c838b40000, 0x000001c838e70000]
 total_blobs=4530 nmethods=3869 adapters=573
 compilation: enabled
              stopped_count=0, restarted_count=0
 full_count=0

Compilation events (20 events):
Event: 18.633 Thread 0x000001c85e70a0d0 3866       3       java.lang.invoke.DirectMethodHandle$Accessor::<init> (24 bytes)
Event: 18.633 Thread 0x000001c85e70a0d0 nmethod 3866 0x000001c829386910 code [0x000001c829386ac0, 0x000001c829386cb8]
Event: 18.647 Thread 0x000001c85e705200 nmethod 3771 0x000001c839080090 code [0x000001c839080260, 0x000001c839080c68]
Event: 18.647 Thread 0x000001c85e705200 3772       4       jdk.internal.jimage.BasicImageReader::getString (35 bytes)
Event: 18.666 Thread 0x000001c85e705200 nmethod 3772 0x000001c839081290 code [0x000001c839081440, 0x000001c839081d68]
Event: 18.666 Thread 0x000001c85e705200 3775       4       jdk.internal.jimage.ImageLocation::getAttribute (44 bytes)
Event: 18.667 Thread 0x000001c85e705200 nmethod 3775 0x000001c839082290 code [0x000001c839082400, 0x000001c8390824d8]
Event: 18.667 Thread 0x000001c85e705200 3778       4       java.lang.String::subSequence (7 bytes)
Event: 18.673 Thread 0x000001c85e705200 nmethod 3778 0x000001c839082590 code [0x000001c839082720, 0x000001c839082c98]
Event: 18.673 Thread 0x000001c85e705200 3779       4       java.util.regex.Matcher::find (69 bytes)
Event: 18.686 Thread 0x000001c85e705200 nmethod 3779 0x000001c839082f10 code [0x000001c8390830e0, 0x000001c839083768]
Event: 18.686 Thread 0x000001c85e705200 3861       4       jdk.internal.org.objectweb.asm.MethodWriter::visitVarInsn (302 bytes)
Event: 18.690 Thread 0x000001c85e70a0d0 3869       3       org.gradle.internal.service.DefaultServiceRegistry::find (151 bytes)
Event: 18.692 Thread 0x000001c85e70a0d0 nmethod 3869 0x000001c829386e10 code [0x000001c8293871c0, 0x000001c829388cd8]
Event: 18.700 Thread 0x000001c85e705200 nmethod 3861 0x000001c839083c90 code [0x000001c839083e60, 0x000001c839084a88]
Event: 18.700 Thread 0x000001c85e705200 3870 %     4       jdk.internal.loader.URLClassPath::getResource @ 39 (74 bytes)
Event: 18.721 Thread 0x000001c85e70a0d0 3872       3       kotlin.jvm.internal.Intrinsics::checkNotNullParameter (9 bytes)
Event: 18.722 Thread 0x000001c85e705200 nmethod 3870% 0x000001c839084f90 code [0x000001c839085200, 0x000001c839085d20]
Event: 18.722 Thread 0x000001c85e705200 3868   !   4       jdk.internal.loader.URLClassPath$JarLoader::getResource (354 bytes)
Event: 18.722 Thread 0x000001c85e70a0d0 nmethod 3872 0x000001c829389410 code [0x000001c829389600, 0x000001c829389a38]

GC Heap History (14 events):
Event: 1.493 GC heap before
{Heap before GC invocations=0 (full 0):
 garbage-first heap   total 131072K, used 20480K [0x0000000600000000, 0x0000000800000000)
  region size 4096K, 5 young (20480K), 0 survivors (0K)
 Metaspace       used 1056K, committed 1216K, reserved 1114112K
  class space    used 72K, committed 128K, reserved 1048576K
}
Event: 1.501 GC heap after
{Heap after GC invocations=1 (full 0):
 garbage-first heap   total 131072K, used 2249K [0x0000000600000000, 0x0000000800000000)
  region size 4096K, 1 young (4096K), 1 survivors (4096K)
 Metaspace       used 1056K, committed 1216K, reserved 1114112K
  class space    used 72K, committed 128K, reserved 1048576K
}
Event: 4.041 GC heap before
{Heap before GC invocations=1 (full 0):
 garbage-first heap   total 131072K, used 43209K [0x0000000600000000, 0x0000000800000000)
  region size 4096K, 10 young (40960K), 1 survivors (4096K)
 Metaspace       used 4350K, committed 4544K, reserved 1114112K
  class space    used 542K, committed 640K, reserved 1048576K
}
Event: 4.055 GC heap after
{Heap after GC invocations=2 (full 0):
 garbage-first heap   total 131072K, used 11397K [0x0000000600000000, 0x0000000800000000)
  region size 4096K, 2 young (8192K), 2 survivors (8192K)
 Metaspace       used 4350K, committed 4544K, reserved 1114112K
  class space    used 542K, committed 640K, reserved 1048576K
}
Event: 5.502 GC heap before
{Heap before GC invocations=2 (full 0):
 garbage-first heap   total 131072K, used 48261K [0x0000000600000000, 0x0000000800000000)
  region size 4096K, 12 young (49152K), 2 survivors (8192K)
 Metaspace       used 4610K, committed 4800K, reserved 1114112K
  class space    used 575K, committed 640K, reserved 1048576K
}
Event: 5.515 GC heap after
{Heap after GC invocations=3 (full 0):
 garbage-first heap   total 131072K, used 16325K [0x0000000600000000, 0x0000000800000000)
  region size 4096K, 2 young (8192K), 2 survivors (8192K)
 Metaspace       used 4610K, committed 4800K, reserved 1114112K
  class space    used 575K, committed 640K, reserved 1048576K
}
Event: 12.374 GC heap before
{Heap before GC invocations=3 (full 0):
 garbage-first heap   total 131072K, used 81861K [0x0000000600000000, 0x0000000800000000)
  region size 4096K, 18 young (73728K), 2 survivors (8192K)
 Metaspace       used 16042K, committed 16320K, reserved 1114112K
  class space    used 2242K, committed 2368K, reserved 1048576K
}
Event: 12.392 GC heap after
{Heap after GC invocations=4 (full 0):
 garbage-first heap   total 131072K, used 20849K [0x0000000600000000, 0x0000000800000000)
  region size 4096K, 3 young (12288K), 3 survivors (12288K)
 Metaspace       used 16042K, committed 16320K, reserved 1114112K
  class space    used 2242K, committed 2368K, reserved 1048576K
}
Event: 14.823 GC heap before
{Heap before GC invocations=4 (full 0):
 garbage-first heap   total 131072K, used 61809K [0x0000000600000000, 0x0000000800000000)
  region size 4096K, 14 young (57344K), 3 survivors (12288K)
 Metaspace       used 21214K, committed 21504K, reserved 1114112K
  class space    used 3078K, committed 3200K, reserved 1048576K
}
Event: 14.834 GC heap after
{Heap after GC invocations=5 (full 0):
 garbage-first heap   total 131072K, used 23897K [0x0000000600000000, 0x0000000800000000)
  region size 4096K, 2 young (8192K), 2 survivors (8192K)
 Metaspace       used 21214K, committed 21504K, reserved 1114112K
  class space    used 3078K, committed 3200K, reserved 1048576K
}
Event: 17.132 GC heap before
{Heap before GC invocations=6 (full 0):
 garbage-first heap   total 98304K, used 73049K [0x0000000600000000, 0x0000000800000000)
  region size 4096K, 15 young (61440K), 2 survivors (8192K)
 Metaspace       used 27445K, committed 27776K, reserved 1114112K
  class space    used 4034K, committed 4224K, reserved 1048576K
}
Event: 17.142 GC heap after
{Heap after GC invocations=7 (full 0):
 garbage-first heap   total 98304K, used 26584K [0x0000000600000000, 0x0000000800000000)
  region size 4096K, 2 young (8192K), 2 survivors (8192K)
 Metaspace       used 27445K, committed 27776K, reserved 1114112K
  class space    used 4034K, committed 4224K, reserved 1048576K
}
Event: 18.573 GC heap before
{Heap before GC invocations=7 (full 0):
 garbage-first heap   total 98304K, used 63448K [0x0000000600000000, 0x0000000800000000)
  region size 4096K, 11 young (45056K), 2 survivors (8192K)
 Metaspace       used 32305K, committed 32768K, reserved 1114112K
  class space    used 4531K, committed 4736K, reserved 1048576K
}
Event: 18.581 GC heap after
{Heap after GC invocations=8 (full 0):
 garbage-first heap   total 98304K, used 30119K [0x0000000600000000, 0x0000000800000000)
  region size 4096K, 2 young (8192K), 2 survivors (8192K)
 Metaspace       used 32305K, committed 32768K, reserved 1114112K
  class space    used 4531K, committed 4736K, reserved 1048576K
}

Deoptimization events (20 events):
Event: 16.916 Thread 0x000001c8a58a03e0 DEOPT PACKING pc=0x000001c838f5f6c8 sp=0x000000a17cef92d0
Event: 16.916 Thread 0x000001c8a58a03e0 DEOPT UNPACKING pc=0x000001c8389223a3 sp=0x000000a17cef9190 mode 2
Event: 17.264 Thread 0x000001c8a58a03e0 Uncommon trap: trap_request=0xffffff45 fr.pc=0x000001c838f5735c relative=0x000000000000063c
Event: 17.264 Thread 0x000001c8a58a03e0 Uncommon trap: reason=unstable_if action=reinterpret pc=0x000001c838f5735c method=java.util.Properties$LineReader.readLine()I @ 95 c2
Event: 17.264 Thread 0x000001c8a58a03e0 DEOPT PACKING pc=0x000001c838f5735c sp=0x000000a17cef9230
Event: 17.264 Thread 0x000001c8a58a03e0 DEOPT UNPACKING pc=0x000001c8389223a3 sp=0x000000a17cef91e0 mode 2
Event: 17.366 Thread 0x000001c8a58a03e0 DEOPT PACKING pc=0x000001c828f943f4 sp=0x000000a17cef8970
Event: 17.366 Thread 0x000001c8a58a03e0 DEOPT UNPACKING pc=0x000001c838922b43 sp=0x000000a17cef7ef0 mode 0
Event: 17.892 Thread 0x000001c8a58a03e0 Uncommon trap: trap_request=0xffffff45 fr.pc=0x000001c838fa3d2c relative=0x000000000000664c
Event: 17.892 Thread 0x000001c8a58a03e0 Uncommon trap: reason=unstable_if action=reinterpret pc=0x000001c838fa3d2c method=java.lang.ClassLoader.getClassLoadingLock(Ljava/lang/String;)Ljava/lang/Object; @ 6 c2
Event: 17.892 Thread 0x000001c8a58a03e0 DEOPT PACKING pc=0x000001c838fa3d2c sp=0x000000a17cef91d0
Event: 17.892 Thread 0x000001c8a58a03e0 DEOPT UNPACKING pc=0x000001c8389223a3 sp=0x000000a17cef9200 mode 2
Event: 18.130 Thread 0x000001c8a58a03e0 Uncommon trap: trap_request=0xffffff45 fr.pc=0x000001c838f7ba8c relative=0x00000000000000ec
Event: 18.130 Thread 0x000001c8a58a03e0 Uncommon trap: reason=unstable_if action=reinterpret pc=0x000001c838f7ba8c method=java.lang.ClassLoader.getClassLoadingLock(Ljava/lang/String;)Ljava/lang/Object; @ 6 c2
Event: 18.130 Thread 0x000001c8a58a03e0 DEOPT PACKING pc=0x000001c838f7ba8c sp=0x000000a17cef9260
Event: 18.130 Thread 0x000001c8a58a03e0 DEOPT UNPACKING pc=0x000001c8389223a3 sp=0x000000a17cef9200 mode 2
Event: 18.134 Thread 0x000001c8a58a03e0 Uncommon trap: trap_request=0xffffff6e fr.pc=0x000001c839067454 relative=0x00000000000004f4
Event: 18.134 Thread 0x000001c8a58a03e0 Uncommon trap: reason=loop_limit_check action=maybe_recompile pc=0x000001c839067454 method=java.util.regex.Pattern$Start.match(Ljava/util/regex/Matcher;ILjava/lang/CharSequence;)Z @ 34 c2
Event: 18.134 Thread 0x000001c8a58a03e0 DEOPT PACKING pc=0x000001c839067454 sp=0x000000a17cef8fa0
Event: 18.134 Thread 0x000001c8a58a03e0 DEOPT UNPACKING pc=0x000001c8389223a3 sp=0x000000a17cef8ee0 mode 2

Classes unloaded (0 events):
No events

Classes redefined (0 events):
No events

Internal exceptions (20 events):
Event: 17.592 Thread 0x000001c8a58a03e0 Exception <a 'java/lang/ClassNotFoundException'{0x0000000605578758}: java/lang/ObjectCustomizer> (0x0000000605578758) 
thrown [s\open\src\hotspot\share\classfile\systemDictionary.cpp, line 256]
Event: 17.625 Thread 0x000001c8a58a03e0 Exception <a 'java/lang/IncompatibleClassChangeError'{0x00000006055881f0}: Found class java.lang.Object, but interface was expected> (0x00000006055881f0) 
thrown [s\open\src\hotspot\share\interpreter\linkResolver.cpp, line 826]
Event: 17.674 Thread 0x000001c8a58a03e0 Exception <a 'java/lang/ClassNotFoundException'{0x000000060561fdc8}: groovy/lang/MetaClassImplCustomizer> (0x000000060561fdc8) 
thrown [s\open\src\hotspot\share\classfile\systemDictionary.cpp, line 256]
Event: 17.683 Thread 0x000001c8a58a03e0 Exception <a 'java/lang/ClassNotFoundException'{0x0000000605656228}: groovy/lang/ExpandoMetaClassCustomizer> (0x0000000605656228) 
thrown [s\open\src\hotspot\share\classfile\systemDictionary.cpp, line 256]
Event: 18.438 Thread 0x000001c8a58a03e0 Exception <a 'java/lang/ClassNotFoundException'{0x0000000603cf75a8}: org/gradle/internal/extensibility/DefaultExtraPropertiesExtensionBeanInfo> (0x0000000603cf75a8) 
thrown [s\open\src\hotspot\share\classfile\systemDictionary.cpp, line 256]
Event: 18.439 Thread 0x000001c8a58a03e0 Exception <a 'java/lang/ClassNotFoundException'{0x0000000603d0e4c0}: groovy/lang/GroovyObjectSupportBeanInfo> (0x0000000603d0e4c0) 
thrown [s\open\src\hotspot\share\classfile\systemDictionary.cpp, line 256]
Event: 18.440 Thread 0x000001c8a58a03e0 Exception <a 'java/lang/ClassNotFoundException'{0x0000000603d25678}: groovy/lang/GroovyObjectSupportCustomizer> (0x0000000603d25678) 
thrown [s\open\src\hotspot\share\classfile\systemDictionary.cpp, line 256]
Event: 18.443 Thread 0x000001c8a58a03e0 Exception <a 'java/lang/ClassNotFoundException'{0x0000000603d3f118}: org/gradle/internal/extensibility/DefaultExtraPropertiesExtensionCustomizer> (0x0000000603d3f118) 
thrown [s\open\src\hotspot\share\classfile\systemDictionary.cpp, line 256]
Event: 18.477 Thread 0x000001c8a58a03e0 Exception <a 'sun/nio/fs/WindowsException'{0x0000000603e3df58}> (0x0000000603e3df58) 
thrown [s\open\src\hotspot\share\prims\jni.cpp, line 516]
Event: 18.480 Thread 0x000001c8a58a03e0 Exception <a 'sun/nio/fs/WindowsException'{0x0000000603e3f4f8}> (0x0000000603e3f4f8) 
thrown [s\open\src\hotspot\share\prims\jni.cpp, line 516]
Event: 18.481 Thread 0x000001c8a58a03e0 Exception <a 'sun/nio/fs/WindowsException'{0x0000000603e40a50}> (0x0000000603e40a50) 
thrown [s\open\src\hotspot\share\prims\jni.cpp, line 516]
Event: 18.483 Thread 0x000001c8a58a03e0 Exception <a 'sun/nio/fs/WindowsException'{0x0000000603e41fb0}> (0x0000000603e41fb0) 
thrown [s\open\src\hotspot\share\prims\jni.cpp, line 516]
Event: 18.513 Thread 0x000001c8a58a03e0 Exception <a 'java/lang/NoSuchMethodError'{0x0000000603f1de08}: 'java.lang.Object java.lang.invoke.Invokers$Holder.invoker(java.lang.Object, java.lang.Object, java.lang.Object, java.lang.Object, java.lang.Object, java.lang.Object)'> (0x0000000603f1de08) 
thrown [s\open\src\hotspot\share\interpreter\linkResolver.cpp, line 759]
Event: 18.548 Thread 0x000001c8a58a03e0 Exception <a 'java/lang/NoSuchMethodError'{0x0000000603fa48d8}: 'java.lang.Object java.lang.invoke.Invokers$Holder.invoker(java.lang.Object, java.lang.Object, java.lang.Object, java.lang.Object)'> (0x0000000603fa48d8) 
thrown [s\open\src\hotspot\share\interpreter\linkResolver.cpp, line 759]
Event: 18.606 Thread 0x000001c8a58a03e0 Exception <a 'java/lang/NoSuchMethodError'{0x0000000607c6c008}: 'java.lang.Object java.lang.invoke.Invokers$Holder.invoker(java.lang.Object, java.lang.Object, java.lang.Object, java.lang.Object, java.lang.Object)'> (0x0000000607c6c008) 
thrown [s\open\src\hotspot\share\interpreter\linkResolver.cpp, line 759]
Event: 18.611 Thread 0x000001c8a58a03e0 Exception <a 'java/lang/NoSuchMethodError'{0x0000000607c89a80}: 'java.lang.Object java.lang.invoke.DirectMethodHandle$Holder.invokeSpecial(java.lang.Object, java.lang.Object, java.lang.Object, java.lang.Object, java.lang.Object, java.lang.Object, java.lang.Object, java.lang.Object, java.lang.Object, java.lang.Object, java.lang.Object, java.lang.Object, java.lang.Object, java.lang.Object, java.lang.Object, java.lang.Object, java.lang.Object, java.lang.Object, java.lang.Object, java.lang.Object, java.lang.Ob
Event: 18.612 Thread 0x000001c8a58a03e0 Exception <a 'java/lang/NoSuchMethodError'{0x0000000607c8fa40}: 'java.lang.Object java.lang.invoke.DelegatingMethodHandle$Holder.reinvoke_L(java.lang.Object, java.lang.Object, java.lang.Object, java.lang.Object, java.lang.Object, java.lang.Object, java.lang.Object, java.lang.Object, java.lang.Object, java.lang.Object, java.lang.Object, java.lang.Object, java.lang.Object, java.lang.Object, java.lang.Object, java.lang.Object, java.lang.Object, java.lang.Object, java.lang.Object, java.lang.Object, java.lang.O
Event: 18.612 Thread 0x000001c8a58a03e0 Exception <a 'java/lang/NoSuchMethodError'{0x0000000607c9b1e0}: 'java.lang.Object java.lang.invoke.Invokers$Holder.invoker(java.lang.Object, java.lang.Object, java.lang.Object, java.lang.Object, java.lang.Object, java.lang.Object, java.lang.Object, java.lang.Object, java.lang.Object, java.lang.Object, java.lang.Object, java.lang.Object, java.lang.Object, java.lang.Object, java.lang.Object, java.lang.Object, java.lang.Object, java.lang.Object, java.lang.Object, java.lang.Object, java.lang.Object, java.lang.
Event: 18.613 Thread 0x000001c8a58a03e0 Exception <a 'java/lang/NoSuchMethodError'{0x0000000607ca1b38}: 'java.lang.Object java.lang.invoke.DelegatingMethodHandle$Holder.delegate(java.lang.Object, java.lang.Object, java.lang.Object, java.lang.Object, java.lang.Object, java.lang.Object, java.lang.Object, java.lang.Object, java.lang.Object, java.lang.Object, java.lang.Object, java.lang.Object, java.lang.Object, java.lang.Object, java.lang.Object, java.lang.Object, java.lang.Object, java.lang.Object, java.lang.Object, java.lang.Object, java.lang.Obj
Event: 18.632 Thread 0x000001c8a58a03e0 Exception <a 'java/lang/NoSuchMethodError'{0x0000000607d7a408}: 'java.lang.Object java.lang.invoke.DirectMethodHandle$Holder.invokeStatic(java.lang.Object, java.lang.Object, java.lang.Object, java.lang.Object, java.lang.Object, java.lang.Object, java.lang.Object, java.lang.Object, java.lang.Object, java.lang.Object, java.lang.Object, java.lang.Object, java.lang.Object, java.lang.Object, java.lang.Object, java.lang.Object, java.lang.Object, java.lang.Object, java.lang.Object, java.lang.Object, java.lang.Obj

VM Operations (20 events):
Event: 16.240 Executing VM operation: HandshakeAllThreads
Event: 16.248 Executing VM operation: HandshakeAllThreads done
Event: 16.957 Executing VM operation: HandshakeAllThreads
Event: 16.957 Executing VM operation: HandshakeAllThreads done
Event: 17.132 Executing VM operation: G1CollectForAllocation
Event: 17.142 Executing VM operation: G1CollectForAllocation done
Event: 17.308 Executing VM operation: HandshakeAllThreads
Event: 17.308 Executing VM operation: HandshakeAllThreads done
Event: 17.927 Executing VM operation: HandshakeAllThreads
Event: 17.927 Executing VM operation: HandshakeAllThreads done
Event: 17.927 Executing VM operation: HandshakeAllThreads
Event: 17.927 Executing VM operation: HandshakeAllThreads done
Event: 17.957 Executing VM operation: HandshakeAllThreads
Event: 17.957 Executing VM operation: HandshakeAllThreads done
Event: 18.144 Executing VM operation: HandshakeAllThreads
Event: 18.144 Executing VM operation: HandshakeAllThreads done
Event: 18.144 Executing VM operation: Cleanup
Event: 18.144 Executing VM operation: Cleanup done
Event: 18.573 Executing VM operation: G1CollectForAllocation
Event: 18.582 Executing VM operation: G1CollectForAllocation done

Events (20 events):
Event: 18.147 loading class java/util/function/BooleanSupplier
Event: 18.147 loading class java/util/function/BooleanSupplier done
Event: 18.148 loading class jdk/internal/jimage/ImageReader$Resource
Event: 18.148 loading class jdk/internal/jimage/ImageReader$Resource done
Event: 18.430 loading class java/util/WeakHashMap$KeyIterator
Event: 18.430 loading class java/util/WeakHashMap$HashIterator
Event: 18.431 loading class java/util/WeakHashMap$HashIterator done
Event: 18.431 loading class java/util/WeakHashMap$KeyIterator done
Event: 18.453 loading class java/lang/ThreadLocal$SuppliedThreadLocal
Event: 18.454 loading class java/lang/ThreadLocal$SuppliedThreadLocal done
Event: 18.475 loading class sun/nio/fs/WindowsPath$1
Event: 18.475 loading class sun/nio/fs/WindowsPath$1 done
Event: 18.476 loading class sun/nio/fs/WindowsException
Event: 18.477 loading class sun/nio/fs/WindowsException done
Event: 18.553 loading class java/util/Collections$SynchronizedRandomAccessList
Event: 18.554 loading class java/util/Collections$SynchronizedList
Event: 18.556 loading class java/util/Collections$SynchronizedList done
Event: 18.556 loading class java/util/Collections$SynchronizedRandomAccessList done
Event: 18.629 loading class java/lang/invoke/BoundMethodHandle$Species_LLLLLLLLLLLLLLLLLLLLLLLL
Event: 18.629 loading class java/lang/invoke/BoundMethodHandle$Species_LLLLLLLLLLLLLLLLLLLLLLLL done


Dynamic libraries:
0x00007ff777900000 - 0x00007ff777910000 	D:\java\jdk-17\bin\java.exe
0x00007ffb4e570000 - 0x00007ffb4e768000 	C:\Windows\SYSTEM32\ntdll.dll
0x00007ffb4e030000 - 0x00007ffb4e0f2000 	C:\Windows\System32\KERNEL32.DLL
0x00007ffb4bd90000 - 0x00007ffb4c086000 	C:\Windows\System32\KERNELBASE.dll
0x00007ffb4c0e0000 - 0x00007ffb4c1e0000 	C:\Windows\System32\ucrtbase.dll
0x00007ffb29c90000 - 0x00007ffb29cab000 	D:\java\jdk-17\bin\VCRUNTIME140.dll
0x00007ffb29c70000 - 0x00007ffb29c89000 	D:\java\jdk-17\bin\jli.dll
0x00007ffb4d5d0000 - 0x00007ffb4d681000 	C:\Windows\System32\ADVAPI32.dll
0x00007ffb4d6a0000 - 0x00007ffb4d73e000 	C:\Windows\System32\msvcrt.dll
0x00007ffb4e430000 - 0x00007ffb4e4cf000 	C:\Windows\System32\sechost.dll
0x00007ffb4d340000 - 0x00007ffb4d460000 	C:\Windows\System32\RPCRT4.dll
0x00007ffb4c3b0000 - 0x00007ffb4c3d7000 	C:\Windows\System32\bcrypt.dll
0x00007ffb4c970000 - 0x00007ffb4cb11000 	C:\Windows\System32\USER32.dll
0x00007ffb4bd60000 - 0x00007ffb4bd82000 	C:\Windows\System32\win32u.dll
0x00007ffb3c050000 - 0x00007ffb3c2eb000 	C:\Windows\WinSxS\amd64_microsoft.windows.common-controls_6595b64144ccf1df_6.0.19041.6456_none_60b8a6cb71f64256\COMCTL32.dll
0x00007ffb4e110000 - 0x00007ffb4e13b000 	C:\Windows\System32\GDI32.dll
0x00007ffb4c1e0000 - 0x00007ffb4c2f9000 	C:\Windows\System32\gdi32full.dll
0x00007ffb4c3e0000 - 0x00007ffb4c47d000 	C:\Windows\System32\msvcp_win.dll
0x00007ffb462c0000 - 0x00007ffb462ca000 	C:\Windows\SYSTEM32\VERSION.dll
0x00007ffb4d540000 - 0x00007ffb4d56f000 	C:\Windows\System32\IMM32.DLL
0x00007ffb32150000 - 0x00007ffb3215c000 	D:\java\jdk-17\bin\vcruntime140_1.dll
0x00007ffb1a230000 - 0x00007ffb1a2be000 	D:\java\jdk-17\bin\msvcp140.dll
0x00007ffad0110000 - 0x00007ffad0cf0000 	D:\java\jdk-17\bin\server\jvm.dll
0x00007ffb4d690000 - 0x00007ffb4d698000 	C:\Windows\System32\PSAPI.DLL
0x00007ffb39f50000 - 0x00007ffb39f59000 	C:\Windows\SYSTEM32\WSOCK32.dll
0x00007ffb4de10000 - 0x00007ffb4de7b000 	C:\Windows\System32\WS2_32.dll
0x00007ffb472b0000 - 0x00007ffb472d7000 	C:\Windows\SYSTEM32\WINMM.dll
0x00007ffb499b0000 - 0x00007ffb499c2000 	C:\Windows\SYSTEM32\kernel.appcore.dll
0x00007ffb30370000 - 0x00007ffb3037a000 	D:\java\jdk-17\bin\jimage.dll
0x00007ffb3c840000 - 0x00007ffb3ca41000 	C:\Windows\SYSTEM32\DBGHELP.DLL
0x00007ffb2fbb0000 - 0x00007ffb2fbe4000 	C:\Windows\SYSTEM32\dbgcore.DLL
0x00007ffb4c480000 - 0x00007ffb4c502000 	C:\Windows\System32\bcryptPrimitives.dll
0x00007ffb2f1e0000 - 0x00007ffb2f1ee000 	D:\java\jdk-17\bin\instrument.dll
0x00007ffb291f0000 - 0x00007ffb29215000 	D:\java\jdk-17\bin\java.dll
0x00007ffb0b930000 - 0x00007ffb0ba07000 	D:\java\jdk-17\bin\jsvml.dll
0x00007ffb4cbd0000 - 0x00007ffb4d340000 	C:\Windows\System32\SHELL32.dll
0x00007ffb49c90000 - 0x00007ffb4a435000 	C:\Windows\SYSTEM32\windows.storage.dll
0x00007ffb4c590000 - 0x00007ffb4c8e4000 	C:\Windows\System32\combase.dll
0x00007ffb4b550000 - 0x00007ffb4b57b000 	C:\Windows\SYSTEM32\Wldp.dll
0x00007ffb4e140000 - 0x00007ffb4e20d000 	C:\Windows\System32\OLEAUT32.dll
0x00007ffb4dd60000 - 0x00007ffb4de0d000 	C:\Windows\System32\SHCORE.dll
0x00007ffb4e3d0000 - 0x00007ffb4e42b000 	C:\Windows\System32\shlwapi.dll
0x00007ffb4bb30000 - 0x00007ffb4bb54000 	C:\Windows\SYSTEM32\profapi.dll
0x00007ffb28e60000 - 0x00007ffb28e78000 	D:\java\jdk-17\bin\zip.dll
0x00007ffb291d0000 - 0x00007ffb291e9000 	D:\java\jdk-17\bin\net.dll
0x00007ffb457b0000 - 0x00007ffb458ba000 	C:\Windows\SYSTEM32\WINHTTP.dll
0x00007ffb4b2b0000 - 0x00007ffb4b31a000 	C:\Windows\system32\mswsock.dll
0x00007ffb291b0000 - 0x00007ffb291c6000 	D:\java\jdk-17\bin\nio.dll
0x00007ffb2fc40000 - 0x00007ffb2fc50000 	D:\java\jdk-17\bin\verify.dll
0x00007ffb28f60000 - 0x00007ffb28f87000 	C:\Users\PC\.gradle\native\c067742578af261105cb4f569cf0c3c89f3d7b1fecec35dd04571415982c5e48\windows-amd64\native-platform.dll
0x00007ffb04a50000 - 0x00007ffb04b94000 	C:\Users\PC\.gradle\native\100fb08df4bc3b14c8652ba06237920a3bd2aa13389f12d3474272988ae205f9\windows-amd64\native-platform-file-events.dll
0x00007ffb37140000 - 0x00007ffb3714a000 	D:\java\jdk-17\bin\management.dll
0x00007ffb2f900000 - 0x00007ffb2f90b000 	D:\java\jdk-17\bin\management_ext.dll
0x00007ffb4b4a0000 - 0x00007ffb4b4b8000 	C:\Windows\SYSTEM32\CRYPTSP.dll
0x00007ffb4abd0000 - 0x00007ffb4ac08000 	C:\Windows\system32\rsaenh.dll
0x00007ffb4baf0000 - 0x00007ffb4bb1e000 	C:\Windows\SYSTEM32\USERENV.dll
0x00007ffb4b4c0000 - 0x00007ffb4b4cc000 	C:\Windows\SYSTEM32\CRYPTBASE.dll
0x00007ffb4af90000 - 0x00007ffb4afcb000 	C:\Windows\SYSTEM32\IPHLPAPI.DLL
0x00007ffb4e3c0000 - 0x00007ffb4e3c8000 	C:\Windows\System32\NSI.dll
0x00007ffb46350000 - 0x00007ffb46367000 	C:\Windows\SYSTEM32\dhcpcsvc6.DLL
0x00007ffb462d0000 - 0x00007ffb462ed000 	C:\Windows\SYSTEM32\dhcpcsvc.DLL
0x00007ffb4afd0000 - 0x00007ffb4b09a000 	C:\Windows\SYSTEM32\DNSAPI.dll
0x00007ffb2f110000 - 0x00007ffb2f11e000 	D:\java\jdk-17\bin\sunmscapi.dll
0x00007ffb4bc00000 - 0x00007ffb4bd5d000 	C:\Windows\System32\CRYPT32.dll
0x00007ffb4b5c0000 - 0x00007ffb4b5e7000 	C:\Windows\SYSTEM32\ncrypt.dll
0x00007ffb4b580000 - 0x00007ffb4b5bb000 	C:\Windows\SYSTEM32\NTASN1.dll
0x00007ffb490a0000 - 0x00007ffb490a7000 	C:\Windows\system32\wshunix.dll

dbghelp: loaded successfully - version: 4.0.5 - missing functions: none
symbol engine: initialized successfully - sym options: 0x614 - pdb path: .;D:\java\jdk-17\bin;C:\Windows\SYSTEM32;C:\Windows\WinSxS\amd64_microsoft.windows.common-controls_6595b64144ccf1df_6.0.19041.6456_none_60b8a6cb71f64256;D:\java\jdk-17\bin\server;C:\Users\PC\.gradle\native\c067742578af261105cb4f569cf0c3c89f3d7b1fecec35dd04571415982c5e48\windows-amd64;C:\Users\PC\.gradle\native\100fb08df4bc3b14c8652ba06237920a3bd2aa13389f12d3474272988ae205f9\windows-amd64

VM Arguments:
jvm_args: -XX:MaxMetaspaceSize=4G -XX:ReservedCodeCacheSize=512m -XX:+HeapDumpOnOutOfMemoryError --add-opens=java.base/java.util=ALL-UNNAMED --add-opens=java.base/java.lang=ALL-UNNAMED --add-opens=java.base/java.lang.invoke=ALL-UNNAMED --add-opens=java.prefs/java.util.prefs=ALL-UNNAMED --add-exports=jdk.compiler/com.sun.tools.javac.api=ALL-UNNAMED --add-exports=jdk.compiler/com.sun.tools.javac.util=ALL-UNNAMED --add-opens=java.base/java.nio.charset=ALL-UNNAMED --add-opens=java.base/java.net=ALL-UNNAMED --add-opens=java.base/java.util.concurrent.atomic=ALL-UNNAMED -Xmx8G -Dfile.encoding=windows-1252 -Duser.country=IN -Duser.language=en -Duser.variant -javaagent:C:\Users\PC\.gradle\wrapper\dists\gradle-8.10.2-all\7iv73wktx1xtkvlq19urqw1wm\gradle-8.10.2\lib\agents\gradle-instrumentation-agent-8.10.2.jar 
java_command: org.gradle.launcher.daemon.bootstrap.GradleDaemon 8.10.2
java_class_path (initial): C:\Users\PC\.gradle\wrapper\dists\gradle-8.10.2-all\7iv73wktx1xtkvlq19urqw1wm\gradle-8.10.2\lib\gradle-daemon-main-8.10.2.jar
Launcher Type: SUN_STANDARD

[Global flags]
     intx CICompilerCount                          = 4                                         {product} {ergonomic}
     uint ConcGCThreads                            = 2                                         {product} {ergonomic}
     uint G1ConcRefinementThreads                  = 8                                         {product} {ergonomic}
   size_t G1HeapRegionSize                         = 4194304                                   {product} {ergonomic}
    uintx GCDrainStackTargetSize                   = 64                                        {product} {ergonomic}
     bool HeapDumpOnOutOfMemoryError               = true                                   {manageable} {command line}
   size_t InitialHeapSize                          = 134217728                                 {product} {ergonomic}
   size_t MarkStackSize                            = 4194304                                   {product} {ergonomic}
   size_t MaxHeapSize                              = 8589934592                                {product} {command line}
   size_t MaxMetaspaceSize                         = 4294967296                                {product} {command line}
   size_t MaxNewSize                               = 5150605312                                {product} {ergonomic}
   size_t MinHeapDeltaBytes                        = 4194304                                   {product} {ergonomic}
   size_t MinHeapSize                              = 8388608                                   {product} {ergonomic}
    uintx NonNMethodCodeHeapSize                   = 5839372                                {pd product} {ergonomic}
    uintx NonProfiledCodeHeapSize                  = 265515770                              {pd product} {ergonomic}
    uintx ProfiledCodeHeapSize                     = 265515770                              {pd product} {ergonomic}
    uintx ReservedCodeCacheSize                    = 536870912                              {pd product} {command line}
     bool SegmentedCodeCache                       = true                                      {product} {ergonomic}
   size_t SoftMaxHeapSize                          = 8589934592                             {manageable} {ergonomic}
   double SweeperThreshold                         = 0.234375                                  {product} {ergonomic}
     bool UseCompressedClassPointers               = true                           {product lp64_product} {ergonomic}
     bool UseCompressedOops                        = true                           {product lp64_product} {ergonomic}
     bool UseG1GC                                  = true                                      {product} {ergonomic}
     bool UseLargePagesIndividualAllocation        = false                                  {pd product} {ergonomic}

Logging:
Log output configuration:
 #0: stdout all=warning uptime,level,tags
 #1: stderr all=off uptime,level,tags

Environment Variables:
JAVA_HOME=D:\java\jdk-17
CLASSPATH=D:\bass_training_app\android\\gradle\wrapper\gradle-wrapper.jar
PATH=D:\java\jdk-17\bin;D:\flutter\bin\;C:\Program Files\Common Files\Oracle\Java\javapath;C:\Windows\system32;C:\Windows;C:\Windows\System32\Wbem;C:\Windows\System32\WindowsPowerShell\v1.0\;C:\Windows\System32\OpenSSH\;C:\xampp\php;D:\java\jdk-17\bin;D:\Program Files\;C:\Program Files\Git\cmd;C:\ProgramData\ComposerSetup\bin;C:\Users\PC\AppData\Local\Pub\Cache\bin;C:\Users\PC\AppData\Local\Microsoft\WindowsApps;C:\Users\PC\AppData\Local\Programs\Microsoft VS Code\bin;D:\flutter\bin;C:\Users\PC\AppData\Roaming\npm;C:\Users\PC\AppData\Roaming\Composer\vendor\bin;D:\flutter\bin\mingit\cmd
USERNAME=PC
LANG=en_US.UTF-8
OS=Windows_NT
PROCESSOR_IDENTIFIER=Intel64 Family 6 Model 94 Stepping 3, GenuineIntel



---------------  S Y S T E M  ---------------

OS:
 Windows 10 , 64 bit Build 19041 (10.0.19041.5915)
OS uptime: 9 days 5:08 hours

CPU: total 8 (initial active 8) (4 cores per cpu, 2 threads per core) family 6 model 94 stepping 3 microcode 0xd6, cx8, cmov, fxsr, ht, mmx, 3dnowpref, sse, sse2, sse3, ssse3, sse4.1, sse4.2, popcnt, lzcnt, tsc, tscinvbit, avx, avx2, aes, erms, clmul, bmi1, bmi2, rtm, adx, fma, vzeroupper, clflush, clflushopt

Memory: 4k page, system-wide physical 8108M (17M free)
TotalPageFile size 20920M (AvailPageFile size 0M)
current process WorkingSet (physical memory assigned to process): 217M, peak: 219M
current process commit charge ("private bytes"): 268M, peak: 295M

vm_info: Java HotSpot(TM) 64-Bit Server VM (17.0.12+8-LTS-286) for windows-amd64 JRE (17.0.12+8-LTS-286), built on Jun  5 2024 06:46:59 by "mach5one" with MS VC++ 17.6 (VS2022)

END.
