#
# There is insufficient memory for the Java Runtime Environment to continue.
# Native memory allocation (malloc) failed to allocate 32744 bytes for ChunkPool::allocate
# Possible reasons:
#   The system is out of physical RAM or swap space
#   The process is running with CompressedOops enabled, and the Java Heap may be blocking the growth of the native heap
# Possible solutions:
#   Reduce memory load on the system
#   Increase physical memory or swap space
#   Check if swap backing store is full
#   Decrease Java heap size (-Xmx/-Xms)
#   Decrease number of Java threads
#   Decrease Java thread stack sizes (-Xss)
#   Set larger code cache with -XX:ReservedCodeCacheSize=
#   JVM is running with Unscaled Compressed Oops mode in which the Java heap is
#     placed in the first 4GB address space. The Java Heap base address is the
#     maximum limit for the native heap growth. Please use -XX:HeapBaseMinAddress
#     to set the Java Heap base and to place the Java Heap above 4GB virtual address.
# This output file may be truncated or incomplete.
#
#  Out of Memory Error (arena.cpp:78), pid=9976, tid=16580
#
# JRE version: Java(TM) SE Runtime Environment (17.0.12+8) (build 17.0.12+8-LTS-286)
# Java VM: Java HotSpot(TM) 64-Bit Server VM (17.0.12+8-LTS-286, mixed mode, sharing, tiered, compressed oops, compressed class ptrs, g1 gc, windows-amd64)
# No core dump will be written. Minidumps are not enabled by default on client versions of Windows
#

---------------  S U M M A R Y ------------

Command Line: -Dorg.gradle.appname=gradlew org.gradle.wrapper.GradleWrapperMain -q -Ptarget-platform=android-x64 -Ptarget=D:\bass_training_app\lib\main.dart -Pbase-application-name=android.app.Application -Pdart-defines=RkxVVFRFUl9WRVJTSU9OPTMuNDQuOA==,RkxVVFRFUl9DSEFOTkVMPXN0YWJsZQ==,RkxVVFRFUl9HSVRfVVJMPWh0dHBzOi8vZ2l0aHViLmNvbS9mbHV0dGVyL2ZsdXR0ZXIuZ2l0,RkxVVFRFUl9GUkFNRVdPUktfUkVWSVNJT049MDU4ZTBhZjJjMg==,RkxVVFRFUl9FTkdJTkVfUkVWSVNJT049MGNkNjEwNzE3Yg==,RkxVVFRFUl9EQVJUX1ZFUlNJT049My4xMi4y -Pdart-obfuscation=false -Ptrack-widget-creation=true -Ptree-shake-icons=false -Pfilesystem-scheme=org-dartlang-root assembleDebug

Host: Intel(R) Core(TM) i7-6700 CPU @ 3.40GHz, 8 cores, 7G,  Windows 10 , 64 bit Build 19041 (10.0.19041.5915)
Time: Fri Jul 31 14:47:49 2026 India Standard Time elapsed time: 27.194245 seconds (0d 0h 0m 27s)

---------------  T H R E A D  ---------------

Current thread (0x0000020b1f68c5c0):  JavaThread "C1 CompilerThread0" daemon [_thread_in_native, id=16580, stack(0x000000bfc2900000,0x000000bfc2a00000)]


Current CompileTask:
C1:  27194 1612       3       java.lang.invoke.MethodType$ConcurrentWeakInternSet::add (66 bytes)

Stack: [0x000000bfc2900000,0x000000bfc2a00000]
Native frames: (J=compiled Java code, j=interpreted, Vv=VM code, C=native code)
V  [jvm.dll+0x67a04a]
V  [jvm.dll+0x7da4ed]
V  [jvm.dll+0x7dbe33]
V  [jvm.dll+0x7dc4a3]
V  [jvm.dll+0x24508f]
V  [jvm.dll+0xab9a4]
V  [jvm.dll+0xabd3c]
V  [jvm.dll+0x139f12]
V  [jvm.dll+0x140c82]
V  [jvm.dll+0x13f295]
V  [jvm.dll+0x14781a]
V  [jvm.dll+0x146d35]
V  [jvm.dll+0x13ea01]
V  [jvm.dll+0x140c91]
V  [jvm.dll+0x13f295]
V  [jvm.dll+0x139333]
V  [jvm.dll+0x148996]
V  [jvm.dll+0x134b10]
V  [jvm.dll+0x134e70]
V  [jvm.dll+0x135148]
V  [jvm.dll+0x1345d1]
V  [jvm.dll+0x1362bd]
V  [jvm.dll+0x22610b]
V  [jvm.dll+0x2242ab]
V  [jvm.dll+0x79075c]
V  [jvm.dll+0x78abea]
V  [jvm.dll+0x678f35]
C  [ucrtbase.dll+0x21bb2]
C  [KERNEL32.DLL+0x17374]
C  [ntdll.dll+0x4cc91]


---------------  P R O C E S S  ---------------

Threads class SMR info:
_java_thread_list=0x0000020b1fa9b4c0, length=13, elements={
0x0000020b7f8caa50, 0x0000020b1f66d700, 0x0000020b1f66e490, 0x0000020b1f6864c0,
0x0000020b1f689db0, 0x0000020b1f68a680, 0x0000020b1f68af50, 0x0000020b1f68bc00,
0x0000020b1f68c5c0, 0x0000020b1f68f6c0, 0x0000020b1f8d1b20, 0x0000020b1f8d3470,
0x0000020b1f8d3e90
}

Java Threads: ( => current thread )
  0x0000020b7f8caa50 JavaThread "main" [_thread_in_vm, id=6700, stack(0x000000bfc1b00000,0x000000bfc1c00000)]
  0x0000020b1f66d700 JavaThread "Reference Handler" daemon [_thread_blocked, id=5836, stack(0x000000bfc2200000,0x000000bfc2300000)]
  0x0000020b1f66e490 JavaThread "Finalizer" daemon [_thread_blocked, id=2132, stack(0x000000bfc2300000,0x000000bfc2400000)]
  0x0000020b1f6864c0 JavaThread "Signal Dispatcher" daemon [_thread_blocked, id=17944, stack(0x000000bfc2400000,0x000000bfc2500000)]
  0x0000020b1f689db0 JavaThread "Attach Listener" daemon [_thread_blocked, id=16864, stack(0x000000bfc2500000,0x000000bfc2600000)]
  0x0000020b1f68a680 JavaThread "Service Thread" daemon [_thread_blocked, id=11604, stack(0x000000bfc2600000,0x000000bfc2700000)]
  0x0000020b1f68af50 JavaThread "Monitor Deflation Thread" daemon [_thread_blocked, id=14000, stack(0x000000bfc2700000,0x000000bfc2800000)]
  0x0000020b1f68bc00 JavaThread "C2 CompilerThread0" daemon [_thread_in_native, id=3080, stack(0x000000bfc2800000,0x000000bfc2900000)]
=>0x0000020b1f68c5c0 JavaThread "C1 CompilerThread0" daemon [_thread_in_native, id=16580, stack(0x000000bfc2900000,0x000000bfc2a00000)]
  0x0000020b1f68f6c0 JavaThread "Sweeper thread" daemon [_thread_blocked, id=6632, stack(0x000000bfc2a00000,0x000000bfc2b00000)]
  0x0000020b1f8d1b20 JavaThread "Notification Thread" daemon [_thread_blocked, id=6644, stack(0x000000bfc2b00000,0x000000bfc2c00000)]
  0x0000020b1f8d3470 JavaThread "Common-Cleaner" daemon [_thread_blocked, id=8712, stack(0x000000bfc2d00000,0x000000bfc2e00000)]
  0x0000020b1f8d3e90 JavaThread "pool-1-thread-1" [_thread_blocked, id=11440, stack(0x000000bfc3100000,0x000000bfc3200000)]

Other Threads:
  0x0000020b1f668320 VMThread "VM Thread" [stack: 0x000000bfc2100000,0x000000bfc2200000] [id=7584]
  0x0000020b1f672460 WatcherThread [stack: 0x000000bfc2c00000,0x000000bfc2d00000] [id=12696]
  0x0000020b7f9238d0 GCTaskThread "GC Thread#0" [stack: 0x000000bfc1c00000,0x000000bfc1d00000] [id=524]
  0x0000020b652eec50 GCTaskThread "GC Thread#1" [stack: 0x000000bfc2e00000,0x000000bfc2f00000] [id=18668]
  0x0000020b653aeb10 GCTaskThread "GC Thread#2" [stack: 0x000000bfc2f00000,0x000000bfc3000000] [id=3832]
  0x0000020b652227e0 GCTaskThread "GC Thread#3" [stack: 0x000000bfc3000000,0x000000bfc3100000] [id=13512]
  0x0000020b65a47010 GCTaskThread "GC Thread#4" [stack: 0x000000bfc3200000,0x000000bfc3300000] [id=4304]
  0x0000020b1fac30a0 GCTaskThread "GC Thread#5" [stack: 0x000000bfc3300000,0x000000bfc3400000] [id=8540]
  0x0000020b1fac3360 GCTaskThread "GC Thread#6" [stack: 0x000000bfc3400000,0x000000bfc3500000] [id=10780]
  0x0000020b6574f030 GCTaskThread "GC Thread#7" [stack: 0x000000bfc3500000,0x000000bfc3600000] [id=5288]
  0x0000020b7f9344b0 ConcurrentGCThread "G1 Main Marker" [stack: 0x000000bfc1d00000,0x000000bfc1e00000] [id=10144]
  0x0000020b7f934dd0 ConcurrentGCThread "G1 Conc#0" [stack: 0x000000bfc1e00000,0x000000bfc1f00000] [id=18448]
  0x0000020b1f524520 ConcurrentGCThread "G1 Refine#0" [stack: 0x000000bfc1f00000,0x000000bfc2000000] [id=14744]
  0x0000020b1f524e60 ConcurrentGCThread "G1 Service" [stack: 0x000000bfc2000000,0x000000bfc2100000] [id=3352]

Threads with active compile tasks:
C2 CompilerThread0    27273 1614       4       jdk.internal.org.objectweb.asm.ByteVector::putByte (39 bytes)
C1 CompilerThread0    27273 1612       3       java.lang.invoke.MethodType$ConcurrentWeakInternSet::add (66 bytes)

VM state: not at safepoint (normal execution)

VM Mutex/Monitor currently owned by a thread: None

OutOfMemory and StackOverflow Exception counts:
OutOfMemoryError java_heap_errors=1
LinkageErrors=22

Heap address: 0x0000000081400000, size: 2028 MB, Compressed Oops mode: 32-bit

CDS archive(s) mapped at: [0x0000020b20000000-0x0000020b20bd0000-0x0000020b20bd0000), size 12386304, SharedBaseAddress: 0x0000020b20000000, ArchiveRelocationMode: 1.
Compressed class space mapped at: 0x0000020b21000000-0x0000020b61000000, reserved size: 1073741824
Narrow klass base: 0x0000020b20000000, Narrow klass shift: 0, Narrow klass range: 0x100000000

GC Precious Log:
 CPUs: 8 total, 8 available
 Memory: 8108M
 Large Page Support: Disabled
 NUMA Support: Disabled
 Compressed Oops: Enabled (32-bit)
 Heap Region Size: 1M
 Heap Min Capacity: 8M
 Heap Initial Capacity: 128M
 Heap Max Capacity: 2028M
 Pre-touch: Disabled
 Parallel Workers: 8
 Concurrent Workers: 2
 Concurrent Refinement Workers: 8
 Periodic GC: Disabled

Heap:
 garbage-first heap   total 131072K, used 19915K [0x0000000081400000, 0x0000000100000000)
  region size 1024K, 12 young (12288K), 5 survivors (5120K)
 Metaspace       used 10177K, committed 10368K, reserved 1114112K
  class space    used 1345K, committed 1408K, reserved 1048576K

Heap Regions: E=young(eden), S=young(survivor), O=old, HS=humongous(starts), HC=humongous(continues), CS=collection set, F=free, OA=open archive, CA=closed archive, TAMS=top-at-mark-start (previous, next)
|   0|0x0000000081400000, 0x0000000081500000, 0x0000000081500000|100%| O|  |TAMS 0x0000000081400000, 0x0000000081400000| Untracked 
|   1|0x0000000081500000, 0x0000000081600000, 0x0000000081600000|100%| O|  |TAMS 0x0000000081500000, 0x0000000081500000| Untracked 
|   2|0x0000000081600000, 0x0000000081700000, 0x0000000081700000|100%|HS|  |TAMS 0x0000000081600000, 0x0000000081600000| Complete 
|   3|0x0000000081700000, 0x0000000081800000, 0x0000000081800000|100%|HC|  |TAMS 0x0000000081700000, 0x0000000081700000| Complete 
|   4|0x0000000081800000, 0x0000000081900000, 0x0000000081900000|100%|HC|  |TAMS 0x0000000081800000, 0x0000000081800000| Complete 
|   5|0x0000000081900000, 0x0000000081a00000, 0x0000000081a00000|100%|HC|  |TAMS 0x0000000081900000, 0x0000000081900000| Complete 
|   6|0x0000000081a00000, 0x0000000081b00000, 0x0000000081b00000|100%| O|  |TAMS 0x0000000081a00000, 0x0000000081a00000| Untracked 
|   7|0x0000000081b00000, 0x0000000081c00000, 0x0000000081c00000|100%| O|  |TAMS 0x0000000081b00000, 0x0000000081b00000| Untracked 
|   8|0x0000000081c00000, 0x0000000081c72c00, 0x0000000081d00000| 44%| O|  |TAMS 0x0000000081c00000, 0x0000000081c00000| Untracked 
|   9|0x0000000081d00000, 0x0000000081d00000, 0x0000000081e00000|  0%| F|  |TAMS 0x0000000081d00000, 0x0000000081d00000| Untracked 
|  10|0x0000000081e00000, 0x0000000081e00000, 0x0000000081f00000|  0%| F|  |TAMS 0x0000000081e00000, 0x0000000081e00000| Untracked 
|  11|0x0000000081f00000, 0x0000000081f00000, 0x0000000082000000|  0%| F|  |TAMS 0x0000000081f00000, 0x0000000081f00000| Untracked 
|  12|0x0000000082000000, 0x0000000082000000, 0x0000000082100000|  0%| F|  |TAMS 0x0000000082000000, 0x0000000082000000| Untracked 
|  13|0x0000000082100000, 0x0000000082100000, 0x0000000082200000|  0%| F|  |TAMS 0x0000000082100000, 0x0000000082100000| Untracked 
|  14|0x0000000082200000, 0x0000000082200000, 0x0000000082300000|  0%| F|  |TAMS 0x0000000082200000, 0x0000000082200000| Untracked 
|  15|0x0000000082300000, 0x0000000082300000, 0x0000000082400000|  0%| F|  |TAMS 0x0000000082300000, 0x0000000082300000| Untracked 
|  16|0x0000000082400000, 0x0000000082400000, 0x0000000082500000|  0%| F|  |TAMS 0x0000000082400000, 0x0000000082400000| Untracked 
|  17|0x0000000082500000, 0x0000000082500000, 0x0000000082600000|  0%| F|  |TAMS 0x0000000082500000, 0x0000000082500000| Untracked 
|  18|0x0000000082600000, 0x0000000082600000, 0x0000000082700000|  0%| F|  |TAMS 0x0000000082600000, 0x0000000082600000| Untracked 
|  19|0x0000000082700000, 0x0000000082700000, 0x0000000082800000|  0%| F|  |TAMS 0x0000000082700000, 0x0000000082700000| Untracked 
|  20|0x0000000082800000, 0x0000000082800000, 0x0000000082900000|  0%| F|  |TAMS 0x0000000082800000, 0x0000000082800000| Untracked 
|  21|0x0000000082900000, 0x0000000082900000, 0x0000000082a00000|  0%| F|  |TAMS 0x0000000082900000, 0x0000000082900000| Untracked 
|  22|0x0000000082a00000, 0x0000000082a00000, 0x0000000082b00000|  0%| F|  |TAMS 0x0000000082a00000, 0x0000000082a00000| Untracked 
|  23|0x0000000082b00000, 0x0000000082b00000, 0x0000000082c00000|  0%| F|  |TAMS 0x0000000082b00000, 0x0000000082b00000| Untracked 
|  24|0x0000000082c00000, 0x0000000082c00000, 0x0000000082d00000|  0%| F|  |TAMS 0x0000000082c00000, 0x0000000082c00000| Untracked 
|  25|0x0000000082d00000, 0x0000000082d00000, 0x0000000082e00000|  0%| F|  |TAMS 0x0000000082d00000, 0x0000000082d00000| Untracked 
|  26|0x0000000082e00000, 0x0000000082e00000, 0x0000000082f00000|  0%| F|  |TAMS 0x0000000082e00000, 0x0000000082e00000| Untracked 
|  27|0x0000000082f00000, 0x0000000082f00000, 0x0000000083000000|  0%| F|  |TAMS 0x0000000082f00000, 0x0000000082f00000| Untracked 
|  28|0x0000000083000000, 0x0000000083000000, 0x0000000083100000|  0%| F|  |TAMS 0x0000000083000000, 0x0000000083000000| Untracked 
|  29|0x0000000083100000, 0x0000000083100000, 0x0000000083200000|  0%| F|  |TAMS 0x0000000083100000, 0x0000000083100000| Untracked 
|  30|0x0000000083200000, 0x0000000083200000, 0x0000000083300000|  0%| F|  |TAMS 0x0000000083200000, 0x0000000083200000| Untracked 
|  31|0x0000000083300000, 0x0000000083300000, 0x0000000083400000|  0%| F|  |TAMS 0x0000000083300000, 0x0000000083300000| Untracked 
|  32|0x0000000083400000, 0x0000000083400000, 0x0000000083500000|  0%| F|  |TAMS 0x0000000083400000, 0x0000000083400000| Untracked 
|  33|0x0000000083500000, 0x0000000083500000, 0x0000000083600000|  0%| F|  |TAMS 0x0000000083500000, 0x0000000083500000| Untracked 
|  34|0x0000000083600000, 0x0000000083600000, 0x0000000083700000|  0%| F|  |TAMS 0x0000000083600000, 0x0000000083600000| Untracked 
|  35|0x0000000083700000, 0x0000000083700000, 0x0000000083800000|  0%| F|  |TAMS 0x0000000083700000, 0x0000000083700000| Untracked 
|  36|0x0000000083800000, 0x0000000083800000, 0x0000000083900000|  0%| F|  |TAMS 0x0000000083800000, 0x0000000083800000| Untracked 
|  37|0x0000000083900000, 0x0000000083900000, 0x0000000083a00000|  0%| F|  |TAMS 0x0000000083900000, 0x0000000083900000| Untracked 
|  38|0x0000000083a00000, 0x0000000083a00000, 0x0000000083b00000|  0%| F|  |TAMS 0x0000000083a00000, 0x0000000083a00000| Untracked 
|  39|0x0000000083b00000, 0x0000000083b00000, 0x0000000083c00000|  0%| F|  |TAMS 0x0000000083b00000, 0x0000000083b00000| Untracked 
|  40|0x0000000083c00000, 0x0000000083c00000, 0x0000000083d00000|  0%| F|  |TAMS 0x0000000083c00000, 0x0000000083c00000| Untracked 
|  41|0x0000000083d00000, 0x0000000083d00000, 0x0000000083e00000|  0%| F|  |TAMS 0x0000000083d00000, 0x0000000083d00000| Untracked 
|  42|0x0000000083e00000, 0x0000000083e00000, 0x0000000083f00000|  0%| F|  |TAMS 0x0000000083e00000, 0x0000000083e00000| Untracked 
|  43|0x0000000083f00000, 0x0000000083f00000, 0x0000000084000000|  0%| F|  |TAMS 0x0000000083f00000, 0x0000000083f00000| Untracked 
|  44|0x0000000084000000, 0x0000000084000000, 0x0000000084100000|  0%| F|  |TAMS 0x0000000084000000, 0x0000000084000000| Untracked 
|  45|0x0000000084100000, 0x0000000084100000, 0x0000000084200000|  0%| F|  |TAMS 0x0000000084100000, 0x0000000084100000| Untracked 
|  46|0x0000000084200000, 0x0000000084200000, 0x0000000084300000|  0%| F|  |TAMS 0x0000000084200000, 0x0000000084200000| Untracked 
|  47|0x0000000084300000, 0x0000000084300000, 0x0000000084400000|  0%| F|  |TAMS 0x0000000084300000, 0x0000000084300000| Untracked 
|  48|0x0000000084400000, 0x0000000084400000, 0x0000000084500000|  0%| F|  |TAMS 0x0000000084400000, 0x0000000084400000| Untracked 
|  49|0x0000000084500000, 0x0000000084500000, 0x0000000084600000|  0%| F|  |TAMS 0x0000000084500000, 0x0000000084500000| Untracked 
|  50|0x0000000084600000, 0x0000000084600000, 0x0000000084700000|  0%| F|  |TAMS 0x0000000084600000, 0x0000000084600000| Untracked 
|  51|0x0000000084700000, 0x0000000084700000, 0x0000000084800000|  0%| F|  |TAMS 0x0000000084700000, 0x0000000084700000| Untracked 
|  52|0x0000000084800000, 0x0000000084800000, 0x0000000084900000|  0%| F|  |TAMS 0x0000000084800000, 0x0000000084800000| Untracked 
|  53|0x0000000084900000, 0x0000000084900000, 0x0000000084a00000|  0%| F|  |TAMS 0x0000000084900000, 0x0000000084900000| Untracked 
|  54|0x0000000084a00000, 0x0000000084a00000, 0x0000000084b00000|  0%| F|  |TAMS 0x0000000084a00000, 0x0000000084a00000| Untracked 
|  55|0x0000000084b00000, 0x0000000084b00000, 0x0000000084c00000|  0%| F|  |TAMS 0x0000000084b00000, 0x0000000084b00000| Untracked 
|  56|0x0000000084c00000, 0x0000000084c00000, 0x0000000084d00000|  0%| F|  |TAMS 0x0000000084c00000, 0x0000000084c00000| Untracked 
|  57|0x0000000084d00000, 0x0000000084d00000, 0x0000000084e00000|  0%| F|  |TAMS 0x0000000084d00000, 0x0000000084d00000| Untracked 
|  58|0x0000000084e00000, 0x0000000084e00000, 0x0000000084f00000|  0%| F|  |TAMS 0x0000000084e00000, 0x0000000084e00000| Untracked 
|  59|0x0000000084f00000, 0x0000000084f00000, 0x0000000085000000|  0%| F|  |TAMS 0x0000000084f00000, 0x0000000084f00000| Untracked 
|  60|0x0000000085000000, 0x0000000085000000, 0x0000000085100000|  0%| F|  |TAMS 0x0000000085000000, 0x0000000085000000| Untracked 
|  61|0x0000000085100000, 0x0000000085100000, 0x0000000085200000|  0%| F|  |TAMS 0x0000000085100000, 0x0000000085100000| Untracked 
|  62|0x0000000085200000, 0x0000000085200000, 0x0000000085300000|  0%| F|  |TAMS 0x0000000085200000, 0x0000000085200000| Untracked 
|  63|0x0000000085300000, 0x0000000085300000, 0x0000000085400000|  0%| F|  |TAMS 0x0000000085300000, 0x0000000085300000| Untracked 
|  64|0x0000000085400000, 0x0000000085400000, 0x0000000085500000|  0%| F|  |TAMS 0x0000000085400000, 0x0000000085400000| Untracked 
|  65|0x0000000085500000, 0x0000000085500000, 0x0000000085600000|  0%| F|  |TAMS 0x0000000085500000, 0x0000000085500000| Untracked 
|  66|0x0000000085600000, 0x0000000085600000, 0x0000000085700000|  0%| F|  |TAMS 0x0000000085600000, 0x0000000085600000| Untracked 
|  67|0x0000000085700000, 0x0000000085700000, 0x0000000085800000|  0%| F|  |TAMS 0x0000000085700000, 0x0000000085700000| Untracked 
|  68|0x0000000085800000, 0x0000000085800000, 0x0000000085900000|  0%| F|  |TAMS 0x0000000085800000, 0x0000000085800000| Untracked 
|  69|0x0000000085900000, 0x0000000085900000, 0x0000000085a00000|  0%| F|  |TAMS 0x0000000085900000, 0x0000000085900000| Untracked 
|  70|0x0000000085a00000, 0x0000000085a00000, 0x0000000085b00000|  0%| F|  |TAMS 0x0000000085a00000, 0x0000000085a00000| Untracked 
|  71|0x0000000085b00000, 0x0000000085b00000, 0x0000000085c00000|  0%| F|  |TAMS 0x0000000085b00000, 0x0000000085b00000| Untracked 
|  72|0x0000000085c00000, 0x0000000085c00000, 0x0000000085d00000|  0%| F|  |TAMS 0x0000000085c00000, 0x0000000085c00000| Untracked 
|  73|0x0000000085d00000, 0x0000000085d00000, 0x0000000085e00000|  0%| F|  |TAMS 0x0000000085d00000, 0x0000000085d00000| Untracked 
|  74|0x0000000085e00000, 0x0000000085e00000, 0x0000000085f00000|  0%| F|  |TAMS 0x0000000085e00000, 0x0000000085e00000| Untracked 
|  75|0x0000000085f00000, 0x0000000085f00000, 0x0000000086000000|  0%| F|  |TAMS 0x0000000085f00000, 0x0000000085f00000| Untracked 
|  76|0x0000000086000000, 0x0000000086000000, 0x0000000086100000|  0%| F|  |TAMS 0x0000000086000000, 0x0000000086000000| Untracked 
|  77|0x0000000086100000, 0x0000000086100000, 0x0000000086200000|  0%| F|  |TAMS 0x0000000086100000, 0x0000000086100000| Untracked 
|  78|0x0000000086200000, 0x0000000086200000, 0x0000000086300000|  0%| F|  |TAMS 0x0000000086200000, 0x0000000086200000| Untracked 
|  79|0x0000000086300000, 0x0000000086300000, 0x0000000086400000|  0%| F|  |TAMS 0x0000000086300000, 0x0000000086300000| Untracked 
|  80|0x0000000086400000, 0x0000000086400000, 0x0000000086500000|  0%| F|  |TAMS 0x0000000086400000, 0x0000000086400000| Untracked 
|  81|0x0000000086500000, 0x0000000086500000, 0x0000000086600000|  0%| F|  |TAMS 0x0000000086500000, 0x0000000086500000| Untracked 
|  82|0x0000000086600000, 0x0000000086600000, 0x0000000086700000|  0%| F|  |TAMS 0x0000000086600000, 0x0000000086600000| Untracked 
|  83|0x0000000086700000, 0x0000000086700000, 0x0000000086800000|  0%| F|  |TAMS 0x0000000086700000, 0x0000000086700000| Untracked 
|  84|0x0000000086800000, 0x0000000086800000, 0x0000000086900000|  0%| F|  |TAMS 0x0000000086800000, 0x0000000086800000| Untracked 
|  85|0x0000000086900000, 0x0000000086900000, 0x0000000086a00000|  0%| F|  |TAMS 0x0000000086900000, 0x0000000086900000| Untracked 
|  86|0x0000000086a00000, 0x0000000086a00000, 0x0000000086b00000|  0%| F|  |TAMS 0x0000000086a00000, 0x0000000086a00000| Untracked 
|  87|0x0000000086b00000, 0x0000000086b00000, 0x0000000086c00000|  0%| F|  |TAMS 0x0000000086b00000, 0x0000000086b00000| Untracked 
|  88|0x0000000086c00000, 0x0000000086c00000, 0x0000000086d00000|  0%| F|  |TAMS 0x0000000086c00000, 0x0000000086c00000| Untracked 
|  89|0x0000000086d00000, 0x0000000086e00000, 0x0000000086e00000|100%| S|CS|TAMS 0x0000000086d00000, 0x0000000086d00000| Complete 
|  90|0x0000000086e00000, 0x0000000086f00000, 0x0000000086f00000|100%| S|CS|TAMS 0x0000000086e00000, 0x0000000086e00000| Complete 
|  91|0x0000000086f00000, 0x0000000087000000, 0x0000000087000000|100%| S|CS|TAMS 0x0000000086f00000, 0x0000000086f00000| Complete 
|  92|0x0000000087000000, 0x0000000087100000, 0x0000000087100000|100%| S|CS|TAMS 0x0000000087000000, 0x0000000087000000| Complete 
|  93|0x0000000087100000, 0x0000000087200000, 0x0000000087200000|100%| S|CS|TAMS 0x0000000087100000, 0x0000000087100000| Complete 
|  94|0x0000000087200000, 0x0000000087200000, 0x0000000087300000|  0%| F|  |TAMS 0x0000000087200000, 0x0000000087200000| Untracked 
|  95|0x0000000087300000, 0x0000000087300000, 0x0000000087400000|  0%| F|  |TAMS 0x0000000087300000, 0x0000000087300000| Untracked 
|  96|0x0000000087400000, 0x0000000087400000, 0x0000000087500000|  0%| F|  |TAMS 0x0000000087400000, 0x0000000087400000| Untracked 
|  97|0x0000000087500000, 0x0000000087500000, 0x0000000087600000|  0%| F|  |TAMS 0x0000000087500000, 0x0000000087500000| Untracked 
|  98|0x0000000087600000, 0x0000000087600000, 0x0000000087700000|  0%| F|  |TAMS 0x0000000087600000, 0x0000000087600000| Untracked 
|  99|0x0000000087700000, 0x0000000087700000, 0x0000000087800000|  0%| F|  |TAMS 0x0000000087700000, 0x0000000087700000| Untracked 
| 100|0x0000000087800000, 0x0000000087800000, 0x0000000087900000|  0%| F|  |TAMS 0x0000000087800000, 0x0000000087800000| Untracked 
| 101|0x0000000087900000, 0x0000000087900000, 0x0000000087a00000|  0%| F|  |TAMS 0x0000000087900000, 0x0000000087900000| Untracked 
| 102|0x0000000087a00000, 0x0000000087a00000, 0x0000000087b00000|  0%| F|  |TAMS 0x0000000087a00000, 0x0000000087a00000| Untracked 
| 103|0x0000000087b00000, 0x0000000087b00000, 0x0000000087c00000|  0%| F|  |TAMS 0x0000000087b00000, 0x0000000087b00000| Untracked 
| 104|0x0000000087c00000, 0x0000000087c00000, 0x0000000087d00000|  0%| F|  |TAMS 0x0000000087c00000, 0x0000000087c00000| Untracked 
| 105|0x0000000087d00000, 0x0000000087d00000, 0x0000000087e00000|  0%| F|  |TAMS 0x0000000087d00000, 0x0000000087d00000| Untracked 
| 106|0x0000000087e00000, 0x0000000087e00000, 0x0000000087f00000|  0%| F|  |TAMS 0x0000000087e00000, 0x0000000087e00000| Untracked 
| 107|0x0000000087f00000, 0x0000000087f00000, 0x0000000088000000|  0%| F|  |TAMS 0x0000000087f00000, 0x0000000087f00000| Untracked 
| 108|0x0000000088000000, 0x0000000088000000, 0x0000000088100000|  0%| F|  |TAMS 0x0000000088000000, 0x0000000088000000| Untracked 
| 109|0x0000000088100000, 0x0000000088100000, 0x0000000088200000|  0%| F|  |TAMS 0x0000000088100000, 0x0000000088100000| Untracked 
| 110|0x0000000088200000, 0x0000000088200000, 0x0000000088300000|  0%| F|  |TAMS 0x0000000088200000, 0x0000000088200000| Untracked 
| 111|0x0000000088300000, 0x0000000088300000, 0x0000000088400000|  0%| F|  |TAMS 0x0000000088300000, 0x0000000088300000| Untracked 
| 112|0x0000000088400000, 0x0000000088400000, 0x0000000088500000|  0%| F|  |TAMS 0x0000000088400000, 0x0000000088400000| Untracked 
| 113|0x0000000088500000, 0x0000000088500000, 0x0000000088600000|  0%| F|  |TAMS 0x0000000088500000, 0x0000000088500000| Untracked 
| 114|0x0000000088600000, 0x0000000088600000, 0x0000000088700000|  0%| F|  |TAMS 0x0000000088600000, 0x0000000088600000| Untracked 
| 115|0x0000000088700000, 0x0000000088700000, 0x0000000088800000|  0%| F|  |TAMS 0x0000000088700000, 0x0000000088700000| Untracked 
| 116|0x0000000088800000, 0x0000000088800000, 0x0000000088900000|  0%| F|  |TAMS 0x0000000088800000, 0x0000000088800000| Untracked 
| 117|0x0000000088900000, 0x0000000088900000, 0x0000000088a00000|  0%| F|  |TAMS 0x0000000088900000, 0x0000000088900000| Untracked 
| 118|0x0000000088a00000, 0x0000000088a00000, 0x0000000088b00000|  0%| F|  |TAMS 0x0000000088a00000, 0x0000000088a00000| Untracked 
| 119|0x0000000088b00000, 0x0000000088b00000, 0x0000000088c00000|  0%| F|  |TAMS 0x0000000088b00000, 0x0000000088b00000| Untracked 
| 120|0x0000000088c00000, 0x0000000088c00000, 0x0000000088d00000|  0%| F|  |TAMS 0x0000000088c00000, 0x0000000088c00000| Untracked 
| 121|0x0000000088d00000, 0x0000000088e00000, 0x0000000088e00000|100%| E|  |TAMS 0x0000000088d00000, 0x0000000088d00000| Complete 
| 122|0x0000000088e00000, 0x0000000088f00000, 0x0000000088f00000|100%| E|CS|TAMS 0x0000000088e00000, 0x0000000088e00000| Complete 
| 123|0x0000000088f00000, 0x0000000089000000, 0x0000000089000000|100%| E|CS|TAMS 0x0000000088f00000, 0x0000000088f00000| Complete 
| 124|0x0000000089000000, 0x0000000089100000, 0x0000000089100000|100%| E|CS|TAMS 0x0000000089000000, 0x0000000089000000| Complete 
| 125|0x0000000089100000, 0x0000000089200000, 0x0000000089200000|100%| E|CS|TAMS 0x0000000089100000, 0x0000000089100000| Complete 
| 126|0x0000000089200000, 0x0000000089300000, 0x0000000089300000|100%| E|CS|TAMS 0x0000000089200000, 0x0000000089200000| Complete 
| 127|0x0000000089300000, 0x0000000089400000, 0x0000000089400000|100%| E|CS|TAMS 0x0000000089300000, 0x0000000089300000| Complete 

Card table byte_map: [0x0000020b18460000,0x0000020b18860000] _byte_map_base: 0x0000020b18056000

Marking Bits (Prev, Next): (CMBitMap*) 0x0000020b7f923e00, (CMBitMap*) 0x0000020b7f923e40
 Prev Bits: [0x0000020b18c60000, 0x0000020b1ac10000)
 Next Bits: [0x0000020b1ac10000, 0x0000020b1cbc0000)

Polling page: 0x0000020b7f4f0000

Metaspace:

Usage:
  Non-class:      8.63 MB used.
      Class:      1.31 MB used.
       Both:      9.94 MB used.

Virtual space:
  Non-class space:       64.00 MB reserved,       8.75 MB ( 14%) committed,  1 nodes.
      Class space:        1.00 GB reserved,       1.38 MB ( <1%) committed,  1 nodes.
             Both:        1.06 GB reserved,      10.12 MB ( <1%) committed. 

Chunk freelists:
   Non-Class:  6.38 MB
       Class:  14.44 MB
        Both:  20.81 MB

MaxMetaspaceSize: unlimited
CompressedClassSpaceSize: 1.00 GB
Initial GC threshold: 21.00 MB
Current GC threshold: 21.00 MB
CDS: on
MetaspaceReclaimPolicy: balanced
 - commit_granule_bytes: 65536.
 - commit_granule_words: 8192.
 - virtual_space_node_default_size: 8388608.
 - enlarge_chunks_in_place: 1.
 - new_chunks_are_fully_committed: 0.
 - uncommit_free_chunks: 1.
 - use_allocation_guard: 0.
 - handle_deallocations: 1.


Internal statistics:

num_allocs_failed_limit: 0.
num_arena_births: 82.
num_arena_deaths: 0.
num_vsnodes_births: 2.
num_vsnodes_deaths: 0.
num_space_committed: 162.
num_space_uncommitted: 0.
num_chunks_returned_to_freelist: 0.
num_chunks_taken_from_freelist: 364.
num_chunk_merges: 0.
num_chunk_splits: 234.
num_chunks_enlarged: 190.
num_inconsistent_stats: 0.

CodeHeap 'non-profiled nmethods': size=120000Kb used=679Kb max_used=679Kb free=119320Kb
 bounds [0x0000020b106d0000, 0x0000020b10940000, 0x0000020b17c00000]
CodeHeap 'profiled nmethods': size=120000Kb used=3098Kb max_used=3098Kb free=116901Kb
 bounds [0x0000020b08c00000, 0x0000020b08f10000, 0x0000020b10130000]
CodeHeap 'non-nmethods': size=5760Kb used=1181Kb max_used=1205Kb free=4578Kb
 bounds [0x0000020b10130000, 0x0000020b103a0000, 0x0000020b106d0000]
 total_blobs=2092 nmethods=1609 adapters=396
 compilation: enabled
              stopped_count=0, restarted_count=0
 full_count=0

Compilation events (20 events):
Event: 22.537 Thread 0x0000020b1f68c5c0 nmethod 1601 0x0000020b08f04690 code [0x0000020b08f04840, 0x0000020b08f04af8]
Event: 23.224 Thread 0x0000020b1f68bc00 1602       4       java.lang.System::getSecurityManager (12 bytes)
Event: 23.225 Thread 0x0000020b1f68bc00 nmethod 1602 0x0000020b10779390 code [0x0000020b10779500, 0x0000020b10779578]
Event: 25.424 Thread 0x0000020b1f68c5c0 1603       3       java.util.LinkedHashMap::values (25 bytes)
Event: 25.425 Thread 0x0000020b1f68c5c0 nmethod 1603 0x0000020b08f04c10 code [0x0000020b08f04dc0, 0x0000020b08f05138]
Event: 25.712 Thread 0x0000020b1f68c5c0 1604       3       java.util.LinkedHashMap$LinkedValues::iterator (12 bytes)
Event: 25.712 Thread 0x0000020b1f68c5c0 nmethod 1604 0x0000020b08f05290 code [0x0000020b08f05440, 0x0000020b08f057f8]
Event: 25.712 Thread 0x0000020b1f68c5c0 1605       3       java.util.LinkedHashMap$LinkedValueIterator::<init> (11 bytes)
Event: 25.712 Thread 0x0000020b1f68c5c0 nmethod 1605 0x0000020b08f05910 code [0x0000020b08f05ac0, 0x0000020b08f05dd8]
Event: 26.821 Thread 0x0000020b1f68c5c0 1606       3       java.util.concurrent.ScheduledThreadPoolExecutor$ScheduledFutureTask::isPeriodic (15 bytes)
Event: 26.821 Thread 0x0000020b1f68c5c0 nmethod 1606 0x0000020b08f05f10 code [0x0000020b08f060a0, 0x0000020b08f06218]
Event: 27.154 Thread 0x0000020b1f68c5c0 1607       3       java.util.concurrent.ConcurrentHashMap::sumCount (60 bytes)
Event: 27.155 Thread 0x0000020b1f68c5c0 nmethod 1607 0x0000020b08f06290 code [0x0000020b08f06440, 0x0000020b08f06698]
Event: 27.167 Thread 0x0000020b1f68c5c0 1608       1       java.net.InetAddress::holder (5 bytes)
Event: 27.167 Thread 0x0000020b1f68c5c0 nmethod 1608 0x0000020b10779690 code [0x0000020b10779820, 0x0000020b107798f8]
Event: 27.169 Thread 0x0000020b1f68c5c0 1610       3       java.io.FileDescriptor$1::get (5 bytes)
Event: 27.170 Thread 0x0000020b1f68c5c0 nmethod 1610 0x0000020b08f06790 code [0x0000020b08f06920, 0x0000020b08f06a38]
Event: 27.172 Thread 0x0000020b1f68c5c0 1611       1       java.lang.reflect.Constructor::getRoot (5 bytes)
Event: 27.172 Thread 0x0000020b1f68c5c0 nmethod 1611 0x0000020b10779c90 code [0x0000020b10779e20, 0x0000020b10779ef8]
Event: 27.189 Thread 0x0000020b1f68c5c0 1612       3       java.lang.invoke.MethodType$ConcurrentWeakInternSet::add (66 bytes)

GC Heap History (4 events):
Event: 3.696 GC heap before
{Heap before GC invocations=0 (full 0):
 garbage-first heap   total 131072K, used 22528K [0x0000000081400000, 0x0000000100000000)
  region size 1024K, 23 young (23552K), 0 survivors (0K)
 Metaspace       used 1957K, committed 2112K, reserved 1114112K
  class space    used 167K, committed 192K, reserved 1048576K
}
Event: 3.709 GC heap after
{Heap after GC invocations=1 (full 0):
 garbage-first heap   total 131072K, used 4416K [0x0000000081400000, 0x0000000100000000)
  region size 1024K, 3 young (3072K), 3 survivors (3072K)
 Metaspace       used 1957K, committed 2112K, reserved 1114112K
  class space    used 167K, committed 192K, reserved 1048576K
}
Event: 7.576 GC heap before
{Heap before GC invocations=1 (full 0):
 garbage-first heap   total 131072K, used 40256K [0x0000000081400000, 0x0000000100000000)
  region size 1024K, 34 young (34816K), 3 survivors (3072K)
 Metaspace       used 8668K, committed 8896K, reserved 1114112K
  class space    used 1152K, committed 1216K, reserved 1048576K
}
Event: 7.584 GC heap after
{Heap after GC invocations=2 (full 0):
 garbage-first heap   total 131072K, used 13771K [0x0000000081400000, 0x0000000100000000)
  region size 1024K, 5 young (5120K), 5 survivors (5120K)
 Metaspace       used 8668K, committed 8896K, reserved 1114112K
  class space    used 1152K, committed 1216K, reserved 1048576K
}

Deoptimization events (20 events):
Event: 7.941 Thread 0x0000020b1f8d2540 Uncommon trap: trap_request=0xffffff45 fr.pc=0x0000020b1070f2ec relative=0x000000000000014c
Event: 7.941 Thread 0x0000020b1f8d2540 Uncommon trap: reason=unstable_if action=reinterpret pc=0x0000020b1070f2ec method=java.lang.AbstractStringBuilder.putStringAt(ILjava/lang/String;II)V @ 8 c2
Event: 7.941 Thread 0x0000020b1f8d2540 DEOPT PACKING pc=0x0000020b1070f2ec sp=0x000000bfc36fece0
Event: 7.941 Thread 0x0000020b1f8d2540 DEOPT UNPACKING pc=0x0000020b101823a3 sp=0x000000bfc36feca8 mode 2
Event: 7.941 Thread 0x0000020b1f8d2540 Uncommon trap: trap_request=0xffffff45 fr.pc=0x0000020b1073d820 relative=0x0000000000000400
Event: 7.941 Thread 0x0000020b1f8d2540 Uncommon trap: reason=unstable_if action=reinterpret pc=0x0000020b1073d820 method=java.lang.AbstractStringBuilder.isLatin1()Z @ 10 c2
Event: 7.941 Thread 0x0000020b1f8d2540 DEOPT PACKING pc=0x0000020b1073d820 sp=0x000000bfc36fee30
Event: 7.941 Thread 0x0000020b1f8d2540 DEOPT UNPACKING pc=0x0000020b101823a3 sp=0x000000bfc36fedb0 mode 2
Event: 15.754 Thread 0x0000020b1f8d2540 Uncommon trap: trap_request=0xffffff45 fr.pc=0x0000020b1073e004 relative=0x0000000000000084
Event: 15.754 Thread 0x0000020b1f8d2540 Uncommon trap: reason=unstable_if action=reinterpret pc=0x0000020b1073e004 method=java.lang.String.codePointAt(I)I @ 4 c2
Event: 15.754 Thread 0x0000020b1f8d2540 DEOPT PACKING pc=0x0000020b1073e004 sp=0x000000bfc36fedc0
Event: 15.754 Thread 0x0000020b1f8d2540 DEOPT UNPACKING pc=0x0000020b101823a3 sp=0x000000bfc36fed58 mode 2
Event: 15.928 Thread 0x0000020b7f8caa50 Uncommon trap: trap_request=0xffffff45 fr.pc=0x0000020b10757dc4 relative=0x00000000000001a4
Event: 15.928 Thread 0x0000020b7f8caa50 Uncommon trap: reason=unstable_if action=reinterpret pc=0x0000020b10757dc4 method=java.util.HashMap.putVal(ILjava/lang/Object;Ljava/lang/Object;ZZ)Ljava/lang/Object; @ 162 c2
Event: 15.928 Thread 0x0000020b7f8caa50 DEOPT PACKING pc=0x0000020b10757dc4 sp=0x000000bfc1bfaf80
Event: 15.928 Thread 0x0000020b7f8caa50 DEOPT UNPACKING pc=0x0000020b101823a3 sp=0x000000bfc1bfaf10 mode 2
Event: 16.127 Thread 0x0000020b7f8caa50 Uncommon trap: trap_request=0xffffff45 fr.pc=0x0000020b1072eb9c relative=0x000000000000043c
Event: 16.127 Thread 0x0000020b7f8caa50 Uncommon trap: reason=unstable_if action=reinterpret pc=0x0000020b1072eb9c method=java.util.regex.Matcher.match(II)Z @ 76 c2
Event: 16.127 Thread 0x0000020b7f8caa50 DEOPT PACKING pc=0x0000020b1072eb9c sp=0x000000bfc1bfc230
Event: 16.127 Thread 0x0000020b7f8caa50 DEOPT UNPACKING pc=0x0000020b101823a3 sp=0x000000bfc1bfc1e8 mode 2

Classes unloaded (0 events):
No events

Classes redefined (0 events):
No events

Internal exceptions (20 events):
Event: 5.659 Thread 0x0000020b7f8caa50 Exception <a 'java/lang/NoSuchMethodError'{0x00000000885cb310}: 'java.lang.Object java.lang.invoke.DirectMethodHandle$Holder.newInvokeSpecial(java.lang.Object, java.lang.Object, java.lang.Object, java.lang.Object, java.lang.Object)'> (0x00000000885cb310) 
thrown [s\open\src\hotspot\share\interpreter\linkResolver.cpp, line 759]
Event: 5.932 Thread 0x0000020b7f8caa50 Exception <a 'java/lang/NoSuchMethodError'{0x00000000882a0820}: 'void java.lang.invoke.DirectMethodHandle$Holder.invokeSpecial(java.lang.Object, java.lang.Object, java.lang.Object)'> (0x00000000882a0820) 
thrown [s\open\src\hotspot\share\interpreter\linkResolver.cpp, line 759]
Event: 5.963 Thread 0x0000020b7f8caa50 Implicit null exception at 0x0000020b1072bf0f to 0x0000020b1072c46c
Event: 5.963 Thread 0x0000020b7f8caa50 Implicit null exception at 0x0000020b1071738f to 0x0000020b10717914
Event: 6.072 Thread 0x0000020b7f8caa50 Exception <a 'java/lang/NoSuchMethodError'{0x0000000088021368}: 'java.lang.Object java.lang.invoke.DirectMethodHandle$Holder.invokeStaticInit(java.lang.Object)'> (0x0000000088021368) 
thrown [s\open\src\hotspot\share\interpreter\linkResolver.cpp, line 759]
Event: 6.191 Thread 0x0000020b7f8caa50 Exception <a 'java/lang/NoSuchMethodError'{0x00000000880c2a00}: 'int java.lang.invoke.DirectMethodHandle$Holder.invokeVirtual(java.lang.Object, java.lang.Object, java.lang.Object)'> (0x00000000880c2a00) 
thrown [s\open\src\hotspot\share\interpreter\linkResolver.cpp, line 759]
Event: 6.414 Thread 0x0000020b7f8caa50 Exception <a 'java/lang/NoSuchMethodError'{0x0000000087d1b000}: 'java.lang.Object java.lang.invoke.DirectMethodHandle$Holder.invokeSpecialIFC(java.lang.Object, java.lang.Object, java.lang.Object, java.lang.Object)'> (0x0000000087d1b000) 
thrown [s\open\src\hotspot\share\interpreter\linkResolver.cpp, line 759]
Event: 6.660 Thread 0x0000020b7f8caa50 Exception <a 'java/lang/NoSuchMethodError'{0x00000000878e54f0}: 'java.lang.Object java.lang.invoke.DirectMethodHandle$Holder.invokeStaticInit(java.lang.Object, int, int, int, int)'> (0x00000000878e54f0) 
thrown [s\open\src\hotspot\share\interpreter\linkResolver.cpp, line 759]
Event: 6.893 Thread 0x0000020b7f8caa50 Exception <a 'java/lang/NoSuchMethodError'{0x0000000087721fa0}: 'java.lang.Object java.lang.invoke.DirectMethodHandle$Holder.invokeStaticInit(java.lang.Object, java.lang.Object, int, int, int, int)'> (0x0000000087721fa0) 
thrown [s\open\src\hotspot\share\interpreter\linkResolver.cpp, line 759]
Event: 7.134 Thread 0x0000020b7f8caa50 Exception <a 'java/lang/NoSuchMethodError'{0x00000000877534f8}: 'void java.lang.invoke.DirectMethodHandle$Holder.invokeStatic(java.lang.Object, java.lang.Object, java.lang.Object)'> (0x00000000877534f8) 
thrown [s\open\src\hotspot\share\interpreter\linkResolver.cpp, line 759]
Event: 7.249 Thread 0x0000020b7f8caa50 Implicit null exception at 0x0000020b1070e572 to 0x0000020b1070eb8c
Event: 7.254 Thread 0x0000020b7f8caa50 Implicit null exception at 0x0000020b1072ca72 to 0x0000020b1072d08c
Event: 7.892 Thread 0x0000020b1f8d2540 Exception <a 'java/lang/NoSuchMethodError'{0x000000008908d3a0}: 'void java.lang.invoke.DirectMethodHandle$Holder.invokeStatic(java.lang.Object, long)'> (0x000000008908d3a0) 
thrown [s\open\src\hotspot\share\interpreter\linkResolver.cpp, line 759]
Event: 7.892 Thread 0x0000020b1f8d2540 Exception <a 'java/lang/NoSuchMethodError'{0x0000000089092cf8}: 'java.lang.Object java.lang.invoke.DirectMethodHandle$Holder.newInvokeSpecial(java.lang.Object, long)'> (0x0000000089092cf8) 
thrown [s\open\src\hotspot\share\interpreter\linkResolver.cpp, line 759]
Event: 7.896 Thread 0x0000020b1f8d2540 Exception <a 'java/lang/NoSuchMethodError'{0x000000008909d920}: 'java.lang.Object java.lang.invoke.DirectMethodHandle$Holder.invokeStaticInit(java.lang.Object, java.lang.Object, long, java.lang.Object)'> (0x000000008909d920) 
thrown [s\open\src\hotspot\share\interpreter\linkResolver.cpp, line 759]
Event: 7.897 Thread 0x0000020b1f8d2540 Exception <a 'java/lang/NoSuchMethodError'{0x00000000890a3fa8}: 'java.lang.Object java.lang.invoke.DirectMethodHandle$Holder.newInvokeSpecial(java.lang.Object, java.lang.Object, long)'> (0x00000000890a3fa8) 
thrown [s\open\src\hotspot\share\interpreter\linkResolver.cpp, line 759]
Event: 7.899 Thread 0x0000020b1f8d2540 Exception <a 'java/lang/NoSuchMethodError'{0x00000000890a8298}: 'java.lang.Object java.lang.invoke.Invokers$Holder.linkToTargetMethod(java.lang.Object, long, java.lang.Object)'> (0x00000000890a8298) 
thrown [s\open\src\hotspot\share\interpreter\linkResolver.cpp, line 759]
Event: 27.142 Thread 0x0000020b7f8caa50 Exception <a 'sun/net/ConnectionResetException'{0x0000000088d81428}: Connection reset> (0x0000000088d81428) 
thrown [s\open\src\hotspot\share\prims\jni.cpp, line 535]
Event: 27.164 Thread 0x0000020b7f8caa50 Exception <a 'java/lang/OutOfMemoryError'{0x0000000088d9c900}: (class: org/slf4j/helpers/MessageFormatter, method: arrayFormat signature: (Ljava/lang/String;[Ljava/lang/Object;Ljava/lang/Throwable;)Lorg/slf4j/helpers/FormattingTuple;) > (0x0000000088d9c900) 
thrown [s\open\src\hotspot\share\classfile\verifier.cpp, line 338]
Event: 27.165 Thread 0x0000020b7f8caa50 Exception <a 'java/io/IOException'{0x0000000088d9cf60}: Connection reset by peer> (0x0000000088d9cf60) 
thrown [s\open\src\hotspot\share\prims\jni.cpp, line 535]

VM Operations (20 events):
Event: 6.801 Executing VM operation: HandshakeAllThreads
Event: 6.801 Executing VM operation: HandshakeAllThreads done
Event: 7.287 Executing VM operation: HandshakeAllThreads
Event: 7.287 Executing VM operation: HandshakeAllThreads done
Event: 7.576 Executing VM operation: G1CollectForAllocation
Event: 7.584 Executing VM operation: G1CollectForAllocation done
Event: 7.933 Executing VM operation: HandshakeAllThreads
Event: 7.933 Executing VM operation: HandshakeAllThreads done
Event: 8.938 Executing VM operation: Cleanup
Event: 8.938 Executing VM operation: Cleanup done
Event: 10.960 Executing VM operation: Cleanup
Event: 10.961 Executing VM operation: Cleanup done
Event: 15.957 Executing VM operation: HandshakeAllThreads
Event: 15.957 Executing VM operation: HandshakeAllThreads done
Event: 15.957 Executing VM operation: Cleanup
Event: 15.957 Executing VM operation: Cleanup done
Event: 16.260 Executing VM operation: HandshakeAllThreads
Event: 16.260 Executing VM operation: HandshakeAllThreads done
Event: 17.273 Executing VM operation: Cleanup
Event: 17.273 Executing VM operation: Cleanup done

Events (20 events):
Event: 16.074 loading class sun/nio/ch/SinkChannelImpl
Event: 16.074 loading class java/nio/channels/Pipe$SinkChannel
Event: 16.074 loading class java/nio/channels/Pipe$SinkChannel done
Event: 16.076 loading class sun/nio/ch/SinkChannelImpl done
Event: 16.078 loading class sun/nio/ch/SelectionKeyImpl
Event: 16.078 loading class java/nio/channels/spi/AbstractSelectionKey
Event: 16.078 loading class java/nio/channels/SelectionKey
Event: 16.079 loading class java/nio/channels/SelectionKey done
Event: 16.079 loading class java/nio/channels/spi/AbstractSelectionKey done
Event: 16.079 loading class sun/nio/ch/SelectionKeyImpl done
Event: 16.079 loading class java/lang/invoke/ConstantBootstraps
Event: 16.081 loading class java/lang/invoke/ConstantBootstraps done
Event: 16.137 loading class java/nio/channels/spi/AbstractSelector$1
Event: 16.137 loading class java/nio/channels/spi/AbstractSelector$1 done
Event: 16.259 loading class java/util/concurrent/Executors$FinalizableDelegatedExecutorService
Event: 16.260 loading class java/util/concurrent/Executors$FinalizableDelegatedExecutorService done
Event: 27.141 loading class sun/net/ConnectionResetException
Event: 27.142 loading class sun/net/ConnectionResetException done
Event: 27.171 loading class java/util/concurrent/ConcurrentLinkedQueue$Itr
Event: 27.171 loading class java/util/concurrent/ConcurrentLinkedQueue$Itr done


Dynamic libraries:
0x00007ff777900000 - 0x00007ff777910000 	D:\java\jdk-17\bin\java.exe
0x00007ffb4e570000 - 0x00007ffb4e768000 	C:\Windows\SYSTEM32\ntdll.dll
0x00007ffb4e030000 - 0x00007ffb4e0f2000 	C:\Windows\System32\KERNEL32.DLL
0x00007ffb4bd90000 - 0x00007ffb4c086000 	C:\Windows\System32\KERNELBASE.dll
0x00007ffb4c0e0000 - 0x00007ffb4c1e0000 	C:\Windows\System32\ucrtbase.dll
0x00007ffb29c70000 - 0x00007ffb29c89000 	D:\java\jdk-17\bin\jli.dll
0x00007ffb29c90000 - 0x00007ffb29cab000 	D:\java\jdk-17\bin\VCRUNTIME140.dll
0x00007ffb4d5d0000 - 0x00007ffb4d681000 	C:\Windows\System32\ADVAPI32.dll
0x00007ffb4d6a0000 - 0x00007ffb4d73e000 	C:\Windows\System32\msvcrt.dll
0x00007ffb4e430000 - 0x00007ffb4e4cf000 	C:\Windows\System32\sechost.dll
0x00007ffb4d340000 - 0x00007ffb4d460000 	C:\Windows\System32\RPCRT4.dll
0x00007ffb4c3b0000 - 0x00007ffb4c3d7000 	C:\Windows\System32\bcrypt.dll
0x00007ffb4c970000 - 0x00007ffb4cb11000 	C:\Windows\System32\USER32.dll
0x00007ffb4bd60000 - 0x00007ffb4bd82000 	C:\Windows\System32\win32u.dll
0x00007ffb4e110000 - 0x00007ffb4e13b000 	C:\Windows\System32\GDI32.dll
0x00007ffb4c1e0000 - 0x00007ffb4c2f9000 	C:\Windows\System32\gdi32full.dll
0x00007ffb4c3e0000 - 0x00007ffb4c47d000 	C:\Windows\System32\msvcp_win.dll
0x00007ffb3c050000 - 0x00007ffb3c2eb000 	C:\Windows\WinSxS\amd64_microsoft.windows.common-controls_6595b64144ccf1df_6.0.19041.6456_none_60b8a6cb71f64256\COMCTL32.dll
0x00007ffb462c0000 - 0x00007ffb462ca000 	C:\Windows\SYSTEM32\VERSION.dll
0x00007ffb4d540000 - 0x00007ffb4d56f000 	C:\Windows\System32\IMM32.DLL
0x00007ffb32150000 - 0x00007ffb3215c000 	D:\java\jdk-17\bin\vcruntime140_1.dll
0x00007ffb1a230000 - 0x00007ffb1a2be000 	D:\java\jdk-17\bin\msvcp140.dll
0x00007ffad0110000 - 0x00007ffad0cf0000 	D:\java\jdk-17\bin\server\jvm.dll
0x00007ffb4d690000 - 0x00007ffb4d698000 	C:\Windows\System32\PSAPI.DLL
0x00007ffb39f50000 - 0x00007ffb39f59000 	C:\Windows\SYSTEM32\WSOCK32.dll
0x00007ffb4de10000 - 0x00007ffb4de7b000 	C:\Windows\System32\WS2_32.dll
0x00007ffb472b0000 - 0x00007ffb472d7000 	C:\Windows\SYSTEM32\WINMM.dll
0x00007ffb499b0000 - 0x00007ffb499c2000 	C:\Windows\SYSTEM32\kernel.appcore.dll
0x00007ffb30370000 - 0x00007ffb3037a000 	D:\java\jdk-17\bin\jimage.dll
0x00007ffb3c840000 - 0x00007ffb3ca41000 	C:\Windows\SYSTEM32\DBGHELP.DLL
0x00007ffb2fbb0000 - 0x00007ffb2fbe4000 	C:\Windows\SYSTEM32\dbgcore.DLL
0x00007ffb4c480000 - 0x00007ffb4c502000 	C:\Windows\System32\bcryptPrimitives.dll
0x00007ffb291f0000 - 0x00007ffb29215000 	D:\java\jdk-17\bin\java.dll
0x00007ffb0b930000 - 0x00007ffb0ba07000 	D:\java\jdk-17\bin\jsvml.dll
0x00007ffb4cbd0000 - 0x00007ffb4d340000 	C:\Windows\System32\SHELL32.dll
0x00007ffb49c90000 - 0x00007ffb4a435000 	C:\Windows\SYSTEM32\windows.storage.dll
0x00007ffb4c590000 - 0x00007ffb4c8e4000 	C:\Windows\System32\combase.dll
0x00007ffb4b550000 - 0x00007ffb4b57b000 	C:\Windows\SYSTEM32\Wldp.dll
0x00007ffb4e140000 - 0x00007ffb4e20d000 	C:\Windows\System32\OLEAUT32.dll
0x00007ffb4dd60000 - 0x00007ffb4de0d000 	C:\Windows\System32\SHCORE.dll
0x00007ffb4e3d0000 - 0x00007ffb4e42b000 	C:\Windows\System32\shlwapi.dll
0x00007ffb4bb30000 - 0x00007ffb4bb54000 	C:\Windows\SYSTEM32\profapi.dll
0x00007ffb291d0000 - 0x00007ffb291e9000 	D:\java\jdk-17\bin\net.dll
0x00007ffb457b0000 - 0x00007ffb458ba000 	C:\Windows\SYSTEM32\WINHTTP.dll
0x00007ffb4b2b0000 - 0x00007ffb4b31a000 	C:\Windows\system32\mswsock.dll
0x00007ffb291b0000 - 0x00007ffb291c6000 	D:\java\jdk-17\bin\nio.dll
0x00007ffb28e60000 - 0x00007ffb28e78000 	D:\java\jdk-17\bin\zip.dll
0x00007ffb2fc40000 - 0x00007ffb2fc50000 	D:\java\jdk-17\bin\verify.dll
0x00007ffb28f60000 - 0x00007ffb28f87000 	C:\Users\PC\.gradle\native\c067742578af261105cb4f569cf0c3c89f3d7b1fecec35dd04571415982c5e48\windows-amd64\native-platform.dll
0x00007ffb37140000 - 0x00007ffb3714a000 	D:\java\jdk-17\bin\management.dll
0x00007ffb2f900000 - 0x00007ffb2f90b000 	D:\java\jdk-17\bin\management_ext.dll
0x00007ffb4b4a0000 - 0x00007ffb4b4b8000 	C:\Windows\SYSTEM32\CRYPTSP.dll
0x00007ffb4abd0000 - 0x00007ffb4ac08000 	C:\Windows\system32\rsaenh.dll
0x00007ffb4baf0000 - 0x00007ffb4bb1e000 	C:\Windows\SYSTEM32\USERENV.dll
0x00007ffb4b4c0000 - 0x00007ffb4b4cc000 	C:\Windows\SYSTEM32\CRYPTBASE.dll
0x00007ffb4af90000 - 0x00007ffb4afcb000 	C:\Windows\SYSTEM32\IPHLPAPI.DLL
0x00007ffb4e3c0000 - 0x00007ffb4e3c8000 	C:\Windows\System32\NSI.dll
0x00007ffb46350000 - 0x00007ffb46367000 	C:\Windows\SYSTEM32\dhcpcsvc6.DLL
0x00007ffb462d0000 - 0x00007ffb462ed000 	C:\Windows\SYSTEM32\dhcpcsvc.DLL
0x00007ffb4afd0000 - 0x00007ffb4b09a000 	C:\Windows\SYSTEM32\DNSAPI.dll
0x00007ffb2f110000 - 0x00007ffb2f11e000 	D:\java\jdk-17\bin\sunmscapi.dll
0x00007ffb4bc00000 - 0x00007ffb4bd5d000 	C:\Windows\System32\CRYPT32.dll
0x00007ffb4b5c0000 - 0x00007ffb4b5e7000 	C:\Windows\SYSTEM32\ncrypt.dll
0x00007ffb4b580000 - 0x00007ffb4b5bb000 	C:\Windows\SYSTEM32\NTASN1.dll
0x00007ffb490a0000 - 0x00007ffb490a7000 	C:\Windows\system32\wshunix.dll

dbghelp: loaded successfully - version: 4.0.5 - missing functions: none
symbol engine: initialized successfully - sym options: 0x614 - pdb path: .;D:\java\jdk-17\bin;C:\Windows\SYSTEM32;C:\Windows\WinSxS\amd64_microsoft.windows.common-controls_6595b64144ccf1df_6.0.19041.6456_none_60b8a6cb71f64256;D:\java\jdk-17\bin\server;C:\Users\PC\.gradle\native\c067742578af261105cb4f569cf0c3c89f3d7b1fecec35dd04571415982c5e48\windows-amd64

VM Arguments:
jvm_args: -Dorg.gradle.appname=gradlew 
java_command: org.gradle.wrapper.GradleWrapperMain -q -Ptarget-platform=android-x64 -Ptarget=D:\bass_training_app\lib\main.dart -Pbase-application-name=android.app.Application -Pdart-defines=RkxVVFRFUl9WRVJTSU9OPTMuNDQuOA==,RkxVVFRFUl9DSEFOTkVMPXN0YWJsZQ==,RkxVVFRFUl9HSVRfVVJMPWh0dHBzOi8vZ2l0aHViLmNvbS9mbHV0dGVyL2ZsdXR0ZXIuZ2l0,RkxVVFRFUl9GUkFNRVdPUktfUkVWSVNJT049MDU4ZTBhZjJjMg==,RkxVVFRFUl9FTkdJTkVfUkVWSVNJT049MGNkNjEwNzE3Yg==,RkxVVFRFUl9EQVJUX1ZFUlNJT049My4xMi4y -Pdart-obfuscation=false -Ptrack-widget-creation=true -Ptree-shake-icons=false -Pfilesystem-scheme=org-dartlang-root assembleDebug
java_class_path (initial): D:\bass_training_app\android\\gradle\wrapper\gradle-wrapper.jar
Launcher Type: SUN_STANDARD

[Global flags]
     intx CICompilerCount                          = 4                                         {product} {ergonomic}
     uint ConcGCThreads                            = 2                                         {product} {ergonomic}
     uint G1ConcRefinementThreads                  = 8                                         {product} {ergonomic}
   size_t G1HeapRegionSize                         = 1048576                                   {product} {ergonomic}
    uintx GCDrainStackTargetSize                   = 64                                        {product} {ergonomic}
   size_t InitialHeapSize                          = 134217728                                 {product} {ergonomic}
   size_t MarkStackSize                            = 4194304                                   {product} {ergonomic}
   size_t MaxHeapSize                              = 2126512128                                {product} {ergonomic}
   size_t MaxNewSize                               = 1275068416                                {product} {ergonomic}
   size_t MinHeapDeltaBytes                        = 1048576                                   {product} {ergonomic}
   size_t MinHeapSize                              = 8388608                                   {product} {ergonomic}
    uintx NonNMethodCodeHeapSize                   = 5839372                                {pd product} {ergonomic}
    uintx NonProfiledCodeHeapSize                  = 122909434                              {pd product} {ergonomic}
    uintx ProfiledCodeHeapSize                     = 122909434                              {pd product} {ergonomic}
    uintx ReservedCodeCacheSize                    = 251658240                              {pd product} {ergonomic}
     bool SegmentedCodeCache                       = true                                      {product} {ergonomic}
   size_t SoftMaxHeapSize                          = 2126512128                             {manageable} {ergonomic}
     bool UseCompressedClassPointers               = true                           {product lp64_product} {ergonomic}
     bool UseCompressedOops                        = true                           {product lp64_product} {ergonomic}
     bool UseG1GC                                  = true                                      {product} {ergonomic}
     bool UseLargePagesIndividualAllocation        = false                                  {pd product} {ergonomic}

Logging:
Log output configuration:
 #0: stdout all=warning uptime,level,tags
 #1: stderr all=off uptime,level,tags

Environment Variables:
JAVA_HOME=D:\java\jdk-17
CLASSPATH=D:\bass_training_app\android\\gradle\wrapper\gradle-wrapper.jar
PATH=D:\java\jdk-17\bin;D:\flutter\bin\;C:\Program Files\Common Files\Oracle\Java\javapath;C:\Windows\system32;C:\Windows;C:\Windows\System32\Wbem;C:\Windows\System32\WindowsPowerShell\v1.0\;C:\Windows\System32\OpenSSH\;C:\xampp\php;D:\java\jdk-17\bin;D:\Program Files\;C:\Program Files\Git\cmd;C:\ProgramData\ComposerSetup\bin;C:\Users\PC\AppData\Local\Pub\Cache\bin;C:\Users\PC\AppData\Local\Microsoft\WindowsApps;C:\Users\PC\AppData\Local\Programs\Microsoft VS Code\bin;D:\flutter\bin;C:\Users\PC\AppData\Roaming\npm;C:\Users\PC\AppData\Roaming\Composer\vendor\bin;D:\flutter\bin\mingit\cmd
USERNAME=PC
LANG=en_US.UTF-8
OS=Windows_NT
PROCESSOR_IDENTIFIER=Intel64 Family 6 Model 94 Stepping 3, GenuineIntel



---------------  S Y S T E M  ---------------

OS:
 Windows 10 , 64 bit Build 19041 (10.0.19041.5915)
OS uptime: 9 days 5:08 hours

CPU: total 8 (initial active 8) (4 cores per cpu, 2 threads per core) family 6 model 94 stepping 3 microcode 0xd6, cx8, cmov, fxsr, ht, mmx, 3dnowpref, sse, sse2, sse3, ssse3, sse4.1, sse4.2, popcnt, lzcnt, tsc, tscinvbit, avx, avx2, aes, erms, clmul, bmi1, bmi2, rtm, adx, fma, vzeroupper, clflush, clflushopt

Memory: 4k page, system-wide physical 8108M (203M free)
TotalPageFile size 20920M (AvailPageFile size 256M)
current process WorkingSet (physical memory assigned to process): 43M, peak: 108M
current process commit charge ("private bytes"): 232M, peak: 235M

vm_info: Java HotSpot(TM) 64-Bit Server VM (17.0.12+8-LTS-286) for windows-amd64 JRE (17.0.12+8-LTS-286), built on Jun  5 2024 06:46:59 by "mach5one" with MS VC++ 17.6 (VS2022)

END.
